================================================================================
COUNTERFACTUAL ROBUSTNESS ANALYSIS (CEML v2) - SPAMBASE DATASET
================================================================================
[LOG] Logging session to: cf_robustness_analysis_ceml_v2_20250729_044245.log
[TIME] Started at: 2025-07-29 04:42:45
🔬 Using CEML library for counterfactual generation
================================================================================

1. Loading dataset...
Original data shape (after removing metadata): (4601, 58)
Dropped 0 rows with missing values
Final data shape: (4601, 58)
Dataset: Spambase
Label column: Class
Features: 58 features

2. Analysis parameters:
  Number of folds: 5
Dataset Summary:
Total samples (after cleaning): 4601
Number of features: 57
Label column: Class
Number of folds: 5
Fold Summary:
--------------------------------------------------
Fold 0: Train=3680 samples, Test=921 samples
Fold 1: Train=3681 samples, Test=920 samples
Fold 2: Train=3681 samples, Test=920 samples
Fold 3: Train=3681 samples, Test=920 samples
Fold 4: Train=3681 samples, Test=920 samples
--------------------------------------------------
  Data perturbation types: ['minor_deletion', 'major_deletion', 'minor_addition', 'major_addition']
  Model perturbations: 28 configurations
    - random_forest (max_depth=3, n_estimators=100)
    - xgboost (max_depth=3, n_estimators=100)
    - lightgbm (max_depth=3, n_estimators=100)
    - random_forest (max_depth=4, n_estimators=100)
    - xgboost (max_depth=4, n_estimators=100)
    - lightgbm (max_depth=4, n_estimators=100)
    - random_forest (max_depth=5, n_estimators=100)
    - xgboost (max_depth=5, n_estimators=100)
    - lightgbm (max_depth=5, n_estimators=100)
    - random_forest (max_depth=6, n_estimators=100)
    - xgboost (max_depth=6, n_estimators=100)
    - lightgbm (max_depth=6, n_estimators=100)
    - random_forest (max_depth=5, n_estimators=50)
    - xgboost (max_depth=5, n_estimators=50)
    - lightgbm (max_depth=5, n_estimators=50)
    - random_forest (max_depth=5, n_estimators=100)
    - xgboost (max_depth=5, n_estimators=100)
    - lightgbm (max_depth=5, n_estimators=100)
    - random_forest (max_depth=5, n_estimators=150)
    - xgboost (max_depth=5, n_estimators=150)
    - lightgbm (max_depth=5, n_estimators=150)
    - random_forest (max_depth=5, n_estimators=200)
    - xgboost (max_depth=5, n_estimators=200)
    - lightgbm (max_depth=5, n_estimators=200)
    - adaboost (max_depth=3, n_estimators=50)
    - adaboost (max_depth=3, n_estimators=100)
    - adaboost (max_depth=3, n_estimators=150)
    - adaboost (max_depth=3, n_estimators=200)

3. Running comprehensive analysis across all 5 folds...
================================================================================

--- FOLD 0 ANALYSIS ---
--------------------------------------------------
Fold 0 - Train: 3680 samples, Test: 921 samples
Fold 0 - Train: 3680 samples, Test: 921 samples
Fold 0 data shapes:
  Raw train: (3680, 58)
  Processed - Train: (3680, 58), Test: (921, 58)
  Training samples: 3680
  Test samples: 921
  Features: 57
  Class distribution - Train: [2230 1450]
  Class distribution - Test: [558 363]

Training baseline model for fold 0...
  Train accuracy: 0.9326
  Test accuracy: 0.9186
Generating counterfactuals for fold 0 using CEML...
Generating counterfactuals using CEML library
Test set size: 50 samples
Counterfactual generation complete:
  Successful: 37/50 (74.00%)
  Failed: 13/50 (26.00%)
  Success rate: 74.00%
  Baseline validity: 0.8108 (30/37)
  Baseline L2 distance: 0.0538
  Baseline L0 distance: 7.00
  Baseline LOF score: 0.7838

Testing data perturbations for fold 0...
  minor_deletion:
Fold 0 - Train: 3680 samples, Test: 921 samples
    Bin 0: Remove 0% -> validity: 0.8108, accuracy: 0.8600, L2: 0.0538, L0: 7.00
Fold 0 - Train: 3680 samples, Test: 921 samples
    Bin 5: Remove 5% -> validity: 0.5676, accuracy: 0.8600, L2: 0.0538, L0: 7.00
Fold 0 - Train: 3680 samples, Test: 921 samples
    Bin 10: Remove 10% -> validity: 0.4054, accuracy: 0.8200, L2: 0.0538, L0: 7.00
Fold 0 - Train: 3680 samples, Test: 921 samples
    Bin 15: Remove 15% -> validity: 0.5676, accuracy: 0.8000, L2: 0.0538, L0: 7.00
Fold 0 - Train: 3680 samples, Test: 921 samples
    Bin 20: Remove 20% -> validity: 0.5135, accuracy: 0.7800, L2: 0.0538, L0: 7.00
  major_deletion:
Fold 0 - Train: 3680 samples, Test: 921 samples
    Bin 0: Remove 0% -> validity: 0.8108, accuracy: 0.8600, L2: 0.0538, L0: 7.00
Fold 0 - Train: 3680 samples, Test: 921 samples
    Bin 1: Remove 50% -> validity: 0.0000, accuracy: 0.0000, L2: 0.0538, L0: 7.00
  minor_addition:
Fold 0 - Train: 3680 samples, Test: 921 samples
    Bin 0: Use 80% -> validity: 0.1351, accuracy: 0.9200, L2: 0.0538, L0: 7.00
Fold 0 - Train: 3680 samples, Test: 921 samples
    Bin 5: Use 85% -> validity: 0.1081, accuracy: 0.9000, L2: 0.0538, L0: 7.00
Fold 0 - Train: 3680 samples, Test: 921 samples
    Bin 10: Use 90% -> validity: 0.0541, accuracy: 0.9000, L2: 0.0538, L0: 7.00
Fold 0 - Train: 3680 samples, Test: 921 samples
    Bin 15: Use 95% -> validity: 0.3514, accuracy: 0.9200, L2: 0.0538, L0: 7.00
Fold 0 - Train: 3680 samples, Test: 921 samples
    Bin 20: Use 100% -> validity: 0.8108, accuracy: 0.8600, L2: 0.0538, L0: 7.00
  major_addition:
Fold 0 - Train: 3680 samples, Test: 921 samples
    Bin 0: Use 50% -> validity: 0.0000, accuracy: 1.0000, L2: 0.0538, L0: 7.00
Fold 0 - Train: 3680 samples, Test: 921 samples
    Bin 1: Use 100% -> validity: 0.8108, accuracy: 0.8600, L2: 0.0538, L0: 7.00

Testing model perturbations for fold 0...
Fold 0 - Train: 3680 samples, Test: 921 samples
  random_forest (3, 100): validity: 0.4324, accuracy: 0.8200, L2: 0.0538, L0: 7.00
Fold 0 - Train: 3680 samples, Test: 921 samples
  xgboost (3, 100): validity: 0.8919, accuracy: 0.9600, L2: 0.0538, L0: 7.00
Fold 0 - Train: 3680 samples, Test: 921 samples
  lightgbm (3, 100): validity: 0.8919, accuracy: 0.9800, L2: 0.0538, L0: 7.00
Fold 0 - Train: 3680 samples, Test: 921 samples
  random_forest (4, 100): validity: 0.5676, accuracy: 0.8600, L2: 0.0538, L0: 7.00
Fold 0 - Train: 3680 samples, Test: 921 samples
  xgboost (4, 100): validity: 0.7297, accuracy: 0.9600, L2: 0.0538, L0: 7.00
Fold 0 - Train: 3680 samples, Test: 921 samples
  lightgbm (4, 100): validity: 0.8919, accuracy: 0.9800, L2: 0.0538, L0: 7.00
Fold 0 - Train: 3680 samples, Test: 921 samples
  random_forest (5, 100): validity: 0.8108, accuracy: 0.8600, L2: 0.0538, L0: 7.00
Fold 0 - Train: 3680 samples, Test: 921 samples
  xgboost (5, 100): validity: 0.8378, accuracy: 0.9800, L2: 0.0538, L0: 7.00
Fold 0 - Train: 3680 samples, Test: 921 samples
  lightgbm (5, 100): validity: 0.9730, accuracy: 0.9800, L2: 0.0538, L0: 7.00
Fold 0 - Train: 3680 samples, Test: 921 samples
  random_forest (6, 100): validity: 0.2973, accuracy: 0.9200, L2: 0.0538, L0: 7.00
Fold 0 - Train: 3680 samples, Test: 921 samples
  xgboost (6, 100): validity: 0.7027, accuracy: 1.0000, L2: 0.0538, L0: 7.00
Fold 0 - Train: 3680 samples, Test: 921 samples
  lightgbm (6, 100): validity: 0.9730, accuracy: 0.9800, L2: 0.0538, L0: 7.00
Fold 0 - Train: 3680 samples, Test: 921 samples
  random_forest (5, 50): validity: 0.7027, accuracy: 0.8600, L2: 0.0538, L0: 7.00
Fold 0 - Train: 3680 samples, Test: 921 samples
  xgboost (5, 50): validity: 0.8649, accuracy: 0.9800, L2: 0.0538, L0: 7.00
Fold 0 - Train: 3680 samples, Test: 921 samples
  lightgbm (5, 50): validity: 0.9189, accuracy: 0.9600, L2: 0.0538, L0: 7.00
Fold 0 - Train: 3680 samples, Test: 921 samples
  random_forest (5, 100): validity: 0.8108, accuracy: 0.8600, L2: 0.0538, L0: 7.00
Fold 0 - Train: 3680 samples, Test: 921 samples
  xgboost (5, 100): validity: 0.8378, accuracy: 0.9800, L2: 0.0538, L0: 7.00
Fold 0 - Train: 3680 samples, Test: 921 samples
  lightgbm (5, 100): validity: 0.9730, accuracy: 0.9800, L2: 0.0538, L0: 7.00
Fold 0 - Train: 3680 samples, Test: 921 samples
  random_forest (5, 150): validity: 0.4324, accuracy: 0.8800, L2: 0.0538, L0: 7.00
Fold 0 - Train: 3680 samples, Test: 921 samples
  xgboost (5, 150): validity: 0.7297, accuracy: 0.9800, L2: 0.0538, L0: 7.00
Fold 0 - Train: 3680 samples, Test: 921 samples
  lightgbm (5, 150): validity: 0.9459, accuracy: 0.9800, L2: 0.0538, L0: 7.00
Fold 0 - Train: 3680 samples, Test: 921 samples
  random_forest (5, 200): validity: 0.3784, accuracy: 0.8800, L2: 0.0538, L0: 7.00
Fold 0 - Train: 3680 samples, Test: 921 samples
  xgboost (5, 200): validity: 0.7027, accuracy: 0.9800, L2: 0.0538, L0: 7.00
Fold 0 - Train: 3680 samples, Test: 921 samples
  lightgbm (5, 200): validity: 0.9189, accuracy: 0.9800, L2: 0.0538, L0: 7.00
Fold 0 - Train: 3680 samples, Test: 921 samples
  adaboost (3, 50): validity: 0.6216, accuracy: 0.9600, L2: 0.0538, L0: 7.00
Fold 0 - Train: 3680 samples, Test: 921 samples
  adaboost (3, 100): validity: 0.7297, accuracy: 0.9800, L2: 0.0538, L0: 7.00
Fold 0 - Train: 3680 samples, Test: 921 samples
  adaboost (3, 150): validity: 0.6486, accuracy: 0.9600, L2: 0.0538, L0: 7.00
Fold 0 - Train: 3680 samples, Test: 921 samples
  adaboost (3, 200): validity: 0.6216, accuracy: 0.9200, L2: 0.0538, L0: 7.00

--- FOLD 1 ANALYSIS ---
--------------------------------------------------
Fold 1 - Train: 3681 samples, Test: 920 samples
Fold 1 - Train: 3681 samples, Test: 920 samples
Fold 1 data shapes:
  Raw train: (3681, 58)
  Processed - Train: (3681, 58), Test: (920, 58)
  Training samples: 3681
  Test samples: 920
  Features: 57
  Class distribution - Train: [2231 1450]
  Class distribution - Test: [557 363]

Training baseline model for fold 1...
  Train accuracy: 0.9356
  Test accuracy: 0.9250
Generating counterfactuals for fold 1 using CEML...
Generating counterfactuals using CEML library
Test set size: 50 samples
Counterfactual generation complete:
  Successful: 47/50 (94.00%)
  Failed: 3/50 (6.00%)
  Success rate: 94.00%
  Baseline validity: 0.8936 (42/47)
  Baseline L2 distance: 0.0698
  Baseline L0 distance: 9.02
  Baseline LOF score: 0.9149

Testing data perturbations for fold 1...
  minor_deletion:
Fold 1 - Train: 3681 samples, Test: 920 samples
    Bin 0: Remove 0% -> validity: 0.8936, accuracy: 0.9000, L2: 0.0698, L0: 9.02
Fold 1 - Train: 3681 samples, Test: 920 samples
    Bin 5: Remove 5% -> validity: 0.5106, accuracy: 0.8800, L2: 0.0698, L0: 9.02
Fold 1 - Train: 3681 samples, Test: 920 samples
    Bin 10: Remove 10% -> validity: 0.5319, accuracy: 0.8600, L2: 0.0698, L0: 9.02
Fold 1 - Train: 3681 samples, Test: 920 samples
    Bin 15: Remove 15% -> validity: 0.7021, accuracy: 0.8000, L2: 0.0698, L0: 9.02
Fold 1 - Train: 3681 samples, Test: 920 samples
    Bin 20: Remove 20% -> validity: 0.6596, accuracy: 0.7000, L2: 0.0698, L0: 9.02
  major_deletion:
Fold 1 - Train: 3681 samples, Test: 920 samples
    Bin 0: Remove 0% -> validity: 0.8936, accuracy: 0.9000, L2: 0.0698, L0: 9.02
Fold 1 - Train: 3681 samples, Test: 920 samples
    Bin 1: Remove 50% -> validity: 0.0000, accuracy: 0.0000, L2: 0.0698, L0: 9.02
  minor_addition:
Fold 1 - Train: 3681 samples, Test: 920 samples
    Bin 0: Use 80% -> validity: 0.3404, accuracy: 0.9000, L2: 0.0698, L0: 9.02
Fold 1 - Train: 3681 samples, Test: 920 samples
    Bin 5: Use 85% -> validity: 0.3191, accuracy: 0.9000, L2: 0.0698, L0: 9.02
Fold 1 - Train: 3681 samples, Test: 920 samples
    Bin 10: Use 90% -> validity: 0.2979, accuracy: 0.9000, L2: 0.0698, L0: 9.02
Fold 1 - Train: 3681 samples, Test: 920 samples
    Bin 15: Use 95% -> validity: 0.5957, accuracy: 0.9000, L2: 0.0698, L0: 9.02
Fold 1 - Train: 3681 samples, Test: 920 samples
    Bin 20: Use 100% -> validity: 0.8936, accuracy: 0.9000, L2: 0.0698, L0: 9.02
  major_addition:
Fold 1 - Train: 3681 samples, Test: 920 samples
    Bin 0: Use 50% -> validity: 0.0851, accuracy: 1.0000, L2: 0.0698, L0: 9.02
Fold 1 - Train: 3681 samples, Test: 920 samples
    Bin 1: Use 100% -> validity: 0.8936, accuracy: 0.9000, L2: 0.0698, L0: 9.02

Testing model perturbations for fold 1...
Fold 1 - Train: 3681 samples, Test: 920 samples
  random_forest (3, 100): validity: 0.5319, accuracy: 0.7600, L2: 0.0698, L0: 9.02
Fold 1 - Train: 3681 samples, Test: 920 samples
  xgboost (3, 100): validity: 0.8936, accuracy: 0.9000, L2: 0.0698, L0: 9.02
Fold 1 - Train: 3681 samples, Test: 920 samples
  lightgbm (3, 100): validity: 0.9149, accuracy: 0.9200, L2: 0.0698, L0: 9.02
Fold 1 - Train: 3681 samples, Test: 920 samples
  random_forest (4, 100): validity: 0.6383, accuracy: 0.8800, L2: 0.0698, L0: 9.02
Fold 1 - Train: 3681 samples, Test: 920 samples
  xgboost (4, 100): validity: 0.8723, accuracy: 0.9200, L2: 0.0698, L0: 9.02
Fold 1 - Train: 3681 samples, Test: 920 samples
  lightgbm (4, 100): validity: 0.9149, accuracy: 0.9200, L2: 0.0698, L0: 9.02
Fold 1 - Train: 3681 samples, Test: 920 samples
  random_forest (5, 100): validity: 0.8936, accuracy: 0.9000, L2: 0.0698, L0: 9.02
Fold 1 - Train: 3681 samples, Test: 920 samples
  xgboost (5, 100): validity: 0.8298, accuracy: 0.9200, L2: 0.0698, L0: 9.02
Fold 1 - Train: 3681 samples, Test: 920 samples
  lightgbm (5, 100): validity: 0.9362, accuracy: 0.9400, L2: 0.0698, L0: 9.02
Fold 1 - Train: 3681 samples, Test: 920 samples
  random_forest (6, 100): validity: 0.6383, accuracy: 0.8800, L2: 0.0698, L0: 9.02
Fold 1 - Train: 3681 samples, Test: 920 samples
  xgboost (6, 100): validity: 0.7447, accuracy: 0.8600, L2: 0.0698, L0: 9.02
Fold 1 - Train: 3681 samples, Test: 920 samples
  lightgbm (6, 100): validity: 0.8936, accuracy: 0.9000, L2: 0.0698, L0: 9.02
Fold 1 - Train: 3681 samples, Test: 920 samples
  random_forest (5, 50): validity: 0.5319, accuracy: 0.9000, L2: 0.0698, L0: 9.02
Fold 1 - Train: 3681 samples, Test: 920 samples
  xgboost (5, 50): validity: 0.9149, accuracy: 0.9400, L2: 0.0698, L0: 9.02
Fold 1 - Train: 3681 samples, Test: 920 samples
  lightgbm (5, 50): validity: 0.9149, accuracy: 0.9200, L2: 0.0698, L0: 9.02
Fold 1 - Train: 3681 samples, Test: 920 samples
  random_forest (5, 100): validity: 0.8936, accuracy: 0.9000, L2: 0.0698, L0: 9.02
Fold 1 - Train: 3681 samples, Test: 920 samples
  xgboost (5, 100): validity: 0.8298, accuracy: 0.9200, L2: 0.0698, L0: 9.02
Fold 1 - Train: 3681 samples, Test: 920 samples
  lightgbm (5, 100): validity: 0.9362, accuracy: 0.9400, L2: 0.0698, L0: 9.02
Fold 1 - Train: 3681 samples, Test: 920 samples
  random_forest (5, 150): validity: 0.5957, accuracy: 0.9000, L2: 0.0698, L0: 9.02
Fold 1 - Train: 3681 samples, Test: 920 samples
  xgboost (5, 150): validity: 0.7872, accuracy: 0.9200, L2: 0.0698, L0: 9.02
Fold 1 - Train: 3681 samples, Test: 920 samples
  lightgbm (5, 150): validity: 0.9149, accuracy: 0.9200, L2: 0.0698, L0: 9.02
Fold 1 - Train: 3681 samples, Test: 920 samples
  random_forest (5, 200): validity: 0.4255, accuracy: 0.9000, L2: 0.0698, L0: 9.02
Fold 1 - Train: 3681 samples, Test: 920 samples
  xgboost (5, 200): validity: 0.7021, accuracy: 0.9000, L2: 0.0698, L0: 9.02
Fold 1 - Train: 3681 samples, Test: 920 samples
  lightgbm (5, 200): validity: 0.8936, accuracy: 0.9200, L2: 0.0698, L0: 9.02
Fold 1 - Train: 3681 samples, Test: 920 samples
  adaboost (3, 50): validity: 0.8085, accuracy: 0.8800, L2: 0.0698, L0: 9.02
Fold 1 - Train: 3681 samples, Test: 920 samples
  adaboost (3, 100): validity: 0.7447, accuracy: 0.9000, L2: 0.0698, L0: 9.02
Fold 1 - Train: 3681 samples, Test: 920 samples
  adaboost (3, 150): validity: 0.7447, accuracy: 0.8800, L2: 0.0698, L0: 9.02
Fold 1 - Train: 3681 samples, Test: 920 samples
  adaboost (3, 200): validity: 0.7021, accuracy: 0.9000, L2: 0.0698, L0: 9.02

--- FOLD 2 ANALYSIS ---
--------------------------------------------------
Fold 2 - Train: 3681 samples, Test: 920 samples
Fold 2 - Train: 3681 samples, Test: 920 samples
Fold 2 data shapes:
  Raw train: (3681, 58)
  Processed - Train: (3681, 58), Test: (920, 58)
  Training samples: 3681
  Test samples: 920
  Features: 57
  Class distribution - Train: [2231 1450]
  Class distribution - Test: [557 363]

Training baseline model for fold 2...
  Train accuracy: 0.9326
  Test accuracy: 0.9228
Generating counterfactuals for fold 2 using CEML...
Generating counterfactuals using CEML library
Test set size: 50 samples
Counterfactual generation complete:
  Successful: 32/50 (64.00%)
  Failed: 18/50 (36.00%)
  Success rate: 64.00%
  Baseline validity: 0.8438 (27/32)
  Baseline L2 distance: 0.0569
  Baseline L0 distance: 10.97
  Baseline LOF score: 0.8750

Testing data perturbations for fold 2...
  minor_deletion:
Fold 2 - Train: 3681 samples, Test: 920 samples
    Bin 0: Remove 0% -> validity: 0.8438, accuracy: 0.9000, L2: 0.0569, L0: 10.97
Fold 2 - Train: 3681 samples, Test: 920 samples
    Bin 5: Remove 5% -> validity: 0.6562, accuracy: 0.8800, L2: 0.0569, L0: 10.97
Fold 2 - Train: 3681 samples, Test: 920 samples
    Bin 10: Remove 10% -> validity: 0.5625, accuracy: 0.8600, L2: 0.0569, L0: 10.97
Fold 2 - Train: 3681 samples, Test: 920 samples
    Bin 15: Remove 15% -> validity: 0.5938, accuracy: 0.8200, L2: 0.0569, L0: 10.97
Fold 2 - Train: 3681 samples, Test: 920 samples
    Bin 20: Remove 20% -> validity: 0.5000, accuracy: 0.7400, L2: 0.0569, L0: 10.97
  major_deletion:
Fold 2 - Train: 3681 samples, Test: 920 samples
    Bin 0: Remove 0% -> validity: 0.8438, accuracy: 0.9000, L2: 0.0569, L0: 10.97
Fold 2 - Train: 3681 samples, Test: 920 samples
    Bin 1: Remove 50% -> validity: 0.0000, accuracy: 0.0000, L2: 0.0569, L0: 10.97
  minor_addition:
Fold 2 - Train: 3681 samples, Test: 920 samples
    Bin 0: Use 80% -> validity: 0.0000, accuracy: 0.9400, L2: 0.0569, L0: 10.97
Fold 2 - Train: 3681 samples, Test: 920 samples
    Bin 5: Use 85% -> validity: 0.1562, accuracy: 0.9400, L2: 0.0569, L0: 10.97
Fold 2 - Train: 3681 samples, Test: 920 samples
    Bin 10: Use 90% -> validity: 0.2812, accuracy: 0.9400, L2: 0.0569, L0: 10.97
Fold 2 - Train: 3681 samples, Test: 920 samples
    Bin 15: Use 95% -> validity: 0.7188, accuracy: 0.9200, L2: 0.0569, L0: 10.97
Fold 2 - Train: 3681 samples, Test: 920 samples
    Bin 20: Use 100% -> validity: 0.8438, accuracy: 0.9000, L2: 0.0569, L0: 10.97
  major_addition:
Fold 2 - Train: 3681 samples, Test: 920 samples
    Bin 0: Use 50% -> validity: 0.0000, accuracy: 0.9800, L2: 0.0569, L0: 10.97
Fold 2 - Train: 3681 samples, Test: 920 samples
    Bin 1: Use 100% -> validity: 0.8438, accuracy: 0.9000, L2: 0.0569, L0: 10.97

Testing model perturbations for fold 2...
Fold 2 - Train: 3681 samples, Test: 920 samples
  random_forest (3, 100): validity: 0.5938, accuracy: 0.8200, L2: 0.0569, L0: 10.97
Fold 2 - Train: 3681 samples, Test: 920 samples
  xgboost (3, 100): validity: 0.8438, accuracy: 0.9600, L2: 0.0569, L0: 10.97
Fold 2 - Train: 3681 samples, Test: 920 samples
  lightgbm (3, 100): validity: 0.9375, accuracy: 0.9600, L2: 0.0569, L0: 10.97
Fold 2 - Train: 3681 samples, Test: 920 samples
  random_forest (4, 100): validity: 0.7500, accuracy: 0.9200, L2: 0.0569, L0: 10.97
Fold 2 - Train: 3681 samples, Test: 920 samples
  xgboost (4, 100): validity: 0.8125, accuracy: 0.9600, L2: 0.0569, L0: 10.97
Fold 2 - Train: 3681 samples, Test: 920 samples
  lightgbm (4, 100): validity: 0.9375, accuracy: 0.9600, L2: 0.0569, L0: 10.97
Fold 2 - Train: 3681 samples, Test: 920 samples
  random_forest (5, 100): validity: 0.8438, accuracy: 0.9000, L2: 0.0569, L0: 10.97
Fold 2 - Train: 3681 samples, Test: 920 samples
  xgboost (5, 100): validity: 0.7812, accuracy: 0.9600, L2: 0.0569, L0: 10.97
Fold 2 - Train: 3681 samples, Test: 920 samples
  lightgbm (5, 100): validity: 0.9375, accuracy: 0.9600, L2: 0.0569, L0: 10.97
Fold 2 - Train: 3681 samples, Test: 920 samples
  random_forest (6, 100): validity: 0.5938, accuracy: 0.9400, L2: 0.0569, L0: 10.97
Fold 2 - Train: 3681 samples, Test: 920 samples
  xgboost (6, 100): validity: 0.7188, accuracy: 0.9800, L2: 0.0569, L0: 10.97
Fold 2 - Train: 3681 samples, Test: 920 samples
  lightgbm (6, 100): validity: 0.9062, accuracy: 0.9600, L2: 0.0569, L0: 10.97
Fold 2 - Train: 3681 samples, Test: 920 samples
  random_forest (5, 50): validity: 0.6875, accuracy: 0.8800, L2: 0.0569, L0: 10.97
Fold 2 - Train: 3681 samples, Test: 920 samples
  xgboost (5, 50): validity: 0.7812, accuracy: 0.9600, L2: 0.0569, L0: 10.97
Fold 2 - Train: 3681 samples, Test: 920 samples
  lightgbm (5, 50): validity: 0.9062, accuracy: 0.9600, L2: 0.0569, L0: 10.97
Fold 2 - Train: 3681 samples, Test: 920 samples
  random_forest (5, 100): validity: 0.8438, accuracy: 0.9000, L2: 0.0569, L0: 10.97
Fold 2 - Train: 3681 samples, Test: 920 samples
  xgboost (5, 100): validity: 0.7812, accuracy: 0.9600, L2: 0.0569, L0: 10.97
Fold 2 - Train: 3681 samples, Test: 920 samples
  lightgbm (5, 100): validity: 0.9375, accuracy: 0.9600, L2: 0.0569, L0: 10.97
Fold 2 - Train: 3681 samples, Test: 920 samples
  random_forest (5, 150): validity: 0.5625, accuracy: 0.9000, L2: 0.0569, L0: 10.97
Fold 2 - Train: 3681 samples, Test: 920 samples
  xgboost (5, 150): validity: 0.6875, accuracy: 0.9600, L2: 0.0569, L0: 10.97
Fold 2 - Train: 3681 samples, Test: 920 samples
  lightgbm (5, 150): validity: 0.9375, accuracy: 0.9600, L2: 0.0569, L0: 10.97
Fold 2 - Train: 3681 samples, Test: 920 samples
  random_forest (5, 200): validity: 0.4375, accuracy: 0.9000, L2: 0.0569, L0: 10.97
Fold 2 - Train: 3681 samples, Test: 920 samples
  xgboost (5, 200): validity: 0.6562, accuracy: 0.9800, L2: 0.0569, L0: 10.97
Fold 2 - Train: 3681 samples, Test: 920 samples
  lightgbm (5, 200): validity: 0.9375, accuracy: 0.9600, L2: 0.0569, L0: 10.97
Fold 2 - Train: 3681 samples, Test: 920 samples
  adaboost (3, 50): validity: 0.7500, accuracy: 0.9800, L2: 0.0569, L0: 10.97
Fold 2 - Train: 3681 samples, Test: 920 samples
  adaboost (3, 100): validity: 0.5000, accuracy: 1.0000, L2: 0.0569, L0: 10.97
Fold 2 - Train: 3681 samples, Test: 920 samples
  adaboost (3, 150): validity: 0.7188, accuracy: 0.9800, L2: 0.0569, L0: 10.97
Fold 2 - Train: 3681 samples, Test: 920 samples
  adaboost (3, 200): validity: 0.7500, accuracy: 1.0000, L2: 0.0569, L0: 10.97

--- FOLD 3 ANALYSIS ---
--------------------------------------------------
Fold 3 - Train: 3681 samples, Test: 920 samples
Fold 3 - Train: 3681 samples, Test: 920 samples
Fold 3 data shapes:
  Raw train: (3681, 58)
  Processed - Train: (3681, 58), Test: (920, 58)
  Training samples: 3681
  Test samples: 920
  Features: 57
  Class distribution - Train: [2230 1451]
  Class distribution - Test: [558 362]

Training baseline model for fold 3...
  Train accuracy: 0.9324
  Test accuracy: 0.9359
Generating counterfactuals for fold 3 using CEML...
Generating counterfactuals using CEML library
Test set size: 50 samples
Counterfactual generation complete:
  Successful: 36/50 (72.00%)
  Failed: 14/50 (28.00%)
  Success rate: 72.00%
  Baseline validity: 0.8333 (30/36)
  Baseline L2 distance: 0.0527
  Baseline L0 distance: 8.92
  Baseline LOF score: 0.8333

Testing data perturbations for fold 3...
  minor_deletion:
Fold 3 - Train: 3681 samples, Test: 920 samples
    Bin 0: Remove 0% -> validity: 0.8333, accuracy: 0.8800, L2: 0.0527, L0: 8.92
Fold 3 - Train: 3681 samples, Test: 920 samples
    Bin 5: Remove 5% -> validity: 0.5556, accuracy: 0.8200, L2: 0.0527, L0: 8.92
Fold 3 - Train: 3681 samples, Test: 920 samples
    Bin 10: Remove 10% -> validity: 0.5833, accuracy: 0.8400, L2: 0.0527, L0: 8.92
Fold 3 - Train: 3681 samples, Test: 920 samples
    Bin 15: Remove 15% -> validity: 0.5278, accuracy: 0.7400, L2: 0.0527, L0: 8.92
Fold 3 - Train: 3681 samples, Test: 920 samples
    Bin 20: Remove 20% -> validity: 0.5000, accuracy: 0.7000, L2: 0.0527, L0: 8.92
  major_deletion:
Fold 3 - Train: 3681 samples, Test: 920 samples
    Bin 0: Remove 0% -> validity: 0.8333, accuracy: 0.8800, L2: 0.0527, L0: 8.92
Fold 3 - Train: 3681 samples, Test: 920 samples
    Bin 1: Remove 50% -> validity: 0.0000, accuracy: 0.0000, L2: 0.0527, L0: 8.92
  minor_addition:
Fold 3 - Train: 3681 samples, Test: 920 samples
    Bin 0: Use 80% -> validity: 0.1111, accuracy: 0.9000, L2: 0.0527, L0: 8.92
Fold 3 - Train: 3681 samples, Test: 920 samples
    Bin 5: Use 85% -> validity: 0.1111, accuracy: 0.9000, L2: 0.0527, L0: 8.92
Fold 3 - Train: 3681 samples, Test: 920 samples
    Bin 10: Use 90% -> validity: 0.1389, accuracy: 0.8800, L2: 0.0527, L0: 8.92
Fold 3 - Train: 3681 samples, Test: 920 samples
    Bin 15: Use 95% -> validity: 0.2778, accuracy: 0.8800, L2: 0.0527, L0: 8.92
Fold 3 - Train: 3681 samples, Test: 920 samples
    Bin 20: Use 100% -> validity: 0.8333, accuracy: 0.8800, L2: 0.0527, L0: 8.92
  major_addition:
Fold 3 - Train: 3681 samples, Test: 920 samples
    Bin 0: Use 50% -> validity: 0.0000, accuracy: 0.9800, L2: 0.0527, L0: 8.92
Fold 3 - Train: 3681 samples, Test: 920 samples
    Bin 1: Use 100% -> validity: 0.8333, accuracy: 0.8800, L2: 0.0527, L0: 8.92

Testing model perturbations for fold 3...
Fold 3 - Train: 3681 samples, Test: 920 samples
  random_forest (3, 100): validity: 0.5556, accuracy: 0.8000, L2: 0.0527, L0: 8.92
Fold 3 - Train: 3681 samples, Test: 920 samples
  xgboost (3, 100): validity: 0.8611, accuracy: 0.9600, L2: 0.0527, L0: 8.92
Fold 3 - Train: 3681 samples, Test: 920 samples
  lightgbm (3, 100): validity: 0.9167, accuracy: 0.9600, L2: 0.0527, L0: 8.92
Fold 3 - Train: 3681 samples, Test: 920 samples
  random_forest (4, 100): validity: 0.5000, accuracy: 0.8600, L2: 0.0527, L0: 8.92
Fold 3 - Train: 3681 samples, Test: 920 samples
  xgboost (4, 100): validity: 0.7222, accuracy: 0.9600, L2: 0.0527, L0: 8.92
Fold 3 - Train: 3681 samples, Test: 920 samples
  lightgbm (4, 100): validity: 0.8611, accuracy: 0.9600, L2: 0.0527, L0: 8.92
Fold 3 - Train: 3681 samples, Test: 920 samples
  random_forest (5, 100): validity: 0.8333, accuracy: 0.8800, L2: 0.0527, L0: 8.92
Fold 3 - Train: 3681 samples, Test: 920 samples
  xgboost (5, 100): validity: 0.7222, accuracy: 0.9400, L2: 0.0527, L0: 8.92
Fold 3 - Train: 3681 samples, Test: 920 samples
  lightgbm (5, 100): validity: 0.9167, accuracy: 0.9600, L2: 0.0527, L0: 8.92
Fold 3 - Train: 3681 samples, Test: 920 samples
  random_forest (6, 100): validity: 0.3889, accuracy: 0.9000, L2: 0.0527, L0: 8.92
Fold 3 - Train: 3681 samples, Test: 920 samples
  xgboost (6, 100): validity: 0.7778, accuracy: 0.9600, L2: 0.0527, L0: 8.92
Fold 3 - Train: 3681 samples, Test: 920 samples
  lightgbm (6, 100): validity: 0.8333, accuracy: 0.9600, L2: 0.0527, L0: 8.92
Fold 3 - Train: 3681 samples, Test: 920 samples
  random_forest (5, 50): validity: 0.6389, accuracy: 0.8600, L2: 0.0527, L0: 8.92
Fold 3 - Train: 3681 samples, Test: 920 samples
  xgboost (5, 50): validity: 0.6944, accuracy: 0.9600, L2: 0.0527, L0: 8.92
Fold 3 - Train: 3681 samples, Test: 920 samples
  lightgbm (5, 50): validity: 0.8611, accuracy: 0.9600, L2: 0.0527, L0: 8.92
Fold 3 - Train: 3681 samples, Test: 920 samples
  random_forest (5, 100): validity: 0.8333, accuracy: 0.8800, L2: 0.0527, L0: 8.92
Fold 3 - Train: 3681 samples, Test: 920 samples
  xgboost (5, 100): validity: 0.7222, accuracy: 0.9400, L2: 0.0527, L0: 8.92
Fold 3 - Train: 3681 samples, Test: 920 samples
  lightgbm (5, 100): validity: 0.9167, accuracy: 0.9600, L2: 0.0527, L0: 8.92
Fold 3 - Train: 3681 samples, Test: 920 samples
  random_forest (5, 150): validity: 0.5000, accuracy: 0.8800, L2: 0.0527, L0: 8.92
Fold 3 - Train: 3681 samples, Test: 920 samples
  xgboost (5, 150): validity: 0.6111, accuracy: 0.9200, L2: 0.0527, L0: 8.92
Fold 3 - Train: 3681 samples, Test: 920 samples
  lightgbm (5, 150): validity: 0.9167, accuracy: 0.9600, L2: 0.0527, L0: 8.92
Fold 3 - Train: 3681 samples, Test: 920 samples
  random_forest (5, 200): validity: 0.5278, accuracy: 0.8800, L2: 0.0527, L0: 8.92
Fold 3 - Train: 3681 samples, Test: 920 samples
  xgboost (5, 200): validity: 0.6111, accuracy: 0.9200, L2: 0.0527, L0: 8.92
Fold 3 - Train: 3681 samples, Test: 920 samples
  lightgbm (5, 200): validity: 0.8889, accuracy: 0.9600, L2: 0.0527, L0: 8.92
Fold 3 - Train: 3681 samples, Test: 920 samples
  adaboost (3, 50): validity: 0.7500, accuracy: 0.9400, L2: 0.0527, L0: 8.92
Fold 3 - Train: 3681 samples, Test: 920 samples
  adaboost (3, 100): validity: 0.6389, accuracy: 0.9400, L2: 0.0527, L0: 8.92
Fold 3 - Train: 3681 samples, Test: 920 samples
  adaboost (3, 150): validity: 0.5833, accuracy: 0.8800, L2: 0.0527, L0: 8.92
Fold 3 - Train: 3681 samples, Test: 920 samples
  adaboost (3, 200): validity: 0.4722, accuracy: 0.8600, L2: 0.0527, L0: 8.92

--- FOLD 4 ANALYSIS ---
--------------------------------------------------
Fold 4 - Train: 3681 samples, Test: 920 samples
Fold 4 - Train: 3681 samples, Test: 920 samples
Fold 4 data shapes:
  Raw train: (3681, 58)
  Processed - Train: (3681, 58), Test: (920, 58)
  Training samples: 3681
  Test samples: 920
  Features: 57
  Class distribution - Train: [2230 1451]
  Class distribution - Test: [558 362]

Training baseline model for fold 4...
  Train accuracy: 0.9372
  Test accuracy: 0.9250
Generating counterfactuals for fold 4 using CEML...
Generating counterfactuals using CEML library
Test set size: 50 samples
Counterfactual generation complete:
  Successful: 43/50 (86.00%)
  Failed: 7/50 (14.00%)
  Success rate: 86.00%
  Baseline validity: 0.7907 (34/43)
  Baseline L2 distance: 0.0825
  Baseline L0 distance: 4.33
  Baseline LOF score: 0.9070

Testing data perturbations for fold 4...
  minor_deletion:
Fold 4 - Train: 3681 samples, Test: 920 samples
    Bin 0: Remove 0% -> validity: 0.7907, accuracy: 0.8200, L2: 0.0825, L0: 4.33
Fold 4 - Train: 3681 samples, Test: 920 samples
    Bin 5: Remove 5% -> validity: 0.6047, accuracy: 0.8200, L2: 0.0825, L0: 4.33
Fold 4 - Train: 3681 samples, Test: 920 samples
    Bin 10: Remove 10% -> validity: 0.6744, accuracy: 0.8200, L2: 0.0825, L0: 4.33
Fold 4 - Train: 3681 samples, Test: 920 samples
    Bin 15: Remove 15% -> validity: 0.6512, accuracy: 0.8000, L2: 0.0825, L0: 4.33
Fold 4 - Train: 3681 samples, Test: 920 samples
    Bin 20: Remove 20% -> validity: 0.6279, accuracy: 0.7600, L2: 0.0825, L0: 4.33
  major_deletion:
Fold 4 - Train: 3681 samples, Test: 920 samples
    Bin 0: Remove 0% -> validity: 0.7907, accuracy: 0.8200, L2: 0.0825, L0: 4.33
Fold 4 - Train: 3681 samples, Test: 920 samples
    Bin 1: Remove 50% -> validity: 0.0000, accuracy: 0.0000, L2: 0.0825, L0: 4.33
  minor_addition:
Fold 4 - Train: 3681 samples, Test: 920 samples
    Bin 0: Use 80% -> validity: 0.2791, accuracy: 0.8800, L2: 0.0825, L0: 4.33
Fold 4 - Train: 3681 samples, Test: 920 samples
    Bin 5: Use 85% -> validity: 0.3023, accuracy: 0.8600, L2: 0.0825, L0: 4.33
Fold 4 - Train: 3681 samples, Test: 920 samples
    Bin 10: Use 90% -> validity: 0.1860, accuracy: 0.8200, L2: 0.0825, L0: 4.33
Fold 4 - Train: 3681 samples, Test: 920 samples
    Bin 15: Use 95% -> validity: 0.5581, accuracy: 0.8200, L2: 0.0825, L0: 4.33
Fold 4 - Train: 3681 samples, Test: 920 samples
    Bin 20: Use 100% -> validity: 0.7907, accuracy: 0.8200, L2: 0.0825, L0: 4.33
  major_addition:
Fold 4 - Train: 3681 samples, Test: 920 samples
    Bin 0: Use 50% -> validity: 0.0000, accuracy: 0.9800, L2: 0.0825, L0: 4.33
Fold 4 - Train: 3681 samples, Test: 920 samples
    Bin 1: Use 100% -> validity: 0.7907, accuracy: 0.8200, L2: 0.0825, L0: 4.33

Testing model perturbations for fold 4...
Fold 4 - Train: 3681 samples, Test: 920 samples
  random_forest (3, 100): validity: 0.4884, accuracy: 0.8000, L2: 0.0825, L0: 4.33
Fold 4 - Train: 3681 samples, Test: 920 samples
  xgboost (3, 100): validity: 0.8837, accuracy: 0.9000, L2: 0.0825, L0: 4.33
Fold 4 - Train: 3681 samples, Test: 920 samples
  lightgbm (3, 100): validity: 0.8837, accuracy: 0.9000, L2: 0.0825, L0: 4.33
Fold 4 - Train: 3681 samples, Test: 920 samples
  random_forest (4, 100): validity: 0.5581, accuracy: 0.8200, L2: 0.0825, L0: 4.33
Fold 4 - Train: 3681 samples, Test: 920 samples
  xgboost (4, 100): validity: 0.8837, accuracy: 0.9000, L2: 0.0825, L0: 4.33
Fold 4 - Train: 3681 samples, Test: 920 samples
  lightgbm (4, 100): validity: 0.8372, accuracy: 0.9000, L2: 0.0825, L0: 4.33
Fold 4 - Train: 3681 samples, Test: 920 samples
  random_forest (5, 100): validity: 0.7907, accuracy: 0.8200, L2: 0.0825, L0: 4.33
Fold 4 - Train: 3681 samples, Test: 920 samples
  xgboost (5, 100): validity: 0.7674, accuracy: 0.9000, L2: 0.0825, L0: 4.33
Fold 4 - Train: 3681 samples, Test: 920 samples
  lightgbm (5, 100): validity: 0.8372, accuracy: 0.9000, L2: 0.0825, L0: 4.33
Fold 4 - Train: 3681 samples, Test: 920 samples
  random_forest (6, 100): validity: 0.3953, accuracy: 0.8600, L2: 0.0825, L0: 4.33
Fold 4 - Train: 3681 samples, Test: 920 samples
  xgboost (6, 100): validity: 0.6279, accuracy: 0.9000, L2: 0.0825, L0: 4.33
Fold 4 - Train: 3681 samples, Test: 920 samples
  lightgbm (6, 100): validity: 0.8372, accuracy: 0.9000, L2: 0.0825, L0: 4.33
Fold 4 - Train: 3681 samples, Test: 920 samples
  random_forest (5, 50): validity: 0.4884, accuracy: 0.8200, L2: 0.0825, L0: 4.33
Fold 4 - Train: 3681 samples, Test: 920 samples
  xgboost (5, 50): validity: 0.8140, accuracy: 0.9000, L2: 0.0825, L0: 4.33
Fold 4 - Train: 3681 samples, Test: 920 samples
  lightgbm (5, 50): validity: 0.8372, accuracy: 0.8800, L2: 0.0825, L0: 4.33
Fold 4 - Train: 3681 samples, Test: 920 samples
  random_forest (5, 100): validity: 0.7907, accuracy: 0.8200, L2: 0.0825, L0: 4.33
Fold 4 - Train: 3681 samples, Test: 920 samples
  xgboost (5, 100): validity: 0.7674, accuracy: 0.9000, L2: 0.0825, L0: 4.33
Fold 4 - Train: 3681 samples, Test: 920 samples
  lightgbm (5, 100): validity: 0.8372, accuracy: 0.9000, L2: 0.0825, L0: 4.33
Fold 4 - Train: 3681 samples, Test: 920 samples
  random_forest (5, 150): validity: 0.4651, accuracy: 0.8200, L2: 0.0825, L0: 4.33
Fold 4 - Train: 3681 samples, Test: 920 samples
  xgboost (5, 150): validity: 0.6279, accuracy: 0.9000, L2: 0.0825, L0: 4.33
Fold 4 - Train: 3681 samples, Test: 920 samples
  lightgbm (5, 150): validity: 0.8372, accuracy: 0.9000, L2: 0.0825, L0: 4.33
Fold 4 - Train: 3681 samples, Test: 920 samples
  random_forest (5, 200): validity: 0.4884, accuracy: 0.8200, L2: 0.0825, L0: 4.33
Fold 4 - Train: 3681 samples, Test: 920 samples
  xgboost (5, 200): validity: 0.6279, accuracy: 0.9000, L2: 0.0825, L0: 4.33
Fold 4 - Train: 3681 samples, Test: 920 samples
  lightgbm (5, 200): validity: 0.7907, accuracy: 0.9000, L2: 0.0825, L0: 4.33
Fold 4 - Train: 3681 samples, Test: 920 samples
  adaboost (3, 50): validity: 0.6977, accuracy: 0.8800, L2: 0.0825, L0: 4.33
Fold 4 - Train: 3681 samples, Test: 920 samples
  adaboost (3, 100): validity: 0.6512, accuracy: 0.9000, L2: 0.0825, L0: 4.33
Fold 4 - Train: 3681 samples, Test: 920 samples
  adaboost (3, 150): validity: 0.6512, accuracy: 0.9000, L2: 0.0825, L0: 4.33
Fold 4 - Train: 3681 samples, Test: 920 samples
  adaboost (3, 200): validity: 0.6744, accuracy: 0.8800, L2: 0.0825, L0: 4.33

4. Generating comprehensive summary of counterfactual robustness...
================================================================================

FOLD-BY-FOLD RESULTS AND AGGREGATES:
----------------------------------------------------------------------------------------------------

BASELINE PERFORMANCE ACROSS ALL FOLDS (CEML):
--------------------------------------------------------------------------------
Model Accuracy: 0.9255 ± 0.0057
CF Success Rate: 0.7800 ± 0.1066
CF Validity: 0.8344 ± 0.0348
CF L2 Distance: 0.0631 ± 0.0115
CF L0 Distance: 8.0465 ± 2.2444
CF LOF Score: 0.8628 ± 0.0488
Individual fold model accuracies: ['0.9186', '0.9250', '0.9228', '0.9359', '0.9250']
Individual fold CF success rates: ['0.7400', '0.9400', '0.6400', '0.7200', '0.8600']
Individual fold CF validities: ['0.8108', '0.8936', '0.8438', '0.8333', '0.7907']

DATA PERTURBATION ROBUSTNESS SUMMARY (CEML):
------------------------------------------------------------------------------------------------------------------------------------------------------
Perturbation    Bin   Data         Mean Validity Std Validity Mean Accuracy Std Accuracy Mean L2    Mean L0    Validity Δ  Per-Fold Validities
------------------------------------------------------------------------------------------------------------------------------------------------------
minor_deletion  0     Remove 0%    0.8344        0.0348       0.8720        0.0299       0.0631     8.05       +0.0000     ['0.811', '0.894', '0.844', '0.833', '0.791']
minor_deletion  5     Remove 5%    0.5789        0.0489       0.8520        0.0271       0.0631     8.05       -0.2555     ['0.568', '0.511', '0.656', '0.556', '0.605']
minor_deletion  10    Remove 10%   0.5515        0.0871       0.8400        0.0179       0.0631     8.05       -0.2829     ['0.405', '0.532', '0.562', '0.583', '0.674']
minor_deletion  15    Remove 15%   0.6085        0.0616       0.7920        0.0271       0.0631     8.05       -0.2260     ['0.568', '0.702', '0.594', '0.528', '0.651']
minor_deletion  20    Remove 20%   0.5602        0.0691       0.7360        0.0320       0.0631     8.05       -0.2742     ['0.514', '0.660', '0.500', '0.500', '0.628']
major_deletion  0     Remove 0%    0.8344        0.0348       0.8720        0.0299       0.0631     8.05       +0.0000     ['0.811', '0.894', '0.844', '0.833', '0.791']
major_deletion  1     Remove 50%   0.0000        0.0000       0.0000        0.0000       0.0631     8.05       -0.8344     ['0.000', '0.000', '0.000', '0.000', '0.000']
minor_addition  0     Use 80%      0.1731        0.1220       0.9080        0.0204       0.0631     8.05       -0.6613     ['0.135', '0.340', '0.000', '0.111', '0.279']
minor_addition  5     Use 85%      0.1994        0.0927       0.9000        0.0253       0.0631     8.05       -0.6351     ['0.108', '0.319', '0.156', '0.111', '0.302']
minor_addition  10    Use 90%      0.1916        0.0906       0.8880        0.0392       0.0631     8.05       -0.6428     ['0.054', '0.298', '0.281', '0.139', '0.186']
minor_addition  15    Use 95%      0.5004        0.1624       0.8880        0.0371       0.0631     8.05       -0.3341     ['0.351', '0.596', '0.719', '0.278', '0.558']
minor_addition  20    Use 100%     0.8344        0.0348       0.8720        0.0299       0.0631     8.05       +0.0000     ['0.811', '0.894', '0.844', '0.833', '0.791']
major_addition  0     Use 50%      0.0170        0.0340       0.9880        0.0098       0.0631     8.05       -0.8174     ['0.000', '0.085', '0.000', '0.000', '0.000']
major_addition  1     Use 100%     0.8344        0.0348       0.8720        0.0299       0.0631     8.05       +0.0000     ['0.811', '0.894', '0.844', '0.833', '0.791']

MODEL PERTURBATION ROBUSTNESS SUMMARY (CEML):
------------------------------------------------------------------------------------------------------------------------------------------------------
Model Configuration            Mean Validity Std Validity Mean Accuracy Std Accuracy Mean L2    Mean L0    Validity Δ  Per-Fold Validities
------------------------------------------------------------------------------------------------------------------------------------------------------
random_forest_3_100            0.5204        0.0557       0.8000        0.0219       0.0631     8.05       -0.3140     ['0.432', '0.532', '0.594', '0.556', '0.488']
xgboost_3_100                  0.8748        0.0194       0.9360        0.0294       0.0631     8.05       +0.0404     ['0.892', '0.894', '0.844', '0.861', '0.884']
lightgbm_3_100                 0.9089        0.0192       0.9440        0.0294       0.0631     8.05       +0.0745     ['0.892', '0.915', '0.938', '0.917', '0.884']
random_forest_4_100            0.6028        0.0857       0.8680        0.0325       0.0631     8.05       -0.2316     ['0.568', '0.638', '0.750', '0.500', '0.558']
xgboost_4_100                  0.8041        0.0683       0.9400        0.0253       0.0631     8.05       -0.0303     ['0.730', '0.872', '0.812', '0.722', '0.884']
lightgbm_4_100                 0.8885        0.0360       0.9440        0.0294       0.0631     8.05       +0.0541     ['0.892', '0.915', '0.938', '0.861', '0.837']
random_forest_5_100            0.8344        0.0348       0.8720        0.0299       0.0631     8.05       +0.0000     ['0.811', '0.811', '0.894', '0.894', '0.844', '0.844', '0.833', '0.833', '0.791', '0.791']
xgboost_5_100                  0.7877        0.0425       0.9400        0.0283       0.0631     8.05       -0.0467     ['0.838', '0.838', '0.830', '0.830', '0.781', '0.781', '0.722', '0.722', '0.767', '0.767']
lightgbm_5_100                 0.9201        0.0453       0.9480        0.0271       0.0631     8.05       +0.0857     ['0.973', '0.973', '0.936', '0.936', '0.938', '0.938', '0.917', '0.917', '0.837', '0.837']
random_forest_6_100            0.4627        0.1307       0.9000        0.0283       0.0631     8.05       -0.3717     ['0.297', '0.638', '0.594', '0.389', '0.395']
xgboost_6_100                  0.7144        0.0501       0.9400        0.0522       0.0631     8.05       -0.1201     ['0.703', '0.745', '0.719', '0.778', '0.628']
lightgbm_6_100                 0.8887        0.0513       0.9400        0.0335       0.0631     8.05       +0.0542     ['0.973', '0.894', '0.906', '0.833', '0.837']
random_forest_5_50             0.6099        0.0852       0.8640        0.0265       0.0631     8.05       -0.2246     ['0.703', '0.532', '0.688', '0.639', '0.488']
xgboost_5_50                   0.8139        0.0750       0.9480        0.0271       0.0631     8.05       -0.0206     ['0.865', '0.915', '0.781', '0.694', '0.814']
lightgbm_5_50                  0.8877        0.0326       0.9360        0.0320       0.0631     8.05       +0.0532     ['0.919', '0.915', '0.906', '0.861', '0.837']
random_forest_5_150            0.5112        0.0604       0.8760        0.0294       0.0631     8.05       -0.3233     ['0.432', '0.596', '0.562', '0.500', '0.465']
xgboost_5_150                  0.6887        0.0650       0.9360        0.0294       0.0631     8.05       -0.1457     ['0.730', '0.787', '0.688', '0.611', '0.628']
lightgbm_5_150                 0.9104        0.0385       0.9440        0.0294       0.0631     8.05       +0.0760     ['0.946', '0.915', '0.938', '0.917', '0.837']
random_forest_5_200            0.4515        0.0518       0.8760        0.0294       0.0631     8.05       -0.3829     ['0.378', '0.426', '0.438', '0.528', '0.488']
xgboost_5_200                  0.6600        0.0375       0.9360        0.0367       0.0631     8.05       -0.1744     ['0.703', '0.702', '0.656', '0.611', '0.628']
lightgbm_5_200                 0.8859        0.0508       0.9440        0.0294       0.0631     8.05       +0.0515     ['0.919', '0.894', '0.938', '0.889', '0.791']
adaboost_3_50                  0.7256        0.0627       0.9280        0.0412       0.0631     8.05       -0.1089     ['0.622', '0.809', '0.750', '0.750', '0.698']
adaboost_3_100                 0.6529        0.0871       0.9440        0.0408       0.0631     8.05       -0.1815     ['0.730', '0.745', '0.500', '0.639', '0.651']
adaboost_3_150                 0.6693        0.0570       0.9200        0.0420       0.0631     8.05       -0.1651     ['0.649', '0.745', '0.719', '0.583', '0.651']
adaboost_3_200                 0.6441        0.0954       0.9120        0.0483       0.0631     8.05       -0.1904     ['0.622', '0.702', '0.750', '0.472', '0.674']

================================================================================
COUNTERFACTUAL ROBUSTNESS ANALYSIS COMPLETED (CEML)!
================================================================================

[SUMMARY] OVERALL SUMMARY STATISTICS (CEML):
• Baseline counterfactual validity: 0.8344 ± 0.0348
• Baseline success rate: 0.7800 ± 0.1066
• Baseline model accuracy: 0.9255 ± 0.0057
• Baseline L2 distance: 0.0631 ± 0.0115
• Baseline L0 distance: 8.0465 ± 2.2444
• Baseline LOF score: 0.8628 ± 0.0488

[SUMMARY] DATA PERTURBATION INSIGHTS (CEML):
• Most robust to: minor_deletion (avg validity change: -0.2597)
• Least robust to: major_deletion (avg validity change: -0.8344)
• Overall data perturbation robustness score: 0.5106 (higher is better)

🤖 MODEL PERTURBATION INSIGHTS (CEML):
• Most robust to: lightgbm (avg validity change: +0.0642)
• Least robust to: random (avg validity change: -0.2640)
• Overall model perturbation robustness score: 0.8598 (higher is better)

🔬 CEML LIBRARY INSIGHTS:
• Used CEML library for optimization-based counterfactual generation
• CEML provides more direct control over counterfactual optimization
• Results can be compared with DiCE-based analysis for method comparison

[INSIGHTS] DATA PERTURBATION INSIGHTS:
• Tested 4 types of data perturbations across 5 folds
• Total data perturbation experiments: 70

🤖 MODEL PERTURBATION INSIGHTS:
• Tested 28 different model configurations across 5 folds
• Total model perturbation experiments: 140

[SUMMARY] EXPERIMENT SUMMARY:
• Total experiments across all folds: 215
• Baseline experiments: 5 (one per fold)
• Data perturbation experiments: 70
• Model perturbation experiments: 140

================================================================================
🏁 COMPREHENSIVE COUNTERFACTUAL ROBUSTNESS ANALYSIS COMPLETED (CEML)!
================================================================================
[TIME] Completed at: 2025-07-30 23:55:57
[LOG] Complete analysis saved to: cf_robustness_analysis_ceml_v2_20250729_044245.log
🔬 Used CEML library for counterfactual generation
================================================================================
