================================================================================
COUNTERFACTUAL ROBUSTNESS ANALYSIS (CFXPLORER v3) - GERMAN CREDIT DATASET
================================================================================
[LOG] Logging session to: cf_robustness_analysis_cfxplorer_v3_20250804_195557.log
[TIME] Started at: 2025-08-04 19:55:57
================================================================================

1. Loading dataset...
Original data shape (after removing metadata): (1000, 10)
Dropped 0 rows with missing values
Final data shape: (1000, 10)
Dataset: German Credit
Label column: Class
Features: 10 features

2. Analysis parameters:
  Number of folds: 5
  Counterfactual method: CFXplorer
Dataset Summary:
Total samples (after cleaning): 1000
Number of features: 9
Label column: Class
Number of folds: 5
Fold Summary:
--------------------------------------------------
Fold 0: Train=800 samples, Test=200 samples
Fold 1: Train=800 samples, Test=200 samples
Fold 2: Train=800 samples, Test=200 samples
Fold 3: Train=800 samples, Test=200 samples
Fold 4: Train=800 samples, Test=200 samples
--------------------------------------------------

3. Running comprehensive analysis across all 5 folds...
================================================================================

--- FOLD 0 ANALYSIS ---
--------------------------------------------------
Fold 0 - Train: 800 samples, Test: 200 samples
Fold 0 - Train: 800 samples, Test: 200 samples
Fold 0 data shapes:
  Raw train: (800, 10)
  Processed - Train: (800, 10), Test: (200, 10)
  Training samples: 800
  Test samples: 200
  Features: 9
  Class distribution - Train: [240 560]
  Class distribution - Test: [ 60 140]

Training baseline model for fold 0...
  Train accuracy: 0.7800
  Test accuracy: 0.7450
Generating counterfactuals using CFXplorer for fold 0...
Generating counterfactuals using CFXplorer algorithm
Test set size: 200 samples
TensorFlow default int type: <dtype: 'int64'>
Successfully converted labels to int64 for platform compatibility
Final label dtype: int64 (int64)
Test data shape: (200, 9), dtype: float32
Train data shape: (800, 9), dtype: float32
Train labels shape: (800,), dtype: int64
Re-training model with properly typed data for CFXplorer...
Model prediction test - prediction type: <class 'numpy.int64'>, value: 0
iteration 1
iteration 2
iteration 3
iteration 4
iteration 5
iteration 6
iteration 7
iteration 8
iteration 9
iteration 10
iteration 11
iteration 12
iteration 13
iteration 14
iteration 15
iteration 16
iteration 17
iteration 18
iteration 19
iteration 20
iteration 21
iteration 22
iteration 23
iteration 24
iteration 25
iteration 26
iteration 27
iteration 28
iteration 29
iteration 30
iteration 31
iteration 32
iteration 33
iteration 34
iteration 35
iteration 36
iteration 37
iteration 38
iteration 39
iteration 40
iteration 41
iteration 42
iteration 43
iteration 44
iteration 45
iteration 46
iteration 47
iteration 48
iteration 49
iteration 50
iteration 51
iteration 52
iteration 53
iteration 54
iteration 55
iteration 56
iteration 57
iteration 58
iteration 59
iteration 60
iteration 61
iteration 62
iteration 63
iteration 64
iteration 65
iteration 66
iteration 67
iteration 68
iteration 69
iteration 70
iteration 71
iteration 72
iteration 73
iteration 74
iteration 75
iteration 76
iteration 77
iteration 78
iteration 79
iteration 80
iteration 81
iteration 82
iteration 83
iteration 84
iteration 85
iteration 86
iteration 87
iteration 88
iteration 89
iteration 90
iteration 91
iteration 92
iteration 93
iteration 94
iteration 95
iteration 96
iteration 97
iteration 98
iteration 99
iteration 100
The number of rows that are unchanged ever is 155
The mean distance is 2.046314393501315
CFXplorer generation completed. Result type: <class 'numpy.ndarray'>
CF array shape: (200, 9)
CFXplorer counterfactual generation complete:
  Successful: 200/200 (100.00%)
  Failed: 0/200 (0.00%)
  Success rate: 100.00%
  Baseline validity: 0.2600 (52/200)
  Baseline L2 distance: 3.4397
  Baseline L0 distance: 7.76
  Baseline LOF score: 0.9700

Testing data perturbations for fold 0...
  minor_deletion:
Fold 0 - Train: 800 samples, Test: 200 samples
    Bin 0 - Train: 800 samples, Test: 200 samples
    Bin 0: Remove 0% -> validity: 0.2600, accuracy: 0.7450
Fold 0 - Train: 800 samples, Test: 200 samples
    Bin 5 - Train: 760 samples, Test: 200 samples
    Bin 5: Remove 5% -> validity: 0.1300, accuracy: 0.7450
Fold 0 - Train: 800 samples, Test: 200 samples
    Bin 10 - Train: 720 samples, Test: 200 samples
    Bin 10: Remove 10% -> validity: 0.1650, accuracy: 0.7450
Fold 0 - Train: 800 samples, Test: 200 samples
    Bin 15 - Train: 680 samples, Test: 200 samples
    Bin 15: Remove 15% -> validity: 0.1750, accuracy: 0.7350
Fold 0 - Train: 800 samples, Test: 200 samples
    Bin 20 - Train: 640 samples, Test: 200 samples
    Bin 20: Remove 20% -> validity: 0.1850, accuracy: 0.7600
  major_deletion:
Fold 0 - Train: 800 samples, Test: 200 samples
    Bin 0 - Train: 800 samples, Test: 200 samples
    Bin 0: Remove 0% -> validity: 0.2600, accuracy: 0.7450
Fold 0 - Train: 800 samples, Test: 200 samples
    Bin 1 - Train: 400 samples, Test: 200 samples
    Bin 1: Remove 50% -> validity: 0.1550, accuracy: 0.7550
  minor_addition:
Fold 0 - Train: 800 samples, Test: 200 samples
    Bin 0 - Train: 640 samples, Test: 200 samples
    Bin 0: Use 80% -> validity: 0.1450, accuracy: 0.7050
Fold 0 - Train: 800 samples, Test: 200 samples
    Bin 5 - Train: 680 samples, Test: 200 samples
    Bin 5: Use 85% -> validity: 0.1850, accuracy: 0.7200
Fold 0 - Train: 800 samples, Test: 200 samples
    Bin 10 - Train: 720 samples, Test: 200 samples
    Bin 10: Use 90% -> validity: 0.1800, accuracy: 0.7250
Fold 0 - Train: 800 samples, Test: 200 samples
    Bin 15 - Train: 760 samples, Test: 200 samples
    Bin 15: Use 95% -> validity: 0.1750, accuracy: 0.7350
Fold 0 - Train: 800 samples, Test: 200 samples
    Bin 20 - Train: 800 samples, Test: 200 samples
    Bin 20: Use 100% -> validity: 0.2600, accuracy: 0.7450
  major_addition:
Fold 0 - Train: 800 samples, Test: 200 samples
    Bin 0 - Train: 400 samples, Test: 200 samples
    Bin 0: Use 50% -> validity: 0.1050, accuracy: 0.7150
Fold 0 - Train: 800 samples, Test: 200 samples
    Bin 1 - Train: 800 samples, Test: 200 samples
    Bin 1: Use 100% -> validity: 0.2600, accuracy: 0.7450

Testing model perturbations for fold 0...
    random_forest (3, 100) - Train: 800 samples, Test: 200 samples
      random_forest (3, 100): validity 0.0550, accuracy 0.7300
    random_forest (4, 100) - Train: 800 samples, Test: 200 samples
      random_forest (4, 100): validity 0.1050, accuracy 0.7450
    random_forest (5, 100) - Train: 800 samples, Test: 200 samples
      random_forest (5, 100): validity 0.2600, accuracy 0.7450
    random_forest (6, 100) - Train: 800 samples, Test: 200 samples
      random_forest (6, 100): validity 0.1700, accuracy 0.7450
    random_forest (5, 50) - Train: 800 samples, Test: 200 samples
      random_forest (5, 50): validity 0.1750, accuracy 0.7400
    random_forest (5, 100) - Train: 800 samples, Test: 200 samples
      random_forest (5, 100): validity 0.2600, accuracy 0.7450
    random_forest (5, 150) - Train: 800 samples, Test: 200 samples
      random_forest (5, 150): validity 0.2150, accuracy 0.7500
    random_forest (5, 200) - Train: 800 samples, Test: 200 samples
      random_forest (5, 200): validity 0.2150, accuracy 0.7500

--- FOLD 1 ANALYSIS ---
--------------------------------------------------
Fold 1 - Train: 800 samples, Test: 200 samples
Fold 1 - Train: 800 samples, Test: 200 samples
Fold 1 data shapes:
  Raw train: (800, 10)
  Processed - Train: (800, 10), Test: (200, 10)
  Training samples: 800
  Test samples: 200
  Features: 9
  Class distribution - Train: [240 560]
  Class distribution - Test: [ 60 140]

Training baseline model for fold 1...
  Train accuracy: 0.7875
  Test accuracy: 0.7250
Generating counterfactuals using CFXplorer for fold 1...
Generating counterfactuals using CFXplorer algorithm
Test set size: 200 samples
TensorFlow default int type: <dtype: 'int64'>
Successfully converted labels to int64 for platform compatibility
Final label dtype: int64 (int64)
Test data shape: (200, 9), dtype: float32
Train data shape: (800, 9), dtype: float32
Train labels shape: (800,), dtype: int64
Re-training model with properly typed data for CFXplorer...
Model prediction test - prediction type: <class 'numpy.int64'>, value: 1
iteration 1
Error in CFXplorer counterfactual generation: 'The optimizer cannot recognize variable perturbed_features:0. This usually means you are trying to call the optimizer to update different parts of the model separately. Please call `optimizer.build(variables)` with the full list of trainable variables before the training loop or use legacy optimizer `tf.keras.optimizers.legacy.Adam.'
Full traceback:
Traceback (most recent call last):
  File "/home/vinura/tree_robustness/CFRobustness-of-Trees/cfxplorer/cf_robustness_analysis_cfxplorer_v3.py", line 172, in generate_counterfactuals_cfxplorer
    cf_array = focus.generate(model_copy, x_test_array)
  File "/home/vinura/miniconda3/envs/cs9875/lib/python3.9/site-packages/cfxplorer/focus.py", line 174, in generate
    self.optimizer.apply_gradients(
  File "/home/vinura/miniconda3/envs/cs9875/lib/python3.9/site-packages/keras/src/optimizers/optimizer.py", line 1230, in apply_gradients
    return super().apply_gradients(grads_and_vars, name=name)
  File "/home/vinura/miniconda3/envs/cs9875/lib/python3.9/site-packages/keras/src/optimizers/optimizer.py", line 652, in apply_gradients
    iteration = self._internal_apply_gradients(grads_and_vars)
  File "/home/vinura/miniconda3/envs/cs9875/lib/python3.9/site-packages/keras/src/optimizers/optimizer.py", line 1260, in _internal_apply_gradients
    return tf.__internal__.distribute.interim.maybe_merge_call(
  File "/home/vinura/miniconda3/envs/cs9875/lib/python3.9/site-packages/tensorflow/python/distribute/merge_call_interim.py", line 51, in maybe_merge_call
    return fn(strategy, *args, **kwargs)
  File "/home/vinura/miniconda3/envs/cs9875/lib/python3.9/site-packages/keras/src/optimizers/optimizer.py", line 1352, in _distributed_apply_gradients_fn
    distribution.extended.update(
  File "/home/vinura/miniconda3/envs/cs9875/lib/python3.9/site-packages/tensorflow/python/distribute/distribute_lib.py", line 2992, in update
    return self._update(var, fn, args, kwargs, group)
  File "/home/vinura/miniconda3/envs/cs9875/lib/python3.9/site-packages/tensorflow/python/distribute/distribute_lib.py", line 4062, in _update
    return self._update_non_slot(var, fn, (var,) + tuple(args), kwargs, group)
  File "/home/vinura/miniconda3/envs/cs9875/lib/python3.9/site-packages/tensorflow/python/distribute/distribute_lib.py", line 4068, in _update_non_slot
    result = fn(*args, **kwargs)
  File "/home/vinura/miniconda3/envs/cs9875/lib/python3.9/site-packages/tensorflow/python/autograph/impl/api.py", line 596, in wrapper
    return func(*args, **kwargs)
  File "/home/vinura/miniconda3/envs/cs9875/lib/python3.9/site-packages/keras/src/optimizers/optimizer.py", line 1349, in apply_grad_to_update_var
    return self._update_step(grad, var)
  File "/home/vinura/miniconda3/envs/cs9875/lib/python3.9/site-packages/keras/src/optimizers/optimizer.py", line 233, in _update_step
    raise KeyError(
KeyError: 'The optimizer cannot recognize variable perturbed_features:0. This usually means you are trying to call the optimizer to update different parts of the model separately. Please call `optimizer.build(variables)` with the full list of trainable variables before the training loop or use legacy optimizer `tf.keras.optimizers.legacy.Adam.'
No successful counterfactuals to validate
  Success rate: 0.00%
  Baseline validity: 0.0000 (0/0)
  Baseline L2 distance: 0.0000
  Baseline L0 distance: 0.00
  Baseline LOF score: 0.0000

Testing data perturbations for fold 1...
  minor_deletion:
Fold 1 - Train: 800 samples, Test: 200 samples
    Bin 0 - Train: 800 samples, Test: 200 samples
No successful counterfactuals to validate
    Bin 0: Remove 0% -> validity: 0.0000, accuracy: 0.7250
Fold 1 - Train: 800 samples, Test: 200 samples
    Bin 5 - Train: 760 samples, Test: 200 samples
No successful counterfactuals to validate
    Bin 5: Remove 5% -> validity: 0.0000, accuracy: 0.7350
Fold 1 - Train: 800 samples, Test: 200 samples
    Bin 10 - Train: 720 samples, Test: 200 samples
No successful counterfactuals to validate
    Bin 10: Remove 10% -> validity: 0.0000, accuracy: 0.7600
Fold 1 - Train: 800 samples, Test: 200 samples
    Bin 15 - Train: 680 samples, Test: 200 samples
No successful counterfactuals to validate
    Bin 15: Remove 15% -> validity: 0.0000, accuracy: 0.7500
Fold 1 - Train: 800 samples, Test: 200 samples
    Bin 20 - Train: 640 samples, Test: 200 samples
No successful counterfactuals to validate
    Bin 20: Remove 20% -> validity: 0.0000, accuracy: 0.7450
  major_deletion:
Fold 1 - Train: 800 samples, Test: 200 samples
    Bin 0 - Train: 800 samples, Test: 200 samples
No successful counterfactuals to validate
    Bin 0: Remove 0% -> validity: 0.0000, accuracy: 0.7250
Fold 1 - Train: 800 samples, Test: 200 samples
    Bin 1 - Train: 400 samples, Test: 200 samples
No successful counterfactuals to validate
    Bin 1: Remove 50% -> validity: 0.0000, accuracy: 0.7500
  minor_addition:
Fold 1 - Train: 800 samples, Test: 200 samples
    Bin 0 - Train: 640 samples, Test: 200 samples
No successful counterfactuals to validate
    Bin 0: Use 80% -> validity: 0.0000, accuracy: 0.7400
Fold 1 - Train: 800 samples, Test: 200 samples
    Bin 5 - Train: 680 samples, Test: 200 samples
No successful counterfactuals to validate
    Bin 5: Use 85% -> validity: 0.0000, accuracy: 0.7450
Fold 1 - Train: 800 samples, Test: 200 samples
    Bin 10 - Train: 720 samples, Test: 200 samples
No successful counterfactuals to validate
    Bin 10: Use 90% -> validity: 0.0000, accuracy: 0.7400
Fold 1 - Train: 800 samples, Test: 200 samples
    Bin 15 - Train: 760 samples, Test: 200 samples
No successful counterfactuals to validate
    Bin 15: Use 95% -> validity: 0.0000, accuracy: 0.7350
Fold 1 - Train: 800 samples, Test: 200 samples
    Bin 20 - Train: 800 samples, Test: 200 samples
No successful counterfactuals to validate
    Bin 20: Use 100% -> validity: 0.0000, accuracy: 0.7250
  major_addition:
Fold 1 - Train: 800 samples, Test: 200 samples
    Bin 0 - Train: 400 samples, Test: 200 samples
No successful counterfactuals to validate
    Bin 0: Use 50% -> validity: 0.0000, accuracy: 0.7150
Fold 1 - Train: 800 samples, Test: 200 samples
    Bin 1 - Train: 800 samples, Test: 200 samples
No successful counterfactuals to validate
    Bin 1: Use 100% -> validity: 0.0000, accuracy: 0.7250

Testing model perturbations for fold 1...
    random_forest (3, 100) - Train: 800 samples, Test: 200 samples
No successful counterfactuals to validate
      random_forest (3, 100): validity 0.0000, accuracy 0.7350
    random_forest (4, 100) - Train: 800 samples, Test: 200 samples
No successful counterfactuals to validate
      random_forest (4, 100): validity 0.0000, accuracy 0.7350
    random_forest (5, 100) - Train: 800 samples, Test: 200 samples
No successful counterfactuals to validate
      random_forest (5, 100): validity 0.0000, accuracy 0.7250
    random_forest (6, 100) - Train: 800 samples, Test: 200 samples
No successful counterfactuals to validate
      random_forest (6, 100): validity 0.0000, accuracy 0.7600
    random_forest (5, 50) - Train: 800 samples, Test: 200 samples
No successful counterfactuals to validate
      random_forest (5, 50): validity 0.0000, accuracy 0.7200
    random_forest (5, 100) - Train: 800 samples, Test: 200 samples
No successful counterfactuals to validate
      random_forest (5, 100): validity 0.0000, accuracy 0.7250
    random_forest (5, 150) - Train: 800 samples, Test: 200 samples
No successful counterfactuals to validate
      random_forest (5, 150): validity 0.0000, accuracy 0.7300
    random_forest (5, 200) - Train: 800 samples, Test: 200 samples
No successful counterfactuals to validate
      random_forest (5, 200): validity 0.0000, accuracy 0.7350

--- FOLD 2 ANALYSIS ---
--------------------------------------------------
Fold 2 - Train: 800 samples, Test: 200 samples
Fold 2 - Train: 800 samples, Test: 200 samples
Fold 2 data shapes:
  Raw train: (800, 10)
  Processed - Train: (800, 10), Test: (200, 10)
  Training samples: 800
  Test samples: 200
  Features: 9
  Class distribution - Train: [240 560]
  Class distribution - Test: [ 60 140]

Training baseline model for fold 2...
  Train accuracy: 0.7900
  Test accuracy: 0.7400
Generating counterfactuals using CFXplorer for fold 2...
Generating counterfactuals using CFXplorer algorithm
Test set size: 200 samples
TensorFlow default int type: <dtype: 'int64'>
Successfully converted labels to int64 for platform compatibility
Final label dtype: int64 (int64)
Test data shape: (200, 9), dtype: float32
Train data shape: (800, 9), dtype: float32
Train labels shape: (800,), dtype: int64
Re-training model with properly typed data for CFXplorer...
Model prediction test - prediction type: <class 'numpy.int64'>, value: 0
iteration 1
Error in CFXplorer counterfactual generation: 'The optimizer cannot recognize variable perturbed_features:0. This usually means you are trying to call the optimizer to update different parts of the model separately. Please call `optimizer.build(variables)` with the full list of trainable variables before the training loop or use legacy optimizer `tf.keras.optimizers.legacy.Adam.'
Full traceback:
Traceback (most recent call last):
  File "/home/vinura/tree_robustness/CFRobustness-of-Trees/cfxplorer/cf_robustness_analysis_cfxplorer_v3.py", line 172, in generate_counterfactuals_cfxplorer
    cf_array = focus.generate(model_copy, x_test_array)
  File "/home/vinura/miniconda3/envs/cs9875/lib/python3.9/site-packages/cfxplorer/focus.py", line 174, in generate
    self.optimizer.apply_gradients(
  File "/home/vinura/miniconda3/envs/cs9875/lib/python3.9/site-packages/keras/src/optimizers/optimizer.py", line 1230, in apply_gradients
    return super().apply_gradients(grads_and_vars, name=name)
  File "/home/vinura/miniconda3/envs/cs9875/lib/python3.9/site-packages/keras/src/optimizers/optimizer.py", line 652, in apply_gradients
    iteration = self._internal_apply_gradients(grads_and_vars)
  File "/home/vinura/miniconda3/envs/cs9875/lib/python3.9/site-packages/keras/src/optimizers/optimizer.py", line 1260, in _internal_apply_gradients
    return tf.__internal__.distribute.interim.maybe_merge_call(
  File "/home/vinura/miniconda3/envs/cs9875/lib/python3.9/site-packages/tensorflow/python/distribute/merge_call_interim.py", line 51, in maybe_merge_call
    return fn(strategy, *args, **kwargs)
  File "/home/vinura/miniconda3/envs/cs9875/lib/python3.9/site-packages/keras/src/optimizers/optimizer.py", line 1352, in _distributed_apply_gradients_fn
    distribution.extended.update(
  File "/home/vinura/miniconda3/envs/cs9875/lib/python3.9/site-packages/tensorflow/python/distribute/distribute_lib.py", line 2992, in update
    return self._update(var, fn, args, kwargs, group)
  File "/home/vinura/miniconda3/envs/cs9875/lib/python3.9/site-packages/tensorflow/python/distribute/distribute_lib.py", line 4062, in _update
    return self._update_non_slot(var, fn, (var,) + tuple(args), kwargs, group)
  File "/home/vinura/miniconda3/envs/cs9875/lib/python3.9/site-packages/tensorflow/python/distribute/distribute_lib.py", line 4068, in _update_non_slot
    result = fn(*args, **kwargs)
  File "/home/vinura/miniconda3/envs/cs9875/lib/python3.9/site-packages/tensorflow/python/autograph/impl/api.py", line 596, in wrapper
    return func(*args, **kwargs)
  File "/home/vinura/miniconda3/envs/cs9875/lib/python3.9/site-packages/keras/src/optimizers/optimizer.py", line 1349, in apply_grad_to_update_var
    return self._update_step(grad, var)
  File "/home/vinura/miniconda3/envs/cs9875/lib/python3.9/site-packages/keras/src/optimizers/optimizer.py", line 233, in _update_step
    raise KeyError(
KeyError: 'The optimizer cannot recognize variable perturbed_features:0. This usually means you are trying to call the optimizer to update different parts of the model separately. Please call `optimizer.build(variables)` with the full list of trainable variables before the training loop or use legacy optimizer `tf.keras.optimizers.legacy.Adam.'
No successful counterfactuals to validate
  Success rate: 0.00%
  Baseline validity: 0.0000 (0/0)
  Baseline L2 distance: 0.0000
  Baseline L0 distance: 0.00
  Baseline LOF score: 0.0000

Testing data perturbations for fold 2...
  minor_deletion:
Fold 2 - Train: 800 samples, Test: 200 samples
    Bin 0 - Train: 800 samples, Test: 200 samples
No successful counterfactuals to validate
    Bin 0: Remove 0% -> validity: 0.0000, accuracy: 0.7400
Fold 2 - Train: 800 samples, Test: 200 samples
    Bin 5 - Train: 760 samples, Test: 200 samples
No successful counterfactuals to validate
    Bin 5: Remove 5% -> validity: 0.0000, accuracy: 0.7250
Fold 2 - Train: 800 samples, Test: 200 samples
    Bin 10 - Train: 720 samples, Test: 200 samples
No successful counterfactuals to validate
    Bin 10: Remove 10% -> validity: 0.0000, accuracy: 0.7350
Fold 2 - Train: 800 samples, Test: 200 samples
    Bin 15 - Train: 680 samples, Test: 200 samples
No successful counterfactuals to validate
    Bin 15: Remove 15% -> validity: 0.0000, accuracy: 0.7350
Fold 2 - Train: 800 samples, Test: 200 samples
    Bin 20 - Train: 640 samples, Test: 200 samples
No successful counterfactuals to validate
    Bin 20: Remove 20% -> validity: 0.0000, accuracy: 0.7250
  major_deletion:
Fold 2 - Train: 800 samples, Test: 200 samples
    Bin 0 - Train: 800 samples, Test: 200 samples
No successful counterfactuals to validate
    Bin 0: Remove 0% -> validity: 0.0000, accuracy: 0.7400
Fold 2 - Train: 800 samples, Test: 200 samples
    Bin 1 - Train: 400 samples, Test: 200 samples
No successful counterfactuals to validate
    Bin 1: Remove 50% -> validity: 0.0000, accuracy: 0.7250
  minor_addition:
Fold 2 - Train: 800 samples, Test: 200 samples
    Bin 0 - Train: 640 samples, Test: 200 samples
No successful counterfactuals to validate
    Bin 0: Use 80% -> validity: 0.0000, accuracy: 0.7200
Fold 2 - Train: 800 samples, Test: 200 samples
    Bin 5 - Train: 680 samples, Test: 200 samples
No successful counterfactuals to validate
    Bin 5: Use 85% -> validity: 0.0000, accuracy: 0.7300
Fold 2 - Train: 800 samples, Test: 200 samples
    Bin 10 - Train: 720 samples, Test: 200 samples
No successful counterfactuals to validate
    Bin 10: Use 90% -> validity: 0.0000, accuracy: 0.7300
Fold 2 - Train: 800 samples, Test: 200 samples
    Bin 15 - Train: 760 samples, Test: 200 samples
No successful counterfactuals to validate
    Bin 15: Use 95% -> validity: 0.0000, accuracy: 0.7300
Fold 2 - Train: 800 samples, Test: 200 samples
    Bin 20 - Train: 800 samples, Test: 200 samples
No successful counterfactuals to validate
    Bin 20: Use 100% -> validity: 0.0000, accuracy: 0.7400
  major_addition:
Fold 2 - Train: 800 samples, Test: 200 samples
    Bin 0 - Train: 400 samples, Test: 200 samples
No successful counterfactuals to validate
    Bin 0: Use 50% -> validity: 0.0000, accuracy: 0.7300
Fold 2 - Train: 800 samples, Test: 200 samples
    Bin 1 - Train: 800 samples, Test: 200 samples
No successful counterfactuals to validate
    Bin 1: Use 100% -> validity: 0.0000, accuracy: 0.7400

Testing model perturbations for fold 2...
    random_forest (3, 100) - Train: 800 samples, Test: 200 samples
No successful counterfactuals to validate
      random_forest (3, 100): validity 0.0000, accuracy 0.7100
    random_forest (4, 100) - Train: 800 samples, Test: 200 samples
No successful counterfactuals to validate
      random_forest (4, 100): validity 0.0000, accuracy 0.7150
    random_forest (5, 100) - Train: 800 samples, Test: 200 samples
No successful counterfactuals to validate
      random_forest (5, 100): validity 0.0000, accuracy 0.7400
    random_forest (6, 100) - Train: 800 samples, Test: 200 samples
No successful counterfactuals to validate
      random_forest (6, 100): validity 0.0000, accuracy 0.7400
    random_forest (5, 50) - Train: 800 samples, Test: 200 samples
No successful counterfactuals to validate
      random_forest (5, 50): validity 0.0000, accuracy 0.7300
    random_forest (5, 100) - Train: 800 samples, Test: 200 samples
No successful counterfactuals to validate
      random_forest (5, 100): validity 0.0000, accuracy 0.7400
    random_forest (5, 150) - Train: 800 samples, Test: 200 samples
No successful counterfactuals to validate
      random_forest (5, 150): validity 0.0000, accuracy 0.7400
    random_forest (5, 200) - Train: 800 samples, Test: 200 samples
No successful counterfactuals to validate
      random_forest (5, 200): validity 0.0000, accuracy 0.7400

--- FOLD 3 ANALYSIS ---
--------------------------------------------------
Fold 3 - Train: 800 samples, Test: 200 samples
Fold 3 - Train: 800 samples, Test: 200 samples
Fold 3 data shapes:
  Raw train: (800, 10)
  Processed - Train: (800, 10), Test: (200, 10)
  Training samples: 800
  Test samples: 200
  Features: 9
  Class distribution - Train: [240 560]
  Class distribution - Test: [ 60 140]

Training baseline model for fold 3...
  Train accuracy: 0.7863
  Test accuracy: 0.7450
Generating counterfactuals using CFXplorer for fold 3...
Generating counterfactuals using CFXplorer algorithm
Test set size: 200 samples
TensorFlow default int type: <dtype: 'int64'>
Successfully converted labels to int64 for platform compatibility
Final label dtype: int64 (int64)
Test data shape: (200, 9), dtype: float32
Train data shape: (800, 9), dtype: float32
Train labels shape: (800,), dtype: int64
Re-training model with properly typed data for CFXplorer...
Model prediction test - prediction type: <class 'numpy.int64'>, value: 1
iteration 1
Error in CFXplorer counterfactual generation: 'The optimizer cannot recognize variable perturbed_features:0. This usually means you are trying to call the optimizer to update different parts of the model separately. Please call `optimizer.build(variables)` with the full list of trainable variables before the training loop or use legacy optimizer `tf.keras.optimizers.legacy.Adam.'
Full traceback:
Traceback (most recent call last):
  File "/home/vinura/tree_robustness/CFRobustness-of-Trees/cfxplorer/cf_robustness_analysis_cfxplorer_v3.py", line 172, in generate_counterfactuals_cfxplorer
    cf_array = focus.generate(model_copy, x_test_array)
  File "/home/vinura/miniconda3/envs/cs9875/lib/python3.9/site-packages/cfxplorer/focus.py", line 174, in generate
    self.optimizer.apply_gradients(
  File "/home/vinura/miniconda3/envs/cs9875/lib/python3.9/site-packages/keras/src/optimizers/optimizer.py", line 1230, in apply_gradients
    return super().apply_gradients(grads_and_vars, name=name)
  File "/home/vinura/miniconda3/envs/cs9875/lib/python3.9/site-packages/keras/src/optimizers/optimizer.py", line 652, in apply_gradients
    iteration = self._internal_apply_gradients(grads_and_vars)
  File "/home/vinura/miniconda3/envs/cs9875/lib/python3.9/site-packages/keras/src/optimizers/optimizer.py", line 1260, in _internal_apply_gradients
    return tf.__internal__.distribute.interim.maybe_merge_call(
  File "/home/vinura/miniconda3/envs/cs9875/lib/python3.9/site-packages/tensorflow/python/distribute/merge_call_interim.py", line 51, in maybe_merge_call
    return fn(strategy, *args, **kwargs)
  File "/home/vinura/miniconda3/envs/cs9875/lib/python3.9/site-packages/keras/src/optimizers/optimizer.py", line 1352, in _distributed_apply_gradients_fn
    distribution.extended.update(
  File "/home/vinura/miniconda3/envs/cs9875/lib/python3.9/site-packages/tensorflow/python/distribute/distribute_lib.py", line 2992, in update
    return self._update(var, fn, args, kwargs, group)
  File "/home/vinura/miniconda3/envs/cs9875/lib/python3.9/site-packages/tensorflow/python/distribute/distribute_lib.py", line 4062, in _update
    return self._update_non_slot(var, fn, (var,) + tuple(args), kwargs, group)
  File "/home/vinura/miniconda3/envs/cs9875/lib/python3.9/site-packages/tensorflow/python/distribute/distribute_lib.py", line 4068, in _update_non_slot
    result = fn(*args, **kwargs)
  File "/home/vinura/miniconda3/envs/cs9875/lib/python3.9/site-packages/tensorflow/python/autograph/impl/api.py", line 596, in wrapper
    return func(*args, **kwargs)
  File "/home/vinura/miniconda3/envs/cs9875/lib/python3.9/site-packages/keras/src/optimizers/optimizer.py", line 1349, in apply_grad_to_update_var
    return self._update_step(grad, var)
  File "/home/vinura/miniconda3/envs/cs9875/lib/python3.9/site-packages/keras/src/optimizers/optimizer.py", line 233, in _update_step
    raise KeyError(
KeyError: 'The optimizer cannot recognize variable perturbed_features:0. This usually means you are trying to call the optimizer to update different parts of the model separately. Please call `optimizer.build(variables)` with the full list of trainable variables before the training loop or use legacy optimizer `tf.keras.optimizers.legacy.Adam.'
No successful counterfactuals to validate
  Success rate: 0.00%
  Baseline validity: 0.0000 (0/0)
  Baseline L2 distance: 0.0000
  Baseline L0 distance: 0.00
  Baseline LOF score: 0.0000

Testing data perturbations for fold 3...
  minor_deletion:
Fold 3 - Train: 800 samples, Test: 200 samples
    Bin 0 - Train: 800 samples, Test: 200 samples
No successful counterfactuals to validate
    Bin 0: Remove 0% -> validity: 0.0000, accuracy: 0.7450
Fold 3 - Train: 800 samples, Test: 200 samples
    Bin 5 - Train: 760 samples, Test: 200 samples
No successful counterfactuals to validate
    Bin 5: Remove 5% -> validity: 0.0000, accuracy: 0.7300
Fold 3 - Train: 800 samples, Test: 200 samples
    Bin 10 - Train: 720 samples, Test: 200 samples
No successful counterfactuals to validate
    Bin 10: Remove 10% -> validity: 0.0000, accuracy: 0.7300
Fold 3 - Train: 800 samples, Test: 200 samples
    Bin 15 - Train: 680 samples, Test: 200 samples
No successful counterfactuals to validate
    Bin 15: Remove 15% -> validity: 0.0000, accuracy: 0.7300
Fold 3 - Train: 800 samples, Test: 200 samples
    Bin 20 - Train: 640 samples, Test: 200 samples
No successful counterfactuals to validate
    Bin 20: Remove 20% -> validity: 0.0000, accuracy: 0.7400
  major_deletion:
Fold 3 - Train: 800 samples, Test: 200 samples
    Bin 0 - Train: 800 samples, Test: 200 samples
No successful counterfactuals to validate
    Bin 0: Remove 0% -> validity: 0.0000, accuracy: 0.7450
Fold 3 - Train: 800 samples, Test: 200 samples
    Bin 1 - Train: 400 samples, Test: 200 samples
No successful counterfactuals to validate
    Bin 1: Remove 50% -> validity: 0.0000, accuracy: 0.7700
  minor_addition:
Fold 3 - Train: 800 samples, Test: 200 samples
    Bin 0 - Train: 640 samples, Test: 200 samples
No successful counterfactuals to validate
    Bin 0: Use 80% -> validity: 0.0000, accuracy: 0.7300
Fold 3 - Train: 800 samples, Test: 200 samples
    Bin 5 - Train: 680 samples, Test: 200 samples
No successful counterfactuals to validate
    Bin 5: Use 85% -> validity: 0.0000, accuracy: 0.7500
Fold 3 - Train: 800 samples, Test: 200 samples
    Bin 10 - Train: 720 samples, Test: 200 samples
No successful counterfactuals to validate
    Bin 10: Use 90% -> validity: 0.0000, accuracy: 0.7250
Fold 3 - Train: 800 samples, Test: 200 samples
    Bin 15 - Train: 760 samples, Test: 200 samples
No successful counterfactuals to validate
    Bin 15: Use 95% -> validity: 0.0000, accuracy: 0.7400
Fold 3 - Train: 800 samples, Test: 200 samples
    Bin 20 - Train: 800 samples, Test: 200 samples
No successful counterfactuals to validate
    Bin 20: Use 100% -> validity: 0.0000, accuracy: 0.7450
  major_addition:
Fold 3 - Train: 800 samples, Test: 200 samples
    Bin 0 - Train: 400 samples, Test: 200 samples
No successful counterfactuals to validate
    Bin 0: Use 50% -> validity: 0.0000, accuracy: 0.7400
Fold 3 - Train: 800 samples, Test: 200 samples
    Bin 1 - Train: 800 samples, Test: 200 samples
No successful counterfactuals to validate
    Bin 1: Use 100% -> validity: 0.0000, accuracy: 0.7450

Testing model perturbations for fold 3...
    random_forest (3, 100) - Train: 800 samples, Test: 200 samples
No successful counterfactuals to validate
      random_forest (3, 100): validity 0.0000, accuracy 0.7200
    random_forest (4, 100) - Train: 800 samples, Test: 200 samples
No successful counterfactuals to validate
      random_forest (4, 100): validity 0.0000, accuracy 0.7350
    random_forest (5, 100) - Train: 800 samples, Test: 200 samples
No successful counterfactuals to validate
      random_forest (5, 100): validity 0.0000, accuracy 0.7450
    random_forest (6, 100) - Train: 800 samples, Test: 200 samples
No successful counterfactuals to validate
      random_forest (6, 100): validity 0.0000, accuracy 0.7550
    random_forest (5, 50) - Train: 800 samples, Test: 200 samples
No successful counterfactuals to validate
      random_forest (5, 50): validity 0.0000, accuracy 0.7500
    random_forest (5, 100) - Train: 800 samples, Test: 200 samples
No successful counterfactuals to validate
      random_forest (5, 100): validity 0.0000, accuracy 0.7450
    random_forest (5, 150) - Train: 800 samples, Test: 200 samples
No successful counterfactuals to validate
      random_forest (5, 150): validity 0.0000, accuracy 0.7450
    random_forest (5, 200) - Train: 800 samples, Test: 200 samples
No successful counterfactuals to validate
      random_forest (5, 200): validity 0.0000, accuracy 0.7450

--- FOLD 4 ANALYSIS ---
--------------------------------------------------
Fold 4 - Train: 800 samples, Test: 200 samples
Fold 4 - Train: 800 samples, Test: 200 samples
Fold 4 data shapes:
  Raw train: (800, 10)
  Processed - Train: (800, 10), Test: (200, 10)
  Training samples: 800
  Test samples: 200
  Features: 9
  Class distribution - Train: [240 560]
  Class distribution - Test: [ 60 140]

Training baseline model for fold 4...
  Train accuracy: 0.7900
  Test accuracy: 0.7250
Generating counterfactuals using CFXplorer for fold 4...
Generating counterfactuals using CFXplorer algorithm
Test set size: 200 samples
TensorFlow default int type: <dtype: 'int64'>
Successfully converted labels to int64 for platform compatibility
Final label dtype: int64 (int64)
Test data shape: (200, 9), dtype: float32
Train data shape: (800, 9), dtype: float32
Train labels shape: (800,), dtype: int64
Re-training model with properly typed data for CFXplorer...
Model prediction test - prediction type: <class 'numpy.int64'>, value: 0
iteration 1
Error in CFXplorer counterfactual generation: 'The optimizer cannot recognize variable perturbed_features:0. This usually means you are trying to call the optimizer to update different parts of the model separately. Please call `optimizer.build(variables)` with the full list of trainable variables before the training loop or use legacy optimizer `tf.keras.optimizers.legacy.Adam.'
Full traceback:
Traceback (most recent call last):
  File "/home/vinura/tree_robustness/CFRobustness-of-Trees/cfxplorer/cf_robustness_analysis_cfxplorer_v3.py", line 172, in generate_counterfactuals_cfxplorer
    cf_array = focus.generate(model_copy, x_test_array)
  File "/home/vinura/miniconda3/envs/cs9875/lib/python3.9/site-packages/cfxplorer/focus.py", line 174, in generate
    self.optimizer.apply_gradients(
  File "/home/vinura/miniconda3/envs/cs9875/lib/python3.9/site-packages/keras/src/optimizers/optimizer.py", line 1230, in apply_gradients
    return super().apply_gradients(grads_and_vars, name=name)
  File "/home/vinura/miniconda3/envs/cs9875/lib/python3.9/site-packages/keras/src/optimizers/optimizer.py", line 652, in apply_gradients
    iteration = self._internal_apply_gradients(grads_and_vars)
  File "/home/vinura/miniconda3/envs/cs9875/lib/python3.9/site-packages/keras/src/optimizers/optimizer.py", line 1260, in _internal_apply_gradients
    return tf.__internal__.distribute.interim.maybe_merge_call(
  File "/home/vinura/miniconda3/envs/cs9875/lib/python3.9/site-packages/tensorflow/python/distribute/merge_call_interim.py", line 51, in maybe_merge_call
    return fn(strategy, *args, **kwargs)
  File "/home/vinura/miniconda3/envs/cs9875/lib/python3.9/site-packages/keras/src/optimizers/optimizer.py", line 1352, in _distributed_apply_gradients_fn
    distribution.extended.update(
  File "/home/vinura/miniconda3/envs/cs9875/lib/python3.9/site-packages/tensorflow/python/distribute/distribute_lib.py", line 2992, in update
    return self._update(var, fn, args, kwargs, group)
  File "/home/vinura/miniconda3/envs/cs9875/lib/python3.9/site-packages/tensorflow/python/distribute/distribute_lib.py", line 4062, in _update
    return self._update_non_slot(var, fn, (var,) + tuple(args), kwargs, group)
  File "/home/vinura/miniconda3/envs/cs9875/lib/python3.9/site-packages/tensorflow/python/distribute/distribute_lib.py", line 4068, in _update_non_slot
    result = fn(*args, **kwargs)
  File "/home/vinura/miniconda3/envs/cs9875/lib/python3.9/site-packages/tensorflow/python/autograph/impl/api.py", line 596, in wrapper
    return func(*args, **kwargs)
  File "/home/vinura/miniconda3/envs/cs9875/lib/python3.9/site-packages/keras/src/optimizers/optimizer.py", line 1349, in apply_grad_to_update_var
    return self._update_step(grad, var)
  File "/home/vinura/miniconda3/envs/cs9875/lib/python3.9/site-packages/keras/src/optimizers/optimizer.py", line 233, in _update_step
    raise KeyError(
KeyError: 'The optimizer cannot recognize variable perturbed_features:0. This usually means you are trying to call the optimizer to update different parts of the model separately. Please call `optimizer.build(variables)` with the full list of trainable variables before the training loop or use legacy optimizer `tf.keras.optimizers.legacy.Adam.'
No successful counterfactuals to validate
  Success rate: 0.00%
  Baseline validity: 0.0000 (0/0)
  Baseline L2 distance: 0.0000
  Baseline L0 distance: 0.00
  Baseline LOF score: 0.0000

Testing data perturbations for fold 4...
  minor_deletion:
Fold 4 - Train: 800 samples, Test: 200 samples
    Bin 0 - Train: 800 samples, Test: 200 samples
No successful counterfactuals to validate
    Bin 0: Remove 0% -> validity: 0.0000, accuracy: 0.7250
Fold 4 - Train: 800 samples, Test: 200 samples
    Bin 5 - Train: 760 samples, Test: 200 samples
No successful counterfactuals to validate
    Bin 5: Remove 5% -> validity: 0.0000, accuracy: 0.7400
Fold 4 - Train: 800 samples, Test: 200 samples
    Bin 10 - Train: 720 samples, Test: 200 samples
No successful counterfactuals to validate
    Bin 10: Remove 10% -> validity: 0.0000, accuracy: 0.7350
Fold 4 - Train: 800 samples, Test: 200 samples
    Bin 15 - Train: 680 samples, Test: 200 samples
No successful counterfactuals to validate
    Bin 15: Remove 15% -> validity: 0.0000, accuracy: 0.7300
Fold 4 - Train: 800 samples, Test: 200 samples
    Bin 20 - Train: 640 samples, Test: 200 samples
No successful counterfactuals to validate
    Bin 20: Remove 20% -> validity: 0.0000, accuracy: 0.7500
  major_deletion:
Fold 4 - Train: 800 samples, Test: 200 samples
    Bin 0 - Train: 800 samples, Test: 200 samples
No successful counterfactuals to validate
    Bin 0: Remove 0% -> validity: 0.0000, accuracy: 0.7250
Fold 4 - Train: 800 samples, Test: 200 samples
    Bin 1 - Train: 400 samples, Test: 200 samples
No successful counterfactuals to validate
    Bin 1: Remove 50% -> validity: 0.0000, accuracy: 0.7200
  minor_addition:
Fold 4 - Train: 800 samples, Test: 200 samples
    Bin 0 - Train: 640 samples, Test: 200 samples
No successful counterfactuals to validate
    Bin 0: Use 80% -> validity: 0.0000, accuracy: 0.7400
Fold 4 - Train: 800 samples, Test: 200 samples
    Bin 5 - Train: 680 samples, Test: 200 samples
No successful counterfactuals to validate
    Bin 5: Use 85% -> validity: 0.0000, accuracy: 0.7100
Fold 4 - Train: 800 samples, Test: 200 samples
    Bin 10 - Train: 720 samples, Test: 200 samples
No successful counterfactuals to validate
    Bin 10: Use 90% -> validity: 0.0000, accuracy: 0.7300
Fold 4 - Train: 800 samples, Test: 200 samples
    Bin 15 - Train: 760 samples, Test: 200 samples
No successful counterfactuals to validate
    Bin 15: Use 95% -> validity: 0.0000, accuracy: 0.7400
Fold 4 - Train: 800 samples, Test: 200 samples
    Bin 20 - Train: 800 samples, Test: 200 samples
No successful counterfactuals to validate
    Bin 20: Use 100% -> validity: 0.0000, accuracy: 0.7250
  major_addition:
Fold 4 - Train: 800 samples, Test: 200 samples
    Bin 0 - Train: 400 samples, Test: 200 samples
No successful counterfactuals to validate
    Bin 0: Use 50% -> validity: 0.0000, accuracy: 0.7000
Fold 4 - Train: 800 samples, Test: 200 samples
    Bin 1 - Train: 800 samples, Test: 200 samples
No successful counterfactuals to validate
    Bin 1: Use 100% -> validity: 0.0000, accuracy: 0.7250

Testing model perturbations for fold 4...
    random_forest (3, 100) - Train: 800 samples, Test: 200 samples
No successful counterfactuals to validate
      random_forest (3, 100): validity 0.0000, accuracy 0.7200
    random_forest (4, 100) - Train: 800 samples, Test: 200 samples
No successful counterfactuals to validate
      random_forest (4, 100): validity 0.0000, accuracy 0.7250
    random_forest (5, 100) - Train: 800 samples, Test: 200 samples
No successful counterfactuals to validate
      random_forest (5, 100): validity 0.0000, accuracy 0.7250
    random_forest (6, 100) - Train: 800 samples, Test: 200 samples
No successful counterfactuals to validate
      random_forest (6, 100): validity 0.0000, accuracy 0.7300
    random_forest (5, 50) - Train: 800 samples, Test: 200 samples
No successful counterfactuals to validate
      random_forest (5, 50): validity 0.0000, accuracy 0.7150
    random_forest (5, 100) - Train: 800 samples, Test: 200 samples
No successful counterfactuals to validate
      random_forest (5, 100): validity 0.0000, accuracy 0.7250
    random_forest (5, 150) - Train: 800 samples, Test: 200 samples
No successful counterfactuals to validate
      random_forest (5, 150): validity 0.0000, accuracy 0.7350
    random_forest (5, 200) - Train: 800 samples, Test: 200 samples
No successful counterfactuals to validate
      random_forest (5, 200): validity 0.0000, accuracy 0.7350

4. Creating comprehensive visualizations...
Data robustness visualization saved to cfxplorer_plots/

================================================================================
COMPREHENSIVE STATISTICAL SUMMARY
================================================================================
Analysis across 5 cross-validation folds

[SUMMARY] BASELINE PERFORMANCE SUMMARY:
  Baseline CF Validity: 0.0520 ± 0.1040
  Baseline Model Accuracy: 0.7360 ± 0.0092

[INSIGHTS] DATA PERTURBATION ROBUSTNESS:
  Minor Deletion:
    Mean validity: 0.0366 ± 0.0757
    Min validity: 0.0000
    Max validity: 0.2600
  Major Deletion:
    Mean validity: 0.0415 ± 0.0863
    Min validity: 0.0000
    Max validity: 0.2600
  Minor Addition:
    Mean validity: 0.0378 ± 0.0775
    Min validity: 0.0000
    Max validity: 0.2600
  Major Addition:
    Mean validity: 0.0365 ± 0.0808
    Min validity: 0.0000
    Max validity: 0.2600

🤖 MODEL PERTURBATION ROBUSTNESS:
  Overall model robustness:
    Mean validity: 0.0364 ± 0.0788
    Min validity: 0.0000
    Max validity: 0.2600

💡 KEY INSIGHTS FOR GERMAN CREDIT DATASET:
  • CFXplorer handles mixed categorical/numerical features
  • RandomForest hyperparameters significantly affect CF validity
  • Mixed feature types provide stable counterfactual generation
  • Focus algorithm adapts well to heterogeneous data

[SUCCESS] CFXplorer robustness analysis completed successfully!
📁 All results saved and logged to: cf_robustness_analysis_cfxplorer_v3_20250804_195557.log
