================================================================================
COUNTERFACTUAL ROBUSTNESS ANALYSIS (CFXPLORER v2) - SPAMBASE DATASET
================================================================================
[LOG] Logging session to: cf_robustness_analysis_cfxplorer_v2_20250804_193938.log
[TIME] Started at: 2025-08-04 19:39:38
================================================================================

1. Loading dataset...
Original data shape (after removing metadata): (4601, 58)
Dropped 0 rows with missing values
Final data shape: (4601, 58)
Dataset: Spambase
Label column: Class
Features: 58 features

2. Analysis parameters:
  Number of folds: 5
  Counterfactual method: CFXplorer
Dataset Summary:
Total samples (after cleaning): 4601
Number of features: 57
Label column: Class
Number of folds: 5
Fold Summary:
--------------------------------------------------
Fold 0: Train=3680 samples, Test=921 samples
Fold 1: Train=3681 samples, Test=920 samples
Fold 2: Train=3681 samples, Test=920 samples
Fold 3: Train=3681 samples, Test=920 samples
Fold 4: Train=3681 samples, Test=920 samples
--------------------------------------------------

3. Running comprehensive analysis across all 5 folds...
================================================================================

--- FOLD 0 ANALYSIS ---
--------------------------------------------------
Cleared session state before fold 0
Fold 0 - Train: 3680 samples, Test: 921 samples
Fold 0 - Train: 3680 samples, Test: 921 samples
Fold 0 data shapes:
  Raw train: (3680, 58)
  Processed - Train: (3680, 58), Test: (921, 58)
  Training samples: 3680
  Test samples: 921
  Features: 57
  Class distribution - Train: [2230 1450]
  Class distribution - Test: [558 363]

Training baseline model for fold 0...
  Train accuracy: 0.9326
  Test accuracy: 0.9186
Generating counterfactuals using CFXplorer for fold 0...
Generating counterfactuals using CFXplorer algorithm
Test set size: 921 samples
Cleared TensorFlow session state
TensorFlow default int type: <dtype: 'int64'>
Successfully converted labels to int64 for platform compatibility
Final label dtype: int64 (int64)
Test data shape: (921, 57), dtype: float32
Train data shape: (3680, 57), dtype: float32
Train labels shape: (3680,), dtype: int64
Re-training model with properly typed data for CFXplorer...
Model prediction test - prediction type: <class 'numpy.int64'>, value: 0
Initializing CFXplorer Focus with legacy optimizer support...
Configuring TensorFlow for CFXplorer compatibility...
Disabled TensorFlow auto mixed precision
Disabled TensorFlow TF32 execution for consistency
Using legacy Adam optimizer for TensorFlow compatibility
CFXplorer generation attempt 1/2
iteration 1
iteration 2
iteration 3
iteration 4
iteration 5
iteration 6
iteration 7
iteration 8
iteration 9
iteration 10
iteration 11
iteration 12
iteration 13
iteration 14
iteration 15
iteration 16
iteration 17
iteration 18
iteration 19
iteration 20
iteration 21
iteration 22
iteration 23
iteration 24
iteration 25
iteration 26
iteration 27
iteration 28
iteration 29
iteration 30
iteration 31
iteration 32
iteration 33
iteration 34
iteration 35
iteration 36
iteration 37
iteration 38
iteration 39
iteration 40
iteration 41
iteration 42
iteration 43
iteration 44
iteration 45
iteration 46
iteration 47
iteration 48
iteration 49
iteration 50
iteration 51
iteration 52
iteration 53
iteration 54
iteration 55
iteration 56
iteration 57
iteration 58
iteration 59
iteration 60
iteration 61
iteration 62
iteration 63
iteration 64
iteration 65
iteration 66
iteration 67
iteration 68
iteration 69
iteration 70
iteration 71
iteration 72
iteration 73
iteration 74
iteration 75
iteration 76
iteration 77
iteration 78
iteration 79
iteration 80
iteration 81
iteration 82
iteration 83
iteration 84
iteration 85
iteration 86
iteration 87
iteration 88
iteration 89
iteration 90
iteration 91
iteration 92
iteration 93
iteration 94
iteration 95
iteration 96
iteration 97
iteration 98
iteration 99
iteration 100
The number of rows that are unchanged ever is 0
The mean distance is 0.03676816516433995
CFXplorer generation completed successfully. Result type: <class 'numpy.ndarray'>
CF array shape: (921, 57)
CFXplorer counterfactual generation complete:
  Successful: 921/921 (100.00%)
  Failed: 0/921 (0.00%)
  Success rate: 100.00%
  Baseline validity: 1.0000 (921/921)
  Baseline L2 distance: 0.0368
  Baseline L0 distance: 17.19
  Baseline LOF score: 0.7676

Testing data perturbations for fold 0...
  minor_deletion:
Fold 0 - Train: 3680 samples, Test: 921 samples
    Bin 0 - Train: 3680 samples, Test: 921 samples
    Bin 0: Remove 0% -> validity: 1.0000, accuracy: 0.9186
Fold 0 - Train: 3680 samples, Test: 921 samples
    Bin 5 - Train: 3496 samples, Test: 921 samples
    Bin 5: Remove 5% -> validity: 0.4473, accuracy: 0.9218
Fold 0 - Train: 3680 samples, Test: 921 samples
    Bin 10 - Train: 3312 samples, Test: 921 samples
    Bin 10: Remove 10% -> validity: 0.3029, accuracy: 0.9131
Fold 0 - Train: 3680 samples, Test: 921 samples
    Bin 15 - Train: 3128 samples, Test: 921 samples
    Bin 15: Remove 15% -> validity: 0.3138, accuracy: 0.9001
Fold 0 - Train: 3680 samples, Test: 921 samples
    Bin 20 - Train: 2944 samples, Test: 921 samples
    Bin 20: Remove 20% -> validity: 0.2790, accuracy: 0.8903
  major_deletion:
Fold 0 - Train: 3680 samples, Test: 921 samples
    Bin 0 - Train: 3680 samples, Test: 921 samples
    Bin 0: Remove 0% -> validity: 1.0000, accuracy: 0.9186
Fold 0 - Train: 3680 samples, Test: 921 samples
    Bin 1 - Train: 1840 samples, Test: 921 samples
    Bin 1: Remove 50% -> validity: 0.0000, accuracy: 0.6059
  minor_addition:
Fold 0 - Train: 3680 samples, Test: 921 samples
    Bin 0 - Train: 2944 samples, Test: 921 samples
    Bin 0: Use 80% -> validity: 0.6374, accuracy: 0.9121
Fold 0 - Train: 3680 samples, Test: 921 samples
    Bin 5 - Train: 3128 samples, Test: 921 samples
    Bin 5: Use 85% -> validity: 0.6450, accuracy: 0.9175
Fold 0 - Train: 3680 samples, Test: 921 samples
    Bin 10 - Train: 3312 samples, Test: 921 samples
    Bin 10: Use 90% -> validity: 0.6754, accuracy: 0.9197
Fold 0 - Train: 3680 samples, Test: 921 samples
    Bin 15 - Train: 3496 samples, Test: 921 samples
    Bin 15: Use 95% -> validity: 0.6916, accuracy: 0.9262
Fold 0 - Train: 3680 samples, Test: 921 samples
    Bin 20 - Train: 3680 samples, Test: 921 samples
    Bin 20: Use 100% -> validity: 1.0000, accuracy: 0.9186
  major_addition:
Fold 0 - Train: 3680 samples, Test: 921 samples
    Bin 0 - Train: 1840 samples, Test: 921 samples
    Bin 0: Use 50% -> validity: 0.3420, accuracy: 0.7752
Fold 0 - Train: 3680 samples, Test: 921 samples
    Bin 1 - Train: 3680 samples, Test: 921 samples
    Bin 1: Use 100% -> validity: 1.0000, accuracy: 0.9186

Testing model perturbations for fold 0...
    random_forest (3, 100) - Train: 3680 samples, Test: 921 samples
      random_forest (3, 100): validity 0.4311, accuracy 0.9034
    random_forest (4, 100) - Train: 3680 samples, Test: 921 samples
      random_forest (4, 100): validity 0.4929, accuracy 0.9142
    random_forest (5, 100) - Train: 3680 samples, Test: 921 samples
      random_forest (5, 100): validity 1.0000, accuracy 0.9186
    random_forest (6, 100) - Train: 3680 samples, Test: 921 samples
      random_forest (6, 100): validity 0.5266, accuracy 0.9338
    random_forest (5, 50) - Train: 3680 samples, Test: 921 samples
      random_forest (5, 50): validity 0.6059, accuracy 0.9186
    random_forest (5, 100) - Train: 3680 samples, Test: 921 samples
      random_forest (5, 100): validity 1.0000, accuracy 0.9186
    random_forest (5, 150) - Train: 3680 samples, Test: 921 samples
      random_forest (5, 150): validity 0.6460, accuracy 0.9197
    random_forest (5, 200) - Train: 3680 samples, Test: 921 samples
      random_forest (5, 200): validity 0.5744, accuracy 0.9251

--- FOLD 1 ANALYSIS ---
--------------------------------------------------
Cleared session state before fold 1
Fold 1 - Train: 3681 samples, Test: 920 samples
Fold 1 - Train: 3681 samples, Test: 920 samples
Fold 1 data shapes:
  Raw train: (3681, 58)
  Processed - Train: (3681, 58), Test: (920, 58)
  Training samples: 3681
  Test samples: 920
  Features: 57
  Class distribution - Train: [2231 1450]
  Class distribution - Test: [557 363]

Training baseline model for fold 1...
  Train accuracy: 0.9356
  Test accuracy: 0.9250
Generating counterfactuals using CFXplorer for fold 1...
Generating counterfactuals using CFXplorer algorithm
Test set size: 920 samples
Cleared TensorFlow session state
TensorFlow default int type: <dtype: 'int64'>
Successfully converted labels to int64 for platform compatibility
Final label dtype: int64 (int64)
Test data shape: (920, 57), dtype: float32
Train data shape: (3681, 57), dtype: float32
Train labels shape: (3681,), dtype: int64
Re-training model with properly typed data for CFXplorer...
Model prediction test - prediction type: <class 'numpy.int64'>, value: 1
Initializing CFXplorer Focus with legacy optimizer support...
Configuring TensorFlow for CFXplorer compatibility...
Disabled TensorFlow auto mixed precision
Disabled TensorFlow TF32 execution for consistency
Using legacy Adam optimizer for TensorFlow compatibility
CFXplorer generation attempt 1/2
iteration 1
iteration 2
iteration 3
iteration 4
iteration 5
iteration 6
iteration 7
iteration 8
iteration 9
iteration 10
iteration 11
iteration 12
iteration 13
iteration 14
iteration 15
iteration 16
iteration 17
iteration 18
iteration 19
iteration 20
iteration 21
iteration 22
iteration 23
iteration 24
iteration 25
iteration 26
iteration 27
iteration 28
iteration 29
iteration 30
iteration 31
iteration 32
iteration 33
iteration 34
iteration 35
iteration 36
iteration 37
iteration 38
iteration 39
iteration 40
iteration 41
iteration 42
iteration 43
iteration 44
iteration 45
iteration 46
iteration 47
iteration 48
iteration 49
iteration 50
iteration 51
iteration 52
iteration 53
iteration 54
iteration 55
iteration 56
iteration 57
iteration 58
iteration 59
iteration 60
iteration 61
iteration 62
iteration 63
iteration 64
iteration 65
iteration 66
iteration 67
iteration 68
iteration 69
iteration 70
iteration 71
iteration 72
iteration 73
iteration 74
iteration 75
iteration 76
iteration 77
iteration 78
iteration 79
iteration 80
iteration 81
iteration 82
iteration 83
iteration 84
iteration 85
iteration 86
iteration 87
iteration 88
iteration 89
iteration 90
iteration 91
iteration 92
iteration 93
iteration 94
iteration 95
iteration 96
iteration 97
iteration 98
iteration 99
iteration 100
The number of rows that are unchanged ever is 0
The mean distance is 0.03747703225361993
CFXplorer generation completed successfully. Result type: <class 'numpy.ndarray'>
CF array shape: (920, 57)
CFXplorer counterfactual generation complete:
  Successful: 920/920 (100.00%)
  Failed: 0/920 (0.00%)
  Success rate: 100.00%
  Baseline validity: 1.0000 (920/920)
  Baseline L2 distance: 0.0375
  Baseline L0 distance: 17.24
  Baseline LOF score: 0.7326

Testing data perturbations for fold 1...
  minor_deletion:
Fold 1 - Train: 3681 samples, Test: 920 samples
    Bin 0 - Train: 3681 samples, Test: 920 samples
    Bin 0: Remove 0% -> validity: 1.0000, accuracy: 0.9250
Fold 1 - Train: 3681 samples, Test: 920 samples
    Bin 5 - Train: 3497 samples, Test: 920 samples
    Bin 5: Remove 5% -> validity: 0.5565, accuracy: 0.9174
Fold 1 - Train: 3681 samples, Test: 920 samples
    Bin 10 - Train: 3313 samples, Test: 920 samples
    Bin 10: Remove 10% -> validity: 0.4261, accuracy: 0.9185
Fold 1 - Train: 3681 samples, Test: 920 samples
    Bin 15 - Train: 3129 samples, Test: 920 samples
    Bin 15: Remove 15% -> validity: 0.2946, accuracy: 0.9076
Fold 1 - Train: 3681 samples, Test: 920 samples
    Bin 20 - Train: 2945 samples, Test: 920 samples
    Bin 20: Remove 20% -> validity: 0.2739, accuracy: 0.8870
  major_deletion:
Fold 1 - Train: 3681 samples, Test: 920 samples
    Bin 0 - Train: 3681 samples, Test: 920 samples
    Bin 0: Remove 0% -> validity: 1.0000, accuracy: 0.9250
Fold 1 - Train: 3681 samples, Test: 920 samples
    Bin 1 - Train: 1841 samples, Test: 920 samples
    Bin 1: Remove 50% -> validity: 0.0000, accuracy: 0.6054
  minor_addition:
Fold 1 - Train: 3681 samples, Test: 920 samples
    Bin 0 - Train: 2944 samples, Test: 920 samples
    Bin 0: Use 80% -> validity: 0.5576, accuracy: 0.9163
Fold 1 - Train: 3681 samples, Test: 920 samples
    Bin 5 - Train: 3128 samples, Test: 920 samples
    Bin 5: Use 85% -> validity: 0.5967, accuracy: 0.9174
Fold 1 - Train: 3681 samples, Test: 920 samples
    Bin 10 - Train: 3312 samples, Test: 920 samples
    Bin 10: Use 90% -> validity: 0.6087, accuracy: 0.9207
Fold 1 - Train: 3681 samples, Test: 920 samples
    Bin 15 - Train: 3496 samples, Test: 920 samples
    Bin 15: Use 95% -> validity: 0.7489, accuracy: 0.9217
Fold 1 - Train: 3681 samples, Test: 920 samples
    Bin 20 - Train: 3681 samples, Test: 920 samples
    Bin 20: Use 100% -> validity: 1.0000, accuracy: 0.9250
  major_addition:
Fold 1 - Train: 3681 samples, Test: 920 samples
    Bin 0 - Train: 1840 samples, Test: 920 samples
    Bin 0: Use 50% -> validity: 0.3000, accuracy: 0.7957
Fold 1 - Train: 3681 samples, Test: 920 samples
    Bin 1 - Train: 3681 samples, Test: 920 samples
    Bin 1: Use 100% -> validity: 1.0000, accuracy: 0.9250

Testing model perturbations for fold 1...
    random_forest (3, 100) - Train: 3681 samples, Test: 920 samples
      random_forest (3, 100): validity 0.6511, accuracy 0.9011
    random_forest (4, 100) - Train: 3681 samples, Test: 920 samples
      random_forest (4, 100): validity 0.6207, accuracy 0.9185
    random_forest (5, 100) - Train: 3681 samples, Test: 920 samples
      random_forest (5, 100): validity 1.0000, accuracy 0.9250
    random_forest (6, 100) - Train: 3681 samples, Test: 920 samples
      random_forest (6, 100): validity 0.5924, accuracy 0.9261
    random_forest (5, 50) - Train: 3681 samples, Test: 920 samples
      random_forest (5, 50): validity 0.5087, accuracy 0.9239
    random_forest (5, 100) - Train: 3681 samples, Test: 920 samples
      random_forest (5, 100): validity 1.0000, accuracy 0.9250
    random_forest (5, 150) - Train: 3681 samples, Test: 920 samples
      random_forest (5, 150): validity 0.7087, accuracy 0.9250
    random_forest (5, 200) - Train: 3681 samples, Test: 920 samples
      random_forest (5, 200): validity 0.6207, accuracy 0.9228

--- FOLD 2 ANALYSIS ---
--------------------------------------------------
Cleared session state before fold 2
Fold 2 - Train: 3681 samples, Test: 920 samples
Fold 2 - Train: 3681 samples, Test: 920 samples
Fold 2 data shapes:
  Raw train: (3681, 58)
  Processed - Train: (3681, 58), Test: (920, 58)
  Training samples: 3681
  Test samples: 920
  Features: 57
  Class distribution - Train: [2231 1450]
  Class distribution - Test: [557 363]

Training baseline model for fold 2...
  Train accuracy: 0.9326
  Test accuracy: 0.9228
Generating counterfactuals using CFXplorer for fold 2...
Generating counterfactuals using CFXplorer algorithm
Test set size: 920 samples
Cleared TensorFlow session state
TensorFlow default int type: <dtype: 'int64'>
Successfully converted labels to int64 for platform compatibility
Final label dtype: int64 (int64)
Test data shape: (920, 57), dtype: float32
Train data shape: (3681, 57), dtype: float32
Train labels shape: (3681,), dtype: int64
Re-training model with properly typed data for CFXplorer...
Model prediction test - prediction type: <class 'numpy.int64'>, value: 1
Initializing CFXplorer Focus with legacy optimizer support...
Configuring TensorFlow for CFXplorer compatibility...
Disabled TensorFlow auto mixed precision
Disabled TensorFlow TF32 execution for consistency
Using legacy Adam optimizer for TensorFlow compatibility
CFXplorer generation attempt 1/2
iteration 1
iteration 2
iteration 3
iteration 4
iteration 5
iteration 6
iteration 7
iteration 8
iteration 9
iteration 10
iteration 11
iteration 12
iteration 13
iteration 14
iteration 15
iteration 16
iteration 17
iteration 18
iteration 19
iteration 20
iteration 21
iteration 22
iteration 23
iteration 24
iteration 25
iteration 26
iteration 27
iteration 28
iteration 29
iteration 30
iteration 31
iteration 32
iteration 33
iteration 34
iteration 35
iteration 36
iteration 37
iteration 38
iteration 39
iteration 40
iteration 41
iteration 42
iteration 43
iteration 44
iteration 45
iteration 46
iteration 47
iteration 48
iteration 49
iteration 50
iteration 51
iteration 52
iteration 53
iteration 54
iteration 55
iteration 56
iteration 57
iteration 58
iteration 59
iteration 60
iteration 61
iteration 62
iteration 63
iteration 64
iteration 65
iteration 66
iteration 67
iteration 68
iteration 69
iteration 70
iteration 71
iteration 72
iteration 73
iteration 74
iteration 75
iteration 76
iteration 77
iteration 78
iteration 79
iteration 80
iteration 81
iteration 82
iteration 83
iteration 84
iteration 85
iteration 86
iteration 87
iteration 88
iteration 89
iteration 90
iteration 91
iteration 92
iteration 93
iteration 94
iteration 95
iteration 96
iteration 97
iteration 98
iteration 99
iteration 100
The number of rows that are unchanged ever is 0
The mean distance is 0.038293232852795525
CFXplorer generation completed successfully. Result type: <class 'numpy.ndarray'>
CF array shape: (920, 57)
CFXplorer counterfactual generation complete:
  Successful: 920/920 (100.00%)
  Failed: 0/920 (0.00%)
  Success rate: 100.00%
  Baseline validity: 1.0000 (920/920)
  Baseline L2 distance: 0.0383
  Baseline L0 distance: 17.62
  Baseline LOF score: 0.7348

Testing data perturbations for fold 2...
  minor_deletion:
Fold 2 - Train: 3681 samples, Test: 920 samples
    Bin 0 - Train: 3681 samples, Test: 920 samples
    Bin 0: Remove 0% -> validity: 1.0000, accuracy: 0.9228
Fold 2 - Train: 3681 samples, Test: 920 samples
    Bin 5 - Train: 3497 samples, Test: 920 samples
    Bin 5: Remove 5% -> validity: 0.6283, accuracy: 0.9250
Fold 2 - Train: 3681 samples, Test: 920 samples
    Bin 10 - Train: 3313 samples, Test: 920 samples
    Bin 10: Remove 10% -> validity: 0.4261, accuracy: 0.9109
Fold 2 - Train: 3681 samples, Test: 920 samples
    Bin 15 - Train: 3129 samples, Test: 920 samples
    Bin 15: Remove 15% -> validity: 0.3598, accuracy: 0.9054
Fold 2 - Train: 3681 samples, Test: 920 samples
    Bin 20 - Train: 2945 samples, Test: 920 samples
    Bin 20: Remove 20% -> validity: 0.2848, accuracy: 0.8924
  major_deletion:
Fold 2 - Train: 3681 samples, Test: 920 samples
    Bin 0 - Train: 3681 samples, Test: 920 samples
    Bin 0: Remove 0% -> validity: 1.0000, accuracy: 0.9228
Fold 2 - Train: 3681 samples, Test: 920 samples
    Bin 1 - Train: 1841 samples, Test: 920 samples
    Bin 1: Remove 50% -> validity: 0.0000, accuracy: 0.6054
  minor_addition:
Fold 2 - Train: 3681 samples, Test: 920 samples
    Bin 0 - Train: 2944 samples, Test: 920 samples
    Bin 0: Use 80% -> validity: 0.6228, accuracy: 0.9174
Fold 2 - Train: 3681 samples, Test: 920 samples
    Bin 5 - Train: 3128 samples, Test: 920 samples
    Bin 5: Use 85% -> validity: 0.6283, accuracy: 0.9196
Fold 2 - Train: 3681 samples, Test: 920 samples
    Bin 10 - Train: 3312 samples, Test: 920 samples
    Bin 10: Use 90% -> validity: 0.6370, accuracy: 0.9272
Fold 2 - Train: 3681 samples, Test: 920 samples
    Bin 15 - Train: 3496 samples, Test: 920 samples
    Bin 15: Use 95% -> validity: 0.7457, accuracy: 0.9261
Fold 2 - Train: 3681 samples, Test: 920 samples
    Bin 20 - Train: 3681 samples, Test: 920 samples
    Bin 20: Use 100% -> validity: 1.0000, accuracy: 0.9228
  major_addition:
Fold 2 - Train: 3681 samples, Test: 920 samples
    Bin 0 - Train: 1840 samples, Test: 920 samples
    Bin 0: Use 50% -> validity: 0.3174, accuracy: 0.7859
Fold 2 - Train: 3681 samples, Test: 920 samples
    Bin 1 - Train: 3681 samples, Test: 920 samples
    Bin 1: Use 100% -> validity: 1.0000, accuracy: 0.9228

Testing model perturbations for fold 2...
    random_forest (3, 100) - Train: 3681 samples, Test: 920 samples
      random_forest (3, 100): validity 0.5804, accuracy 0.9076
    random_forest (4, 100) - Train: 3681 samples, Test: 920 samples
      random_forest (4, 100): validity 0.6543, accuracy 0.9196
    random_forest (5, 100) - Train: 3681 samples, Test: 920 samples
      random_forest (5, 100): validity 1.0000, accuracy 0.9228
    random_forest (6, 100) - Train: 3681 samples, Test: 920 samples
      random_forest (6, 100): validity 0.6543, accuracy 0.9348
    random_forest (5, 50) - Train: 3681 samples, Test: 920 samples
      random_forest (5, 50): validity 0.7261, accuracy 0.9272
    random_forest (5, 100) - Train: 3681 samples, Test: 920 samples
      random_forest (5, 100): validity 1.0000, accuracy 0.9228
    random_forest (5, 150) - Train: 3681 samples, Test: 920 samples
      random_forest (5, 150): validity 0.5870, accuracy 0.9261
    random_forest (5, 200) - Train: 3681 samples, Test: 920 samples
      random_forest (5, 200): validity 0.5228, accuracy 0.9261

--- FOLD 3 ANALYSIS ---
--------------------------------------------------
Cleared session state before fold 3
Fold 3 - Train: 3681 samples, Test: 920 samples
Fold 3 - Train: 3681 samples, Test: 920 samples
Fold 3 data shapes:
  Raw train: (3681, 58)
  Processed - Train: (3681, 58), Test: (920, 58)
  Training samples: 3681
  Test samples: 920
  Features: 57
  Class distribution - Train: [2230 1451]
  Class distribution - Test: [558 362]

Training baseline model for fold 3...
  Train accuracy: 0.9324
  Test accuracy: 0.9359
Generating counterfactuals using CFXplorer for fold 3...
Generating counterfactuals using CFXplorer algorithm
Test set size: 920 samples
Cleared TensorFlow session state
TensorFlow default int type: <dtype: 'int64'>
Successfully converted labels to int64 for platform compatibility
Final label dtype: int64 (int64)
Test data shape: (920, 57), dtype: float32
Train data shape: (3681, 57), dtype: float32
Train labels shape: (3681,), dtype: int64
Re-training model with properly typed data for CFXplorer...
Model prediction test - prediction type: <class 'numpy.int64'>, value: 1
Initializing CFXplorer Focus with legacy optimizer support...
Configuring TensorFlow for CFXplorer compatibility...
Disabled TensorFlow auto mixed precision
Disabled TensorFlow TF32 execution for consistency
Using legacy Adam optimizer for TensorFlow compatibility
CFXplorer generation attempt 1/2
iteration 1
iteration 2
iteration 3
iteration 4
iteration 5
iteration 6
iteration 7
iteration 8
iteration 9
iteration 10
iteration 11
iteration 12
iteration 13
iteration 14
iteration 15
iteration 16
iteration 17
iteration 18
iteration 19
iteration 20
iteration 21
iteration 22
iteration 23
iteration 24
iteration 25
iteration 26
iteration 27
iteration 28
iteration 29
iteration 30
iteration 31
iteration 32
iteration 33
iteration 34
iteration 35
iteration 36
iteration 37
iteration 38
iteration 39
iteration 40
iteration 41
iteration 42
iteration 43
iteration 44
iteration 45
iteration 46
iteration 47
iteration 48
iteration 49
iteration 50
iteration 51
iteration 52
iteration 53
iteration 54
iteration 55
iteration 56
iteration 57
iteration 58
iteration 59
iteration 60
iteration 61
iteration 62
iteration 63
iteration 64
iteration 65
iteration 66
iteration 67
iteration 68
iteration 69
iteration 70
iteration 71
iteration 72
iteration 73
iteration 74
iteration 75
iteration 76
iteration 77
iteration 78
iteration 79
iteration 80
iteration 81
iteration 82
iteration 83
iteration 84
iteration 85
iteration 86
iteration 87
iteration 88
iteration 89
iteration 90
iteration 91
iteration 92
iteration 93
iteration 94
iteration 95
iteration 96
iteration 97
iteration 98
iteration 99
iteration 100
The number of rows that are unchanged ever is 0
The mean distance is 0.04144700213940308
CFXplorer generation completed successfully. Result type: <class 'numpy.ndarray'>
CF array shape: (920, 57)
CFXplorer counterfactual generation complete:
  Successful: 920/920 (100.00%)
  Failed: 0/920 (0.00%)
  Success rate: 100.00%
  Baseline validity: 1.0000 (920/920)
  Baseline L2 distance: 0.0414
  Baseline L0 distance: 18.28
  Baseline LOF score: 0.7500

Testing data perturbations for fold 3...
  minor_deletion:
Fold 3 - Train: 3681 samples, Test: 920 samples
    Bin 0 - Train: 3681 samples, Test: 920 samples
    Bin 0: Remove 0% -> validity: 1.0000, accuracy: 0.9359
Fold 3 - Train: 3681 samples, Test: 920 samples
    Bin 5 - Train: 3497 samples, Test: 920 samples
    Bin 5: Remove 5% -> validity: 0.5304, accuracy: 0.9293
Fold 3 - Train: 3681 samples, Test: 920 samples
    Bin 10 - Train: 3313 samples, Test: 920 samples
    Bin 10: Remove 10% -> validity: 0.3207, accuracy: 0.9217
Fold 3 - Train: 3681 samples, Test: 920 samples
    Bin 15 - Train: 3129 samples, Test: 920 samples
    Bin 15: Remove 15% -> validity: 0.3315, accuracy: 0.9163
Fold 3 - Train: 3681 samples, Test: 920 samples
    Bin 20 - Train: 2945 samples, Test: 920 samples
    Bin 20: Remove 20% -> validity: 0.3207, accuracy: 0.9033
  major_deletion:
Fold 3 - Train: 3681 samples, Test: 920 samples
    Bin 0 - Train: 3681 samples, Test: 920 samples
    Bin 0: Remove 0% -> validity: 1.0000, accuracy: 0.9359
Fold 3 - Train: 3681 samples, Test: 920 samples
    Bin 1 - Train: 1841 samples, Test: 920 samples
    Bin 1: Remove 50% -> validity: 0.0000, accuracy: 0.6065
  minor_addition:
Fold 3 - Train: 3681 samples, Test: 920 samples
    Bin 0 - Train: 2944 samples, Test: 920 samples
    Bin 0: Use 80% -> validity: 0.6674, accuracy: 0.9152
Fold 3 - Train: 3681 samples, Test: 920 samples
    Bin 5 - Train: 3128 samples, Test: 920 samples
    Bin 5: Use 85% -> validity: 0.6522, accuracy: 0.9163
Fold 3 - Train: 3681 samples, Test: 920 samples
    Bin 10 - Train: 3312 samples, Test: 920 samples
    Bin 10: Use 90% -> validity: 0.6370, accuracy: 0.9228
Fold 3 - Train: 3681 samples, Test: 920 samples
    Bin 15 - Train: 3496 samples, Test: 920 samples
    Bin 15: Use 95% -> validity: 0.5870, accuracy: 0.9337
Fold 3 - Train: 3681 samples, Test: 920 samples
    Bin 20 - Train: 3681 samples, Test: 920 samples
    Bin 20: Use 100% -> validity: 1.0000, accuracy: 0.9359
  major_addition:
Fold 3 - Train: 3681 samples, Test: 920 samples
    Bin 0 - Train: 1840 samples, Test: 920 samples
    Bin 0: Use 50% -> validity: 0.3783, accuracy: 0.7902
Fold 3 - Train: 3681 samples, Test: 920 samples
    Bin 1 - Train: 3681 samples, Test: 920 samples
    Bin 1: Use 100% -> validity: 1.0000, accuracy: 0.9359

Testing model perturbations for fold 3...
    random_forest (3, 100) - Train: 3681 samples, Test: 920 samples
      random_forest (3, 100): validity 0.6837, accuracy 0.9196
    random_forest (4, 100) - Train: 3681 samples, Test: 920 samples
      random_forest (4, 100): validity 0.6576, accuracy 0.9315
    random_forest (5, 100) - Train: 3681 samples, Test: 920 samples
      random_forest (5, 100): validity 1.0000, accuracy 0.9359
    random_forest (6, 100) - Train: 3681 samples, Test: 920 samples
      random_forest (6, 100): validity 0.5565, accuracy 0.9380
    random_forest (5, 50) - Train: 3681 samples, Test: 920 samples
      random_forest (5, 50): validity 0.7261, accuracy 0.9337
    random_forest (5, 100) - Train: 3681 samples, Test: 920 samples
      random_forest (5, 100): validity 1.0000, accuracy 0.9359
    random_forest (5, 150) - Train: 3681 samples, Test: 920 samples
      random_forest (5, 150): validity 0.6022, accuracy 0.9370
    random_forest (5, 200) - Train: 3681 samples, Test: 920 samples
      random_forest (5, 200): validity 0.5337, accuracy 0.9326

--- FOLD 4 ANALYSIS ---
--------------------------------------------------
Cleared session state before fold 4
Fold 4 - Train: 3681 samples, Test: 920 samples
Fold 4 - Train: 3681 samples, Test: 920 samples
Fold 4 data shapes:
  Raw train: (3681, 58)
  Processed - Train: (3681, 58), Test: (920, 58)
  Training samples: 3681
  Test samples: 920
  Features: 57
  Class distribution - Train: [2230 1451]
  Class distribution - Test: [558 362]

Training baseline model for fold 4...
  Train accuracy: 0.9372
  Test accuracy: 0.9250
Generating counterfactuals using CFXplorer for fold 4...
Generating counterfactuals using CFXplorer algorithm
Test set size: 920 samples
Cleared TensorFlow session state
TensorFlow default int type: <dtype: 'int64'>
Successfully converted labels to int64 for platform compatibility
Final label dtype: int64 (int64)
Test data shape: (920, 57), dtype: float32
Train data shape: (3681, 57), dtype: float32
Train labels shape: (3681,), dtype: int64
Re-training model with properly typed data for CFXplorer...
Model prediction test - prediction type: <class 'numpy.int64'>, value: 1
Initializing CFXplorer Focus with legacy optimizer support...
Configuring TensorFlow for CFXplorer compatibility...
Disabled TensorFlow auto mixed precision
Disabled TensorFlow TF32 execution for consistency
Using legacy Adam optimizer for TensorFlow compatibility
CFXplorer generation attempt 1/2
iteration 1
iteration 2
iteration 3
iteration 4
iteration 5
iteration 6
iteration 7
iteration 8
iteration 9
iteration 10
iteration 11
iteration 12
iteration 13
iteration 14
iteration 15
iteration 16
iteration 17
iteration 18
iteration 19
iteration 20
iteration 21
iteration 22
iteration 23
iteration 24
iteration 25
iteration 26
iteration 27
iteration 28
iteration 29
iteration 30
iteration 31
iteration 32
iteration 33
iteration 34
iteration 35
iteration 36
iteration 37
iteration 38
iteration 39
iteration 40
iteration 41
iteration 42
iteration 43
iteration 44
iteration 45
iteration 46
iteration 47
iteration 48
iteration 49
iteration 50
iteration 51
iteration 52
iteration 53
iteration 54
iteration 55
iteration 56
iteration 57
iteration 58
iteration 59
iteration 60
iteration 61
iteration 62
iteration 63
iteration 64
iteration 65
iteration 66
iteration 67
iteration 68
iteration 69
iteration 70
iteration 71
iteration 72
iteration 73
iteration 74
iteration 75
iteration 76
iteration 77
iteration 78
iteration 79
iteration 80
iteration 81
iteration 82
iteration 83
iteration 84
iteration 85
iteration 86
iteration 87
iteration 88
iteration 89
iteration 90
iteration 91
iteration 92
iteration 93
iteration 94
iteration 95
iteration 96
iteration 97
iteration 98
iteration 99
iteration 100
The number of rows that are unchanged ever is 0
The mean distance is 0.03537596429890508
CFXplorer generation completed successfully. Result type: <class 'numpy.ndarray'>
CF array shape: (920, 57)
CFXplorer counterfactual generation complete:
  Successful: 920/920 (100.00%)
  Failed: 0/920 (0.00%)
  Success rate: 100.00%
  Baseline validity: 1.0000 (920/920)
  Baseline L2 distance: 0.0354
  Baseline L0 distance: 18.01
  Baseline LOF score: 0.7435

Testing data perturbations for fold 4...
  minor_deletion:
Fold 4 - Train: 3681 samples, Test: 920 samples
    Bin 0 - Train: 3681 samples, Test: 920 samples
    Bin 0: Remove 0% -> validity: 1.0000, accuracy: 0.9250
Fold 4 - Train: 3681 samples, Test: 920 samples
    Bin 5 - Train: 3497 samples, Test: 920 samples
    Bin 5: Remove 5% -> validity: 0.6989, accuracy: 0.9174
Fold 4 - Train: 3681 samples, Test: 920 samples
    Bin 10 - Train: 3313 samples, Test: 920 samples
    Bin 10: Remove 10% -> validity: 0.4522, accuracy: 0.9152
Fold 4 - Train: 3681 samples, Test: 920 samples
    Bin 15 - Train: 3129 samples, Test: 920 samples
    Bin 15: Remove 15% -> validity: 0.4848, accuracy: 0.9033
Fold 4 - Train: 3681 samples, Test: 920 samples
    Bin 20 - Train: 2945 samples, Test: 920 samples
    Bin 20: Remove 20% -> validity: 0.2359, accuracy: 0.8924
  major_deletion:
Fold 4 - Train: 3681 samples, Test: 920 samples
    Bin 0 - Train: 3681 samples, Test: 920 samples
    Bin 0: Remove 0% -> validity: 1.0000, accuracy: 0.9250
Fold 4 - Train: 3681 samples, Test: 920 samples
    Bin 1 - Train: 1841 samples, Test: 920 samples
    Bin 1: Remove 50% -> validity: 0.0000, accuracy: 0.6065
  minor_addition:
Fold 4 - Train: 3681 samples, Test: 920 samples
    Bin 0 - Train: 2944 samples, Test: 920 samples
    Bin 0: Use 80% -> validity: 0.6522, accuracy: 0.9065
Fold 4 - Train: 3681 samples, Test: 920 samples
    Bin 5 - Train: 3128 samples, Test: 920 samples
    Bin 5: Use 85% -> validity: 0.7033, accuracy: 0.9152
Fold 4 - Train: 3681 samples, Test: 920 samples
    Bin 10 - Train: 3312 samples, Test: 920 samples
    Bin 10: Use 90% -> validity: 0.6783, accuracy: 0.9196
Fold 4 - Train: 3681 samples, Test: 920 samples
    Bin 15 - Train: 3496 samples, Test: 920 samples
    Bin 15: Use 95% -> validity: 0.7728, accuracy: 0.9217
Fold 4 - Train: 3681 samples, Test: 920 samples
    Bin 20 - Train: 3681 samples, Test: 920 samples
    Bin 20: Use 100% -> validity: 1.0000, accuracy: 0.9250
  major_addition:
Fold 4 - Train: 3681 samples, Test: 920 samples
    Bin 0 - Train: 1840 samples, Test: 920 samples
    Bin 0: Use 50% -> validity: 0.3717, accuracy: 0.8054
Fold 4 - Train: 3681 samples, Test: 920 samples
    Bin 1 - Train: 3681 samples, Test: 920 samples
    Bin 1: Use 100% -> validity: 1.0000, accuracy: 0.9250

Testing model perturbations for fold 4...
    random_forest (3, 100) - Train: 3681 samples, Test: 920 samples
      random_forest (3, 100): validity 0.5522, accuracy 0.9098
    random_forest (4, 100) - Train: 3681 samples, Test: 920 samples
      random_forest (4, 100): validity 0.6848, accuracy 0.9196
    random_forest (5, 100) - Train: 3681 samples, Test: 920 samples
      random_forest (5, 100): validity 1.0000, accuracy 0.9250
    random_forest (6, 100) - Train: 3681 samples, Test: 920 samples
      random_forest (6, 100): validity 0.6478, accuracy 0.9293
    random_forest (5, 50) - Train: 3681 samples, Test: 920 samples
      random_forest (5, 50): validity 0.5076, accuracy 0.9283
    random_forest (5, 100) - Train: 3681 samples, Test: 920 samples
      random_forest (5, 100): validity 1.0000, accuracy 0.9250
    random_forest (5, 150) - Train: 3681 samples, Test: 920 samples
      random_forest (5, 150): validity 0.7391, accuracy 0.9272
    random_forest (5, 200) - Train: 3681 samples, Test: 920 samples
      random_forest (5, 200): validity 0.7000, accuracy 0.9272

4. Creating comprehensive visualizations...
Data robustness visualization saved to cfxplorer_plots/

================================================================================
COMPREHENSIVE STATISTICAL SUMMARY
================================================================================
Analysis across 5 cross-validation folds

[SUMMARY] BASELINE PERFORMANCE SUMMARY:
  Baseline CF Validity: 1.0000 ± 0.0000
  Baseline Model Accuracy: 0.9255 ± 0.0057

[INSIGHTS] DATA PERTURBATION ROBUSTNESS:
  Minor Deletion:
    Mean validity: 0.5187 ± 0.2655
    Min validity: 0.2359
    Max validity: 1.0000
  Major Deletion:
    Mean validity: 0.5000 ± 0.5000
    Min validity: 0.0000
    Max validity: 1.0000
  Minor Addition:
    Mean validity: 0.7258 ± 0.1453
    Min validity: 0.5576
    Max validity: 1.0000
  Major Addition:
    Mean validity: 0.6709 ± 0.3298
    Min validity: 0.3000
    Max validity: 1.0000

🤖 MODEL PERTURBATION ROBUSTNESS:
  Overall model robustness:
    Mean validity: 0.7074 ± 0.1817
    Min validity: 0.4311
    Max validity: 1.0000

💡 KEY INSIGHTS FOR SPAMBASE DATASET:
  • CFXplorer shows robustness to minor data perturbations
  • RandomForest hyperparameters significantly affect CF validity
  • Continuous features allow stable counterfactual generation
  • Focus algorithm provides consistent explanations across folds

[SUCCESS] CFXplorer robustness analysis completed successfully!
📁 All results saved and logged to: cf_robustness_analysis_cfxplorer_v2_20250804_193938.log
