================================================================================
COUNTERFACTUAL ROBUSTNESS ANALYSIS (v4) - HELOC DATASET
================================================================================
[LOG] Logging session to: cf_robustness_analysis_v4_heloc_20250729_011637.log
[TIME] Started at: 2025-07-29 01:16:37
================================================================================

1. Loading HELOC dataset...
Original data shape (after removing metadata): (10459, 24)
Dropped 7957 rows with missing values
Final data shape: (2502, 24)
Dataset: HELOC
Label column: RiskPerformance
Features: 24 features
Feature types:
  RiskPerformance: B
  ExternalRiskEstimate: N
  MSinceOldestTradeOpen: N
  MSinceMostRecentTradeOpen: N
  AverageMInFile: N
  NumSatisfactoryTrades: N
  NumTrades60Ever2DerogPubRec: D
  NumTrades90Ever2DerogPubRec: D
  PercentTradesNeverDelq: N
  MSinceMostRecentDelq: N
  MaxDelq2PublicRecLast12M: D
  MaxDelqEver: D
  NumTotalTrades: N
  NumTradesOpeninLast12M: D
  PercentInstallTrades: N
  MSinceMostRecentInqexcl7days: N
  NumInqLast6M: N
  NumInqLast6Mexcl7days: N
  NetFractionRevolvingBurden: N
  NetFractionInstallBurden: N
  NumRevolvingTradesWBalance: N
  NumInstallTradesWBalance: N
  NumBank2NatlTradesWHighUtilization: D
  PercentTradesWBalance: N

2. Analysis parameters:
  Number of folds: 5
Dataset Summary:
Total samples (after cleaning): 2502
Number of features: 23
Label column: RiskPerformance
Number of folds: 5
Fold Summary:
--------------------------------------------------
Fold 0: Train=2001 samples, Test=501 samples
Fold 1: Train=2001 samples, Test=501 samples
Fold 2: Train=2002 samples, Test=500 samples
Fold 3: Train=2002 samples, Test=500 samples
Fold 4: Train=2002 samples, Test=500 samples
--------------------------------------------------
  Data perturbation types: ['minor_deletion', 'major_deletion', 'minor_addition', 'major_addition']
  Model perturbations: 28 configurations
    - random_forest (max_depth=3, n_estimators=100)
    - xgboost (max_depth=3, n_estimators=100)
    - lightgbm (max_depth=3, n_estimators=100)
    - random_forest (max_depth=4, n_estimators=100)
    - xgboost (max_depth=4, n_estimators=100)
    - lightgbm (max_depth=4, n_estimators=100)
    - random_forest (max_depth=5, n_estimators=100)
    - xgboost (max_depth=5, n_estimators=100)
    - lightgbm (max_depth=5, n_estimators=100)
    - random_forest (max_depth=6, n_estimators=100)
    - xgboost (max_depth=6, n_estimators=100)
    - lightgbm (max_depth=6, n_estimators=100)
    - random_forest (max_depth=5, n_estimators=50)
    - xgboost (max_depth=5, n_estimators=50)
    - lightgbm (max_depth=5, n_estimators=50)
    - random_forest (max_depth=5, n_estimators=100)
    - xgboost (max_depth=5, n_estimators=100)
    - lightgbm (max_depth=5, n_estimators=100)
    - random_forest (max_depth=5, n_estimators=150)
    - xgboost (max_depth=5, n_estimators=150)
    - lightgbm (max_depth=5, n_estimators=150)
    - random_forest (max_depth=5, n_estimators=200)
    - xgboost (max_depth=5, n_estimators=200)
    - lightgbm (max_depth=5, n_estimators=200)
    - adaboost (max_depth=3, n_estimators=50)
    - adaboost (max_depth=3, n_estimators=100)
    - adaboost (max_depth=3, n_estimators=150)
    - adaboost (max_depth=3, n_estimators=200)

3. Running comprehensive analysis across all 5 folds...
================================================================================

--- FOLD 0 ANALYSIS ---
--------------------------------------------------
Fold 0 - Train: 2001 samples, Test: 501 samples
Fold 0 - Train: 2001 samples, Test: 501 samples
Fold 0 data shapes:
  Raw train: (2001, 24)
  Processed - Train: (2001, 24), Test: (501, 24)
  Training samples: 2001
  Test samples: 501
  Features: 23
  Class distribution - Train: [1248  753]
  Class distribution - Test: [312 189]

Training baseline model for fold 0...
  Train accuracy: 0.7671
  Test accuracy: 0.7106
Setting up DiCE framework for fold 0...
HELOC feature analysis:
  Categorical features: []
  Continuous features: ['ExternalRiskEstimate', 'MSinceOldestTradeOpen', 'MSinceMostRecentTradeOpen', 'AverageMInFile', 'NumSatisfactoryTrades', 'NumTrades60Ever2DerogPubRec', 'NumTrades90Ever2DerogPubRec', 'PercentTradesNeverDelq', 'MSinceMostRecentDelq', 'MaxDelq2PublicRecLast12M', 'MaxDelqEver', 'NumTotalTrades', 'NumTradesOpeninLast12M', 'PercentInstallTrades', 'MSinceMostRecentInqexcl7days', 'NumInqLast6M', 'NumInqLast6Mexcl7days', 'NetFractionRevolvingBurden', 'NetFractionInstallBurden', 'NumRevolvingTradesWBalance', 'NumInstallTradesWBalance', 'NumBank2NatlTradesWHighUtilization', 'PercentTradesWBalance']
Generating counterfactuals for fold 0...
Generating counterfactuals using method: random
Test set size: 501 samples
Counterfactual generation complete:
  Successful: 501/501 (100.00%)
  Failed: 0/501 (0.00%)
  Success rate: 100.00%
  Baseline validity: 1.0000 (501/501)
  Baseline L2 distance: 0.8742
  Baseline L0 distance: 3.30
  Baseline LOF score: 0.2375

Testing data perturbations for fold 0...
  minor_deletion:
Fold 0 - Train: 2001 samples, Test: 501 samples
    Bin 0: Remove 0% -> validity: 1.0000, accuracy: 0.7106, L2: 0.8742, L0: 3.30
Fold 0 - Train: 2001 samples, Test: 501 samples
    Bin 5: Remove 5% -> validity: 0.5848, accuracy: 0.7086, L2: 0.8742, L0: 3.30
Fold 0 - Train: 2001 samples, Test: 501 samples
    Bin 10: Remove 10% -> validity: 0.5090, accuracy: 0.7066, L2: 0.8742, L0: 3.30
Fold 0 - Train: 2001 samples, Test: 501 samples
    Bin 15: Remove 15% -> validity: 0.5848, accuracy: 0.7046, L2: 0.8742, L0: 3.30
Fold 0 - Train: 2001 samples, Test: 501 samples
    Bin 20: Remove 20% -> validity: 0.6647, accuracy: 0.7026, L2: 0.8742, L0: 3.30
  major_deletion:
Fold 0 - Train: 2001 samples, Test: 501 samples
    Bin 0: Remove 0% -> validity: 1.0000, accuracy: 0.7106, L2: 0.8742, L0: 3.30
Fold 0 - Train: 2001 samples, Test: 501 samples
    Bin 1: Remove 50% -> validity: 0.5429, accuracy: 0.6986, L2: 0.8742, L0: 3.30
  minor_addition:
Fold 0 - Train: 2001 samples, Test: 501 samples
    Bin 0: Use 80% -> validity: 0.5309, accuracy: 0.7086, L2: 0.8742, L0: 3.30
Fold 0 - Train: 2001 samples, Test: 501 samples
    Bin 5: Use 85% -> validity: 0.5269, accuracy: 0.7126, L2: 0.8742, L0: 3.30
Fold 0 - Train: 2001 samples, Test: 501 samples
    Bin 10: Use 90% -> validity: 0.5150, accuracy: 0.7086, L2: 0.8742, L0: 3.30
Fold 0 - Train: 2001 samples, Test: 501 samples
    Bin 15: Use 95% -> validity: 0.5409, accuracy: 0.7006, L2: 0.8742, L0: 3.30
Fold 0 - Train: 2001 samples, Test: 501 samples
    Bin 20: Use 100% -> validity: 1.0000, accuracy: 0.7106, L2: 0.8742, L0: 3.30
  major_addition:
Fold 0 - Train: 2001 samples, Test: 501 samples
    Bin 0: Use 50% -> validity: 0.4810, accuracy: 0.6986, L2: 0.8742, L0: 3.30
Fold 0 - Train: 2001 samples, Test: 501 samples
    Bin 1: Use 100% -> validity: 1.0000, accuracy: 0.7106, L2: 0.8742, L0: 3.30

Testing model perturbations for fold 0...
Fold 0 - Train: 2001 samples, Test: 501 samples
  random_forest (3, 100): validity: 0.3194, accuracy: 0.7046, L2: 0.8742, L0: 3.30
Fold 0 - Train: 2001 samples, Test: 501 samples
  xgboost (3, 100): validity: 0.5589, accuracy: 0.6986, L2: 0.8742, L0: 3.30
Fold 0 - Train: 2001 samples, Test: 501 samples
  lightgbm (3, 100): validity: 0.6527, accuracy: 0.7026, L2: 0.8742, L0: 3.30
Fold 0 - Train: 2001 samples, Test: 501 samples
  random_forest (4, 100): validity: 0.5150, accuracy: 0.7026, L2: 0.8742, L0: 3.30
Fold 0 - Train: 2001 samples, Test: 501 samples
  xgboost (4, 100): validity: 0.4651, accuracy: 0.6966, L2: 0.8742, L0: 3.30
Fold 0 - Train: 2001 samples, Test: 501 samples
  lightgbm (4, 100): validity: 0.6068, accuracy: 0.7066, L2: 0.8742, L0: 3.30
Fold 0 - Train: 2001 samples, Test: 501 samples
  random_forest (5, 100): validity: 1.0000, accuracy: 0.7106, L2: 0.8742, L0: 3.30
Fold 0 - Train: 2001 samples, Test: 501 samples
  xgboost (5, 100): validity: 0.4631, accuracy: 0.6866, L2: 0.8742, L0: 3.30
Fold 0 - Train: 2001 samples, Test: 501 samples
  lightgbm (5, 100): validity: 0.6048, accuracy: 0.6966, L2: 0.8742, L0: 3.30
Fold 0 - Train: 2001 samples, Test: 501 samples
  random_forest (6, 100): validity: 0.6467, accuracy: 0.7066, L2: 0.8742, L0: 3.30
Fold 0 - Train: 2001 samples, Test: 501 samples
  xgboost (6, 100): validity: 0.5070, accuracy: 0.7026, L2: 0.8742, L0: 3.30
Fold 0 - Train: 2001 samples, Test: 501 samples
  lightgbm (6, 100): validity: 0.5808, accuracy: 0.7026, L2: 0.8742, L0: 3.30
Fold 0 - Train: 2001 samples, Test: 501 samples
  random_forest (5, 50): validity: 0.7924, accuracy: 0.7066, L2: 0.8742, L0: 3.30
Fold 0 - Train: 2001 samples, Test: 501 samples
  xgboost (5, 50): validity: 0.5230, accuracy: 0.6906, L2: 0.8742, L0: 3.30
Fold 0 - Train: 2001 samples, Test: 501 samples
  lightgbm (5, 50): validity: 0.6447, accuracy: 0.6926, L2: 0.8742, L0: 3.30
Fold 0 - Train: 2001 samples, Test: 501 samples
  random_forest (5, 100): validity: 1.0000, accuracy: 0.7106, L2: 0.8742, L0: 3.30
Fold 0 - Train: 2001 samples, Test: 501 samples
  xgboost (5, 100): validity: 0.4631, accuracy: 0.6866, L2: 0.8742, L0: 3.30
Fold 0 - Train: 2001 samples, Test: 501 samples
  lightgbm (5, 100): validity: 0.6048, accuracy: 0.6966, L2: 0.8742, L0: 3.30
Fold 0 - Train: 2001 samples, Test: 501 samples
  random_forest (5, 150): validity: 0.7764, accuracy: 0.7106, L2: 0.8742, L0: 3.30
Fold 0 - Train: 2001 samples, Test: 501 samples
  xgboost (5, 150): validity: 0.4850, accuracy: 0.6806, L2: 0.8742, L0: 3.30
Fold 0 - Train: 2001 samples, Test: 501 samples
  lightgbm (5, 150): validity: 0.5569, accuracy: 0.6886, L2: 0.8742, L0: 3.30
Fold 0 - Train: 2001 samples, Test: 501 samples
  random_forest (5, 200): validity: 0.7445, accuracy: 0.7086, L2: 0.8742, L0: 3.30
Fold 0 - Train: 2001 samples, Test: 501 samples
  xgboost (5, 200): validity: 0.4671, accuracy: 0.6826, L2: 0.8742, L0: 3.30
Fold 0 - Train: 2001 samples, Test: 501 samples
  lightgbm (5, 200): validity: 0.5469, accuracy: 0.6966, L2: 0.8742, L0: 3.30
Fold 0 - Train: 2001 samples, Test: 501 samples
  adaboost (3, 50): validity: 0.4391, accuracy: 0.6427, L2: 0.8742, L0: 3.30
Fold 0 - Train: 2001 samples, Test: 501 samples
  adaboost (3, 100): validity: 0.4531, accuracy: 0.6228, L2: 0.8742, L0: 3.30
Fold 0 - Train: 2001 samples, Test: 501 samples
  adaboost (3, 150): validity: 0.4671, accuracy: 0.6307, L2: 0.8742, L0: 3.30
Fold 0 - Train: 2001 samples, Test: 501 samples
  adaboost (3, 200): validity: 0.4611, accuracy: 0.6387, L2: 0.8742, L0: 3.30

--- FOLD 1 ANALYSIS ---
--------------------------------------------------
Fold 1 - Train: 2001 samples, Test: 501 samples
Fold 1 - Train: 2001 samples, Test: 501 samples
Fold 1 data shapes:
  Raw train: (2001, 24)
  Processed - Train: (2001, 24), Test: (501, 24)
  Training samples: 2001
  Test samples: 501
  Features: 23
  Class distribution - Train: [1248  753]
  Class distribution - Test: [312 189]

Training baseline model for fold 1...
  Train accuracy: 0.7516
  Test accuracy: 0.7305
Setting up DiCE framework for fold 1...
HELOC feature analysis:
  Categorical features: []
  Continuous features: ['ExternalRiskEstimate', 'MSinceOldestTradeOpen', 'MSinceMostRecentTradeOpen', 'AverageMInFile', 'NumSatisfactoryTrades', 'NumTrades60Ever2DerogPubRec', 'NumTrades90Ever2DerogPubRec', 'PercentTradesNeverDelq', 'MSinceMostRecentDelq', 'MaxDelq2PublicRecLast12M', 'MaxDelqEver', 'NumTotalTrades', 'NumTradesOpeninLast12M', 'PercentInstallTrades', 'MSinceMostRecentInqexcl7days', 'NumInqLast6M', 'NumInqLast6Mexcl7days', 'NetFractionRevolvingBurden', 'NetFractionInstallBurden', 'NumRevolvingTradesWBalance', 'NumInstallTradesWBalance', 'NumBank2NatlTradesWHighUtilization', 'PercentTradesWBalance']
Generating counterfactuals for fold 1...
Generating counterfactuals using method: random
Test set size: 501 samples
Counterfactual generation complete:
  Successful: 501/501 (100.00%)
  Failed: 0/501 (0.00%)
  Success rate: 100.00%
  Baseline validity: 1.0000 (501/501)
  Baseline L2 distance: 0.8296
  Baseline L0 distance: 2.98
  Baseline LOF score: 0.2455

Testing data perturbations for fold 1...
  minor_deletion:
Fold 1 - Train: 2001 samples, Test: 501 samples
    Bin 0: Remove 0% -> validity: 1.0000, accuracy: 0.7305, L2: 0.8296, L0: 2.98
Fold 1 - Train: 2001 samples, Test: 501 samples
    Bin 5: Remove 5% -> validity: 0.5269, accuracy: 0.7385, L2: 0.8296, L0: 2.98
Fold 1 - Train: 2001 samples, Test: 501 samples
    Bin 10: Remove 10% -> validity: 0.5549, accuracy: 0.7365, L2: 0.8296, L0: 2.98
Fold 1 - Train: 2001 samples, Test: 501 samples
    Bin 15: Remove 15% -> validity: 0.4531, accuracy: 0.7365, L2: 0.8296, L0: 2.98
Fold 1 - Train: 2001 samples, Test: 501 samples
    Bin 20: Remove 20% -> validity: 0.5409, accuracy: 0.7246, L2: 0.8296, L0: 2.98
  major_deletion:
Fold 1 - Train: 2001 samples, Test: 501 samples
    Bin 0: Remove 0% -> validity: 1.0000, accuracy: 0.7305, L2: 0.8296, L0: 2.98
Fold 1 - Train: 2001 samples, Test: 501 samples
    Bin 1: Remove 50% -> validity: 0.5449, accuracy: 0.7285, L2: 0.8296, L0: 2.98
  minor_addition:
Fold 1 - Train: 2001 samples, Test: 501 samples
    Bin 0: Use 80% -> validity: 0.4271, accuracy: 0.7365, L2: 0.8296, L0: 2.98
Fold 1 - Train: 2001 samples, Test: 501 samples
    Bin 5: Use 85% -> validity: 0.3952, accuracy: 0.7265, L2: 0.8296, L0: 2.98
Fold 1 - Train: 2001 samples, Test: 501 samples
    Bin 10: Use 90% -> validity: 0.5788, accuracy: 0.7226, L2: 0.8296, L0: 2.98
Fold 1 - Train: 2001 samples, Test: 501 samples
    Bin 15: Use 95% -> validity: 0.5309, accuracy: 0.7146, L2: 0.8296, L0: 2.98
Fold 1 - Train: 2001 samples, Test: 501 samples
    Bin 20: Use 100% -> validity: 1.0000, accuracy: 0.7305, L2: 0.8296, L0: 2.98
  major_addition:
Fold 1 - Train: 2001 samples, Test: 501 samples
    Bin 0: Use 50% -> validity: 0.4132, accuracy: 0.7166, L2: 0.8296, L0: 2.98
Fold 1 - Train: 2001 samples, Test: 501 samples
    Bin 1: Use 100% -> validity: 1.0000, accuracy: 0.7305, L2: 0.8296, L0: 2.98

Testing model perturbations for fold 1...
Fold 1 - Train: 2001 samples, Test: 501 samples
  random_forest (3, 100): validity: 0.2774, accuracy: 0.7126, L2: 0.8296, L0: 2.98
Fold 1 - Train: 2001 samples, Test: 501 samples
  xgboost (3, 100): validity: 0.5868, accuracy: 0.7365, L2: 0.8296, L0: 2.98
Fold 1 - Train: 2001 samples, Test: 501 samples
  lightgbm (3, 100): validity: 0.7265, accuracy: 0.7186, L2: 0.8296, L0: 2.98
Fold 1 - Train: 2001 samples, Test: 501 samples
  random_forest (4, 100): validity: 0.5230, accuracy: 0.7166, L2: 0.8296, L0: 2.98
Fold 1 - Train: 2001 samples, Test: 501 samples
  xgboost (4, 100): validity: 0.5210, accuracy: 0.7166, L2: 0.8296, L0: 2.98
Fold 1 - Train: 2001 samples, Test: 501 samples
  lightgbm (4, 100): validity: 0.6447, accuracy: 0.7226, L2: 0.8296, L0: 2.98
Fold 1 - Train: 2001 samples, Test: 501 samples
  random_forest (5, 100): validity: 1.0000, accuracy: 0.7305, L2: 0.8296, L0: 2.98
Fold 1 - Train: 2001 samples, Test: 501 samples
  xgboost (5, 100): validity: 0.5110, accuracy: 0.6946, L2: 0.8296, L0: 2.98
Fold 1 - Train: 2001 samples, Test: 501 samples
  lightgbm (5, 100): validity: 0.6467, accuracy: 0.7226, L2: 0.8296, L0: 2.98
Fold 1 - Train: 2001 samples, Test: 501 samples
  random_forest (6, 100): validity: 0.5389, accuracy: 0.7345, L2: 0.8296, L0: 2.98
Fold 1 - Train: 2001 samples, Test: 501 samples
  xgboost (6, 100): validity: 0.5010, accuracy: 0.7305, L2: 0.8296, L0: 2.98
Fold 1 - Train: 2001 samples, Test: 501 samples
  lightgbm (6, 100): validity: 0.5988, accuracy: 0.7186, L2: 0.8296, L0: 2.98
Fold 1 - Train: 2001 samples, Test: 501 samples
  random_forest (5, 50): validity: 0.8743, accuracy: 0.7246, L2: 0.8296, L0: 2.98
Fold 1 - Train: 2001 samples, Test: 501 samples
  xgboost (5, 50): validity: 0.5329, accuracy: 0.7066, L2: 0.8296, L0: 2.98
Fold 1 - Train: 2001 samples, Test: 501 samples
  lightgbm (5, 50): validity: 0.6906, accuracy: 0.7226, L2: 0.8296, L0: 2.98
Fold 1 - Train: 2001 samples, Test: 501 samples
  random_forest (5, 100): validity: 1.0000, accuracy: 0.7305, L2: 0.8296, L0: 2.98
Fold 1 - Train: 2001 samples, Test: 501 samples
  xgboost (5, 100): validity: 0.5110, accuracy: 0.6946, L2: 0.8296, L0: 2.98
Fold 1 - Train: 2001 samples, Test: 501 samples
  lightgbm (5, 100): validity: 0.6467, accuracy: 0.7226, L2: 0.8296, L0: 2.98
Fold 1 - Train: 2001 samples, Test: 501 samples
  random_forest (5, 150): validity: 0.7405, accuracy: 0.7246, L2: 0.8296, L0: 2.98
Fold 1 - Train: 2001 samples, Test: 501 samples
  xgboost (5, 150): validity: 0.5130, accuracy: 0.7026, L2: 0.8296, L0: 2.98
Fold 1 - Train: 2001 samples, Test: 501 samples
  lightgbm (5, 150): validity: 0.6168, accuracy: 0.7226, L2: 0.8296, L0: 2.98
Fold 1 - Train: 2001 samples, Test: 501 samples
  random_forest (5, 200): validity: 0.7325, accuracy: 0.7226, L2: 0.8296, L0: 2.98
Fold 1 - Train: 2001 samples, Test: 501 samples
  xgboost (5, 200): validity: 0.5190, accuracy: 0.7166, L2: 0.8296, L0: 2.98
Fold 1 - Train: 2001 samples, Test: 501 samples
  lightgbm (5, 200): validity: 0.5908, accuracy: 0.7126, L2: 0.8296, L0: 2.98
Fold 1 - Train: 2001 samples, Test: 501 samples
  adaboost (3, 50): validity: 0.4271, accuracy: 0.6727, L2: 0.8296, L0: 2.98
Fold 1 - Train: 2001 samples, Test: 501 samples
  adaboost (3, 100): validity: 0.4371, accuracy: 0.6347, L2: 0.8296, L0: 2.98
Fold 1 - Train: 2001 samples, Test: 501 samples
  adaboost (3, 150): validity: 0.4810, accuracy: 0.6307, L2: 0.8296, L0: 2.98
Fold 1 - Train: 2001 samples, Test: 501 samples
  adaboost (3, 200): validity: 0.4671, accuracy: 0.6327, L2: 0.8296, L0: 2.98

--- FOLD 2 ANALYSIS ---
--------------------------------------------------
Fold 2 - Train: 2002 samples, Test: 500 samples
Fold 2 - Train: 2002 samples, Test: 500 samples
Fold 2 data shapes:
  Raw train: (2002, 24)
  Processed - Train: (2002, 24), Test: (500, 24)
  Training samples: 2002
  Test samples: 500
  Features: 23
  Class distribution - Train: [1248  754]
  Class distribution - Test: [312 188]

Training baseline model for fold 2...
  Train accuracy: 0.7597
  Test accuracy: 0.7200
Setting up DiCE framework for fold 2...
HELOC feature analysis:
  Categorical features: []
  Continuous features: ['ExternalRiskEstimate', 'MSinceOldestTradeOpen', 'MSinceMostRecentTradeOpen', 'AverageMInFile', 'NumSatisfactoryTrades', 'NumTrades60Ever2DerogPubRec', 'NumTrades90Ever2DerogPubRec', 'PercentTradesNeverDelq', 'MSinceMostRecentDelq', 'MaxDelq2PublicRecLast12M', 'MaxDelqEver', 'NumTotalTrades', 'NumTradesOpeninLast12M', 'PercentInstallTrades', 'MSinceMostRecentInqexcl7days', 'NumInqLast6M', 'NumInqLast6Mexcl7days', 'NetFractionRevolvingBurden', 'NetFractionInstallBurden', 'NumRevolvingTradesWBalance', 'NumInstallTradesWBalance', 'NumBank2NatlTradesWHighUtilization', 'PercentTradesWBalance']
Generating counterfactuals for fold 2...
Generating counterfactuals using method: random
Test set size: 500 samples
Counterfactual generation complete:
  Successful: 500/500 (100.00%)
  Failed: 0/500 (0.00%)
  Success rate: 100.00%
  Baseline validity: 1.0000 (500/500)
  Baseline L2 distance: 0.8272
  Baseline L0 distance: 3.13
  Baseline LOF score: 0.2560

Testing data perturbations for fold 2...
  minor_deletion:
Fold 2 - Train: 2002 samples, Test: 500 samples
    Bin 0: Remove 0% -> validity: 1.0000, accuracy: 0.7200, L2: 0.8272, L0: 3.13
Fold 2 - Train: 2002 samples, Test: 500 samples
    Bin 5: Remove 5% -> validity: 0.6500, accuracy: 0.7220, L2: 0.8272, L0: 3.13
Fold 2 - Train: 2002 samples, Test: 500 samples
    Bin 10: Remove 10% -> validity: 0.6260, accuracy: 0.7280, L2: 0.8272, L0: 3.13
Fold 2 - Train: 2002 samples, Test: 500 samples
    Bin 15: Remove 15% -> validity: 0.5880, accuracy: 0.7280, L2: 0.8272, L0: 3.13
Fold 2 - Train: 2002 samples, Test: 500 samples
    Bin 20: Remove 20% -> validity: 0.6180, accuracy: 0.7220, L2: 0.8272, L0: 3.13
  major_deletion:
Fold 2 - Train: 2002 samples, Test: 500 samples
    Bin 0: Remove 0% -> validity: 1.0000, accuracy: 0.7200, L2: 0.8272, L0: 3.13
Fold 2 - Train: 2002 samples, Test: 500 samples
    Bin 1: Remove 50% -> validity: 0.5520, accuracy: 0.7160, L2: 0.8272, L0: 3.13
  minor_addition:
Fold 2 - Train: 2002 samples, Test: 500 samples
    Bin 0: Use 80% -> validity: 0.5080, accuracy: 0.7160, L2: 0.8272, L0: 3.13
Fold 2 - Train: 2002 samples, Test: 500 samples
    Bin 5: Use 85% -> validity: 0.5120, accuracy: 0.7280, L2: 0.8272, L0: 3.13
Fold 2 - Train: 2002 samples, Test: 500 samples
    Bin 10: Use 90% -> validity: 0.5040, accuracy: 0.7260, L2: 0.8272, L0: 3.13
Fold 2 - Train: 2002 samples, Test: 500 samples
    Bin 15: Use 95% -> validity: 0.4840, accuracy: 0.7180, L2: 0.8272, L0: 3.13
Fold 2 - Train: 2002 samples, Test: 500 samples
    Bin 20: Use 100% -> validity: 1.0000, accuracy: 0.7200, L2: 0.8272, L0: 3.13
  major_addition:
Fold 2 - Train: 2002 samples, Test: 500 samples
    Bin 0: Use 50% -> validity: 0.4440, accuracy: 0.7260, L2: 0.8272, L0: 3.13
Fold 2 - Train: 2002 samples, Test: 500 samples
    Bin 1: Use 100% -> validity: 1.0000, accuracy: 0.7200, L2: 0.8272, L0: 3.13

Testing model perturbations for fold 2...
Fold 2 - Train: 2002 samples, Test: 500 samples
  random_forest (3, 100): validity: 0.3120, accuracy: 0.7220, L2: 0.8272, L0: 3.13
Fold 2 - Train: 2002 samples, Test: 500 samples
  xgboost (3, 100): validity: 0.5620, accuracy: 0.7060, L2: 0.8272, L0: 3.13
Fold 2 - Train: 2002 samples, Test: 500 samples
  lightgbm (3, 100): validity: 0.7200, accuracy: 0.7020, L2: 0.8272, L0: 3.13
Fold 2 - Train: 2002 samples, Test: 500 samples
  random_forest (4, 100): validity: 0.5120, accuracy: 0.7200, L2: 0.8272, L0: 3.13
Fold 2 - Train: 2002 samples, Test: 500 samples
  xgboost (4, 100): validity: 0.5680, accuracy: 0.6980, L2: 0.8272, L0: 3.13
Fold 2 - Train: 2002 samples, Test: 500 samples
  lightgbm (4, 100): validity: 0.6760, accuracy: 0.6900, L2: 0.8272, L0: 3.13
Fold 2 - Train: 2002 samples, Test: 500 samples
  random_forest (5, 100): validity: 1.0000, accuracy: 0.7200, L2: 0.8272, L0: 3.13
Fold 2 - Train: 2002 samples, Test: 500 samples
  xgboost (5, 100): validity: 0.5220, accuracy: 0.6980, L2: 0.8272, L0: 3.13
Fold 2 - Train: 2002 samples, Test: 500 samples
  lightgbm (5, 100): validity: 0.6620, accuracy: 0.7140, L2: 0.8272, L0: 3.13
Fold 2 - Train: 2002 samples, Test: 500 samples
  random_forest (6, 100): validity: 0.6600, accuracy: 0.7400, L2: 0.8272, L0: 3.13
Fold 2 - Train: 2002 samples, Test: 500 samples
  xgboost (6, 100): validity: 0.4880, accuracy: 0.6760, L2: 0.8272, L0: 3.13
Fold 2 - Train: 2002 samples, Test: 500 samples
  lightgbm (6, 100): validity: 0.6120, accuracy: 0.6960, L2: 0.8272, L0: 3.13
Fold 2 - Train: 2002 samples, Test: 500 samples
  random_forest (5, 50): validity: 0.7260, accuracy: 0.7220, L2: 0.8272, L0: 3.13
Fold 2 - Train: 2002 samples, Test: 500 samples
  xgboost (5, 50): validity: 0.5580, accuracy: 0.6960, L2: 0.8272, L0: 3.13
Fold 2 - Train: 2002 samples, Test: 500 samples
  lightgbm (5, 50): validity: 0.7460, accuracy: 0.7180, L2: 0.8272, L0: 3.13
Fold 2 - Train: 2002 samples, Test: 500 samples
  random_forest (5, 100): validity: 1.0000, accuracy: 0.7200, L2: 0.8272, L0: 3.13
Fold 2 - Train: 2002 samples, Test: 500 samples
  xgboost (5, 100): validity: 0.5220, accuracy: 0.6980, L2: 0.8272, L0: 3.13
Fold 2 - Train: 2002 samples, Test: 500 samples
  lightgbm (5, 100): validity: 0.6620, accuracy: 0.7140, L2: 0.8272, L0: 3.13
Fold 2 - Train: 2002 samples, Test: 500 samples
  random_forest (5, 150): validity: 0.8200, accuracy: 0.7220, L2: 0.8272, L0: 3.13
Fold 2 - Train: 2002 samples, Test: 500 samples
  xgboost (5, 150): validity: 0.5440, accuracy: 0.7080, L2: 0.8272, L0: 3.13
Fold 2 - Train: 2002 samples, Test: 500 samples
  lightgbm (5, 150): validity: 0.6440, accuracy: 0.7160, L2: 0.8272, L0: 3.13
Fold 2 - Train: 2002 samples, Test: 500 samples
  random_forest (5, 200): validity: 0.7620, accuracy: 0.7260, L2: 0.8272, L0: 3.13
Fold 2 - Train: 2002 samples, Test: 500 samples
  xgboost (5, 200): validity: 0.5340, accuracy: 0.7120, L2: 0.8272, L0: 3.13
Fold 2 - Train: 2002 samples, Test: 500 samples
  lightgbm (5, 200): validity: 0.6060, accuracy: 0.6980, L2: 0.8272, L0: 3.13
Fold 2 - Train: 2002 samples, Test: 500 samples
  adaboost (3, 50): validity: 0.4480, accuracy: 0.6620, L2: 0.8272, L0: 3.13
Fold 2 - Train: 2002 samples, Test: 500 samples
  adaboost (3, 100): validity: 0.4340, accuracy: 0.6520, L2: 0.8272, L0: 3.13
Fold 2 - Train: 2002 samples, Test: 500 samples
  adaboost (3, 150): validity: 0.4240, accuracy: 0.6300, L2: 0.8272, L0: 3.13
Fold 2 - Train: 2002 samples, Test: 500 samples
  adaboost (3, 200): validity: 0.4380, accuracy: 0.6280, L2: 0.8272, L0: 3.13

--- FOLD 3 ANALYSIS ---
--------------------------------------------------
Fold 3 - Train: 2002 samples, Test: 500 samples
Fold 3 - Train: 2002 samples, Test: 500 samples
Fold 3 data shapes:
  Raw train: (2002, 24)
  Processed - Train: (2002, 24), Test: (500, 24)
  Training samples: 2002
  Test samples: 500
  Features: 23
  Class distribution - Train: [1248  754]
  Class distribution - Test: [312 188]

Training baseline model for fold 3...
  Train accuracy: 0.7717
  Test accuracy: 0.7080
Setting up DiCE framework for fold 3...
HELOC feature analysis:
  Categorical features: []
  Continuous features: ['ExternalRiskEstimate', 'MSinceOldestTradeOpen', 'MSinceMostRecentTradeOpen', 'AverageMInFile', 'NumSatisfactoryTrades', 'NumTrades60Ever2DerogPubRec', 'NumTrades90Ever2DerogPubRec', 'PercentTradesNeverDelq', 'MSinceMostRecentDelq', 'MaxDelq2PublicRecLast12M', 'MaxDelqEver', 'NumTotalTrades', 'NumTradesOpeninLast12M', 'PercentInstallTrades', 'MSinceMostRecentInqexcl7days', 'NumInqLast6M', 'NumInqLast6Mexcl7days', 'NetFractionRevolvingBurden', 'NetFractionInstallBurden', 'NumRevolvingTradesWBalance', 'NumInstallTradesWBalance', 'NumBank2NatlTradesWHighUtilization', 'PercentTradesWBalance']
Generating counterfactuals for fold 3...
Generating counterfactuals using method: random
Test set size: 500 samples
Counterfactual generation complete:
  Successful: 500/500 (100.00%)
  Failed: 0/500 (0.00%)
  Success rate: 100.00%
  Baseline validity: 1.0000 (500/500)
  Baseline L2 distance: 0.9162
  Baseline L0 distance: 3.63
  Baseline LOF score: 0.1920

Testing data perturbations for fold 3...
  minor_deletion:
Fold 3 - Train: 2002 samples, Test: 500 samples
    Bin 0: Remove 0% -> validity: 1.0000, accuracy: 0.7080, L2: 0.9162, L0: 3.63
Fold 3 - Train: 2002 samples, Test: 500 samples
    Bin 5: Remove 5% -> validity: 0.6320, accuracy: 0.7060, L2: 0.9162, L0: 3.63
Fold 3 - Train: 2002 samples, Test: 500 samples
    Bin 10: Remove 10% -> validity: 0.6640, accuracy: 0.7080, L2: 0.9162, L0: 3.63
Fold 3 - Train: 2002 samples, Test: 500 samples
    Bin 15: Remove 15% -> validity: 0.5860, accuracy: 0.7140, L2: 0.9162, L0: 3.63
Fold 3 - Train: 2002 samples, Test: 500 samples
    Bin 20: Remove 20% -> validity: 0.6400, accuracy: 0.7100, L2: 0.9162, L0: 3.63
  major_deletion:
Fold 3 - Train: 2002 samples, Test: 500 samples
    Bin 0: Remove 0% -> validity: 1.0000, accuracy: 0.7080, L2: 0.9162, L0: 3.63
Fold 3 - Train: 2002 samples, Test: 500 samples
    Bin 1: Remove 50% -> validity: 0.5760, accuracy: 0.7240, L2: 0.9162, L0: 3.63
  minor_addition:
Fold 3 - Train: 2002 samples, Test: 500 samples
    Bin 0: Use 80% -> validity: 0.5900, accuracy: 0.7120, L2: 0.9162, L0: 3.63
Fold 3 - Train: 2002 samples, Test: 500 samples
    Bin 5: Use 85% -> validity: 0.6020, accuracy: 0.7100, L2: 0.9162, L0: 3.63
Fold 3 - Train: 2002 samples, Test: 500 samples
    Bin 10: Use 90% -> validity: 0.6040, accuracy: 0.7140, L2: 0.9162, L0: 3.63
Fold 3 - Train: 2002 samples, Test: 500 samples
    Bin 15: Use 95% -> validity: 0.6680, accuracy: 0.7140, L2: 0.9162, L0: 3.63
Fold 3 - Train: 2002 samples, Test: 500 samples
    Bin 20: Use 100% -> validity: 1.0000, accuracy: 0.7080, L2: 0.9162, L0: 3.63
  major_addition:
Fold 3 - Train: 2002 samples, Test: 500 samples
    Bin 0: Use 50% -> validity: 0.5780, accuracy: 0.7080, L2: 0.9162, L0: 3.63
Fold 3 - Train: 2002 samples, Test: 500 samples
    Bin 1: Use 100% -> validity: 1.0000, accuracy: 0.7080, L2: 0.9162, L0: 3.63

Testing model perturbations for fold 3...
Fold 3 - Train: 2002 samples, Test: 500 samples
  random_forest (3, 100): validity: 0.3080, accuracy: 0.6980, L2: 0.9162, L0: 3.63
Fold 3 - Train: 2002 samples, Test: 500 samples
  xgboost (3, 100): validity: 0.5520, accuracy: 0.7000, L2: 0.9162, L0: 3.63
Fold 3 - Train: 2002 samples, Test: 500 samples
  lightgbm (3, 100): validity: 0.6700, accuracy: 0.7140, L2: 0.9162, L0: 3.63
Fold 3 - Train: 2002 samples, Test: 500 samples
  random_forest (4, 100): validity: 0.5760, accuracy: 0.7040, L2: 0.9162, L0: 3.63
Fold 3 - Train: 2002 samples, Test: 500 samples
  xgboost (4, 100): validity: 0.4820, accuracy: 0.6880, L2: 0.9162, L0: 3.63
Fold 3 - Train: 2002 samples, Test: 500 samples
  lightgbm (4, 100): validity: 0.6700, accuracy: 0.7160, L2: 0.9162, L0: 3.63
Fold 3 - Train: 2002 samples, Test: 500 samples
  random_forest (5, 100): validity: 1.0000, accuracy: 0.7080, L2: 0.9162, L0: 3.63
Fold 3 - Train: 2002 samples, Test: 500 samples
  xgboost (5, 100): validity: 0.5040, accuracy: 0.6820, L2: 0.9162, L0: 3.63
Fold 3 - Train: 2002 samples, Test: 500 samples
  lightgbm (5, 100): validity: 0.6340, accuracy: 0.7060, L2: 0.9162, L0: 3.63
Fold 3 - Train: 2002 samples, Test: 500 samples
  random_forest (6, 100): validity: 0.6640, accuracy: 0.7160, L2: 0.9162, L0: 3.63
Fold 3 - Train: 2002 samples, Test: 500 samples
  xgboost (6, 100): validity: 0.4800, accuracy: 0.6800, L2: 0.9162, L0: 3.63
Fold 3 - Train: 2002 samples, Test: 500 samples
  lightgbm (6, 100): validity: 0.6020, accuracy: 0.6880, L2: 0.9162, L0: 3.63
Fold 3 - Train: 2002 samples, Test: 500 samples
  random_forest (5, 50): validity: 0.7580, accuracy: 0.7080, L2: 0.9162, L0: 3.63
Fold 3 - Train: 2002 samples, Test: 500 samples
  xgboost (5, 50): validity: 0.4900, accuracy: 0.6960, L2: 0.9162, L0: 3.63
Fold 3 - Train: 2002 samples, Test: 500 samples
  lightgbm (5, 50): validity: 0.6620, accuracy: 0.6920, L2: 0.9162, L0: 3.63
Fold 3 - Train: 2002 samples, Test: 500 samples
  random_forest (5, 100): validity: 1.0000, accuracy: 0.7080, L2: 0.9162, L0: 3.63
Fold 3 - Train: 2002 samples, Test: 500 samples
  xgboost (5, 100): validity: 0.5040, accuracy: 0.6820, L2: 0.9162, L0: 3.63
Fold 3 - Train: 2002 samples, Test: 500 samples
  lightgbm (5, 100): validity: 0.6340, accuracy: 0.7060, L2: 0.9162, L0: 3.63
Fold 3 - Train: 2002 samples, Test: 500 samples
  random_forest (5, 150): validity: 0.8420, accuracy: 0.7060, L2: 0.9162, L0: 3.63
Fold 3 - Train: 2002 samples, Test: 500 samples
  xgboost (5, 150): validity: 0.5100, accuracy: 0.6760, L2: 0.9162, L0: 3.63
Fold 3 - Train: 2002 samples, Test: 500 samples
  lightgbm (5, 150): validity: 0.5860, accuracy: 0.6940, L2: 0.9162, L0: 3.63
Fold 3 - Train: 2002 samples, Test: 500 samples
  random_forest (5, 200): validity: 0.7920, accuracy: 0.7060, L2: 0.9162, L0: 3.63
Fold 3 - Train: 2002 samples, Test: 500 samples
  xgboost (5, 200): validity: 0.5340, accuracy: 0.6780, L2: 0.9162, L0: 3.63
Fold 3 - Train: 2002 samples, Test: 500 samples
  lightgbm (5, 200): validity: 0.5680, accuracy: 0.6980, L2: 0.9162, L0: 3.63
Fold 3 - Train: 2002 samples, Test: 500 samples
  adaboost (3, 50): validity: 0.4640, accuracy: 0.6480, L2: 0.9162, L0: 3.63
Fold 3 - Train: 2002 samples, Test: 500 samples
  adaboost (3, 100): validity: 0.5280, accuracy: 0.6700, L2: 0.9162, L0: 3.63
Fold 3 - Train: 2002 samples, Test: 500 samples
  adaboost (3, 150): validity: 0.4980, accuracy: 0.6780, L2: 0.9162, L0: 3.63
Fold 3 - Train: 2002 samples, Test: 500 samples
  adaboost (3, 200): validity: 0.5060, accuracy: 0.6800, L2: 0.9162, L0: 3.63

--- FOLD 4 ANALYSIS ---
--------------------------------------------------
Fold 4 - Train: 2002 samples, Test: 500 samples
Fold 4 - Train: 2002 samples, Test: 500 samples
Fold 4 data shapes:
  Raw train: (2002, 24)
  Processed - Train: (2002, 24), Test: (500, 24)
  Training samples: 2002
  Test samples: 500
  Features: 23
  Class distribution - Train: [1248  754]
  Class distribution - Test: [312 188]

Training baseline model for fold 4...
  Train accuracy: 0.7677
  Test accuracy: 0.7020
Setting up DiCE framework for fold 4...
HELOC feature analysis:
  Categorical features: []
  Continuous features: ['ExternalRiskEstimate', 'MSinceOldestTradeOpen', 'MSinceMostRecentTradeOpen', 'AverageMInFile', 'NumSatisfactoryTrades', 'NumTrades60Ever2DerogPubRec', 'NumTrades90Ever2DerogPubRec', 'PercentTradesNeverDelq', 'MSinceMostRecentDelq', 'MaxDelq2PublicRecLast12M', 'MaxDelqEver', 'NumTotalTrades', 'NumTradesOpeninLast12M', 'PercentInstallTrades', 'MSinceMostRecentInqexcl7days', 'NumInqLast6M', 'NumInqLast6Mexcl7days', 'NetFractionRevolvingBurden', 'NetFractionInstallBurden', 'NumRevolvingTradesWBalance', 'NumInstallTradesWBalance', 'NumBank2NatlTradesWHighUtilization', 'PercentTradesWBalance']
Generating counterfactuals for fold 4...
Generating counterfactuals using method: random
Test set size: 500 samples
Counterfactual generation complete:
  Successful: 500/500 (100.00%)
  Failed: 0/500 (0.00%)
  Success rate: 100.00%
  Baseline validity: 1.0000 (500/500)
  Baseline L2 distance: 0.8647
  Baseline L0 distance: 3.19
  Baseline LOF score: 0.2400

Testing data perturbations for fold 4...
  minor_deletion:
Fold 4 - Train: 2002 samples, Test: 500 samples
    Bin 0: Remove 0% -> validity: 1.0000, accuracy: 0.7020, L2: 0.8647, L0: 3.19
Fold 4 - Train: 2002 samples, Test: 500 samples
    Bin 5: Remove 5% -> validity: 0.7060, accuracy: 0.7060, L2: 0.8647, L0: 3.19
Fold 4 - Train: 2002 samples, Test: 500 samples
    Bin 10: Remove 10% -> validity: 0.5280, accuracy: 0.6940, L2: 0.8647, L0: 3.19
Fold 4 - Train: 2002 samples, Test: 500 samples
    Bin 15: Remove 15% -> validity: 0.5580, accuracy: 0.7080, L2: 0.8647, L0: 3.19
Fold 4 - Train: 2002 samples, Test: 500 samples
    Bin 20: Remove 20% -> validity: 0.5960, accuracy: 0.6940, L2: 0.8647, L0: 3.19
  major_deletion:
Fold 4 - Train: 2002 samples, Test: 500 samples
    Bin 0: Remove 0% -> validity: 1.0000, accuracy: 0.7020, L2: 0.8647, L0: 3.19
Fold 4 - Train: 2002 samples, Test: 500 samples
    Bin 1: Remove 50% -> validity: 0.6080, accuracy: 0.7060, L2: 0.8647, L0: 3.19
  minor_addition:
Fold 4 - Train: 2002 samples, Test: 500 samples
    Bin 0: Use 80% -> validity: 0.5860, accuracy: 0.7080, L2: 0.8647, L0: 3.19
Fold 4 - Train: 2002 samples, Test: 500 samples
    Bin 5: Use 85% -> validity: 0.5600, accuracy: 0.6980, L2: 0.8647, L0: 3.19
Fold 4 - Train: 2002 samples, Test: 500 samples
    Bin 10: Use 90% -> validity: 0.6020, accuracy: 0.7080, L2: 0.8647, L0: 3.19
Fold 4 - Train: 2002 samples, Test: 500 samples
    Bin 15: Use 95% -> validity: 0.5800, accuracy: 0.7080, L2: 0.8647, L0: 3.19
Fold 4 - Train: 2002 samples, Test: 500 samples
    Bin 20: Use 100% -> validity: 1.0000, accuracy: 0.7020, L2: 0.8647, L0: 3.19
  major_addition:
Fold 4 - Train: 2002 samples, Test: 500 samples
    Bin 0: Use 50% -> validity: 0.5100, accuracy: 0.6940, L2: 0.8647, L0: 3.19
Fold 4 - Train: 2002 samples, Test: 500 samples
    Bin 1: Use 100% -> validity: 1.0000, accuracy: 0.7020, L2: 0.8647, L0: 3.19

Testing model perturbations for fold 4...
Fold 4 - Train: 2002 samples, Test: 500 samples
  random_forest (3, 100): validity: 0.3500, accuracy: 0.6940, L2: 0.8647, L0: 3.19
Fold 4 - Train: 2002 samples, Test: 500 samples
  xgboost (3, 100): validity: 0.5720, accuracy: 0.7080, L2: 0.8647, L0: 3.19
Fold 4 - Train: 2002 samples, Test: 500 samples
  lightgbm (3, 100): validity: 0.6960, accuracy: 0.7020, L2: 0.8647, L0: 3.19
Fold 4 - Train: 2002 samples, Test: 500 samples
  random_forest (4, 100): validity: 0.6320, accuracy: 0.7040, L2: 0.8647, L0: 3.19
Fold 4 - Train: 2002 samples, Test: 500 samples
  xgboost (4, 100): validity: 0.5380, accuracy: 0.6960, L2: 0.8647, L0: 3.19
Fold 4 - Train: 2002 samples, Test: 500 samples
  lightgbm (4, 100): validity: 0.6340, accuracy: 0.7140, L2: 0.8647, L0: 3.19
Fold 4 - Train: 2002 samples, Test: 500 samples
  random_forest (5, 100): validity: 1.0000, accuracy: 0.7020, L2: 0.8647, L0: 3.19
Fold 4 - Train: 2002 samples, Test: 500 samples
  xgboost (5, 100): validity: 0.5220, accuracy: 0.6900, L2: 0.8647, L0: 3.19
Fold 4 - Train: 2002 samples, Test: 500 samples
  lightgbm (5, 100): validity: 0.6320, accuracy: 0.7160, L2: 0.8647, L0: 3.19
Fold 4 - Train: 2002 samples, Test: 500 samples
  random_forest (6, 100): validity: 0.6580, accuracy: 0.7000, L2: 0.8647, L0: 3.19
Fold 4 - Train: 2002 samples, Test: 500 samples
  xgboost (6, 100): validity: 0.5180, accuracy: 0.6640, L2: 0.8647, L0: 3.19
Fold 4 - Train: 2002 samples, Test: 500 samples
  lightgbm (6, 100): validity: 0.5800, accuracy: 0.6920, L2: 0.8647, L0: 3.19
Fold 4 - Train: 2002 samples, Test: 500 samples
  random_forest (5, 50): validity: 0.7740, accuracy: 0.7060, L2: 0.8647, L0: 3.19
Fold 4 - Train: 2002 samples, Test: 500 samples
  xgboost (5, 50): validity: 0.5660, accuracy: 0.7020, L2: 0.8647, L0: 3.19
Fold 4 - Train: 2002 samples, Test: 500 samples
  lightgbm (5, 50): validity: 0.6840, accuracy: 0.7120, L2: 0.8647, L0: 3.19
Fold 4 - Train: 2002 samples, Test: 500 samples
  random_forest (5, 100): validity: 1.0000, accuracy: 0.7020, L2: 0.8647, L0: 3.19
Fold 4 - Train: 2002 samples, Test: 500 samples
  xgboost (5, 100): validity: 0.5220, accuracy: 0.6900, L2: 0.8647, L0: 3.19
Fold 4 - Train: 2002 samples, Test: 500 samples
  lightgbm (5, 100): validity: 0.6320, accuracy: 0.7160, L2: 0.8647, L0: 3.19
Fold 4 - Train: 2002 samples, Test: 500 samples
  random_forest (5, 150): validity: 0.8320, accuracy: 0.7000, L2: 0.8647, L0: 3.19
Fold 4 - Train: 2002 samples, Test: 500 samples
  xgboost (5, 150): validity: 0.5520, accuracy: 0.6780, L2: 0.8647, L0: 3.19
Fold 4 - Train: 2002 samples, Test: 500 samples
  lightgbm (5, 150): validity: 0.6200, accuracy: 0.7160, L2: 0.8647, L0: 3.19
Fold 4 - Train: 2002 samples, Test: 500 samples
  random_forest (5, 200): validity: 0.8060, accuracy: 0.7060, L2: 0.8647, L0: 3.19
Fold 4 - Train: 2002 samples, Test: 500 samples
  xgboost (5, 200): validity: 0.5240, accuracy: 0.6900, L2: 0.8647, L0: 3.19
Fold 4 - Train: 2002 samples, Test: 500 samples
  lightgbm (5, 200): validity: 0.5960, accuracy: 0.7120, L2: 0.8647, L0: 3.19
Fold 4 - Train: 2002 samples, Test: 500 samples
  adaboost (3, 50): validity: 0.4360, accuracy: 0.6320, L2: 0.8647, L0: 3.19
Fold 4 - Train: 2002 samples, Test: 500 samples
  adaboost (3, 100): validity: 0.4660, accuracy: 0.6200, L2: 0.8647, L0: 3.19
Fold 4 - Train: 2002 samples, Test: 500 samples
  adaboost (3, 150): validity: 0.4580, accuracy: 0.6040, L2: 0.8647, L0: 3.19
Fold 4 - Train: 2002 samples, Test: 500 samples
  adaboost (3, 200): validity: 0.4700, accuracy: 0.6200, L2: 0.8647, L0: 3.19

4. Generating comprehensive summary across all 5 folds...
================================================================================

BASELINE PERFORMANCE ACROSS ALL FOLDS:
--------------------------------------------------------------------------------
Model Accuracy: 0.7142 ± 0.0100
CF Success Rate: 1.0000 ± 0.0000
CF Validity: 1.0000 ± 0.0000
CF L2 Distance: 0.8624 ± 0.0327
CF L0 Distance: 3.2439 ± 0.2179
CF LOF Score: 0.2342 ± 0.0220
Individual fold model accuracies: ['0.7106', '0.7305', '0.7200', '0.7080', '0.7020']
Individual fold CF success rates: ['1.0000', '1.0000', '1.0000', '1.0000', '1.0000']
Individual fold CF validities: ['1.0000', '1.0000', '1.0000', '1.0000', '1.0000']

DATA PERTURBATION ROBUSTNESS SUMMARY:
------------------------------------------------------------------------------------------------------------------------------------------------------
Perturbation    Bin   Data         Mean Validity Std Validity Mean Accuracy Std Accuracy Mean L2    Mean L0    Validity Δ  Per-Fold Validities
------------------------------------------------------------------------------------------------------------------------------------------------------
minor_deletion  0     Remove 0%    1.0000        0.0000       0.7142        0.0100       0.8624     3.24       +0.0000     ['1.000', '1.000', '1.000', '1.000', '1.000']
minor_deletion  5     Remove 5%    0.6200        0.0606       0.7162        0.0126       0.8624     3.24       -0.3800     ['0.585', '0.527', '0.650', '0.632', '0.706']
minor_deletion  10    Remove 10%   0.5764        0.0591       0.7146        0.0154       0.8624     3.24       -0.4236     ['0.509', '0.555', '0.626', '0.664', '0.528']
minor_deletion  15    Remove 15%   0.5540        0.0516       0.7182        0.0122       0.8624     3.24       -0.4460     ['0.585', '0.453', '0.588', '0.586', '0.558']
minor_deletion  20    Remove 20%   0.6119        0.0422       0.7106        0.0115       0.8624     3.24       -0.3881     ['0.665', '0.541', '0.618', '0.640', '0.596']
major_deletion  0     Remove 0%    1.0000        0.0000       0.7142        0.0100       0.8624     3.24       +0.0000     ['1.000', '1.000', '1.000', '1.000', '1.000']
major_deletion  1     Remove 50%   0.5648        0.0246       0.7146        0.0111       0.8624     3.24       -0.4352     ['0.543', '0.545', '0.552', '0.576', '0.608']
minor_addition  0     Use 80%      0.5284        0.0596       0.7162        0.0105       0.8624     3.24       -0.4716     ['0.531', '0.427', '0.508', '0.590', '0.586']
minor_addition  5     Use 85%      0.5192        0.0693       0.7150        0.0112       0.8624     3.24       -0.4808     ['0.527', '0.395', '0.512', '0.602', '0.560']
minor_addition  10    Use 90%      0.5608        0.0429       0.7158        0.0073       0.8624     3.24       -0.4392     ['0.515', '0.579', '0.504', '0.604', '0.602']
minor_addition  15    Use 95%      0.5608        0.0617       0.7110        0.0061       0.8624     3.24       -0.4392     ['0.541', '0.531', '0.484', '0.668', '0.580']
minor_addition  20    Use 100%     1.0000        0.0000       0.7142        0.0100       0.8624     3.24       +0.0000     ['1.000', '1.000', '1.000', '1.000', '1.000']
major_addition  0     Use 50%      0.4852        0.0568       0.7086        0.0117       0.8624     3.24       -0.5148     ['0.481', '0.413', '0.444', '0.578', '0.510']
major_addition  1     Use 100%     1.0000        0.0000       0.7142        0.0100       0.8624     3.24       +0.0000     ['1.000', '1.000', '1.000', '1.000', '1.000']

MODEL PERTURBATION ROBUSTNESS SUMMARY:
------------------------------------------------------------------------------------------------------------------------
Model Configuration            Mean Validity Std Validity Mean Accuracy Std Accuracy Validity Δ  Per-Fold Validities
------------------------------------------------------------------------------------------------------------------------
random_forest_3_100            0.3134        0.0232       0.7062        0.0101       -0.6866     ['0.319', '0.277', '0.312', '0.308', '0.350']
xgboost_3_100                  0.5663        0.0121       0.7098        0.0138       -0.4337     ['0.559', '0.587', '0.562', '0.552', '0.572']
lightgbm_3_100                 0.6930        0.0283       0.7078        0.0071       -0.3070     ['0.653', '0.727', '0.720', '0.670', '0.696']
random_forest_4_100            0.5516        0.0465       0.7094        0.0073       -0.4484     ['0.515', '0.523', '0.512', '0.576', '0.632']
xgboost_4_100                  0.5148        0.0373       0.6990        0.0094       -0.4852     ['0.465', '0.521', '0.568', '0.482', '0.538']
lightgbm_4_100                 0.6463        0.0251       0.7098        0.0111       -0.3537     ['0.607', '0.645', '0.676', '0.670', '0.634']
random_forest_5_100            1.0000        0.0000       0.7142        0.0100       +0.0000     ['1.000', '1.000', '1.000', '1.000', '1.000', '1.000', '1.000', '1.000', '1.000', '1.000']
xgboost_5_100                  0.5044        0.0218       0.6902        0.0057       -0.4956     ['0.463', '0.463', '0.511', '0.511', '0.522', '0.522', '0.504', '0.504', '0.522', '0.522']
lightgbm_5_100                 0.6359        0.0189       0.7110        0.0089       -0.3641     ['0.605', '0.605', '0.647', '0.647', '0.662', '0.662', '0.634', '0.634', '0.632', '0.632']
random_forest_6_100            0.6335        0.0476       0.7194        0.0155       -0.3665     ['0.647', '0.539', '0.660', '0.664', '0.658']
xgboost_6_100                  0.4988        0.0135       0.6906        0.0235       -0.5012     ['0.507', '0.501', '0.488', '0.480', '0.518']
lightgbm_6_100                 0.5947        0.0125       0.6994        0.0107       -0.4053     ['0.581', '0.599', '0.612', '0.602', '0.580']
random_forest_5_50             0.7849        0.0497       0.7134        0.0081       -0.2151     ['0.792', '0.874', '0.726', '0.758', '0.774']
xgboost_5_50                   0.5340        0.0271       0.6982        0.0055       -0.4660     ['0.523', '0.533', '0.558', '0.490', '0.566']
lightgbm_5_50                  0.6855        0.0344       0.7074        0.0128       -0.3145     ['0.645', '0.691', '0.746', '0.662', '0.684']
random_forest_5_150            0.8022        0.0381       0.7126        0.0094       -0.1978     ['0.776', '0.741', '0.820', '0.842', '0.832']
xgboost_5_150                  0.5208        0.0244       0.6890        0.0135       -0.4792     ['0.485', '0.513', '0.544', '0.510', '0.552']
lightgbm_5_150                 0.6047        0.0302       0.7074        0.0135       -0.3953     ['0.557', '0.617', '0.644', '0.586', '0.620']
random_forest_5_200            0.7674        0.0278       0.7138        0.0087       -0.2326     ['0.745', '0.733', '0.762', '0.792', '0.806']
xgboost_5_200                  0.5156        0.0250       0.6958        0.0156       -0.4844     ['0.467', '0.519', '0.534', '0.534', '0.524']
lightgbm_5_200                 0.5815        0.0213       0.7034        0.0072       -0.4185     ['0.547', '0.591', '0.606', '0.568', '0.596']
adaboost_3_50                  0.4429        0.0125       0.6515        0.0143       -0.5571     ['0.439', '0.427', '0.448', '0.464', '0.436']
adaboost_3_100                 0.4636        0.0342       0.6399        0.0188       -0.5364     ['0.453', '0.437', '0.434', '0.528', '0.466']
adaboost_3_150                 0.4656        0.0248       0.6347        0.0240       -0.5344     ['0.467', '0.481', '0.424', '0.498', '0.458']
adaboost_3_200                 0.4684        0.0219       0.6399        0.0210       -0.5316     ['0.461', '0.467', '0.438', '0.506', '0.470']

Data perturbation plot saved to: cf_data_robustness_heloc_5fold_plot_20250729_043245.png

================================================================================
COUNTERFACTUAL ROBUSTNESS INSIGHTS (HELOC DATASET - 5 FOLDS)
================================================================================

🏦 HELOC DATASET INSIGHTS:
• Dataset contains financial features for credit risk assessment
• Categorical features: []
• Continuous features: ['ExternalRiskEstimate', 'MSinceOldestTradeOpen', 'MSinceMostRecentTradeOpen', 'AverageMInFile', 'NumSatisfactoryTrades', 'NumTrades60Ever2DerogPubRec', 'NumTrades90Ever2DerogPubRec', 'PercentTradesNeverDelq', 'MSinceMostRecentDelq', 'MaxDelq2PublicRecLast12M', 'MaxDelqEver', 'NumTotalTrades', 'NumTradesOpeninLast12M', 'PercentInstallTrades', 'MSinceMostRecentInqexcl7days', 'NumInqLast6M', 'NumInqLast6Mexcl7days', 'NetFractionRevolvingBurden', 'NetFractionInstallBurden', 'NumRevolvingTradesWBalance', 'NumInstallTradesWBalance', 'NumBank2NatlTradesWHighUtilization', 'PercentTradesWBalance']
• Baseline counterfactual success rate: 100.00% ± 0.000
• Baseline counterfactual validity: 1.0000 ± 0.000
• Baseline model accuracy: 0.7142 ± 0.010
• Baseline L2 distance: 0.8624 ± 0.0327
• Baseline L0 distance: 3.2439 ± 0.2179
• Baseline LOF score: 0.2342 ± 0.0220

================================================================================
🏁 COMPREHENSIVE COUNTERFACTUAL ROBUSTNESS ANALYSIS COMPLETED!
================================================================================
[TIME] Completed at: 2025-07-29 04:32:45
[LOG] Complete analysis saved to: cf_robustness_analysis_v4_heloc_20250729_011637.log
================================================================================
