================================================================================
COUNTERFACTUAL ROBUSTNESS ANALYSIS (v2)
================================================================================
[LOG] Logging session to: cf_robustness_analysis_v2_20250728_235408.log
[TIME] Started at: 2025-07-28 23:54:08
================================================================================

1. Loading dataset...
Original data shape (after removing metadata): (4601, 58)
Dropped 0 rows with missing values
Final data shape: (4601, 58)
Dataset: Spambase
Label column: Class
Features: 58 features

2. Analysis parameters:
  Number of folds: 5
Dataset Summary:
Total samples (after cleaning): 4601
Number of features: 57
Label column: Class
Number of folds: 5
Fold Summary:
--------------------------------------------------
Fold 0: Train=3680 samples, Test=921 samples
Fold 1: Train=3681 samples, Test=920 samples
Fold 2: Train=3681 samples, Test=920 samples
Fold 3: Train=3681 samples, Test=920 samples
Fold 4: Train=3681 samples, Test=920 samples
--------------------------------------------------
  Data perturbation types: ['minor_deletion', 'major_deletion', 'minor_addition', 'major_addition']
  Model perturbations: 28 configurations
    - random_forest (max_depth=3, n_estimators=100)
    - xgboost (max_depth=3, n_estimators=100)
    - lightgbm (max_depth=3, n_estimators=100)
    - random_forest (max_depth=4, n_estimators=100)
    - xgboost (max_depth=4, n_estimators=100)
    - lightgbm (max_depth=4, n_estimators=100)
    - random_forest (max_depth=5, n_estimators=100)
    - xgboost (max_depth=5, n_estimators=100)
    - lightgbm (max_depth=5, n_estimators=100)
    - random_forest (max_depth=6, n_estimators=100)
    - xgboost (max_depth=6, n_estimators=100)
    - lightgbm (max_depth=6, n_estimators=100)
    - random_forest (max_depth=5, n_estimators=50)
    - xgboost (max_depth=5, n_estimators=50)
    - lightgbm (max_depth=5, n_estimators=50)
    - random_forest (max_depth=5, n_estimators=100)
    - xgboost (max_depth=5, n_estimators=100)
    - lightgbm (max_depth=5, n_estimators=100)
    - random_forest (max_depth=5, n_estimators=150)
    - xgboost (max_depth=5, n_estimators=150)
    - lightgbm (max_depth=5, n_estimators=150)
    - random_forest (max_depth=5, n_estimators=200)
    - xgboost (max_depth=5, n_estimators=200)
    - lightgbm (max_depth=5, n_estimators=200)
    - adaboost (max_depth=3, n_estimators=50)
    - adaboost (max_depth=3, n_estimators=100)
    - adaboost (max_depth=3, n_estimators=150)
    - adaboost (max_depth=3, n_estimators=200)

3. Running comprehensive analysis across all 5 folds...
================================================================================

--- FOLD 0 ANALYSIS ---
--------------------------------------------------
Fold 0 - Train: 3680 samples, Test: 921 samples
Fold 0 - Train: 3680 samples, Test: 921 samples
Fold 0 data shapes:
  Raw train: (3680, 58)
  Processed - Train: (3680, 58), Test: (921, 58)
  Training samples: 3680
  Test samples: 921
  Features: 57
  Class distribution - Train: [2230 1450]
  Class distribution - Test: [558 363]

Training baseline model for fold 0...
  Train accuracy: 0.9326
  Test accuracy: 0.9186
Setting up DiCE framework for fold 0...
Generating counterfactuals for fold 0...
Generating counterfactuals using method: random
Test set size: 921 samples
Counterfactual generation complete:
  Successful: 921/921 (100.00%)
  Failed: 0/921 (0.00%)
  Success rate: 100.00%
  Baseline validity: 1.0000 (921/921)
  Baseline L2 distance: 1.1772
  Baseline L0 distance: 4.28
  Baseline LOF score: 0.7807

Testing data perturbations for fold 0...
  minor_deletion:
Fold 0 - Train: 3680 samples, Test: 921 samples
    Bin 0: Remove 0% -> validity: 1.0000, accuracy: 0.9186, L2: 1.1772, L0: 4.28
Fold 0 - Train: 3680 samples, Test: 921 samples
    Bin 5: Remove 5% -> validity: 0.5375, accuracy: 0.9218, L2: 1.1772, L0: 4.28
Fold 0 - Train: 3680 samples, Test: 921 samples
    Bin 10: Remove 10% -> validity: 0.3931, accuracy: 0.9131, L2: 1.1772, L0: 4.28
Fold 0 - Train: 3680 samples, Test: 921 samples
    Bin 15: Remove 15% -> validity: 0.3377, accuracy: 0.9001, L2: 1.1772, L0: 4.28
Fold 0 - Train: 3680 samples, Test: 921 samples
    Bin 20: Remove 20% -> validity: 0.2617, accuracy: 0.8903, L2: 1.1772, L0: 4.28
  major_deletion:
Fold 0 - Train: 3680 samples, Test: 921 samples
    Bin 0: Remove 0% -> validity: 1.0000, accuracy: 0.9186, L2: 1.1772, L0: 4.28
Fold 0 - Train: 3680 samples, Test: 921 samples
    Bin 1: Remove 50% -> validity: 0.0000, accuracy: 0.6059, L2: 1.1772, L0: 4.28
  minor_addition:
Fold 0 - Train: 3680 samples, Test: 921 samples
    Bin 0: Use 80% -> validity: 0.6439, accuracy: 0.9121, L2: 1.1772, L0: 4.28
Fold 0 - Train: 3680 samples, Test: 921 samples
    Bin 5: Use 85% -> validity: 0.6189, accuracy: 0.9175, L2: 1.1772, L0: 4.28
Fold 0 - Train: 3680 samples, Test: 921 samples
    Bin 10: Use 90% -> validity: 0.5852, accuracy: 0.9197, L2: 1.1772, L0: 4.28
Fold 0 - Train: 3680 samples, Test: 921 samples
    Bin 15: Use 95% -> validity: 0.6048, accuracy: 0.9262, L2: 1.1772, L0: 4.28
Fold 0 - Train: 3680 samples, Test: 921 samples
    Bin 20: Use 100% -> validity: 1.0000, accuracy: 0.9186, L2: 1.1772, L0: 4.28
  major_addition:
Fold 0 - Train: 3680 samples, Test: 921 samples
    Bin 0: Use 50% -> validity: 0.3388, accuracy: 0.7752, L2: 1.1772, L0: 4.28
Fold 0 - Train: 3680 samples, Test: 921 samples
    Bin 1: Use 100% -> validity: 1.0000, accuracy: 0.9186, L2: 1.1772, L0: 4.28

Testing model perturbations for fold 0...
Fold 0 - Train: 3680 samples, Test: 921 samples
  random_forest (3, 100): validity: 0.3398, accuracy: 0.9034, L2: 1.1772, L0: 4.28
Fold 0 - Train: 3680 samples, Test: 921 samples
  xgboost (3, 100): validity: 0.6145, accuracy: 0.9446, L2: 1.1772, L0: 4.28
Fold 0 - Train: 3680 samples, Test: 921 samples
  lightgbm (3, 100): validity: 0.6374, accuracy: 0.9403, L2: 1.1772, L0: 4.28
Fold 0 - Train: 3680 samples, Test: 921 samples
  random_forest (4, 100): validity: 0.4984, accuracy: 0.9142, L2: 1.1772, L0: 4.28
Fold 0 - Train: 3680 samples, Test: 921 samples
  xgboost (4, 100): validity: 0.5375, accuracy: 0.9457, L2: 1.1772, L0: 4.28
Fold 0 - Train: 3680 samples, Test: 921 samples
  lightgbm (4, 100): validity: 0.6102, accuracy: 0.9457, L2: 1.1772, L0: 4.28
Fold 0 - Train: 3680 samples, Test: 921 samples
  random_forest (5, 100): validity: 1.0000, accuracy: 0.9186, L2: 1.1772, L0: 4.28
Fold 0 - Train: 3680 samples, Test: 921 samples
  xgboost (5, 100): validity: 0.5418, accuracy: 0.9446, L2: 1.1772, L0: 4.28
Fold 0 - Train: 3680 samples, Test: 921 samples
  lightgbm (5, 100): validity: 0.6037, accuracy: 0.9446, L2: 1.1772, L0: 4.28
Fold 0 - Train: 3680 samples, Test: 921 samples
  random_forest (6, 100): validity: 0.5603, accuracy: 0.9338, L2: 1.1772, L0: 4.28
Fold 0 - Train: 3680 samples, Test: 921 samples
  xgboost (6, 100): validity: 0.5592, accuracy: 0.9490, L2: 1.1772, L0: 4.28
Fold 0 - Train: 3680 samples, Test: 921 samples
  lightgbm (6, 100): validity: 0.6265, accuracy: 0.9468, L2: 1.1772, L0: 4.28
Fold 0 - Train: 3680 samples, Test: 921 samples
  random_forest (5, 50): validity: 0.6688, accuracy: 0.9186, L2: 1.1772, L0: 4.28
Fold 0 - Train: 3680 samples, Test: 921 samples
  xgboost (5, 50): validity: 0.5700, accuracy: 0.9457, L2: 1.1772, L0: 4.28
Fold 0 - Train: 3680 samples, Test: 921 samples
  lightgbm (5, 50): validity: 0.6287, accuracy: 0.9425, L2: 1.1772, L0: 4.28
Fold 0 - Train: 3680 samples, Test: 921 samples
  random_forest (5, 100): validity: 1.0000, accuracy: 0.9186, L2: 1.1772, L0: 4.28
Fold 0 - Train: 3680 samples, Test: 921 samples
  xgboost (5, 100): validity: 0.5418, accuracy: 0.9446, L2: 1.1772, L0: 4.28
Fold 0 - Train: 3680 samples, Test: 921 samples
  lightgbm (5, 100): validity: 0.6037, accuracy: 0.9446, L2: 1.1772, L0: 4.28
Fold 0 - Train: 3680 samples, Test: 921 samples
  random_forest (5, 150): validity: 0.7134, accuracy: 0.9197, L2: 1.1772, L0: 4.28
Fold 0 - Train: 3680 samples, Test: 921 samples
  xgboost (5, 150): validity: 0.5418, accuracy: 0.9446, L2: 1.1772, L0: 4.28
Fold 0 - Train: 3680 samples, Test: 921 samples
  lightgbm (5, 150): validity: 0.5798, accuracy: 0.9425, L2: 1.1772, L0: 4.28
Fold 0 - Train: 3680 samples, Test: 921 samples
  random_forest (5, 200): validity: 0.6102, accuracy: 0.9251, L2: 1.1772, L0: 4.28
Fold 0 - Train: 3680 samples, Test: 921 samples
  xgboost (5, 200): validity: 0.5299, accuracy: 0.9446, L2: 1.1772, L0: 4.28
Fold 0 - Train: 3680 samples, Test: 921 samples
  lightgbm (5, 200): validity: 0.5755, accuracy: 0.9435, L2: 1.1772, L0: 4.28
Fold 0 - Train: 3680 samples, Test: 921 samples
  adaboost (3, 50): validity: 0.5711, accuracy: 0.9349, L2: 1.1772, L0: 4.28
Fold 0 - Train: 3680 samples, Test: 921 samples
  adaboost (3, 100): validity: 0.6232, accuracy: 0.9359, L2: 1.1772, L0: 4.28
Fold 0 - Train: 3680 samples, Test: 921 samples
  adaboost (3, 150): validity: 0.6059, accuracy: 0.9349, L2: 1.1772, L0: 4.28
Fold 0 - Train: 3680 samples, Test: 921 samples
  adaboost (3, 200): validity: 0.6504, accuracy: 0.9359, L2: 1.1772, L0: 4.28

--- FOLD 1 ANALYSIS ---
--------------------------------------------------
Fold 1 - Train: 3681 samples, Test: 920 samples
Fold 1 - Train: 3681 samples, Test: 920 samples
Fold 1 data shapes:
  Raw train: (3681, 58)
  Processed - Train: (3681, 58), Test: (920, 58)
  Training samples: 3681
  Test samples: 920
  Features: 57
  Class distribution - Train: [2231 1450]
  Class distribution - Test: [557 363]

Training baseline model for fold 1...
  Train accuracy: 0.9356
  Test accuracy: 0.9250
Setting up DiCE framework for fold 1...
Generating counterfactuals for fold 1...
Generating counterfactuals using method: random
Test set size: 920 samples
Counterfactual generation complete:
  Successful: 920/920 (100.00%)
  Failed: 0/920 (0.00%)
  Success rate: 100.00%
  Baseline validity: 1.0000 (920/920)
  Baseline L2 distance: 1.1365
  Baseline L0 distance: 3.97
  Baseline LOF score: 0.7783

Testing data perturbations for fold 1...
  minor_deletion:
Fold 1 - Train: 3681 samples, Test: 920 samples
    Bin 0: Remove 0% -> validity: 1.0000, accuracy: 0.9250, L2: 1.1365, L0: 3.97
Fold 1 - Train: 3681 samples, Test: 920 samples
    Bin 5: Remove 5% -> validity: 0.4902, accuracy: 0.9174, L2: 1.1365, L0: 3.97
Fold 1 - Train: 3681 samples, Test: 920 samples
    Bin 10: Remove 10% -> validity: 0.3391, accuracy: 0.9185, L2: 1.1365, L0: 3.97
Fold 1 - Train: 3681 samples, Test: 920 samples
    Bin 15: Remove 15% -> validity: 0.3130, accuracy: 0.9076, L2: 1.1365, L0: 3.97
Fold 1 - Train: 3681 samples, Test: 920 samples
    Bin 20: Remove 20% -> validity: 0.2793, accuracy: 0.8870, L2: 1.1365, L0: 3.97
  major_deletion:
Fold 1 - Train: 3681 samples, Test: 920 samples
    Bin 0: Remove 0% -> validity: 1.0000, accuracy: 0.9250, L2: 1.1365, L0: 3.97
Fold 1 - Train: 3681 samples, Test: 920 samples
    Bin 1: Remove 50% -> validity: 0.0000, accuracy: 0.6054, L2: 1.1365, L0: 3.97
  minor_addition:
Fold 1 - Train: 3681 samples, Test: 920 samples
    Bin 0: Use 80% -> validity: 0.4815, accuracy: 0.9163, L2: 1.1365, L0: 3.97
Fold 1 - Train: 3681 samples, Test: 920 samples
    Bin 5: Use 85% -> validity: 0.5185, accuracy: 0.9174, L2: 1.1365, L0: 3.97
Fold 1 - Train: 3681 samples, Test: 920 samples
    Bin 10: Use 90% -> validity: 0.5663, accuracy: 0.9207, L2: 1.1365, L0: 3.97
Fold 1 - Train: 3681 samples, Test: 920 samples
    Bin 15: Use 95% -> validity: 0.6630, accuracy: 0.9217, L2: 1.1365, L0: 3.97
Fold 1 - Train: 3681 samples, Test: 920 samples
    Bin 20: Use 100% -> validity: 1.0000, accuracy: 0.9250, L2: 1.1365, L0: 3.97
  major_addition:
Fold 1 - Train: 3681 samples, Test: 920 samples
    Bin 0: Use 50% -> validity: 0.3467, accuracy: 0.7957, L2: 1.1365, L0: 3.97
Fold 1 - Train: 3681 samples, Test: 920 samples
    Bin 1: Use 100% -> validity: 1.0000, accuracy: 0.9250, L2: 1.1365, L0: 3.97

Testing model perturbations for fold 1...
Fold 1 - Train: 3681 samples, Test: 920 samples
  random_forest (3, 100): validity: 0.3174, accuracy: 0.9011, L2: 1.1365, L0: 3.97
Fold 1 - Train: 3681 samples, Test: 920 samples
  xgboost (3, 100): validity: 0.5696, accuracy: 0.9609, L2: 1.1365, L0: 3.97
Fold 1 - Train: 3681 samples, Test: 920 samples
  lightgbm (3, 100): validity: 0.6304, accuracy: 0.9511, L2: 1.1365, L0: 3.97
Fold 1 - Train: 3681 samples, Test: 920 samples
  random_forest (4, 100): validity: 0.4174, accuracy: 0.9185, L2: 1.1365, L0: 3.97
Fold 1 - Train: 3681 samples, Test: 920 samples
  xgboost (4, 100): validity: 0.5359, accuracy: 0.9554, L2: 1.1365, L0: 3.97
Fold 1 - Train: 3681 samples, Test: 920 samples
  lightgbm (4, 100): validity: 0.6272, accuracy: 0.9565, L2: 1.1365, L0: 3.97
Fold 1 - Train: 3681 samples, Test: 920 samples
  random_forest (5, 100): validity: 1.0000, accuracy: 0.9250, L2: 1.1365, L0: 3.97
Fold 1 - Train: 3681 samples, Test: 920 samples
  xgboost (5, 100): validity: 0.5076, accuracy: 0.9620, L2: 1.1365, L0: 3.97
Fold 1 - Train: 3681 samples, Test: 920 samples
  lightgbm (5, 100): validity: 0.5924, accuracy: 0.9598, L2: 1.1365, L0: 3.97
Fold 1 - Train: 3681 samples, Test: 920 samples
  random_forest (6, 100): validity: 0.6533, accuracy: 0.9261, L2: 1.1365, L0: 3.97
Fold 1 - Train: 3681 samples, Test: 920 samples
  xgboost (6, 100): validity: 0.5141, accuracy: 0.9587, L2: 1.1365, L0: 3.97
Fold 1 - Train: 3681 samples, Test: 920 samples
  lightgbm (6, 100): validity: 0.6087, accuracy: 0.9620, L2: 1.1365, L0: 3.97
Fold 1 - Train: 3681 samples, Test: 920 samples
  random_forest (5, 50): validity: 0.6902, accuracy: 0.9239, L2: 1.1365, L0: 3.97
Fold 1 - Train: 3681 samples, Test: 920 samples
  xgboost (5, 50): validity: 0.5511, accuracy: 0.9576, L2: 1.1365, L0: 3.97
Fold 1 - Train: 3681 samples, Test: 920 samples
  lightgbm (5, 50): validity: 0.6793, accuracy: 0.9457, L2: 1.1365, L0: 3.97
Fold 1 - Train: 3681 samples, Test: 920 samples
  random_forest (5, 100): validity: 1.0000, accuracy: 0.9250, L2: 1.1365, L0: 3.97
Fold 1 - Train: 3681 samples, Test: 920 samples
  xgboost (5, 100): validity: 0.5076, accuracy: 0.9620, L2: 1.1365, L0: 3.97
Fold 1 - Train: 3681 samples, Test: 920 samples
  lightgbm (5, 100): validity: 0.5924, accuracy: 0.9598, L2: 1.1365, L0: 3.97
Fold 1 - Train: 3681 samples, Test: 920 samples
  random_forest (5, 150): validity: 0.6489, accuracy: 0.9250, L2: 1.1365, L0: 3.97
Fold 1 - Train: 3681 samples, Test: 920 samples
  xgboost (5, 150): validity: 0.4935, accuracy: 0.9609, L2: 1.1365, L0: 3.97
Fold 1 - Train: 3681 samples, Test: 920 samples
  lightgbm (5, 150): validity: 0.5761, accuracy: 0.9620, L2: 1.1365, L0: 3.97
Fold 1 - Train: 3681 samples, Test: 920 samples
  random_forest (5, 200): validity: 0.5587, accuracy: 0.9228, L2: 1.1365, L0: 3.97
Fold 1 - Train: 3681 samples, Test: 920 samples
  xgboost (5, 200): validity: 0.4717, accuracy: 0.9587, L2: 1.1365, L0: 3.97
Fold 1 - Train: 3681 samples, Test: 920 samples
  lightgbm (5, 200): validity: 0.5543, accuracy: 0.9609, L2: 1.1365, L0: 3.97
Fold 1 - Train: 3681 samples, Test: 920 samples
  adaboost (3, 50): validity: 0.6652, accuracy: 0.9435, L2: 1.1365, L0: 3.97
Fold 1 - Train: 3681 samples, Test: 920 samples
  adaboost (3, 100): validity: 0.6391, accuracy: 0.9380, L2: 1.1365, L0: 3.97
Fold 1 - Train: 3681 samples, Test: 920 samples
  adaboost (3, 150): validity: 0.6446, accuracy: 0.9370, L2: 1.1365, L0: 3.97
Fold 1 - Train: 3681 samples, Test: 920 samples
  adaboost (3, 200): validity: 0.6087, accuracy: 0.9413, L2: 1.1365, L0: 3.97

--- FOLD 2 ANALYSIS ---
--------------------------------------------------
Fold 2 - Train: 3681 samples, Test: 920 samples
Fold 2 - Train: 3681 samples, Test: 920 samples
Fold 2 data shapes:
  Raw train: (3681, 58)
  Processed - Train: (3681, 58), Test: (920, 58)
  Training samples: 3681
  Test samples: 920
  Features: 57
  Class distribution - Train: [2231 1450]
  Class distribution - Test: [557 363]

Training baseline model for fold 2...
  Train accuracy: 0.9326
  Test accuracy: 0.9228
Setting up DiCE framework for fold 2...
Generating counterfactuals for fold 2...
Generating counterfactuals using method: random
Test set size: 920 samples
Counterfactual generation complete:
  Successful: 920/920 (100.00%)
  Failed: 0/920 (0.00%)
  Success rate: 100.00%
  Baseline validity: 1.0000 (920/920)
  Baseline L2 distance: 1.2375
  Baseline L0 distance: 4.54
  Baseline LOF score: 0.7174

Testing data perturbations for fold 2...
  minor_deletion:
Fold 2 - Train: 3681 samples, Test: 920 samples
    Bin 0: Remove 0% -> validity: 1.0000, accuracy: 0.9228, L2: 1.2375, L0: 4.54
Fold 2 - Train: 3681 samples, Test: 920 samples
    Bin 5: Remove 5% -> validity: 0.5815, accuracy: 0.9250, L2: 1.2375, L0: 4.54
Fold 2 - Train: 3681 samples, Test: 920 samples
    Bin 10: Remove 10% -> validity: 0.4261, accuracy: 0.9109, L2: 1.2375, L0: 4.54
Fold 2 - Train: 3681 samples, Test: 920 samples
    Bin 15: Remove 15% -> validity: 0.3196, accuracy: 0.9054, L2: 1.2375, L0: 4.54
Fold 2 - Train: 3681 samples, Test: 920 samples
    Bin 20: Remove 20% -> validity: 0.3054, accuracy: 0.8924, L2: 1.2375, L0: 4.54
  major_deletion:
Fold 2 - Train: 3681 samples, Test: 920 samples
    Bin 0: Remove 0% -> validity: 1.0000, accuracy: 0.9228, L2: 1.2375, L0: 4.54
Fold 2 - Train: 3681 samples, Test: 920 samples
    Bin 1: Remove 50% -> validity: 0.0000, accuracy: 0.6054, L2: 1.2375, L0: 4.54
  minor_addition:
Fold 2 - Train: 3681 samples, Test: 920 samples
    Bin 0: Use 80% -> validity: 0.5848, accuracy: 0.9174, L2: 1.2375, L0: 4.54
Fold 2 - Train: 3681 samples, Test: 920 samples
    Bin 5: Use 85% -> validity: 0.5793, accuracy: 0.9196, L2: 1.2375, L0: 4.54
Fold 2 - Train: 3681 samples, Test: 920 samples
    Bin 10: Use 90% -> validity: 0.6304, accuracy: 0.9272, L2: 1.2375, L0: 4.54
Fold 2 - Train: 3681 samples, Test: 920 samples
    Bin 15: Use 95% -> validity: 0.6913, accuracy: 0.9261, L2: 1.2375, L0: 4.54
Fold 2 - Train: 3681 samples, Test: 920 samples
    Bin 20: Use 100% -> validity: 1.0000, accuracy: 0.9228, L2: 1.2375, L0: 4.54
  major_addition:
Fold 2 - Train: 3681 samples, Test: 920 samples
    Bin 0: Use 50% -> validity: 0.4217, accuracy: 0.7859, L2: 1.2375, L0: 4.54
Fold 2 - Train: 3681 samples, Test: 920 samples
    Bin 1: Use 100% -> validity: 1.0000, accuracy: 0.9228, L2: 1.2375, L0: 4.54

Testing model perturbations for fold 2...
Fold 2 - Train: 3681 samples, Test: 920 samples
  random_forest (3, 100): validity: 0.3761, accuracy: 0.9076, L2: 1.2375, L0: 4.54
Fold 2 - Train: 3681 samples, Test: 920 samples
  xgboost (3, 100): validity: 0.5609, accuracy: 0.9533, L2: 1.2375, L0: 4.54
Fold 2 - Train: 3681 samples, Test: 920 samples
  lightgbm (3, 100): validity: 0.5902, accuracy: 0.9457, L2: 1.2375, L0: 4.54
Fold 2 - Train: 3681 samples, Test: 920 samples
  random_forest (4, 100): validity: 0.4750, accuracy: 0.9196, L2: 1.2375, L0: 4.54
Fold 2 - Train: 3681 samples, Test: 920 samples
  xgboost (4, 100): validity: 0.4967, accuracy: 0.9500, L2: 1.2375, L0: 4.54
Fold 2 - Train: 3681 samples, Test: 920 samples
  lightgbm (4, 100): validity: 0.5663, accuracy: 0.9522, L2: 1.2375, L0: 4.54
Fold 2 - Train: 3681 samples, Test: 920 samples
  random_forest (5, 100): validity: 1.0000, accuracy: 0.9228, L2: 1.2375, L0: 4.54
Fold 2 - Train: 3681 samples, Test: 920 samples
  xgboost (5, 100): validity: 0.4967, accuracy: 0.9587, L2: 1.2375, L0: 4.54
Fold 2 - Train: 3681 samples, Test: 920 samples
  lightgbm (5, 100): validity: 0.5891, accuracy: 0.9533, L2: 1.2375, L0: 4.54
Fold 2 - Train: 3681 samples, Test: 920 samples
  random_forest (6, 100): validity: 0.5641, accuracy: 0.9348, L2: 1.2375, L0: 4.54
Fold 2 - Train: 3681 samples, Test: 920 samples
  xgboost (6, 100): validity: 0.5402, accuracy: 0.9587, L2: 1.2375, L0: 4.54
Fold 2 - Train: 3681 samples, Test: 920 samples
  lightgbm (6, 100): validity: 0.5946, accuracy: 0.9565, L2: 1.2375, L0: 4.54
Fold 2 - Train: 3681 samples, Test: 920 samples
  random_forest (5, 50): validity: 0.7696, accuracy: 0.9272, L2: 1.2375, L0: 4.54
Fold 2 - Train: 3681 samples, Test: 920 samples
  xgboost (5, 50): validity: 0.4957, accuracy: 0.9587, L2: 1.2375, L0: 4.54
Fold 2 - Train: 3681 samples, Test: 920 samples
  lightgbm (5, 50): validity: 0.6261, accuracy: 0.9478, L2: 1.2375, L0: 4.54
Fold 2 - Train: 3681 samples, Test: 920 samples
  random_forest (5, 100): validity: 1.0000, accuracy: 0.9228, L2: 1.2375, L0: 4.54
Fold 2 - Train: 3681 samples, Test: 920 samples
  xgboost (5, 100): validity: 0.4967, accuracy: 0.9587, L2: 1.2375, L0: 4.54
Fold 2 - Train: 3681 samples, Test: 920 samples
  lightgbm (5, 100): validity: 0.5891, accuracy: 0.9533, L2: 1.2375, L0: 4.54
Fold 2 - Train: 3681 samples, Test: 920 samples
  random_forest (5, 150): validity: 0.7272, accuracy: 0.9261, L2: 1.2375, L0: 4.54
Fold 2 - Train: 3681 samples, Test: 920 samples
  xgboost (5, 150): validity: 0.4891, accuracy: 0.9587, L2: 1.2375, L0: 4.54
Fold 2 - Train: 3681 samples, Test: 920 samples
  lightgbm (5, 150): validity: 0.5620, accuracy: 0.9543, L2: 1.2375, L0: 4.54
Fold 2 - Train: 3681 samples, Test: 920 samples
  random_forest (5, 200): validity: 0.6685, accuracy: 0.9261, L2: 1.2375, L0: 4.54
Fold 2 - Train: 3681 samples, Test: 920 samples
  xgboost (5, 200): validity: 0.4902, accuracy: 0.9587, L2: 1.2375, L0: 4.54
Fold 2 - Train: 3681 samples, Test: 920 samples
  lightgbm (5, 200): validity: 0.5326, accuracy: 0.9587, L2: 1.2375, L0: 4.54
Fold 2 - Train: 3681 samples, Test: 920 samples
  adaboost (3, 50): validity: 0.5587, accuracy: 0.9489, L2: 1.2375, L0: 4.54
Fold 2 - Train: 3681 samples, Test: 920 samples
  adaboost (3, 100): validity: 0.5685, accuracy: 0.9457, L2: 1.2375, L0: 4.54
Fold 2 - Train: 3681 samples, Test: 920 samples
  adaboost (3, 150): validity: 0.6011, accuracy: 0.9533, L2: 1.2375, L0: 4.54
Fold 2 - Train: 3681 samples, Test: 920 samples
  adaboost (3, 200): validity: 0.5620, accuracy: 0.9576, L2: 1.2375, L0: 4.54

--- FOLD 3 ANALYSIS ---
--------------------------------------------------
Fold 3 - Train: 3681 samples, Test: 920 samples
Fold 3 - Train: 3681 samples, Test: 920 samples
Fold 3 data shapes:
  Raw train: (3681, 58)
  Processed - Train: (3681, 58), Test: (920, 58)
  Training samples: 3681
  Test samples: 920
  Features: 57
  Class distribution - Train: [2230 1451]
  Class distribution - Test: [558 362]

Training baseline model for fold 3...
  Train accuracy: 0.9324
  Test accuracy: 0.9359
Setting up DiCE framework for fold 3...
Generating counterfactuals for fold 3...
Generating counterfactuals using method: random
Test set size: 920 samples
Counterfactual generation complete:
  Successful: 920/920 (100.00%)
  Failed: 0/920 (0.00%)
  Success rate: 100.00%
  Baseline validity: 1.0000 (920/920)
  Baseline L2 distance: 1.2222
  Baseline L0 distance: 4.71
  Baseline LOF score: 0.7761

Testing data perturbations for fold 3...
  minor_deletion:
Fold 3 - Train: 3681 samples, Test: 920 samples
    Bin 0: Remove 0% -> validity: 1.0000, accuracy: 0.9359, L2: 1.2222, L0: 4.71
Fold 3 - Train: 3681 samples, Test: 920 samples
    Bin 5: Remove 5% -> validity: 0.4772, accuracy: 0.9293, L2: 1.2222, L0: 4.71
Fold 3 - Train: 3681 samples, Test: 920 samples
    Bin 10: Remove 10% -> validity: 0.4804, accuracy: 0.9217, L2: 1.2222, L0: 4.71
Fold 3 - Train: 3681 samples, Test: 920 samples
    Bin 15: Remove 15% -> validity: 0.3500, accuracy: 0.9163, L2: 1.2222, L0: 4.71
Fold 3 - Train: 3681 samples, Test: 920 samples
    Bin 20: Remove 20% -> validity: 0.2587, accuracy: 0.9033, L2: 1.2222, L0: 4.71
  major_deletion:
Fold 3 - Train: 3681 samples, Test: 920 samples
    Bin 0: Remove 0% -> validity: 1.0000, accuracy: 0.9359, L2: 1.2222, L0: 4.71
Fold 3 - Train: 3681 samples, Test: 920 samples
    Bin 1: Remove 50% -> validity: 0.0000, accuracy: 0.6065, L2: 1.2222, L0: 4.71
  minor_addition:
Fold 3 - Train: 3681 samples, Test: 920 samples
    Bin 0: Use 80% -> validity: 0.5587, accuracy: 0.9152, L2: 1.2222, L0: 4.71
Fold 3 - Train: 3681 samples, Test: 920 samples
    Bin 5: Use 85% -> validity: 0.5891, accuracy: 0.9163, L2: 1.2222, L0: 4.71
Fold 3 - Train: 3681 samples, Test: 920 samples
    Bin 10: Use 90% -> validity: 0.6076, accuracy: 0.9228, L2: 1.2222, L0: 4.71
Fold 3 - Train: 3681 samples, Test: 920 samples
    Bin 15: Use 95% -> validity: 0.5717, accuracy: 0.9337, L2: 1.2222, L0: 4.71
Fold 3 - Train: 3681 samples, Test: 920 samples
    Bin 20: Use 100% -> validity: 1.0000, accuracy: 0.9359, L2: 1.2222, L0: 4.71
  major_addition:
Fold 3 - Train: 3681 samples, Test: 920 samples
    Bin 0: Use 50% -> validity: 0.4000, accuracy: 0.7902, L2: 1.2222, L0: 4.71
Fold 3 - Train: 3681 samples, Test: 920 samples
    Bin 1: Use 100% -> validity: 1.0000, accuracy: 0.9359, L2: 1.2222, L0: 4.71

Testing model perturbations for fold 3...
Fold 3 - Train: 3681 samples, Test: 920 samples
  random_forest (3, 100): validity: 0.3587, accuracy: 0.9196, L2: 1.2222, L0: 4.71
Fold 3 - Train: 3681 samples, Test: 920 samples
  xgboost (3, 100): validity: 0.6239, accuracy: 0.9478, L2: 1.2222, L0: 4.71
Fold 3 - Train: 3681 samples, Test: 920 samples
  lightgbm (3, 100): validity: 0.6533, accuracy: 0.9511, L2: 1.2222, L0: 4.71
Fold 3 - Train: 3681 samples, Test: 920 samples
  random_forest (4, 100): validity: 0.4848, accuracy: 0.9315, L2: 1.2222, L0: 4.71
Fold 3 - Train: 3681 samples, Test: 920 samples
  xgboost (4, 100): validity: 0.5685, accuracy: 0.9533, L2: 1.2222, L0: 4.71
Fold 3 - Train: 3681 samples, Test: 920 samples
  lightgbm (4, 100): validity: 0.6500, accuracy: 0.9457, L2: 1.2222, L0: 4.71
Fold 3 - Train: 3681 samples, Test: 920 samples
  random_forest (5, 100): validity: 1.0000, accuracy: 0.9359, L2: 1.2222, L0: 4.71
Fold 3 - Train: 3681 samples, Test: 920 samples
  xgboost (5, 100): validity: 0.5293, accuracy: 0.9533, L2: 1.2222, L0: 4.71
Fold 3 - Train: 3681 samples, Test: 920 samples
  lightgbm (5, 100): validity: 0.6239, accuracy: 0.9500, L2: 1.2222, L0: 4.71
Fold 3 - Train: 3681 samples, Test: 920 samples
  random_forest (6, 100): validity: 0.6304, accuracy: 0.9380, L2: 1.2222, L0: 4.71
Fold 3 - Train: 3681 samples, Test: 920 samples
  xgboost (6, 100): validity: 0.5533, accuracy: 0.9543, L2: 1.2222, L0: 4.71
Fold 3 - Train: 3681 samples, Test: 920 samples
  lightgbm (6, 100): validity: 0.6239, accuracy: 0.9522, L2: 1.2222, L0: 4.71
Fold 3 - Train: 3681 samples, Test: 920 samples
  random_forest (5, 50): validity: 0.6880, accuracy: 0.9337, L2: 1.2222, L0: 4.71
Fold 3 - Train: 3681 samples, Test: 920 samples
  xgboost (5, 50): validity: 0.5739, accuracy: 0.9478, L2: 1.2222, L0: 4.71
Fold 3 - Train: 3681 samples, Test: 920 samples
  lightgbm (5, 50): validity: 0.6543, accuracy: 0.9457, L2: 1.2222, L0: 4.71
Fold 3 - Train: 3681 samples, Test: 920 samples
  random_forest (5, 100): validity: 1.0000, accuracy: 0.9359, L2: 1.2222, L0: 4.71
Fold 3 - Train: 3681 samples, Test: 920 samples
  xgboost (5, 100): validity: 0.5293, accuracy: 0.9533, L2: 1.2222, L0: 4.71
Fold 3 - Train: 3681 samples, Test: 920 samples
  lightgbm (5, 100): validity: 0.6239, accuracy: 0.9500, L2: 1.2222, L0: 4.71
Fold 3 - Train: 3681 samples, Test: 920 samples
  random_forest (5, 150): validity: 0.7033, accuracy: 0.9370, L2: 1.2222, L0: 4.71
Fold 3 - Train: 3681 samples, Test: 920 samples
  xgboost (5, 150): validity: 0.4978, accuracy: 0.9478, L2: 1.2222, L0: 4.71
Fold 3 - Train: 3681 samples, Test: 920 samples
  lightgbm (5, 150): validity: 0.6250, accuracy: 0.9522, L2: 1.2222, L0: 4.71
Fold 3 - Train: 3681 samples, Test: 920 samples
  random_forest (5, 200): validity: 0.6098, accuracy: 0.9326, L2: 1.2222, L0: 4.71
Fold 3 - Train: 3681 samples, Test: 920 samples
  xgboost (5, 200): validity: 0.5065, accuracy: 0.9500, L2: 1.2222, L0: 4.71
Fold 3 - Train: 3681 samples, Test: 920 samples
  lightgbm (5, 200): validity: 0.6152, accuracy: 0.9511, L2: 1.2222, L0: 4.71
Fold 3 - Train: 3681 samples, Test: 920 samples
  adaboost (3, 50): validity: 0.6152, accuracy: 0.9413, L2: 1.2222, L0: 4.71
Fold 3 - Train: 3681 samples, Test: 920 samples
  adaboost (3, 100): validity: 0.5707, accuracy: 0.9489, L2: 1.2222, L0: 4.71
Fold 3 - Train: 3681 samples, Test: 920 samples
  adaboost (3, 150): validity: 0.5848, accuracy: 0.9446, L2: 1.2222, L0: 4.71
Fold 3 - Train: 3681 samples, Test: 920 samples
  adaboost (3, 200): validity: 0.5554, accuracy: 0.9457, L2: 1.2222, L0: 4.71

--- FOLD 4 ANALYSIS ---
--------------------------------------------------
Fold 4 - Train: 3681 samples, Test: 920 samples
Fold 4 - Train: 3681 samples, Test: 920 samples
Fold 4 data shapes:
  Raw train: (3681, 58)
  Processed - Train: (3681, 58), Test: (920, 58)
  Training samples: 3681
  Test samples: 920
  Features: 57
  Class distribution - Train: [2230 1451]
  Class distribution - Test: [558 362]

Training baseline model for fold 4...
  Train accuracy: 0.9372
  Test accuracy: 0.9250
Setting up DiCE framework for fold 4...
Generating counterfactuals for fold 4...
Generating counterfactuals using method: random
Test set size: 920 samples
Counterfactual generation complete:
  Successful: 920/920 (100.00%)
  Failed: 0/920 (0.00%)
  Success rate: 100.00%
  Baseline validity: 1.0000 (920/920)
  Baseline L2 distance: 1.1123
  Baseline L0 distance: 3.91
  Baseline LOF score: 0.7935

Testing data perturbations for fold 4...
  minor_deletion:
Fold 4 - Train: 3681 samples, Test: 920 samples
    Bin 0: Remove 0% -> validity: 1.0000, accuracy: 0.9250, L2: 1.1123, L0: 3.91
Fold 4 - Train: 3681 samples, Test: 920 samples
    Bin 5: Remove 5% -> validity: 0.3989, accuracy: 0.9174, L2: 1.1123, L0: 3.91
Fold 4 - Train: 3681 samples, Test: 920 samples
    Bin 10: Remove 10% -> validity: 0.4891, accuracy: 0.9152, L2: 1.1123, L0: 3.91
Fold 4 - Train: 3681 samples, Test: 920 samples
    Bin 15: Remove 15% -> validity: 0.3804, accuracy: 0.9033, L2: 1.1123, L0: 3.91
Fold 4 - Train: 3681 samples, Test: 920 samples
    Bin 20: Remove 20% -> validity: 0.2565, accuracy: 0.8924, L2: 1.1123, L0: 3.91
  major_deletion:
Fold 4 - Train: 3681 samples, Test: 920 samples
    Bin 0: Remove 0% -> validity: 1.0000, accuracy: 0.9250, L2: 1.1123, L0: 3.91
Fold 4 - Train: 3681 samples, Test: 920 samples
    Bin 1: Remove 50% -> validity: 0.0000, accuracy: 0.6065, L2: 1.1123, L0: 3.91
  minor_addition:
Fold 4 - Train: 3681 samples, Test: 920 samples
    Bin 0: Use 80% -> validity: 0.5304, accuracy: 0.9065, L2: 1.1123, L0: 3.91
Fold 4 - Train: 3681 samples, Test: 920 samples
    Bin 5: Use 85% -> validity: 0.5750, accuracy: 0.9152, L2: 1.1123, L0: 3.91
Fold 4 - Train: 3681 samples, Test: 920 samples
    Bin 10: Use 90% -> validity: 0.6076, accuracy: 0.9196, L2: 1.1123, L0: 3.91
Fold 4 - Train: 3681 samples, Test: 920 samples
    Bin 15: Use 95% -> validity: 0.7522, accuracy: 0.9217, L2: 1.1123, L0: 3.91
Fold 4 - Train: 3681 samples, Test: 920 samples
    Bin 20: Use 100% -> validity: 1.0000, accuracy: 0.9250, L2: 1.1123, L0: 3.91
  major_addition:
Fold 4 - Train: 3681 samples, Test: 920 samples
    Bin 0: Use 50% -> validity: 0.3598, accuracy: 0.8054, L2: 1.1123, L0: 3.91
Fold 4 - Train: 3681 samples, Test: 920 samples
    Bin 1: Use 100% -> validity: 1.0000, accuracy: 0.9250, L2: 1.1123, L0: 3.91

Testing model perturbations for fold 4...
Fold 4 - Train: 3681 samples, Test: 920 samples
  random_forest (3, 100): validity: 0.2989, accuracy: 0.9098, L2: 1.1123, L0: 3.91
Fold 4 - Train: 3681 samples, Test: 920 samples
  xgboost (3, 100): validity: 0.5696, accuracy: 0.9457, L2: 1.1123, L0: 3.91
Fold 4 - Train: 3681 samples, Test: 920 samples
  lightgbm (3, 100): validity: 0.6565, accuracy: 0.9413, L2: 1.1123, L0: 3.91
Fold 4 - Train: 3681 samples, Test: 920 samples
  random_forest (4, 100): validity: 0.3826, accuracy: 0.9196, L2: 1.1123, L0: 3.91
Fold 4 - Train: 3681 samples, Test: 920 samples
  xgboost (4, 100): validity: 0.5435, accuracy: 0.9489, L2: 1.1123, L0: 3.91
Fold 4 - Train: 3681 samples, Test: 920 samples
  lightgbm (4, 100): validity: 0.6022, accuracy: 0.9424, L2: 1.1123, L0: 3.91
Fold 4 - Train: 3681 samples, Test: 920 samples
  random_forest (5, 100): validity: 1.0000, accuracy: 0.9250, L2: 1.1123, L0: 3.91
Fold 4 - Train: 3681 samples, Test: 920 samples
  xgboost (5, 100): validity: 0.4913, accuracy: 0.9467, L2: 1.1123, L0: 3.91
Fold 4 - Train: 3681 samples, Test: 920 samples
  lightgbm (5, 100): validity: 0.5978, accuracy: 0.9424, L2: 1.1123, L0: 3.91
Fold 4 - Train: 3681 samples, Test: 920 samples
  random_forest (6, 100): validity: 0.5946, accuracy: 0.9293, L2: 1.1123, L0: 3.91
Fold 4 - Train: 3681 samples, Test: 920 samples
  xgboost (6, 100): validity: 0.4957, accuracy: 0.9457, L2: 1.1123, L0: 3.91
Fold 4 - Train: 3681 samples, Test: 920 samples
  lightgbm (6, 100): validity: 0.5859, accuracy: 0.9446, L2: 1.1123, L0: 3.91
Fold 4 - Train: 3681 samples, Test: 920 samples
  random_forest (5, 50): validity: 0.7261, accuracy: 0.9283, L2: 1.1123, L0: 3.91
Fold 4 - Train: 3681 samples, Test: 920 samples
  xgboost (5, 50): validity: 0.5500, accuracy: 0.9457, L2: 1.1123, L0: 3.91
Fold 4 - Train: 3681 samples, Test: 920 samples
  lightgbm (5, 50): validity: 0.6946, accuracy: 0.9402, L2: 1.1123, L0: 3.91
Fold 4 - Train: 3681 samples, Test: 920 samples
  random_forest (5, 100): validity: 1.0000, accuracy: 0.9250, L2: 1.1123, L0: 3.91
Fold 4 - Train: 3681 samples, Test: 920 samples
  xgboost (5, 100): validity: 0.4913, accuracy: 0.9467, L2: 1.1123, L0: 3.91
Fold 4 - Train: 3681 samples, Test: 920 samples
  lightgbm (5, 100): validity: 0.5978, accuracy: 0.9424, L2: 1.1123, L0: 3.91
Fold 4 - Train: 3681 samples, Test: 920 samples
  random_forest (5, 150): validity: 0.7011, accuracy: 0.9272, L2: 1.1123, L0: 3.91
Fold 4 - Train: 3681 samples, Test: 920 samples
  xgboost (5, 150): validity: 0.4739, accuracy: 0.9467, L2: 1.1123, L0: 3.91
Fold 4 - Train: 3681 samples, Test: 920 samples
  lightgbm (5, 150): validity: 0.5543, accuracy: 0.9467, L2: 1.1123, L0: 3.91
Fold 4 - Train: 3681 samples, Test: 920 samples
  random_forest (5, 200): validity: 0.6163, accuracy: 0.9272, L2: 1.1123, L0: 3.91
Fold 4 - Train: 3681 samples, Test: 920 samples
  xgboost (5, 200): validity: 0.4859, accuracy: 0.9435, L2: 1.1123, L0: 3.91
Fold 4 - Train: 3681 samples, Test: 920 samples
  lightgbm (5, 200): validity: 0.5478, accuracy: 0.9457, L2: 1.1123, L0: 3.91
Fold 4 - Train: 3681 samples, Test: 920 samples
  adaboost (3, 50): validity: 0.5848, accuracy: 0.9359, L2: 1.1123, L0: 3.91
Fold 4 - Train: 3681 samples, Test: 920 samples
  adaboost (3, 100): validity: 0.5489, accuracy: 0.9402, L2: 1.1123, L0: 3.91
Fold 4 - Train: 3681 samples, Test: 920 samples
  adaboost (3, 150): validity: 0.5728, accuracy: 0.9467, L2: 1.1123, L0: 3.91
Fold 4 - Train: 3681 samples, Test: 920 samples
  adaboost (3, 200): validity: 0.5500, accuracy: 0.9489, L2: 1.1123, L0: 3.91

4. Generating comprehensive summary of counterfactual robustness...
================================================================================

FOLD-BY-FOLD RESULTS AND AGGREGATES:
----------------------------------------------------------------------------------------------------

BASELINE PERFORMANCE ACROSS ALL FOLDS:
--------------------------------------------------------------------------------
Model Accuracy: 0.9255 ± 0.0057
CF Success Rate: 1.0000 ± 0.0000
CF Validity: 1.0000 ± 0.0000
CF L2 Distance: 1.1772 ± 0.0480
CF L0 Distance: 4.2799 ± 0.3105
CF LOF Score: 0.7692 ± 0.0266
Individual fold model accuracies: ['0.9186', '0.9250', '0.9228', '0.9359', '0.9250']
Individual fold CF success rates: ['1.0000', '1.0000', '1.0000', '1.0000', '1.0000']
Individual fold CF validities: ['1.0000', '1.0000', '1.0000', '1.0000', '1.0000']

DATA PERTURBATION ROBUSTNESS SUMMARY:
------------------------------------------------------------------------------------------------------------------------------------------------------
Perturbation    Bin   Data         Mean Validity Std Validity Mean Accuracy Std Accuracy Mean L2    Mean L0    Validity Δ  Per-Fold Validities
------------------------------------------------------------------------------------------------------------------------------------------------------
minor_deletion  0     Remove 0%    1.0000        0.0000       0.9255        0.0057       1.1772     4.28       +0.0000     ['1.000', '1.000', '1.000', '1.000', '1.000']
minor_deletion  5     Remove 5%    0.4971        0.0614       0.9222        0.0046       1.1772     4.28       -0.5029     ['0.537', '0.490', '0.582', '0.477', '0.399']
minor_deletion  10    Remove 10%   0.4256        0.0558       0.9159        0.0039       1.1772     4.28       -0.5744     ['0.393', '0.339', '0.426', '0.480', '0.489']
minor_deletion  15    Remove 15%   0.3401        0.0240       0.9065        0.0055       1.1772     4.28       -0.6599     ['0.338', '0.313', '0.320', '0.350', '0.380']
minor_deletion  20    Remove 20%   0.2723        0.0184       0.8931        0.0055       1.1772     4.28       -0.7277     ['0.262', '0.279', '0.305', '0.259', '0.257']
major_deletion  0     Remove 0%    1.0000        0.0000       0.9255        0.0057       1.1772     4.28       +0.0000     ['1.000', '1.000', '1.000', '1.000', '1.000']
major_deletion  1     Remove 50%   0.0000        0.0000       0.6060        0.0005       1.1772     4.28       -1.0000     ['0.000', '0.000', '0.000', '0.000', '0.000']
minor_addition  0     Use 80%      0.5599        0.0542       0.9135        0.0039       1.1772     4.28       -0.4401     ['0.644', '0.482', '0.585', '0.559', '0.530']
minor_addition  5     Use 85%      0.5762        0.0327       0.9172        0.0014       1.1772     4.28       -0.4238     ['0.619', '0.518', '0.579', '0.589', '0.575']
minor_addition  10    Use 90%      0.5994        0.0219       0.9220        0.0029       1.1772     4.28       -0.4006     ['0.585', '0.566', '0.630', '0.608', '0.608']
minor_addition  15    Use 95%      0.6566        0.0637       0.9259        0.0044       1.1772     4.28       -0.3434     ['0.605', '0.663', '0.691', '0.572', '0.752']
minor_addition  20    Use 100%     1.0000        0.0000       0.9255        0.0057       1.1772     4.28       +0.0000     ['1.000', '1.000', '1.000', '1.000', '1.000']
major_addition  0     Use 50%      0.3734        0.0321       0.7905        0.0100       1.1772     4.28       -0.6266     ['0.339', '0.347', '0.422', '0.400', '0.360']
major_addition  1     Use 100%     1.0000        0.0000       0.9255        0.0057       1.1772     4.28       +0.0000     ['1.000', '1.000', '1.000', '1.000', '1.000']

MODEL PERTURBATION ROBUSTNESS SUMMARY:
------------------------------------------------------------------------------------------------------------------------------------------------------
Model Configuration            Mean Validity Std Validity Mean Accuracy Std Accuracy Mean L2    Mean L0    Validity Δ  Per-Fold Validities
------------------------------------------------------------------------------------------------------------------------------------------------------
random_forest_3_100            0.3382        0.0277       0.9083        0.0064       1.1772     4.28       -0.6618     ['0.340', '0.317', '0.376', '0.359', '0.299']
xgboost_3_100                  0.5877        0.0261       0.9504        0.0060       1.1772     4.28       -0.4123     ['0.615', '0.570', '0.561', '0.624', '0.570']
lightgbm_3_100                 0.6336        0.0237       0.9459        0.0046       1.1772     4.28       -0.3664     ['0.637', '0.630', '0.590', '0.653', '0.657']
random_forest_4_100            0.4516        0.0442       0.9207        0.0058       1.1772     4.28       -0.5484     ['0.498', '0.417', '0.475', '0.485', '0.383']
xgboost_4_100                  0.5364        0.0230       0.9507        0.0034       1.1772     4.28       -0.4636     ['0.537', '0.536', '0.497', '0.568', '0.543']
lightgbm_4_100                 0.6112        0.0278       0.9485        0.0051       1.1772     4.28       -0.3888     ['0.610', '0.627', '0.566', '0.650', '0.602']
random_forest_5_100            1.0000        0.0000       0.9255        0.0057       1.1772     4.28       +0.0000     ['1.000', '1.000', '1.000', '1.000', '1.000', '1.000', '1.000', '1.000', '1.000', '1.000']
xgboost_5_100                  0.5134        0.0193       0.9531        0.0067       1.1772     4.28       -0.4866     ['0.542', '0.542', '0.508', '0.508', '0.497', '0.497', '0.529', '0.529', '0.491', '0.491']
lightgbm_5_100                 0.6014        0.0123       0.9500        0.0062       1.1772     4.28       -0.3986     ['0.604', '0.604', '0.592', '0.592', '0.589', '0.589', '0.624', '0.624', '0.598', '0.598']
random_forest_6_100            0.6005        0.0365       0.9324        0.0042       1.1772     4.28       -0.3995     ['0.560', '0.653', '0.564', '0.630', '0.595']
xgboost_6_100                  0.5325        0.0241       0.9533        0.0052       1.1772     4.28       -0.4675     ['0.559', '0.514', '0.540', '0.553', '0.496']
lightgbm_6_100                 0.6079        0.0159       0.9524        0.0063       1.1772     4.28       -0.3921     ['0.626', '0.609', '0.595', '0.624', '0.586']
random_forest_5_50             0.7086        0.0357       0.9263        0.0050       1.1772     4.28       -0.2914     ['0.669', '0.690', '0.770', '0.688', '0.726']
xgboost_5_50                   0.5481        0.0280       0.9511        0.0058       1.1772     4.28       -0.4519     ['0.570', '0.551', '0.496', '0.574', '0.550']
lightgbm_5_50                  0.6566        0.0271       0.9444        0.0027       1.1772     4.28       -0.3434     ['0.629', '0.679', '0.626', '0.654', '0.695']
random_forest_5_150            0.6988        0.0266       0.9270        0.0056       1.1772     4.28       -0.3012     ['0.713', '0.649', '0.727', '0.703', '0.701']
xgboost_5_150                  0.4992        0.0228       0.9518        0.0067       1.1772     4.28       -0.5008     ['0.542', '0.493', '0.489', '0.498', '0.474']
lightgbm_5_150                 0.5794        0.0246       0.9515        0.0067       1.1772     4.28       -0.4206     ['0.580', '0.576', '0.562', '0.625', '0.554']
random_forest_5_200            0.6127        0.0348       0.9268        0.0033       1.1772     4.28       -0.3873     ['0.610', '0.559', '0.668', '0.610', '0.616']
xgboost_5_200                  0.4968        0.0199       0.9511        0.0066       1.1772     4.28       -0.5032     ['0.530', '0.472', '0.490', '0.507', '0.486']
lightgbm_5_200                 0.5651        0.0286       0.9520        0.0069       1.1772     4.28       -0.4349     ['0.575', '0.554', '0.533', '0.615', '0.548']
adaboost_3_50                  0.5990        0.0381       0.9409        0.0052       1.1772     4.28       -0.4010     ['0.571', '0.665', '0.559', '0.615', '0.585']
adaboost_3_100                 0.5901        0.0348       0.9418        0.0048       1.1772     4.28       -0.4099     ['0.623', '0.639', '0.568', '0.571', '0.549']
adaboost_3_150                 0.6018        0.0244       0.9433        0.0067       1.1772     4.28       -0.3982     ['0.606', '0.645', '0.601', '0.585', '0.573']
adaboost_3_200                 0.5853        0.0386       0.9459        0.0073       1.1772     4.28       -0.4147     ['0.650', '0.609', '0.562', '0.555', '0.550']

================================================================================
COUNTERFACTUAL ROBUSTNESS ANALYSIS COMPLETED!
================================================================================

[SUMMARY] OVERALL SUMMARY STATISTICS:
• Baseline counterfactual validity: 1.0000 ± 0.0000
• Baseline success rate: 1.0000 ± 0.0000
• Baseline model accuracy: 0.9255 ± 0.0057
• Baseline L2 distance: 1.1772 ± 0.0480
• Baseline L0 distance: 4.2799 ± 0.3105
• Baseline LOF score: 0.7692 ± 0.0266

[INSIGHTS] DATA PERTURBATION INSIGHTS:
• Most robust to: major_addition (avg validity change: -0.3133)
• Least robust to: major_deletion (avg validity change: -1.0000)
• Overall data perturbation robustness score: 0.4372 (higher is better)

🤖 MODEL PERTURBATION INSIGHTS:
• Most robust to: random (avg validity change: -0.3700)
• Least robust to: xgboost (avg validity change: -0.4694)
• Overall model perturbation robustness score: 0.5906 (higher is better)

[INSIGHTS] DATA PERTURBATION INSIGHTS:
• Tested 4 types of data perturbations across 5 folds
• Total data perturbation experiments: 70

🤖 MODEL PERTURBATION INSIGHTS:
• Tested 28 different model configurations across 5 folds
• Total model perturbation experiments: 140

[SUMMARY] EXPERIMENT SUMMARY:
• Total experiments across all folds: 215
• Baseline experiments: 5 (one per fold)
• Data perturbation experiments: 70
• Model perturbation experiments: 140

================================================================================
🏁 COMPREHENSIVE COUNTERFACTUAL ROBUSTNESS ANALYSIS COMPLETED!
================================================================================
[TIME] Completed at: 2025-07-29 00:23:20
[LOG] Complete analysis saved to: cf_robustness_analysis_v2_20250728_235408.log
================================================================================
