================================================================================
COUNTERFACTUAL ROBUSTNESS ANALYSIS (v5) - COMPAS DATASET
================================================================================
[LOG] Logging session to: cf_robustness_analysis_v5_compas_20250729_043246.log
[TIME] Started at: 2025-07-29 04:32:46
================================================================================

1. Loading COMPAS dataset...
Original data shape (after removing metadata): (6172, 12)
Dropped 0 rows with missing values
Final data shape: (6172, 12)
Dataset: COMPAS
Label column: Two_yr_Recidivism
Features: 12 features
Feature types:
  Two_yr_Recidivism: B
  Number_of_Priors: N
  score_factor: B
  Age_Above_FourtyFive: B
  Age_Below_TwentyFive: B
  African_American: B
  Asian: B
  Hispanic: B
  Native_American: B
  Other: B
  Female: B
  Misdemeanor: B

2. Analysis parameters:
  Number of folds: 5
Dataset Summary:
Total samples (after cleaning): 6172
Number of features: 11
Label column: Two_yr_Recidivism
Number of folds: 5
Fold Summary:
--------------------------------------------------
Fold 0: Train=4937 samples, Test=1235 samples
Fold 1: Train=4937 samples, Test=1235 samples
Fold 2: Train=4938 samples, Test=1234 samples
Fold 3: Train=4938 samples, Test=1234 samples
Fold 4: Train=4938 samples, Test=1234 samples
--------------------------------------------------
  Data perturbation types: ['minor_deletion', 'major_deletion', 'minor_addition', 'major_addition']
  Model perturbations: 28 configurations
    - random_forest (max_depth=3, n_estimators=100)
    - xgboost (max_depth=3, n_estimators=100)
    - lightgbm (max_depth=3, n_estimators=100)
    - random_forest (max_depth=4, n_estimators=100)
    - xgboost (max_depth=4, n_estimators=100)
    - lightgbm (max_depth=4, n_estimators=100)
    - random_forest (max_depth=5, n_estimators=100)
    - xgboost (max_depth=5, n_estimators=100)
    - lightgbm (max_depth=5, n_estimators=100)
    - random_forest (max_depth=6, n_estimators=100)
    - xgboost (max_depth=6, n_estimators=100)
    - lightgbm (max_depth=6, n_estimators=100)
    - random_forest (max_depth=5, n_estimators=50)
    - xgboost (max_depth=5, n_estimators=50)
    - lightgbm (max_depth=5, n_estimators=50)
    - random_forest (max_depth=5, n_estimators=100)
    - xgboost (max_depth=5, n_estimators=100)
    - lightgbm (max_depth=5, n_estimators=100)
    - random_forest (max_depth=5, n_estimators=150)
    - xgboost (max_depth=5, n_estimators=150)
    - lightgbm (max_depth=5, n_estimators=150)
    - random_forest (max_depth=5, n_estimators=200)
    - xgboost (max_depth=5, n_estimators=200)
    - lightgbm (max_depth=5, n_estimators=200)
    - adaboost (max_depth=3, n_estimators=50)
    - adaboost (max_depth=3, n_estimators=100)
    - adaboost (max_depth=3, n_estimators=150)
    - adaboost (max_depth=3, n_estimators=200)

3. Running comprehensive analysis across all 5 folds...
================================================================================

--- FOLD 0 ANALYSIS ---
--------------------------------------------------
Fold 0 - Train: 4937 samples, Test: 1235 samples
Fold 0 - Train: 4937 samples, Test: 1235 samples
Fold 0 data shapes:
  Raw train: (4937, 12)
  Processed - Train: (4937, 12), Test: (1235, 12)
  Training samples: 4937
  Test samples: 1235
  Features: 11
  Class distribution - Train: [2690 2247]
  Class distribution - Test: [673 562]

Training baseline model for fold 0...
  Train accuracy: 0.6956
  Test accuracy: 0.6704
Setting up DiCE framework for fold 0...
COMPAS feature analysis:
  Categorical features: ['Two_yr_Recidivism', 'score_factor', 'Age_Above_FourtyFive', 'Age_Below_TwentyFive', 'African_American', 'Asian', 'Hispanic', 'Native_American', 'Other', 'Female', 'Misdemeanor']
  Continuous features: ['Number_of_Priors']
Generating counterfactuals for fold 0...
Generating counterfactuals using method: random
Test set size: 1235 samples
Counterfactual generation complete:
  Successful: 1235/1235 (100.00%)
  Failed: 0/1235 (0.00%)
  Success rate: 100.00%
  Baseline validity: 1.0000 (1235/1235)
  Baseline L2 distance: 1.0377
  Baseline L0 distance: 1.61
  Baseline LOF score: 0.7733

Testing data perturbations for fold 0...
  minor_deletion:
Fold 0 - Train: 4937 samples, Test: 1235 samples
    Bin 0: Remove 0% -> validity: 1.0000, accuracy: 0.6704, L2: 1.0377, L0: 1.61
Fold 0 - Train: 4937 samples, Test: 1235 samples
    Bin 5: Remove 5% -> validity: 0.9255, accuracy: 0.6713, L2: 1.0377, L0: 1.61
Fold 0 - Train: 4937 samples, Test: 1235 samples
    Bin 10: Remove 10% -> validity: 0.9344, accuracy: 0.6721, L2: 1.0377, L0: 1.61
Fold 0 - Train: 4937 samples, Test: 1235 samples
    Bin 15: Remove 15% -> validity: 0.9255, accuracy: 0.6704, L2: 1.0377, L0: 1.61
Fold 0 - Train: 4937 samples, Test: 1235 samples
    Bin 20: Remove 20% -> validity: 0.9247, accuracy: 0.6696, L2: 1.0377, L0: 1.61
  major_deletion:
Fold 0 - Train: 4937 samples, Test: 1235 samples
    Bin 0: Remove 0% -> validity: 1.0000, accuracy: 0.6704, L2: 1.0377, L0: 1.61
Fold 0 - Train: 4937 samples, Test: 1235 samples
    Bin 1: Remove 50% -> validity: 0.8534, accuracy: 0.6737, L2: 1.0377, L0: 1.61
  minor_addition:
Fold 0 - Train: 4937 samples, Test: 1235 samples
    Bin 0: Use 80% -> validity: 0.8000, accuracy: 0.6648, L2: 1.0377, L0: 1.61
Fold 0 - Train: 4937 samples, Test: 1235 samples
    Bin 5: Use 85% -> validity: 0.8632, accuracy: 0.6664, L2: 1.0377, L0: 1.61
Fold 0 - Train: 4937 samples, Test: 1235 samples
    Bin 10: Use 90% -> validity: 0.8802, accuracy: 0.6696, L2: 1.0377, L0: 1.61
Fold 0 - Train: 4937 samples, Test: 1235 samples
    Bin 15: Use 95% -> validity: 0.9506, accuracy: 0.6704, L2: 1.0377, L0: 1.61
Fold 0 - Train: 4937 samples, Test: 1235 samples
    Bin 20: Use 100% -> validity: 1.0000, accuracy: 0.6704, L2: 1.0377, L0: 1.61
  major_addition:
Fold 0 - Train: 4937 samples, Test: 1235 samples
    Bin 0: Use 50% -> validity: 0.7887, accuracy: 0.6623, L2: 1.0377, L0: 1.61
Fold 0 - Train: 4937 samples, Test: 1235 samples
    Bin 1: Use 100% -> validity: 1.0000, accuracy: 0.6704, L2: 1.0377, L0: 1.61

Testing model perturbations for fold 0...
Fold 0 - Train: 4937 samples, Test: 1235 samples
  random_forest (3, 100): validity: 0.6283, accuracy: 0.6656, L2: 1.0377, L0: 1.61
Fold 0 - Train: 4937 samples, Test: 1235 samples
  xgboost (3, 100): validity: 0.8486, accuracy: 0.6632, L2: 1.0377, L0: 1.61
Fold 0 - Train: 4937 samples, Test: 1235 samples
  lightgbm (3, 100): validity: 0.8510, accuracy: 0.6737, L2: 1.0377, L0: 1.61
Fold 0 - Train: 4937 samples, Test: 1235 samples
  random_forest (4, 100): validity: 0.7377, accuracy: 0.6721, L2: 1.0377, L0: 1.61
Fold 0 - Train: 4937 samples, Test: 1235 samples
  xgboost (4, 100): validity: 0.8219, accuracy: 0.6640, L2: 1.0377, L0: 1.61
Fold 0 - Train: 4937 samples, Test: 1235 samples
  lightgbm (4, 100): validity: 0.8437, accuracy: 0.6737, L2: 1.0377, L0: 1.61
Fold 0 - Train: 4937 samples, Test: 1235 samples
  random_forest (5, 100): validity: 1.0000, accuracy: 0.6704, L2: 1.0377, L0: 1.61
Fold 0 - Train: 4937 samples, Test: 1235 samples
  xgboost (5, 100): validity: 0.8057, accuracy: 0.6672, L2: 1.0377, L0: 1.61
Fold 0 - Train: 4937 samples, Test: 1235 samples
  lightgbm (5, 100): validity: 0.8073, accuracy: 0.6680, L2: 1.0377, L0: 1.61
Fold 0 - Train: 4937 samples, Test: 1235 samples
  random_forest (6, 100): validity: 0.8891, accuracy: 0.6745, L2: 1.0377, L0: 1.61
Fold 0 - Train: 4937 samples, Test: 1235 samples
  xgboost (6, 100): validity: 0.7765, accuracy: 0.6640, L2: 1.0377, L0: 1.61
Fold 0 - Train: 4937 samples, Test: 1235 samples
  lightgbm (6, 100): validity: 0.7765, accuracy: 0.6648, L2: 1.0377, L0: 1.61
Fold 0 - Train: 4937 samples, Test: 1235 samples
  random_forest (5, 50): validity: 0.9360, accuracy: 0.6745, L2: 1.0377, L0: 1.61
Fold 0 - Train: 4937 samples, Test: 1235 samples
  xgboost (5, 50): validity: 0.8316, accuracy: 0.6648, L2: 1.0377, L0: 1.61
Fold 0 - Train: 4937 samples, Test: 1235 samples
  lightgbm (5, 50): validity: 0.8551, accuracy: 0.6696, L2: 1.0377, L0: 1.61
Fold 0 - Train: 4937 samples, Test: 1235 samples
  random_forest (5, 100): validity: 1.0000, accuracy: 0.6704, L2: 1.0377, L0: 1.61
Fold 0 - Train: 4937 samples, Test: 1235 samples
  xgboost (5, 100): validity: 0.8057, accuracy: 0.6672, L2: 1.0377, L0: 1.61
Fold 0 - Train: 4937 samples, Test: 1235 samples
  lightgbm (5, 100): validity: 0.8073, accuracy: 0.6680, L2: 1.0377, L0: 1.61
Fold 0 - Train: 4937 samples, Test: 1235 samples
  random_forest (5, 150): validity: 0.9441, accuracy: 0.6729, L2: 1.0377, L0: 1.61
Fold 0 - Train: 4937 samples, Test: 1235 samples
  xgboost (5, 150): validity: 0.7830, accuracy: 0.6672, L2: 1.0377, L0: 1.61
Fold 0 - Train: 4937 samples, Test: 1235 samples
  lightgbm (5, 150): validity: 0.8024, accuracy: 0.6688, L2: 1.0377, L0: 1.61
Fold 0 - Train: 4937 samples, Test: 1235 samples
  random_forest (5, 200): validity: 0.9530, accuracy: 0.6704, L2: 1.0377, L0: 1.61
Fold 0 - Train: 4937 samples, Test: 1235 samples
  xgboost (5, 200): validity: 0.7838, accuracy: 0.6623, L2: 1.0377, L0: 1.61
Fold 0 - Train: 4937 samples, Test: 1235 samples
  lightgbm (5, 200): validity: 0.8000, accuracy: 0.6672, L2: 1.0377, L0: 1.61
Fold 0 - Train: 4937 samples, Test: 1235 samples
  adaboost (3, 50): validity: 0.7879, accuracy: 0.6599, L2: 1.0377, L0: 1.61
Fold 0 - Train: 4937 samples, Test: 1235 samples
  adaboost (3, 100): validity: 0.7676, accuracy: 0.6632, L2: 1.0377, L0: 1.61
Fold 0 - Train: 4937 samples, Test: 1235 samples
  adaboost (3, 150): validity: 0.7773, accuracy: 0.6607, L2: 1.0377, L0: 1.61
Fold 0 - Train: 4937 samples, Test: 1235 samples
  adaboost (3, 200): validity: 0.7676, accuracy: 0.6623, L2: 1.0377, L0: 1.61

--- FOLD 1 ANALYSIS ---
--------------------------------------------------
Fold 1 - Train: 4937 samples, Test: 1235 samples
Fold 1 - Train: 4937 samples, Test: 1235 samples
Fold 1 data shapes:
  Raw train: (4937, 12)
  Processed - Train: (4937, 12), Test: (1235, 12)
  Training samples: 4937
  Test samples: 1235
  Features: 11
  Class distribution - Train: [2690 2247]
  Class distribution - Test: [673 562]

Training baseline model for fold 1...
  Train accuracy: 0.6933
  Test accuracy: 0.6947
Setting up DiCE framework for fold 1...
COMPAS feature analysis:
  Categorical features: ['Two_yr_Recidivism', 'score_factor', 'Age_Above_FourtyFive', 'Age_Below_TwentyFive', 'African_American', 'Asian', 'Hispanic', 'Native_American', 'Other', 'Female', 'Misdemeanor']
  Continuous features: ['Number_of_Priors']
Generating counterfactuals for fold 1...
Generating counterfactuals using method: random
Test set size: 1235 samples
Counterfactual generation complete:
  Successful: 1235/1235 (100.00%)
  Failed: 0/1235 (0.00%)
  Success rate: 100.00%
  Baseline validity: 1.0000 (1235/1235)
  Baseline L2 distance: 0.9561
  Baseline L0 distance: 1.50
  Baseline LOF score: 0.7360

Testing data perturbations for fold 1...
  minor_deletion:
Fold 1 - Train: 4937 samples, Test: 1235 samples
    Bin 0: Remove 0% -> validity: 1.0000, accuracy: 0.6947, L2: 0.9561, L0: 1.50
Fold 1 - Train: 4937 samples, Test: 1235 samples
    Bin 5: Remove 5% -> validity: 0.8502, accuracy: 0.6931, L2: 0.9561, L0: 1.50
Fold 1 - Train: 4937 samples, Test: 1235 samples
    Bin 10: Remove 10% -> validity: 0.9174, accuracy: 0.6964, L2: 0.9561, L0: 1.50
Fold 1 - Train: 4937 samples, Test: 1235 samples
    Bin 15: Remove 15% -> validity: 0.9263, accuracy: 0.6907, L2: 0.9561, L0: 1.50
Fold 1 - Train: 4937 samples, Test: 1235 samples
    Bin 20: Remove 20% -> validity: 0.9296, accuracy: 0.6923, L2: 0.9561, L0: 1.50
  major_deletion:
Fold 1 - Train: 4937 samples, Test: 1235 samples
    Bin 0: Remove 0% -> validity: 1.0000, accuracy: 0.6947, L2: 0.9561, L0: 1.50
Fold 1 - Train: 4937 samples, Test: 1235 samples
    Bin 1: Remove 50% -> validity: 0.8891, accuracy: 0.6915, L2: 0.9561, L0: 1.50
  minor_addition:
Fold 1 - Train: 4937 samples, Test: 1235 samples
    Bin 0: Use 80% -> validity: 0.8518, accuracy: 0.6947, L2: 0.9561, L0: 1.50
Fold 1 - Train: 4937 samples, Test: 1235 samples
    Bin 5: Use 85% -> validity: 0.9020, accuracy: 0.6972, L2: 0.9561, L0: 1.50
Fold 1 - Train: 4937 samples, Test: 1235 samples
    Bin 10: Use 90% -> validity: 0.8996, accuracy: 0.6980, L2: 0.9561, L0: 1.50
Fold 1 - Train: 4937 samples, Test: 1235 samples
    Bin 15: Use 95% -> validity: 0.9344, accuracy: 0.6915, L2: 0.9561, L0: 1.50
Fold 1 - Train: 4937 samples, Test: 1235 samples
    Bin 20: Use 100% -> validity: 1.0000, accuracy: 0.6947, L2: 0.9561, L0: 1.50
  major_addition:
Fold 1 - Train: 4937 samples, Test: 1235 samples
    Bin 0: Use 50% -> validity: 0.6721, accuracy: 0.6907, L2: 0.9561, L0: 1.50
Fold 1 - Train: 4937 samples, Test: 1235 samples
    Bin 1: Use 100% -> validity: 1.0000, accuracy: 0.6947, L2: 0.9561, L0: 1.50

Testing model perturbations for fold 1...
Fold 1 - Train: 4937 samples, Test: 1235 samples
  random_forest (3, 100): validity: 0.5069, accuracy: 0.6980, L2: 0.9561, L0: 1.50
Fold 1 - Train: 4937 samples, Test: 1235 samples
  xgboost (3, 100): validity: 0.8769, accuracy: 0.6923, L2: 0.9561, L0: 1.50
Fold 1 - Train: 4937 samples, Test: 1235 samples
  lightgbm (3, 100): validity: 0.8980, accuracy: 0.6891, L2: 0.9561, L0: 1.50
Fold 1 - Train: 4937 samples, Test: 1235 samples
  random_forest (4, 100): validity: 0.7717, accuracy: 0.6988, L2: 0.9561, L0: 1.50
Fold 1 - Train: 4937 samples, Test: 1235 samples
  xgboost (4, 100): validity: 0.8332, accuracy: 0.6980, L2: 0.9561, L0: 1.50
Fold 1 - Train: 4937 samples, Test: 1235 samples
  lightgbm (4, 100): validity: 0.8607, accuracy: 0.6955, L2: 0.9561, L0: 1.50
Fold 1 - Train: 4937 samples, Test: 1235 samples
  random_forest (5, 100): validity: 1.0000, accuracy: 0.6947, L2: 0.9561, L0: 1.50
Fold 1 - Train: 4937 samples, Test: 1235 samples
  xgboost (5, 100): validity: 0.8178, accuracy: 0.6980, L2: 0.9561, L0: 1.50
Fold 1 - Train: 4937 samples, Test: 1235 samples
  lightgbm (5, 100): validity: 0.8470, accuracy: 0.6980, L2: 0.9561, L0: 1.50
Fold 1 - Train: 4937 samples, Test: 1235 samples
  random_forest (6, 100): validity: 0.9134, accuracy: 0.6955, L2: 0.9561, L0: 1.50
Fold 1 - Train: 4937 samples, Test: 1235 samples
  xgboost (6, 100): validity: 0.8202, accuracy: 0.6899, L2: 0.9561, L0: 1.50
Fold 1 - Train: 4937 samples, Test: 1235 samples
  lightgbm (6, 100): validity: 0.8324, accuracy: 0.6980, L2: 0.9561, L0: 1.50
Fold 1 - Train: 4937 samples, Test: 1235 samples
  random_forest (5, 50): validity: 0.8842, accuracy: 0.6939, L2: 0.9561, L0: 1.50
Fold 1 - Train: 4937 samples, Test: 1235 samples
  xgboost (5, 50): validity: 0.8364, accuracy: 0.6996, L2: 0.9561, L0: 1.50
Fold 1 - Train: 4937 samples, Test: 1235 samples
  lightgbm (5, 50): validity: 0.8583, accuracy: 0.6955, L2: 0.9561, L0: 1.50
Fold 1 - Train: 4937 samples, Test: 1235 samples
  random_forest (5, 100): validity: 1.0000, accuracy: 0.6947, L2: 0.9561, L0: 1.50
Fold 1 - Train: 4937 samples, Test: 1235 samples
  xgboost (5, 100): validity: 0.8178, accuracy: 0.6980, L2: 0.9561, L0: 1.50
Fold 1 - Train: 4937 samples, Test: 1235 samples
  lightgbm (5, 100): validity: 0.8470, accuracy: 0.6980, L2: 0.9561, L0: 1.50
Fold 1 - Train: 4937 samples, Test: 1235 samples
  random_forest (5, 150): validity: 0.9692, accuracy: 0.6931, L2: 0.9561, L0: 1.50
Fold 1 - Train: 4937 samples, Test: 1235 samples
  xgboost (5, 150): validity: 0.8202, accuracy: 0.6972, L2: 0.9561, L0: 1.50
Fold 1 - Train: 4937 samples, Test: 1235 samples
  lightgbm (5, 150): validity: 0.8429, accuracy: 0.6980, L2: 0.9561, L0: 1.50
Fold 1 - Train: 4937 samples, Test: 1235 samples
  random_forest (5, 200): validity: 0.9579, accuracy: 0.6923, L2: 0.9561, L0: 1.50
Fold 1 - Train: 4937 samples, Test: 1235 samples
  xgboost (5, 200): validity: 0.7976, accuracy: 0.6964, L2: 0.9561, L0: 1.50
Fold 1 - Train: 4937 samples, Test: 1235 samples
  lightgbm (5, 200): validity: 0.8308, accuracy: 0.6964, L2: 0.9561, L0: 1.50
Fold 1 - Train: 4937 samples, Test: 1235 samples
  adaboost (3, 50): validity: 0.7992, accuracy: 0.6810, L2: 0.9561, L0: 1.50
Fold 1 - Train: 4937 samples, Test: 1235 samples
  adaboost (3, 100): validity: 0.7935, accuracy: 0.6899, L2: 0.9561, L0: 1.50
Fold 1 - Train: 4937 samples, Test: 1235 samples
  adaboost (3, 150): validity: 0.7668, accuracy: 0.6891, L2: 0.9561, L0: 1.50
Fold 1 - Train: 4937 samples, Test: 1235 samples
  adaboost (3, 200): validity: 0.7781, accuracy: 0.6850, L2: 0.9561, L0: 1.50

--- FOLD 2 ANALYSIS ---
--------------------------------------------------
Fold 2 - Train: 4938 samples, Test: 1234 samples
Fold 2 - Train: 4938 samples, Test: 1234 samples
Fold 2 data shapes:
  Raw train: (4938, 12)
  Processed - Train: (4938, 12), Test: (1234, 12)
  Training samples: 4938
  Test samples: 1234
  Features: 11
  Class distribution - Train: [2690 2248]
  Class distribution - Test: [673 561]

Training baseline model for fold 2...
  Train accuracy: 0.6932
  Test accuracy: 0.6896
Setting up DiCE framework for fold 2...
COMPAS feature analysis:
  Categorical features: ['Two_yr_Recidivism', 'score_factor', 'Age_Above_FourtyFive', 'Age_Below_TwentyFive', 'African_American', 'Asian', 'Hispanic', 'Native_American', 'Other', 'Female', 'Misdemeanor']
  Continuous features: ['Number_of_Priors']
Generating counterfactuals for fold 2...
Generating counterfactuals using method: random
Test set size: 1234 samples
Counterfactual generation complete:
  Successful: 1234/1234 (100.00%)
  Failed: 0/1234 (0.00%)
  Success rate: 100.00%
  Baseline validity: 1.0000 (1234/1234)
  Baseline L2 distance: 1.0039
  Baseline L0 distance: 1.55
  Baseline LOF score: 0.7488

Testing data perturbations for fold 2...
  minor_deletion:
Fold 2 - Train: 4938 samples, Test: 1234 samples
    Bin 0: Remove 0% -> validity: 1.0000, accuracy: 0.6896, L2: 1.0039, L0: 1.55
Fold 2 - Train: 4938 samples, Test: 1234 samples
    Bin 5: Remove 5% -> validity: 0.9279, accuracy: 0.6961, L2: 1.0039, L0: 1.55
Fold 2 - Train: 4938 samples, Test: 1234 samples
    Bin 10: Remove 10% -> validity: 0.9044, accuracy: 0.6888, L2: 1.0039, L0: 1.55
Fold 2 - Train: 4938 samples, Test: 1234 samples
    Bin 15: Remove 15% -> validity: 0.8525, accuracy: 0.6856, L2: 1.0039, L0: 1.55
Fold 2 - Train: 4938 samples, Test: 1234 samples
    Bin 20: Remove 20% -> validity: 0.8744, accuracy: 0.6912, L2: 1.0039, L0: 1.55
  major_deletion:
Fold 2 - Train: 4938 samples, Test: 1234 samples
    Bin 0: Remove 0% -> validity: 1.0000, accuracy: 0.6896, L2: 1.0039, L0: 1.55
Fold 2 - Train: 4938 samples, Test: 1234 samples
    Bin 1: Remove 50% -> validity: 0.8193, accuracy: 0.6977, L2: 1.0039, L0: 1.55
  minor_addition:
Fold 2 - Train: 4938 samples, Test: 1234 samples
    Bin 0: Use 80% -> validity: 0.7998, accuracy: 0.6799, L2: 1.0039, L0: 1.55
Fold 2 - Train: 4938 samples, Test: 1234 samples
    Bin 5: Use 85% -> validity: 0.8671, accuracy: 0.6807, L2: 1.0039, L0: 1.55
Fold 2 - Train: 4938 samples, Test: 1234 samples
    Bin 10: Use 90% -> validity: 0.8825, accuracy: 0.6848, L2: 1.0039, L0: 1.55
Fold 2 - Train: 4938 samples, Test: 1234 samples
    Bin 15: Use 95% -> validity: 0.9619, accuracy: 0.6904, L2: 1.0039, L0: 1.55
Fold 2 - Train: 4938 samples, Test: 1234 samples
    Bin 20: Use 100% -> validity: 1.0000, accuracy: 0.6896, L2: 1.0039, L0: 1.55
  major_addition:
Fold 2 - Train: 4938 samples, Test: 1234 samples
    Bin 0: Use 50% -> validity: 0.8096, accuracy: 0.6815, L2: 1.0039, L0: 1.55
Fold 2 - Train: 4938 samples, Test: 1234 samples
    Bin 1: Use 100% -> validity: 1.0000, accuracy: 0.6896, L2: 1.0039, L0: 1.55

Testing model perturbations for fold 2...
Fold 2 - Train: 4938 samples, Test: 1234 samples
  random_forest (3, 100): validity: 0.5041, accuracy: 0.6799, L2: 1.0039, L0: 1.55
Fold 2 - Train: 4938 samples, Test: 1234 samples
  xgboost (3, 100): validity: 0.8363, accuracy: 0.7002, L2: 1.0039, L0: 1.55
Fold 2 - Train: 4938 samples, Test: 1234 samples
  lightgbm (3, 100): validity: 0.8323, accuracy: 0.7010, L2: 1.0039, L0: 1.55
Fold 2 - Train: 4938 samples, Test: 1234 samples
  random_forest (4, 100): validity: 0.6637, accuracy: 0.6807, L2: 1.0039, L0: 1.55
Fold 2 - Train: 4938 samples, Test: 1234 samples
  xgboost (4, 100): validity: 0.8671, accuracy: 0.6961, L2: 1.0039, L0: 1.55
Fold 2 - Train: 4938 samples, Test: 1234 samples
  lightgbm (4, 100): validity: 0.8298, accuracy: 0.7010, L2: 1.0039, L0: 1.55
Fold 2 - Train: 4938 samples, Test: 1234 samples
  random_forest (5, 100): validity: 1.0000, accuracy: 0.6896, L2: 1.0039, L0: 1.55
Fold 2 - Train: 4938 samples, Test: 1234 samples
  xgboost (5, 100): validity: 0.8598, accuracy: 0.6912, L2: 1.0039, L0: 1.55
Fold 2 - Train: 4938 samples, Test: 1234 samples
  lightgbm (5, 100): validity: 0.8566, accuracy: 0.7010, L2: 1.0039, L0: 1.55
Fold 2 - Train: 4938 samples, Test: 1234 samples
  random_forest (6, 100): validity: 0.9076, accuracy: 0.6961, L2: 1.0039, L0: 1.55
Fold 2 - Train: 4938 samples, Test: 1234 samples
  xgboost (6, 100): validity: 0.8112, accuracy: 0.6937, L2: 1.0039, L0: 1.55
Fold 2 - Train: 4938 samples, Test: 1234 samples
  lightgbm (6, 100): validity: 0.8614, accuracy: 0.7002, L2: 1.0039, L0: 1.55
Fold 2 - Train: 4938 samples, Test: 1234 samples
  random_forest (5, 50): validity: 0.9052, accuracy: 0.6912, L2: 1.0039, L0: 1.55
Fold 2 - Train: 4938 samples, Test: 1234 samples
  xgboost (5, 50): validity: 0.8622, accuracy: 0.6929, L2: 1.0039, L0: 1.55
Fold 2 - Train: 4938 samples, Test: 1234 samples
  lightgbm (5, 50): validity: 0.8444, accuracy: 0.6994, L2: 1.0039, L0: 1.55
Fold 2 - Train: 4938 samples, Test: 1234 samples
  random_forest (5, 100): validity: 1.0000, accuracy: 0.6896, L2: 1.0039, L0: 1.55
Fold 2 - Train: 4938 samples, Test: 1234 samples
  xgboost (5, 100): validity: 0.8598, accuracy: 0.6912, L2: 1.0039, L0: 1.55
Fold 2 - Train: 4938 samples, Test: 1234 samples
  lightgbm (5, 100): validity: 0.8566, accuracy: 0.7010, L2: 1.0039, L0: 1.55
Fold 2 - Train: 4938 samples, Test: 1234 samples
  random_forest (5, 150): validity: 0.9643, accuracy: 0.6929, L2: 1.0039, L0: 1.55
Fold 2 - Train: 4938 samples, Test: 1234 samples
  xgboost (5, 150): validity: 0.8258, accuracy: 0.6912, L2: 1.0039, L0: 1.55
Fold 2 - Train: 4938 samples, Test: 1234 samples
  lightgbm (5, 150): validity: 0.8590, accuracy: 0.7042, L2: 1.0039, L0: 1.55
Fold 2 - Train: 4938 samples, Test: 1234 samples
  random_forest (5, 200): validity: 0.9643, accuracy: 0.6896, L2: 1.0039, L0: 1.55
Fold 2 - Train: 4938 samples, Test: 1234 samples
  xgboost (5, 200): validity: 0.8136, accuracy: 0.6929, L2: 1.0039, L0: 1.55
Fold 2 - Train: 4938 samples, Test: 1234 samples
  lightgbm (5, 200): validity: 0.8558, accuracy: 0.7034, L2: 1.0039, L0: 1.55
Fold 2 - Train: 4938 samples, Test: 1234 samples
  adaboost (3, 50): validity: 0.8071, accuracy: 0.6937, L2: 1.0039, L0: 1.55
Fold 2 - Train: 4938 samples, Test: 1234 samples
  adaboost (3, 100): validity: 0.8071, accuracy: 0.6937, L2: 1.0039, L0: 1.55
Fold 2 - Train: 4938 samples, Test: 1234 samples
  adaboost (3, 150): validity: 0.7934, accuracy: 0.6904, L2: 1.0039, L0: 1.55
Fold 2 - Train: 4938 samples, Test: 1234 samples
  adaboost (3, 200): validity: 0.7966, accuracy: 0.6888, L2: 1.0039, L0: 1.55

--- FOLD 3 ANALYSIS ---
--------------------------------------------------
Fold 3 - Train: 4938 samples, Test: 1234 samples
Fold 3 - Train: 4938 samples, Test: 1234 samples
Fold 3 data shapes:
  Raw train: (4938, 12)
  Processed - Train: (4938, 12), Test: (1234, 12)
  Training samples: 4938
  Test samples: 1234
  Features: 11
  Class distribution - Train: [2691 2247]
  Class distribution - Test: [672 562]

Training baseline model for fold 3...
  Train accuracy: 0.6981
  Test accuracy: 0.6767
Setting up DiCE framework for fold 3...
COMPAS feature analysis:
  Categorical features: ['Two_yr_Recidivism', 'score_factor', 'Age_Above_FourtyFive', 'Age_Below_TwentyFive', 'African_American', 'Asian', 'Hispanic', 'Native_American', 'Other', 'Female', 'Misdemeanor']
  Continuous features: ['Number_of_Priors']
Generating counterfactuals for fold 3...
Generating counterfactuals using method: random
Test set size: 1234 samples
Counterfactual generation complete:
  Successful: 1234/1234 (100.00%)
  Failed: 0/1234 (0.00%)
  Success rate: 100.00%
  Baseline validity: 1.0000 (1234/1234)
  Baseline L2 distance: 0.9745
  Baseline L0 distance: 1.55
  Baseline LOF score: 0.7731

Testing data perturbations for fold 3...
  minor_deletion:
Fold 3 - Train: 4938 samples, Test: 1234 samples
    Bin 0: Remove 0% -> validity: 1.0000, accuracy: 0.6767, L2: 0.9745, L0: 1.55
Fold 3 - Train: 4938 samples, Test: 1234 samples
    Bin 5: Remove 5% -> validity: 0.9287, accuracy: 0.6823, L2: 0.9745, L0: 1.55
Fold 3 - Train: 4938 samples, Test: 1234 samples
    Bin 10: Remove 10% -> validity: 0.9084, accuracy: 0.6791, L2: 0.9745, L0: 1.55
Fold 3 - Train: 4938 samples, Test: 1234 samples
    Bin 15: Remove 15% -> validity: 0.9019, accuracy: 0.6734, L2: 0.9745, L0: 1.55
Fold 3 - Train: 4938 samples, Test: 1234 samples
    Bin 20: Remove 20% -> validity: 0.8809, accuracy: 0.6734, L2: 0.9745, L0: 1.55
  major_deletion:
Fold 3 - Train: 4938 samples, Test: 1234 samples
    Bin 0: Remove 0% -> validity: 1.0000, accuracy: 0.6767, L2: 0.9745, L0: 1.55
Fold 3 - Train: 4938 samples, Test: 1234 samples
    Bin 1: Remove 50% -> validity: 0.8347, accuracy: 0.6759, L2: 0.9745, L0: 1.55
  minor_addition:
Fold 3 - Train: 4938 samples, Test: 1234 samples
    Bin 0: Use 80% -> validity: 0.8898, accuracy: 0.6750, L2: 0.9745, L0: 1.55
Fold 3 - Train: 4938 samples, Test: 1234 samples
    Bin 5: Use 85% -> validity: 0.9425, accuracy: 0.6799, L2: 0.9745, L0: 1.55
Fold 3 - Train: 4938 samples, Test: 1234 samples
    Bin 10: Use 90% -> validity: 0.9360, accuracy: 0.6799, L2: 0.9745, L0: 1.55
Fold 3 - Train: 4938 samples, Test: 1234 samples
    Bin 15: Use 95% -> validity: 0.9514, accuracy: 0.6791, L2: 0.9745, L0: 1.55
Fold 3 - Train: 4938 samples, Test: 1234 samples
    Bin 20: Use 100% -> validity: 1.0000, accuracy: 0.6767, L2: 0.9745, L0: 1.55
  major_addition:
Fold 3 - Train: 4938 samples, Test: 1234 samples
    Bin 0: Use 50% -> validity: 0.8817, accuracy: 0.6775, L2: 0.9745, L0: 1.55
Fold 3 - Train: 4938 samples, Test: 1234 samples
    Bin 1: Use 100% -> validity: 1.0000, accuracy: 0.6767, L2: 0.9745, L0: 1.55

Testing model perturbations for fold 3...
Fold 3 - Train: 4938 samples, Test: 1234 samples
  random_forest (3, 100): validity: 0.6442, accuracy: 0.6572, L2: 0.9745, L0: 1.55
Fold 3 - Train: 4938 samples, Test: 1234 samples
  xgboost (3, 100): validity: 0.8493, accuracy: 0.6880, L2: 0.9745, L0: 1.55
Fold 3 - Train: 4938 samples, Test: 1234 samples
  lightgbm (3, 100): validity: 0.8533, accuracy: 0.6888, L2: 0.9745, L0: 1.55
Fold 3 - Train: 4938 samples, Test: 1234 samples
  random_forest (4, 100): validity: 0.7909, accuracy: 0.6645, L2: 0.9745, L0: 1.55
Fold 3 - Train: 4938 samples, Test: 1234 samples
  xgboost (4, 100): validity: 0.8387, accuracy: 0.6783, L2: 0.9745, L0: 1.55
Fold 3 - Train: 4938 samples, Test: 1234 samples
  lightgbm (4, 100): validity: 0.8387, accuracy: 0.6767, L2: 0.9745, L0: 1.55
Fold 3 - Train: 4938 samples, Test: 1234 samples
  random_forest (5, 100): validity: 1.0000, accuracy: 0.6767, L2: 0.9745, L0: 1.55
Fold 3 - Train: 4938 samples, Test: 1234 samples
  xgboost (5, 100): validity: 0.8266, accuracy: 0.6686, L2: 0.9745, L0: 1.55
Fold 3 - Train: 4938 samples, Test: 1234 samples
  lightgbm (5, 100): validity: 0.8339, accuracy: 0.6750, L2: 0.9745, L0: 1.55
Fold 3 - Train: 4938 samples, Test: 1234 samples
  random_forest (6, 100): validity: 0.9246, accuracy: 0.6767, L2: 0.9745, L0: 1.55
Fold 3 - Train: 4938 samples, Test: 1234 samples
  xgboost (6, 100): validity: 0.8274, accuracy: 0.6710, L2: 0.9745, L0: 1.55
Fold 3 - Train: 4938 samples, Test: 1234 samples
  lightgbm (6, 100): validity: 0.8371, accuracy: 0.6702, L2: 0.9745, L0: 1.55
Fold 3 - Train: 4938 samples, Test: 1234 samples
  random_forest (5, 50): validity: 0.9433, accuracy: 0.6775, L2: 0.9745, L0: 1.55
Fold 3 - Train: 4938 samples, Test: 1234 samples
  xgboost (5, 50): validity: 0.8379, accuracy: 0.6783, L2: 0.9745, L0: 1.55
Fold 3 - Train: 4938 samples, Test: 1234 samples
  lightgbm (5, 50): validity: 0.8452, accuracy: 0.6734, L2: 0.9745, L0: 1.55
Fold 3 - Train: 4938 samples, Test: 1234 samples
  random_forest (5, 100): validity: 1.0000, accuracy: 0.6767, L2: 0.9745, L0: 1.55
Fold 3 - Train: 4938 samples, Test: 1234 samples
  xgboost (5, 100): validity: 0.8266, accuracy: 0.6686, L2: 0.9745, L0: 1.55
Fold 3 - Train: 4938 samples, Test: 1234 samples
  lightgbm (5, 100): validity: 0.8339, accuracy: 0.6750, L2: 0.9745, L0: 1.55
Fold 3 - Train: 4938 samples, Test: 1234 samples
  random_forest (5, 150): validity: 0.9619, accuracy: 0.6775, L2: 0.9745, L0: 1.55
Fold 3 - Train: 4938 samples, Test: 1234 samples
  xgboost (5, 150): validity: 0.8323, accuracy: 0.6661, L2: 0.9745, L0: 1.55
Fold 3 - Train: 4938 samples, Test: 1234 samples
  lightgbm (5, 150): validity: 0.8290, accuracy: 0.6702, L2: 0.9745, L0: 1.55
Fold 3 - Train: 4938 samples, Test: 1234 samples
  random_forest (5, 200): validity: 0.9538, accuracy: 0.6799, L2: 0.9745, L0: 1.55
Fold 3 - Train: 4938 samples, Test: 1234 samples
  xgboost (5, 200): validity: 0.8160, accuracy: 0.6637, L2: 0.9745, L0: 1.55
Fold 3 - Train: 4938 samples, Test: 1234 samples
  lightgbm (5, 200): validity: 0.8217, accuracy: 0.6726, L2: 0.9745, L0: 1.55
Fold 3 - Train: 4938 samples, Test: 1234 samples
  adaboost (3, 50): validity: 0.8395, accuracy: 0.6742, L2: 0.9745, L0: 1.55
Fold 3 - Train: 4938 samples, Test: 1234 samples
  adaboost (3, 100): validity: 0.8241, accuracy: 0.6669, L2: 0.9745, L0: 1.55
Fold 3 - Train: 4938 samples, Test: 1234 samples
  adaboost (3, 150): validity: 0.8023, accuracy: 0.6596, L2: 0.9745, L0: 1.55
Fold 3 - Train: 4938 samples, Test: 1234 samples
  adaboost (3, 200): validity: 0.7966, accuracy: 0.6677, L2: 0.9745, L0: 1.55

--- FOLD 4 ANALYSIS ---
--------------------------------------------------
Fold 4 - Train: 4938 samples, Test: 1234 samples
Fold 4 - Train: 4938 samples, Test: 1234 samples
Fold 4 data shapes:
  Raw train: (4938, 12)
  Processed - Train: (4938, 12), Test: (1234, 12)
  Training samples: 4938
  Test samples: 1234
  Features: 11
  Class distribution - Train: [2691 2247]
  Class distribution - Test: [672 562]

Training baseline model for fold 4...
  Train accuracy: 0.6920
  Test accuracy: 0.6904
Setting up DiCE framework for fold 4...
COMPAS feature analysis:
  Categorical features: ['Two_yr_Recidivism', 'score_factor', 'Age_Above_FourtyFive', 'Age_Below_TwentyFive', 'African_American', 'Asian', 'Hispanic', 'Native_American', 'Other', 'Female', 'Misdemeanor']
  Continuous features: ['Number_of_Priors']
Generating counterfactuals for fold 4...
Generating counterfactuals using method: random
Test set size: 1234 samples
Counterfactual generation complete:
  Successful: 1234/1234 (100.00%)
  Failed: 0/1234 (0.00%)
  Success rate: 100.00%
  Baseline validity: 1.0000 (1234/1234)
  Baseline L2 distance: 1.0011
  Baseline L0 distance: 1.54
  Baseline LOF score: 0.7455

Testing data perturbations for fold 4...
  minor_deletion:
Fold 4 - Train: 4938 samples, Test: 1234 samples
    Bin 0: Remove 0% -> validity: 1.0000, accuracy: 0.6904, L2: 1.0011, L0: 1.54
Fold 4 - Train: 4938 samples, Test: 1234 samples
    Bin 5: Remove 5% -> validity: 0.8679, accuracy: 0.6856, L2: 1.0011, L0: 1.54
Fold 4 - Train: 4938 samples, Test: 1234 samples
    Bin 10: Remove 10% -> validity: 0.9060, accuracy: 0.6823, L2: 1.0011, L0: 1.54
Fold 4 - Train: 4938 samples, Test: 1234 samples
    Bin 15: Remove 15% -> validity: 0.8841, accuracy: 0.6848, L2: 1.0011, L0: 1.54
Fold 4 - Train: 4938 samples, Test: 1234 samples
    Bin 20: Remove 20% -> validity: 0.8639, accuracy: 0.6799, L2: 1.0011, L0: 1.54
  major_deletion:
Fold 4 - Train: 4938 samples, Test: 1234 samples
    Bin 0: Remove 0% -> validity: 1.0000, accuracy: 0.6904, L2: 1.0011, L0: 1.54
Fold 4 - Train: 4938 samples, Test: 1234 samples
    Bin 1: Remove 50% -> validity: 0.7812, accuracy: 0.6750, L2: 1.0011, L0: 1.54
  minor_addition:
Fold 4 - Train: 4938 samples, Test: 1234 samples
    Bin 0: Use 80% -> validity: 0.8793, accuracy: 0.6840, L2: 1.0011, L0: 1.54
Fold 4 - Train: 4938 samples, Test: 1234 samples
    Bin 5: Use 85% -> validity: 0.8566, accuracy: 0.6840, L2: 1.0011, L0: 1.54
Fold 4 - Train: 4938 samples, Test: 1234 samples
    Bin 10: Use 90% -> validity: 0.9141, accuracy: 0.6856, L2: 1.0011, L0: 1.54
Fold 4 - Train: 4938 samples, Test: 1234 samples
    Bin 15: Use 95% -> validity: 0.9571, accuracy: 0.6864, L2: 1.0011, L0: 1.54
Fold 4 - Train: 4938 samples, Test: 1234 samples
    Bin 20: Use 100% -> validity: 1.0000, accuracy: 0.6904, L2: 1.0011, L0: 1.54
  major_addition:
Fold 4 - Train: 4938 samples, Test: 1234 samples
    Bin 0: Use 50% -> validity: 0.7034, accuracy: 0.6775, L2: 1.0011, L0: 1.54
Fold 4 - Train: 4938 samples, Test: 1234 samples
    Bin 1: Use 100% -> validity: 1.0000, accuracy: 0.6904, L2: 1.0011, L0: 1.54

Testing model perturbations for fold 4...
Fold 4 - Train: 4938 samples, Test: 1234 samples
  random_forest (3, 100): validity: 0.5332, accuracy: 0.6791, L2: 1.0011, L0: 1.54
Fold 4 - Train: 4938 samples, Test: 1234 samples
  xgboost (3, 100): validity: 0.8136, accuracy: 0.6815, L2: 1.0011, L0: 1.54
Fold 4 - Train: 4938 samples, Test: 1234 samples
  lightgbm (3, 100): validity: 0.8266, accuracy: 0.6799, L2: 1.0011, L0: 1.54
Fold 4 - Train: 4938 samples, Test: 1234 samples
  random_forest (4, 100): validity: 0.7083, accuracy: 0.6831, L2: 1.0011, L0: 1.54
Fold 4 - Train: 4938 samples, Test: 1234 samples
  xgboost (4, 100): validity: 0.8047, accuracy: 0.6694, L2: 1.0011, L0: 1.54
Fold 4 - Train: 4938 samples, Test: 1234 samples
  lightgbm (4, 100): validity: 0.8015, accuracy: 0.6807, L2: 1.0011, L0: 1.54
Fold 4 - Train: 4938 samples, Test: 1234 samples
  random_forest (5, 100): validity: 1.0000, accuracy: 0.6904, L2: 1.0011, L0: 1.54
Fold 4 - Train: 4938 samples, Test: 1234 samples
  xgboost (5, 100): validity: 0.7731, accuracy: 0.6677, L2: 1.0011, L0: 1.54
Fold 4 - Train: 4938 samples, Test: 1234 samples
  lightgbm (5, 100): validity: 0.7925, accuracy: 0.6775, L2: 1.0011, L0: 1.54
Fold 4 - Train: 4938 samples, Test: 1234 samples
  random_forest (6, 100): validity: 0.9028, accuracy: 0.6864, L2: 1.0011, L0: 1.54
Fold 4 - Train: 4938 samples, Test: 1234 samples
  xgboost (6, 100): validity: 0.7731, accuracy: 0.6653, L2: 1.0011, L0: 1.54
Fold 4 - Train: 4938 samples, Test: 1234 samples
  lightgbm (6, 100): validity: 0.7869, accuracy: 0.6677, L2: 1.0011, L0: 1.54
Fold 4 - Train: 4938 samples, Test: 1234 samples
  random_forest (5, 50): validity: 0.9190, accuracy: 0.6896, L2: 1.0011, L0: 1.54
Fold 4 - Train: 4938 samples, Test: 1234 samples
  xgboost (5, 50): validity: 0.7658, accuracy: 0.6718, L2: 1.0011, L0: 1.54
Fold 4 - Train: 4938 samples, Test: 1234 samples
  lightgbm (5, 50): validity: 0.7942, accuracy: 0.6791, L2: 1.0011, L0: 1.54
Fold 4 - Train: 4938 samples, Test: 1234 samples
  random_forest (5, 100): validity: 1.0000, accuracy: 0.6904, L2: 1.0011, L0: 1.54
Fold 4 - Train: 4938 samples, Test: 1234 samples
  xgboost (5, 100): validity: 0.7731, accuracy: 0.6677, L2: 1.0011, L0: 1.54
Fold 4 - Train: 4938 samples, Test: 1234 samples
  lightgbm (5, 100): validity: 0.7925, accuracy: 0.6775, L2: 1.0011, L0: 1.54
Fold 4 - Train: 4938 samples, Test: 1234 samples
  random_forest (5, 150): validity: 0.9425, accuracy: 0.6864, L2: 1.0011, L0: 1.54
Fold 4 - Train: 4938 samples, Test: 1234 samples
  xgboost (5, 150): validity: 0.7755, accuracy: 0.6686, L2: 1.0011, L0: 1.54
Fold 4 - Train: 4938 samples, Test: 1234 samples
  lightgbm (5, 150): validity: 0.7812, accuracy: 0.6694, L2: 1.0011, L0: 1.54
Fold 4 - Train: 4938 samples, Test: 1234 samples
  random_forest (5, 200): validity: 0.9125, accuracy: 0.6848, L2: 1.0011, L0: 1.54
Fold 4 - Train: 4938 samples, Test: 1234 samples
  xgboost (5, 200): validity: 0.7747, accuracy: 0.6669, L2: 1.0011, L0: 1.54
Fold 4 - Train: 4938 samples, Test: 1234 samples
  lightgbm (5, 200): validity: 0.7820, accuracy: 0.6694, L2: 1.0011, L0: 1.54
Fold 4 - Train: 4938 samples, Test: 1234 samples
  adaboost (3, 50): validity: 0.7690, accuracy: 0.6629, L2: 1.0011, L0: 1.54
Fold 4 - Train: 4938 samples, Test: 1234 samples
  adaboost (3, 100): validity: 0.7593, accuracy: 0.6613, L2: 1.0011, L0: 1.54
Fold 4 - Train: 4938 samples, Test: 1234 samples
  adaboost (3, 150): validity: 0.7723, accuracy: 0.6605, L2: 1.0011, L0: 1.54
Fold 4 - Train: 4938 samples, Test: 1234 samples
  adaboost (3, 200): validity: 0.7682, accuracy: 0.6572, L2: 1.0011, L0: 1.54

4. Generating comprehensive summary across all 5 folds...
================================================================================

BASELINE PERFORMANCE ACROSS ALL FOLDS:
--------------------------------------------------------------------------------
Model Accuracy: 0.6844 ± 0.0092
CF Success Rate: 1.0000 ± 0.0000
CF Validity: 1.0000 ± 0.0000
CF L2 Distance: 0.9947 ± 0.0278
CF L0 Distance: 1.5489 ± 0.0362
CF LOF Score: 0.7553 ± 0.0152
Individual fold model accuracies: ['0.6704', '0.6947', '0.6896', '0.6767', '0.6904']
Individual fold CF success rates: ['1.0000', '1.0000', '1.0000', '1.0000', '1.0000']
Individual fold CF validities: ['1.0000', '1.0000', '1.0000', '1.0000', '1.0000']

DATA PERTURBATION ROBUSTNESS SUMMARY:
------------------------------------------------------------------------------------------------------------------------------------------------------
Perturbation    Bin   Data         Mean Validity Std Validity Mean Accuracy Std Accuracy Mean L2    Mean L0    Validity Δ  Per-Fold Validities
------------------------------------------------------------------------------------------------------------------------------------------------------
minor_deletion  0     Remove 0%    1.0000        0.0000       0.6844        0.0092       0.9947     1.55       +0.0000     ['1.000', '1.000', '1.000', '1.000', '1.000']
minor_deletion  5     Remove 5%    0.9000        0.0339       0.6857        0.0088       0.9947     1.55       -0.1000     ['0.926', '0.850', '0.928', '0.929', '0.868']
minor_deletion  10    Remove 10%   0.9141        0.0111       0.6837        0.0083       0.9947     1.55       -0.0859     ['0.934', '0.917', '0.904', '0.908', '0.906']
minor_deletion  15    Remove 15%   0.8981        0.0277       0.6810        0.0077       0.9947     1.55       -0.1019     ['0.926', '0.926', '0.853', '0.902', '0.884']
minor_deletion  20    Remove 20%   0.8947        0.0271       0.6813        0.0092       0.9947     1.55       -0.1053     ['0.925', '0.930', '0.874', '0.881', '0.864']
major_deletion  0     Remove 0%    1.0000        0.0000       0.6844        0.0092       0.9947     1.55       +0.0000     ['1.000', '1.000', '1.000', '1.000', '1.000']
major_deletion  1     Remove 50%   0.8355        0.0358       0.6828        0.0099       0.9947     1.55       -0.1645     ['0.853', '0.889', '0.819', '0.835', '0.781']
minor_addition  0     Use 80%      0.8441        0.0382       0.6797        0.0099       0.9947     1.55       -0.1559     ['0.800', '0.852', '0.800', '0.890', '0.879']
minor_addition  5     Use 85%      0.8863        0.0322       0.6816        0.0098       0.9947     1.55       -0.1137     ['0.863', '0.902', '0.867', '0.942', '0.857']
minor_addition  10    Use 90%      0.9025        0.0208       0.6836        0.0092       0.9947     1.55       -0.0975     ['0.880', '0.900', '0.882', '0.936', '0.914']
minor_addition  15    Use 95%      0.9511        0.0093       0.6836        0.0079       0.9947     1.55       -0.0489     ['0.951', '0.934', '0.962', '0.951', '0.957']
minor_addition  20    Use 100%     1.0000        0.0000       0.6844        0.0092       0.9947     1.55       +0.0000     ['1.000', '1.000', '1.000', '1.000', '1.000']
major_addition  0     Use 50%      0.7711        0.0754       0.6779        0.0092       0.9947     1.55       -0.2289     ['0.789', '0.672', '0.810', '0.882', '0.703']
major_addition  1     Use 100%     1.0000        0.0000       0.6844        0.0092       0.9947     1.55       +0.0000     ['1.000', '1.000', '1.000', '1.000', '1.000']

MODEL PERTURBATION ROBUSTNESS SUMMARY:
------------------------------------------------------------------------------------------------------------------------------------------------------
Model Configuration            Mean Validity Std Validity Mean Accuracy Std Accuracy Mean L2    Mean L0    Validity Δ  Per-Fold Validities
------------------------------------------------------------------------------------------------------------------------------------------------------
random_forest_3_100            0.5633        0.0606       0.6760        0.0139       0.9947     1.55       -0.4367     ['0.628', '0.507', '0.504', '0.644', '0.533']
xgboost_3_100                  0.8449        0.0205       0.6850        0.0125       0.9947     1.55       -0.1551     ['0.849', '0.877', '0.836', '0.849', '0.814']
lightgbm_3_100                 0.8522        0.0251       0.6865        0.0093       0.9947     1.55       -0.1478     ['0.851', '0.898', '0.832', '0.853', '0.827']
random_forest_4_100            0.7344        0.0453       0.6798        0.0115       0.9947     1.55       -0.2656     ['0.738', '0.772', '0.664', '0.791', '0.708']
xgboost_4_100                  0.8331        0.0206       0.6811        0.0138       0.9947     1.55       -0.1669     ['0.822', '0.833', '0.867', '0.839', '0.805']
lightgbm_4_100                 0.8349        0.0195       0.6855        0.0108       0.9947     1.55       -0.1651     ['0.844', '0.861', '0.830', '0.839', '0.801']
random_forest_5_100            1.0000        0.0000       0.6844        0.0092       0.9947     1.55       +0.0000     ['1.000', '1.000', '1.000', '1.000', '1.000', '1.000', '1.000', '1.000', '1.000', '1.000']
xgboost_5_100                  0.8166        0.0282       0.6785        0.0133       0.9947     1.55       -0.1834     ['0.806', '0.806', '0.818', '0.818', '0.860', '0.860', '0.827', '0.827', '0.773', '0.773']
lightgbm_5_100                 0.8274        0.0241       0.6839        0.0131       0.9947     1.55       -0.1726     ['0.807', '0.807', '0.847', '0.847', '0.857', '0.857', '0.834', '0.834', '0.793', '0.793']
random_forest_6_100            0.9075        0.0117       0.6858        0.0091       0.9947     1.55       -0.0925     ['0.889', '0.913', '0.908', '0.925', '0.903']
xgboost_6_100                  0.8017        0.0226       0.6768        0.0125       0.9947     1.55       -0.1983     ['0.777', '0.820', '0.811', '0.827', '0.773']
lightgbm_6_100                 0.8189        0.0321       0.6802        0.0155       0.9947     1.55       -0.1811     ['0.777', '0.832', '0.861', '0.837', '0.787']
random_forest_5_50             0.9175        0.0213       0.6854        0.0078       0.9947     1.55       -0.0825     ['0.936', '0.884', '0.905', '0.943', '0.919']
xgboost_5_50                   0.8268        0.0323       0.6815        0.0130       0.9947     1.55       -0.1732     ['0.832', '0.836', '0.862', '0.838', '0.766']
lightgbm_5_50                  0.8394        0.0233       0.6834        0.0119       0.9947     1.55       -0.1606     ['0.855', '0.858', '0.844', '0.845', '0.794']
random_forest_5_150            0.9564        0.0110       0.6845        0.0082       0.9947     1.55       -0.0436     ['0.944', '0.969', '0.964', '0.962', '0.942']
xgboost_5_150                  0.8074        0.0234       0.6781        0.0133       0.9947     1.55       -0.1926     ['0.783', '0.820', '0.826', '0.832', '0.776']
lightgbm_5_150                 0.8229        0.0279       0.6821        0.0156       0.9947     1.55       -0.1771     ['0.802', '0.843', '0.859', '0.829', '0.781']
random_forest_5_200            0.9483        0.0184       0.6834        0.0077       0.9947     1.55       -0.0517     ['0.953', '0.958', '0.964', '0.954', '0.912']
xgboost_5_200                  0.7972        0.0162       0.6764        0.0150       0.9947     1.55       -0.2028     ['0.784', '0.798', '0.814', '0.816', '0.775']
lightgbm_5_200                 0.8181        0.0254       0.6818        0.0150       0.9947     1.55       -0.1819     ['0.800', '0.831', '0.856', '0.822', '0.782']
adaboost_3_50                  0.8006        0.0233       0.6743        0.0123       0.9947     1.55       -0.1994     ['0.788', '0.799', '0.807', '0.840', '0.769']
adaboost_3_100                 0.7903        0.0241       0.6750        0.0139       0.9947     1.55       -0.2097     ['0.768', '0.794', '0.807', '0.824', '0.759']
adaboost_3_150                 0.7824        0.0133       0.6721        0.0145       0.9947     1.55       -0.2176     ['0.777', '0.767', '0.793', '0.802', '0.772']
adaboost_3_200                 0.7814        0.0129       0.6722        0.0125       0.9947     1.55       -0.2186     ['0.768', '0.778', '0.797', '0.797', '0.768']

Data perturbation plot saved to: cf_data_robustness_compas_5fold_plot_20250729_044244.png

================================================================================
COUNTERFACTUAL ROBUSTNESS INSIGHTS (COMPAS DATASET - 5 FOLDS)
================================================================================

⚖️ COMPAS DATASET INSIGHTS:
• Dataset contains criminal justice/recidivism prediction features
• Categorical features: ['Two_yr_Recidivism', 'score_factor', 'Age_Above_FourtyFive', 'Age_Below_TwentyFive', 'African_American', 'Asian', 'Hispanic', 'Native_American', 'Other', 'Female', 'Misdemeanor']
• Continuous features: ['Number_of_Priors']
• Baseline counterfactual success rate: 100.00% ± 0.000
• Baseline counterfactual validity: 1.0000 ± 0.000
• Baseline model accuracy: 0.6844 ± 0.009
• Baseline L2 distance: 0.9947 ± 0.0278
• Baseline L0 distance: 1.5489 ± 0.0362
• Baseline LOF score: 0.7553 ± 0.0152
• COMPAS dataset is widely used for algorithmic fairness research
• Contains sensitive attributes like race and sex that require careful handling

================================================================================
🏁 COMPREHENSIVE COUNTERFACTUAL ROBUSTNESS ANALYSIS COMPLETED!
================================================================================
[TIME] Completed at: 2025-07-29 04:42:44
[LOG] Complete analysis saved to: cf_robustness_analysis_v5_compas_20250729_043246.log
================================================================================
