================================================================================
COUNTERFACTUAL ROBUSTNESS ANALYSIS (FEATURETWEAK v4) - HELOC DATASET
================================================================================
[LOG] Logging session to: cf_robustness_analysis_featuretweak_v4_heloc_20250731_215527.log
[TIME] Started at: 2025-07-31 21:55:27
================================================================================

1. Loading dataset...
Original data shape (after removing metadata): (10459, 24)
Dropped 7957 rows with missing values
Final data shape: (2502, 24)
Dataset: HELOC
Label column: RiskPerformance
Features: 24 features

2. Analysis parameters:
  Number of folds: 5
  Counterfactual method: FeatureTweak
Dataset Summary:
Total samples (after cleaning): 2502
Number of features: 23
Label column: RiskPerformance
Number of folds: 5
Fold Summary:
--------------------------------------------------
Fold 0: Train=2001 samples, Test=501 samples
Fold 1: Train=2001 samples, Test=501 samples
Fold 2: Train=2002 samples, Test=500 samples
Fold 3: Train=2002 samples, Test=500 samples
Fold 4: Train=2002 samples, Test=500 samples
--------------------------------------------------

3. Running comprehensive analysis across all 5 folds...
================================================================================

--- FOLD 0 ANALYSIS ---
--------------------------------------------------
Fold 0 - Train: 2001 samples, Test: 501 samples
Fold 0 - Train: 2001 samples, Test: 501 samples
Fold 0 data shapes:
  Raw train: (2001, 24)
  Processed - Train: (2001, 24), Test: (501, 24)
  Training samples: 2001
  Test samples: 501
  Features: 23
  Class distribution - Train: [1248  753]
  Class distribution - Test: [312 189]

Training baseline model for fold 0...
  Train accuracy: 0.7671
  Test accuracy: 0.7106
Generating counterfactuals using FeatureTweak for fold 0...
Generating counterfactuals using FeatureTweak algorithm
Test set size: 501 samples
Epsilon parameter: 0.1
FeatureTweak counterfactual generation complete:
  Successful: 46/501 (9.18%)
  Failed: 455/501 (90.82%)
  Success rate: 9.18%
  Baseline validity: 1.0000 (46/46)
  Baseline L2 distance: 0.1340
  Baseline L0 distance: 3.83
  Baseline LOF score: 0.9130

Testing data perturbations for fold 0...
  minor_deletion:
Fold 0 - Train: 2001 samples, Test: 501 samples
    Bin 0 - Train: 2001 samples, Test: 501 samples
    Bin 0: Remove 0% -> validity: 1.0000, accuracy: 0.7106
Fold 0 - Train: 2001 samples, Test: 501 samples
    Bin 5 - Train: 1901 samples, Test: 501 samples
    Bin 5: Remove 5% -> validity: 0.5000, accuracy: 0.7086
Fold 0 - Train: 2001 samples, Test: 501 samples
    Bin 10 - Train: 1801 samples, Test: 501 samples
    Bin 10: Remove 10% -> validity: 0.5435, accuracy: 0.7066
Fold 0 - Train: 2001 samples, Test: 501 samples
    Bin 15 - Train: 1701 samples, Test: 501 samples
    Bin 15: Remove 15% -> validity: 0.5435, accuracy: 0.7046
Fold 0 - Train: 2001 samples, Test: 501 samples
    Bin 20 - Train: 1601 samples, Test: 501 samples
    Bin 20: Remove 20% -> validity: 0.5870, accuracy: 0.7026
  major_deletion:
Fold 0 - Train: 2001 samples, Test: 501 samples
    Bin 0 - Train: 2001 samples, Test: 501 samples
    Bin 0: Remove 0% -> validity: 1.0000, accuracy: 0.7106
Fold 0 - Train: 2001 samples, Test: 501 samples
    Bin 1 - Train: 1001 samples, Test: 501 samples
    Bin 1: Remove 50% -> validity: 0.3261, accuracy: 0.6986
  minor_addition:
Fold 0 - Train: 2001 samples, Test: 501 samples
    Bin 0 - Train: 1600 samples, Test: 501 samples
    Bin 0: Use 80% -> validity: 0.5652, accuracy: 0.7086
Fold 0 - Train: 2001 samples, Test: 501 samples
    Bin 5 - Train: 1700 samples, Test: 501 samples
    Bin 5: Use 85% -> validity: 0.5000, accuracy: 0.7126
Fold 0 - Train: 2001 samples, Test: 501 samples
    Bin 10 - Train: 1800 samples, Test: 501 samples
    Bin 10: Use 90% -> validity: 0.5435, accuracy: 0.7086
Fold 0 - Train: 2001 samples, Test: 501 samples
    Bin 15 - Train: 1900 samples, Test: 501 samples
    Bin 15: Use 95% -> validity: 0.5435, accuracy: 0.7006
Fold 0 - Train: 2001 samples, Test: 501 samples
    Bin 20 - Train: 2001 samples, Test: 501 samples
    Bin 20: Use 100% -> validity: 1.0000, accuracy: 0.7106
  major_addition:
Fold 0 - Train: 2001 samples, Test: 501 samples
    Bin 0 - Train: 1000 samples, Test: 501 samples
    Bin 0: Use 50% -> validity: 0.4130, accuracy: 0.6986
Fold 0 - Train: 2001 samples, Test: 501 samples
    Bin 1 - Train: 2001 samples, Test: 501 samples
    Bin 1: Use 100% -> validity: 1.0000, accuracy: 0.7106

Testing model perturbations for fold 0...
    random_forest {'max_depth': 3, 'n_estimators': 100, 'random_state': 42} - Train: 2001 samples, Test: 501 samples
      random_forest {'max_depth': 3, 'n_estimators': 100, 'random_state': 42}: validity 0.2609, accuracy 0.7046
    random_forest {'max_depth': 4, 'n_estimators': 100, 'random_state': 42} - Train: 2001 samples, Test: 501 samples
      random_forest {'max_depth': 4, 'n_estimators': 100, 'random_state': 42}: validity 0.4565, accuracy 0.7026
    random_forest {'max_depth': 5, 'n_estimators': 100, 'random_state': 42} - Train: 2001 samples, Test: 501 samples
      random_forest {'max_depth': 5, 'n_estimators': 100, 'random_state': 42}: validity 1.0000, accuracy 0.7106
    random_forest {'max_depth': 6, 'n_estimators': 100, 'random_state': 42} - Train: 2001 samples, Test: 501 samples
      random_forest {'max_depth': 6, 'n_estimators': 100, 'random_state': 42}: validity 0.6304, accuracy 0.7066
    random_forest {'max_depth': 5, 'n_estimators': 50, 'random_state': 42} - Train: 2001 samples, Test: 501 samples
      random_forest {'max_depth': 5, 'n_estimators': 50, 'random_state': 42}: validity 0.6957, accuracy 0.7066
    random_forest {'max_depth': 5, 'n_estimators': 100, 'random_state': 42} - Train: 2001 samples, Test: 501 samples
      random_forest {'max_depth': 5, 'n_estimators': 100, 'random_state': 42}: validity 1.0000, accuracy 0.7106
    random_forest {'max_depth': 5, 'n_estimators': 150, 'random_state': 42} - Train: 2001 samples, Test: 501 samples
      random_forest {'max_depth': 5, 'n_estimators': 150, 'random_state': 42}: validity 0.7826, accuracy 0.7106
    random_forest {'max_depth': 5, 'n_estimators': 200, 'random_state': 42} - Train: 2001 samples, Test: 501 samples
      random_forest {'max_depth': 5, 'n_estimators': 200, 'random_state': 42}: validity 0.6957, accuracy 0.7086
    decision_tree {'max_depth': 3, 'random_state': 42} - Train: 2001 samples, Test: 501 samples
      decision_tree {'max_depth': 3, 'random_state': 42}: validity 0.4130, accuracy 0.6906
    decision_tree {'max_depth': 4, 'random_state': 42} - Train: 2001 samples, Test: 501 samples
      decision_tree {'max_depth': 4, 'random_state': 42}: validity 0.4130, accuracy 0.6886
    decision_tree {'max_depth': 5, 'random_state': 42} - Train: 2001 samples, Test: 501 samples
      decision_tree {'max_depth': 5, 'random_state': 42}: validity 0.3478, accuracy 0.6906
    decision_tree {'max_depth': 6, 'random_state': 42} - Train: 2001 samples, Test: 501 samples
      decision_tree {'max_depth': 6, 'random_state': 42}: validity 0.4565, accuracy 0.6667

--- FOLD 1 ANALYSIS ---
--------------------------------------------------
Fold 1 - Train: 2001 samples, Test: 501 samples
Fold 1 - Train: 2001 samples, Test: 501 samples
Fold 1 data shapes:
  Raw train: (2001, 24)
  Processed - Train: (2001, 24), Test: (501, 24)
  Training samples: 2001
  Test samples: 501
  Features: 23
  Class distribution - Train: [1248  753]
  Class distribution - Test: [312 189]

Training baseline model for fold 1...
  Train accuracy: 0.7516
  Test accuracy: 0.7305
Generating counterfactuals using FeatureTweak for fold 1...
Generating counterfactuals using FeatureTweak algorithm
Test set size: 501 samples
Epsilon parameter: 0.1
FeatureTweak counterfactual generation complete:
  Successful: 72/501 (14.37%)
  Failed: 429/501 (85.63%)
  Success rate: 14.37%
  Baseline validity: 1.0000 (72/72)
  Baseline L2 distance: 0.1383
  Baseline L0 distance: 3.88
  Baseline LOF score: 0.8611

Testing data perturbations for fold 1...
  minor_deletion:
Fold 1 - Train: 2001 samples, Test: 501 samples
    Bin 0 - Train: 2001 samples, Test: 501 samples
    Bin 0: Remove 0% -> validity: 1.0000, accuracy: 0.7305
Fold 1 - Train: 2001 samples, Test: 501 samples
    Bin 5 - Train: 1901 samples, Test: 501 samples
    Bin 5: Remove 5% -> validity: 0.5833, accuracy: 0.7385
Fold 1 - Train: 2001 samples, Test: 501 samples
    Bin 10 - Train: 1801 samples, Test: 501 samples
    Bin 10: Remove 10% -> validity: 0.6667, accuracy: 0.7365
Fold 1 - Train: 2001 samples, Test: 501 samples
    Bin 15 - Train: 1701 samples, Test: 501 samples
    Bin 15: Remove 15% -> validity: 0.5972, accuracy: 0.7365
Fold 1 - Train: 2001 samples, Test: 501 samples
    Bin 20 - Train: 1601 samples, Test: 501 samples
    Bin 20: Remove 20% -> validity: 0.6528, accuracy: 0.7246
  major_deletion:
Fold 1 - Train: 2001 samples, Test: 501 samples
    Bin 0 - Train: 2001 samples, Test: 501 samples
    Bin 0: Remove 0% -> validity: 1.0000, accuracy: 0.7305
Fold 1 - Train: 2001 samples, Test: 501 samples
    Bin 1 - Train: 1001 samples, Test: 501 samples
    Bin 1: Remove 50% -> validity: 0.5556, accuracy: 0.7285
  minor_addition:
Fold 1 - Train: 2001 samples, Test: 501 samples
    Bin 0 - Train: 1600 samples, Test: 501 samples
    Bin 0: Use 80% -> validity: 0.5833, accuracy: 0.7365
Fold 1 - Train: 2001 samples, Test: 501 samples
    Bin 5 - Train: 1700 samples, Test: 501 samples
    Bin 5: Use 85% -> validity: 0.5000, accuracy: 0.7265
Fold 1 - Train: 2001 samples, Test: 501 samples
    Bin 10 - Train: 1800 samples, Test: 501 samples
    Bin 10: Use 90% -> validity: 0.6806, accuracy: 0.7226
Fold 1 - Train: 2001 samples, Test: 501 samples
    Bin 15 - Train: 1900 samples, Test: 501 samples
    Bin 15: Use 95% -> validity: 0.6389, accuracy: 0.7146
Fold 1 - Train: 2001 samples, Test: 501 samples
    Bin 20 - Train: 2001 samples, Test: 501 samples
    Bin 20: Use 100% -> validity: 1.0000, accuracy: 0.7305
  major_addition:
Fold 1 - Train: 2001 samples, Test: 501 samples
    Bin 0 - Train: 1000 samples, Test: 501 samples
    Bin 0: Use 50% -> validity: 0.4722, accuracy: 0.7166
Fold 1 - Train: 2001 samples, Test: 501 samples
    Bin 1 - Train: 2001 samples, Test: 501 samples
    Bin 1: Use 100% -> validity: 1.0000, accuracy: 0.7305

Testing model perturbations for fold 1...
    random_forest {'max_depth': 3, 'n_estimators': 100, 'random_state': 42} - Train: 2001 samples, Test: 501 samples
      random_forest {'max_depth': 3, 'n_estimators': 100, 'random_state': 42}: validity 0.2917, accuracy 0.7126
    random_forest {'max_depth': 4, 'n_estimators': 100, 'random_state': 42} - Train: 2001 samples, Test: 501 samples
      random_forest {'max_depth': 4, 'n_estimators': 100, 'random_state': 42}: validity 0.5694, accuracy 0.7166
    random_forest {'max_depth': 5, 'n_estimators': 100, 'random_state': 42} - Train: 2001 samples, Test: 501 samples
      random_forest {'max_depth': 5, 'n_estimators': 100, 'random_state': 42}: validity 1.0000, accuracy 0.7305
    random_forest {'max_depth': 6, 'n_estimators': 100, 'random_state': 42} - Train: 2001 samples, Test: 501 samples
      random_forest {'max_depth': 6, 'n_estimators': 100, 'random_state': 42}: validity 0.5833, accuracy 0.7345
    random_forest {'max_depth': 5, 'n_estimators': 50, 'random_state': 42} - Train: 2001 samples, Test: 501 samples
      random_forest {'max_depth': 5, 'n_estimators': 50, 'random_state': 42}: validity 0.8194, accuracy 0.7246
    random_forest {'max_depth': 5, 'n_estimators': 100, 'random_state': 42} - Train: 2001 samples, Test: 501 samples
      random_forest {'max_depth': 5, 'n_estimators': 100, 'random_state': 42}: validity 1.0000, accuracy 0.7305
    random_forest {'max_depth': 5, 'n_estimators': 150, 'random_state': 42} - Train: 2001 samples, Test: 501 samples
      random_forest {'max_depth': 5, 'n_estimators': 150, 'random_state': 42}: validity 0.8750, accuracy 0.7246
    random_forest {'max_depth': 5, 'n_estimators': 200, 'random_state': 42} - Train: 2001 samples, Test: 501 samples
      random_forest {'max_depth': 5, 'n_estimators': 200, 'random_state': 42}: validity 0.7778, accuracy 0.7226
    decision_tree {'max_depth': 3, 'random_state': 42} - Train: 2001 samples, Test: 501 samples
      decision_tree {'max_depth': 3, 'random_state': 42}: validity 0.5417, accuracy 0.7086
    decision_tree {'max_depth': 4, 'random_state': 42} - Train: 2001 samples, Test: 501 samples
      decision_tree {'max_depth': 4, 'random_state': 42}: validity 0.5139, accuracy 0.6846
    decision_tree {'max_depth': 5, 'random_state': 42} - Train: 2001 samples, Test: 501 samples
      decision_tree {'max_depth': 5, 'random_state': 42}: validity 0.4444, accuracy 0.7106
    decision_tree {'max_depth': 6, 'random_state': 42} - Train: 2001 samples, Test: 501 samples
      decision_tree {'max_depth': 6, 'random_state': 42}: validity 0.4306, accuracy 0.6886

--- FOLD 2 ANALYSIS ---
--------------------------------------------------
Fold 2 - Train: 2002 samples, Test: 500 samples
Fold 2 - Train: 2002 samples, Test: 500 samples
Fold 2 data shapes:
  Raw train: (2002, 24)
  Processed - Train: (2002, 24), Test: (500, 24)
  Training samples: 2002
  Test samples: 500
  Features: 23
  Class distribution - Train: [1248  754]
  Class distribution - Test: [312 188]

Training baseline model for fold 2...
  Train accuracy: 0.7597
  Test accuracy: 0.7200
Generating counterfactuals using FeatureTweak for fold 2...
Generating counterfactuals using FeatureTweak algorithm
Test set size: 500 samples
Epsilon parameter: 0.1
FeatureTweak counterfactual generation complete:
  Successful: 38/500 (7.60%)
  Failed: 462/500 (92.40%)
  Success rate: 7.60%
  Baseline validity: 1.0000 (38/38)
  Baseline L2 distance: 0.1290
  Baseline L0 distance: 3.76
  Baseline LOF score: 0.8947

Testing data perturbations for fold 2...
  minor_deletion:
Fold 2 - Train: 2002 samples, Test: 500 samples
    Bin 0 - Train: 2002 samples, Test: 500 samples
    Bin 0: Remove 0% -> validity: 1.0000, accuracy: 0.7200
Fold 2 - Train: 2002 samples, Test: 500 samples
    Bin 5 - Train: 1902 samples, Test: 500 samples
    Bin 5: Remove 5% -> validity: 0.4474, accuracy: 0.7220
Fold 2 - Train: 2002 samples, Test: 500 samples
    Bin 10 - Train: 1802 samples, Test: 500 samples
    Bin 10: Remove 10% -> validity: 0.5000, accuracy: 0.7280
Fold 2 - Train: 2002 samples, Test: 500 samples
    Bin 15 - Train: 1702 samples, Test: 500 samples
    Bin 15: Remove 15% -> validity: 0.5263, accuracy: 0.7280
Fold 2 - Train: 2002 samples, Test: 500 samples
    Bin 20 - Train: 1602 samples, Test: 500 samples
    Bin 20: Remove 20% -> validity: 0.4737, accuracy: 0.7220
  major_deletion:
Fold 2 - Train: 2002 samples, Test: 500 samples
    Bin 0 - Train: 2002 samples, Test: 500 samples
    Bin 0: Remove 0% -> validity: 1.0000, accuracy: 0.7200
Fold 2 - Train: 2002 samples, Test: 500 samples
    Bin 1 - Train: 1001 samples, Test: 500 samples
    Bin 1: Remove 50% -> validity: 0.2105, accuracy: 0.7160
  minor_addition:
Fold 2 - Train: 2002 samples, Test: 500 samples
    Bin 0 - Train: 1601 samples, Test: 500 samples
    Bin 0: Use 80% -> validity: 0.3947, accuracy: 0.7160
Fold 2 - Train: 2002 samples, Test: 500 samples
    Bin 5 - Train: 1701 samples, Test: 500 samples
    Bin 5: Use 85% -> validity: 0.6579, accuracy: 0.7280
Fold 2 - Train: 2002 samples, Test: 500 samples
    Bin 10 - Train: 1801 samples, Test: 500 samples
    Bin 10: Use 90% -> validity: 0.5789, accuracy: 0.7260
Fold 2 - Train: 2002 samples, Test: 500 samples
    Bin 15 - Train: 1901 samples, Test: 500 samples
    Bin 15: Use 95% -> validity: 0.6842, accuracy: 0.7180
Fold 2 - Train: 2002 samples, Test: 500 samples
    Bin 20 - Train: 2002 samples, Test: 500 samples
    Bin 20: Use 100% -> validity: 1.0000, accuracy: 0.7200
  major_addition:
Fold 2 - Train: 2002 samples, Test: 500 samples
    Bin 0 - Train: 1001 samples, Test: 500 samples
    Bin 0: Use 50% -> validity: 0.4737, accuracy: 0.7260
Fold 2 - Train: 2002 samples, Test: 500 samples
    Bin 1 - Train: 2002 samples, Test: 500 samples
    Bin 1: Use 100% -> validity: 1.0000, accuracy: 0.7200

Testing model perturbations for fold 2...
    random_forest {'max_depth': 3, 'n_estimators': 100, 'random_state': 42} - Train: 2002 samples, Test: 500 samples
      random_forest {'max_depth': 3, 'n_estimators': 100, 'random_state': 42}: validity 0.3684, accuracy 0.7220
    random_forest {'max_depth': 4, 'n_estimators': 100, 'random_state': 42} - Train: 2002 samples, Test: 500 samples
      random_forest {'max_depth': 4, 'n_estimators': 100, 'random_state': 42}: validity 0.7368, accuracy 0.7200
    random_forest {'max_depth': 5, 'n_estimators': 100, 'random_state': 42} - Train: 2002 samples, Test: 500 samples
      random_forest {'max_depth': 5, 'n_estimators': 100, 'random_state': 42}: validity 1.0000, accuracy 0.7200
    random_forest {'max_depth': 6, 'n_estimators': 100, 'random_state': 42} - Train: 2002 samples, Test: 500 samples
      random_forest {'max_depth': 6, 'n_estimators': 100, 'random_state': 42}: validity 0.6316, accuracy 0.7400
    random_forest {'max_depth': 5, 'n_estimators': 50, 'random_state': 42} - Train: 2002 samples, Test: 500 samples
      random_forest {'max_depth': 5, 'n_estimators': 50, 'random_state': 42}: validity 0.7105, accuracy 0.7220
    random_forest {'max_depth': 5, 'n_estimators': 100, 'random_state': 42} - Train: 2002 samples, Test: 500 samples
      random_forest {'max_depth': 5, 'n_estimators': 100, 'random_state': 42}: validity 1.0000, accuracy 0.7200
    random_forest {'max_depth': 5, 'n_estimators': 150, 'random_state': 42} - Train: 2002 samples, Test: 500 samples
      random_forest {'max_depth': 5, 'n_estimators': 150, 'random_state': 42}: validity 0.7368, accuracy 0.7220
    random_forest {'max_depth': 5, 'n_estimators': 200, 'random_state': 42} - Train: 2002 samples, Test: 500 samples
      random_forest {'max_depth': 5, 'n_estimators': 200, 'random_state': 42}: validity 0.7632, accuracy 0.7260
    decision_tree {'max_depth': 3, 'random_state': 42} - Train: 2002 samples, Test: 500 samples
      decision_tree {'max_depth': 3, 'random_state': 42}: validity 0.4737, accuracy 0.6900
    decision_tree {'max_depth': 4, 'random_state': 42} - Train: 2002 samples, Test: 500 samples
      decision_tree {'max_depth': 4, 'random_state': 42}: validity 0.3421, accuracy 0.6880
    decision_tree {'max_depth': 5, 'random_state': 42} - Train: 2002 samples, Test: 500 samples
      decision_tree {'max_depth': 5, 'random_state': 42}: validity 0.3158, accuracy 0.6780
    decision_tree {'max_depth': 6, 'random_state': 42} - Train: 2002 samples, Test: 500 samples
      decision_tree {'max_depth': 6, 'random_state': 42}: validity 0.2368, accuracy 0.6840

--- FOLD 3 ANALYSIS ---
--------------------------------------------------
Fold 3 - Train: 2002 samples, Test: 500 samples
Fold 3 - Train: 2002 samples, Test: 500 samples
Fold 3 data shapes:
  Raw train: (2002, 24)
  Processed - Train: (2002, 24), Test: (500, 24)
  Training samples: 2002
  Test samples: 500
  Features: 23
  Class distribution - Train: [1248  754]
  Class distribution - Test: [312 188]

Training baseline model for fold 3...
  Train accuracy: 0.7717
  Test accuracy: 0.7080
Generating counterfactuals using FeatureTweak for fold 3...
Generating counterfactuals using FeatureTweak algorithm
Test set size: 500 samples
Epsilon parameter: 0.1
FeatureTweak counterfactual generation complete:
  Successful: 47/500 (9.40%)
  Failed: 453/500 (90.60%)
  Success rate: 9.40%
  Baseline validity: 1.0000 (47/47)
  Baseline L2 distance: 0.1321
  Baseline L0 distance: 4.06
  Baseline LOF score: 0.7021

Testing data perturbations for fold 3...
  minor_deletion:
Fold 3 - Train: 2002 samples, Test: 500 samples
    Bin 0 - Train: 2002 samples, Test: 500 samples
    Bin 0: Remove 0% -> validity: 1.0000, accuracy: 0.7080
Fold 3 - Train: 2002 samples, Test: 500 samples
    Bin 5 - Train: 1902 samples, Test: 500 samples
    Bin 5: Remove 5% -> validity: 0.5532, accuracy: 0.7060
Fold 3 - Train: 2002 samples, Test: 500 samples
    Bin 10 - Train: 1802 samples, Test: 500 samples
    Bin 10: Remove 10% -> validity: 0.5957, accuracy: 0.7080
Fold 3 - Train: 2002 samples, Test: 500 samples
    Bin 15 - Train: 1702 samples, Test: 500 samples
    Bin 15: Remove 15% -> validity: 0.4681, accuracy: 0.7140
Fold 3 - Train: 2002 samples, Test: 500 samples
    Bin 20 - Train: 1602 samples, Test: 500 samples
    Bin 20: Remove 20% -> validity: 0.4894, accuracy: 0.7100
  major_deletion:
Fold 3 - Train: 2002 samples, Test: 500 samples
    Bin 0 - Train: 2002 samples, Test: 500 samples
    Bin 0: Remove 0% -> validity: 1.0000, accuracy: 0.7080
Fold 3 - Train: 2002 samples, Test: 500 samples
    Bin 1 - Train: 1001 samples, Test: 500 samples
    Bin 1: Remove 50% -> validity: 0.3191, accuracy: 0.7240
  minor_addition:
Fold 3 - Train: 2002 samples, Test: 500 samples
    Bin 0 - Train: 1601 samples, Test: 500 samples
    Bin 0: Use 80% -> validity: 0.4468, accuracy: 0.7120
Fold 3 - Train: 2002 samples, Test: 500 samples
    Bin 5 - Train: 1701 samples, Test: 500 samples
    Bin 5: Use 85% -> validity: 0.5319, accuracy: 0.7100
Fold 3 - Train: 2002 samples, Test: 500 samples
    Bin 10 - Train: 1801 samples, Test: 500 samples
    Bin 10: Use 90% -> validity: 0.4468, accuracy: 0.7140
Fold 3 - Train: 2002 samples, Test: 500 samples
    Bin 15 - Train: 1901 samples, Test: 500 samples
    Bin 15: Use 95% -> validity: 0.5532, accuracy: 0.7140
Fold 3 - Train: 2002 samples, Test: 500 samples
    Bin 20 - Train: 2002 samples, Test: 500 samples
    Bin 20: Use 100% -> validity: 1.0000, accuracy: 0.7080
  major_addition:
Fold 3 - Train: 2002 samples, Test: 500 samples
    Bin 0 - Train: 1001 samples, Test: 500 samples
    Bin 0: Use 50% -> validity: 0.3191, accuracy: 0.7080
Fold 3 - Train: 2002 samples, Test: 500 samples
    Bin 1 - Train: 2002 samples, Test: 500 samples
    Bin 1: Use 100% -> validity: 1.0000, accuracy: 0.7080

Testing model perturbations for fold 3...
    random_forest {'max_depth': 3, 'n_estimators': 100, 'random_state': 42} - Train: 2002 samples, Test: 500 samples
      random_forest {'max_depth': 3, 'n_estimators': 100, 'random_state': 42}: validity 0.1915, accuracy 0.6980
    random_forest {'max_depth': 4, 'n_estimators': 100, 'random_state': 42} - Train: 2002 samples, Test: 500 samples
      random_forest {'max_depth': 4, 'n_estimators': 100, 'random_state': 42}: validity 0.5106, accuracy 0.7040
    random_forest {'max_depth': 5, 'n_estimators': 100, 'random_state': 42} - Train: 2002 samples, Test: 500 samples
      random_forest {'max_depth': 5, 'n_estimators': 100, 'random_state': 42}: validity 1.0000, accuracy 0.7080
    random_forest {'max_depth': 6, 'n_estimators': 100, 'random_state': 42} - Train: 2002 samples, Test: 500 samples
      random_forest {'max_depth': 6, 'n_estimators': 100, 'random_state': 42}: validity 0.5319, accuracy 0.7160
    random_forest {'max_depth': 5, 'n_estimators': 50, 'random_state': 42} - Train: 2002 samples, Test: 500 samples
      random_forest {'max_depth': 5, 'n_estimators': 50, 'random_state': 42}: validity 0.7021, accuracy 0.7080
    random_forest {'max_depth': 5, 'n_estimators': 100, 'random_state': 42} - Train: 2002 samples, Test: 500 samples
      random_forest {'max_depth': 5, 'n_estimators': 100, 'random_state': 42}: validity 1.0000, accuracy 0.7080
    random_forest {'max_depth': 5, 'n_estimators': 150, 'random_state': 42} - Train: 2002 samples, Test: 500 samples
      random_forest {'max_depth': 5, 'n_estimators': 150, 'random_state': 42}: validity 0.7660, accuracy 0.7060
    random_forest {'max_depth': 5, 'n_estimators': 200, 'random_state': 42} - Train: 2002 samples, Test: 500 samples
      random_forest {'max_depth': 5, 'n_estimators': 200, 'random_state': 42}: validity 0.8298, accuracy 0.7060
    decision_tree {'max_depth': 3, 'random_state': 42} - Train: 2002 samples, Test: 500 samples
      decision_tree {'max_depth': 3, 'random_state': 42}: validity 0.1702, accuracy 0.6700
    decision_tree {'max_depth': 4, 'random_state': 42} - Train: 2002 samples, Test: 500 samples
      decision_tree {'max_depth': 4, 'random_state': 42}: validity 0.3617, accuracy 0.6880
    decision_tree {'max_depth': 5, 'random_state': 42} - Train: 2002 samples, Test: 500 samples
      decision_tree {'max_depth': 5, 'random_state': 42}: validity 0.3191, accuracy 0.6840
    decision_tree {'max_depth': 6, 'random_state': 42} - Train: 2002 samples, Test: 500 samples
      decision_tree {'max_depth': 6, 'random_state': 42}: validity 0.2979, accuracy 0.6860

--- FOLD 4 ANALYSIS ---
--------------------------------------------------
Fold 4 - Train: 2002 samples, Test: 500 samples
Fold 4 - Train: 2002 samples, Test: 500 samples
Fold 4 data shapes:
  Raw train: (2002, 24)
  Processed - Train: (2002, 24), Test: (500, 24)
  Training samples: 2002
  Test samples: 500
  Features: 23
  Class distribution - Train: [1248  754]
  Class distribution - Test: [312 188]

Training baseline model for fold 4...
  Train accuracy: 0.7677
  Test accuracy: 0.7020
Generating counterfactuals using FeatureTweak for fold 4...
Generating counterfactuals using FeatureTweak algorithm
Test set size: 500 samples
Epsilon parameter: 0.1
FeatureTweak counterfactual generation complete:
  Successful: 66/500 (13.20%)
  Failed: 434/500 (86.80%)
  Success rate: 13.20%
  Baseline validity: 1.0000 (66/66)
  Baseline L2 distance: 0.1300
  Baseline L0 distance: 3.83
  Baseline LOF score: 0.7576

Testing data perturbations for fold 4...
  minor_deletion:
Fold 4 - Train: 2002 samples, Test: 500 samples
    Bin 0 - Train: 2002 samples, Test: 500 samples
    Bin 0: Remove 0% -> validity: 1.0000, accuracy: 0.7020
Fold 4 - Train: 2002 samples, Test: 500 samples
    Bin 5 - Train: 1902 samples, Test: 500 samples
    Bin 5: Remove 5% -> validity: 0.6212, accuracy: 0.7060
Fold 4 - Train: 2002 samples, Test: 500 samples
    Bin 10 - Train: 1802 samples, Test: 500 samples
    Bin 10: Remove 10% -> validity: 0.5758, accuracy: 0.6940
Fold 4 - Train: 2002 samples, Test: 500 samples
    Bin 15 - Train: 1702 samples, Test: 500 samples
    Bin 15: Remove 15% -> validity: 0.5303, accuracy: 0.7080
Fold 4 - Train: 2002 samples, Test: 500 samples
    Bin 20 - Train: 1602 samples, Test: 500 samples
    Bin 20: Remove 20% -> validity: 0.5000, accuracy: 0.6940
  major_deletion:
Fold 4 - Train: 2002 samples, Test: 500 samples
    Bin 0 - Train: 2002 samples, Test: 500 samples
    Bin 0: Remove 0% -> validity: 1.0000, accuracy: 0.7020
Fold 4 - Train: 2002 samples, Test: 500 samples
    Bin 1 - Train: 1001 samples, Test: 500 samples
    Bin 1: Remove 50% -> validity: 0.5152, accuracy: 0.7060
  minor_addition:
Fold 4 - Train: 2002 samples, Test: 500 samples
    Bin 0 - Train: 1601 samples, Test: 500 samples
    Bin 0: Use 80% -> validity: 0.5000, accuracy: 0.7080
Fold 4 - Train: 2002 samples, Test: 500 samples
    Bin 5 - Train: 1701 samples, Test: 500 samples
    Bin 5: Use 85% -> validity: 0.5000, accuracy: 0.6980
Fold 4 - Train: 2002 samples, Test: 500 samples
    Bin 10 - Train: 1801 samples, Test: 500 samples
    Bin 10: Use 90% -> validity: 0.6212, accuracy: 0.7080
Fold 4 - Train: 2002 samples, Test: 500 samples
    Bin 15 - Train: 1901 samples, Test: 500 samples
    Bin 15: Use 95% -> validity: 0.6061, accuracy: 0.7080
Fold 4 - Train: 2002 samples, Test: 500 samples
    Bin 20 - Train: 2002 samples, Test: 500 samples
    Bin 20: Use 100% -> validity: 1.0000, accuracy: 0.7020
  major_addition:
Fold 4 - Train: 2002 samples, Test: 500 samples
    Bin 0 - Train: 1001 samples, Test: 500 samples
    Bin 0: Use 50% -> validity: 0.3030, accuracy: 0.6940
Fold 4 - Train: 2002 samples, Test: 500 samples
    Bin 1 - Train: 2002 samples, Test: 500 samples
    Bin 1: Use 100% -> validity: 1.0000, accuracy: 0.7020

Testing model perturbations for fold 4...
    random_forest {'max_depth': 3, 'n_estimators': 100, 'random_state': 42} - Train: 2002 samples, Test: 500 samples
      random_forest {'max_depth': 3, 'n_estimators': 100, 'random_state': 42}: validity 0.3636, accuracy 0.6940
    random_forest {'max_depth': 4, 'n_estimators': 100, 'random_state': 42} - Train: 2002 samples, Test: 500 samples
      random_forest {'max_depth': 4, 'n_estimators': 100, 'random_state': 42}: validity 0.6364, accuracy 0.7040
    random_forest {'max_depth': 5, 'n_estimators': 100, 'random_state': 42} - Train: 2002 samples, Test: 500 samples
      random_forest {'max_depth': 5, 'n_estimators': 100, 'random_state': 42}: validity 1.0000, accuracy 0.7020
    random_forest {'max_depth': 6, 'n_estimators': 100, 'random_state': 42} - Train: 2002 samples, Test: 500 samples
      random_forest {'max_depth': 6, 'n_estimators': 100, 'random_state': 42}: validity 0.6212, accuracy 0.7000
    random_forest {'max_depth': 5, 'n_estimators': 50, 'random_state': 42} - Train: 2002 samples, Test: 500 samples
      random_forest {'max_depth': 5, 'n_estimators': 50, 'random_state': 42}: validity 0.6667, accuracy 0.7060
    random_forest {'max_depth': 5, 'n_estimators': 100, 'random_state': 42} - Train: 2002 samples, Test: 500 samples
      random_forest {'max_depth': 5, 'n_estimators': 100, 'random_state': 42}: validity 1.0000, accuracy 0.7020
    random_forest {'max_depth': 5, 'n_estimators': 150, 'random_state': 42} - Train: 2002 samples, Test: 500 samples
      random_forest {'max_depth': 5, 'n_estimators': 150, 'random_state': 42}: validity 0.7727, accuracy 0.7000
    random_forest {'max_depth': 5, 'n_estimators': 200, 'random_state': 42} - Train: 2002 samples, Test: 500 samples
      random_forest {'max_depth': 5, 'n_estimators': 200, 'random_state': 42}: validity 0.7576, accuracy 0.7060
    decision_tree {'max_depth': 3, 'random_state': 42} - Train: 2002 samples, Test: 500 samples
      decision_tree {'max_depth': 3, 'random_state': 42}: validity 0.4697, accuracy 0.7000
    decision_tree {'max_depth': 4, 'random_state': 42} - Train: 2002 samples, Test: 500 samples
      decision_tree {'max_depth': 4, 'random_state': 42}: validity 0.4091, accuracy 0.6900
    decision_tree {'max_depth': 5, 'random_state': 42} - Train: 2002 samples, Test: 500 samples
      decision_tree {'max_depth': 5, 'random_state': 42}: validity 0.4394, accuracy 0.6800
    decision_tree {'max_depth': 6, 'random_state': 42} - Train: 2002 samples, Test: 500 samples
      decision_tree {'max_depth': 6, 'random_state': 42}: validity 0.3788, accuracy 0.6700

4. Creating comprehensive visualizations...
Data robustness visualization saved to featuretweak_plots/

================================================================================
COMPREHENSIVE STATISTICAL SUMMARY
================================================================================
Analysis across 5 cross-validation folds

[SUMMARY] BASELINE PERFORMANCE SUMMARY:
  Baseline CF Validity: 1.0000 ± 0.0000
  Baseline Model Accuracy: 0.7142 ± 0.0100

[INSIGHTS] DATA PERTURBATION ROBUSTNESS:
  Minor Deletion:
    Mean validity: 0.6382 ± 0.1887
    Min validity: 0.4474
    Max validity: 1.0000
  Major Deletion:
    Mean validity: 0.6926 ± 0.3208
    Min validity: 0.2105
    Max validity: 1.0000
  Minor Addition:
    Mean validity: 0.6431 ± 0.1915
    Min validity: 0.3947
    Max validity: 1.0000
  Major Addition:
    Mean validity: 0.6981 ± 0.3063
    Min validity: 0.3030
    Max validity: 1.0000

🤖 MODEL PERTURBATION ROBUSTNESS:
  Overall model robustness:
    Mean validity: 0.6085 ± 0.2452
    Min validity: 0.1702
    Max validity: 1.0000

💡 KEY INSIGHTS FOR HELOC DATASET:
  • FeatureTweak optimized for pure numerical financial features
  • Epsilon adjustments enable precise continuous feature modifications
  • HELOC financial domain benefits from tree-based actionable insights
  • Numerical features provide smooth counterfactual transitions

[SUCCESS] FeatureTweak robustness analysis completed successfully!
📁 All results saved and logged to: cf_robustness_analysis_featuretweak_v4_heloc_20250731_215527.log
