================================================================================
COUNTERFACTUAL ROBUSTNESS ANALYSIS (NICE v3) - GERMAN CREDIT DATASET
================================================================================
[LOG] Logging session to: cf_robustness_analysis_nice_v3_20250804_174137.log
[TIME] Started at: 2025-08-04 17:41:37
================================================================================

1. Loading German Credit dataset...
Original data shape (after removing metadata): (1000, 10)
Dropped 0 rows with missing values
Final data shape: (1000, 10)
Dataset: German Credit
Label column: Class
Features: 10 features
Feature types:
  Age: D
  Sex: C
  Job: D
  Housing: C
  SavingAccounts: D
  CheckingAccount: D
  CreditAmount: N
  Duration: D
  Purpose: C
  Class: B

2. Analysis parameters:
  Number of folds: 5
  Counterfactual method: NICE
Dataset Summary:
Total samples (after cleaning): 1000
Number of features: 9
Label column: Class
Number of folds: 5
Fold Summary:
--------------------------------------------------
Fold 0: Train=800 samples, Test=200 samples
Fold 1: Train=800 samples, Test=200 samples
Fold 2: Train=800 samples, Test=200 samples
Fold 3: Train=800 samples, Test=200 samples
Fold 4: Train=800 samples, Test=200 samples
--------------------------------------------------
  Data perturbation types: ['minor_deletion', 'major_deletion', 'minor_addition', 'major_addition']
  Model perturbations: 28 configurations

3. Running comprehensive analysis across all 5 folds...
================================================================================

--- FOLD 0 ANALYSIS ---
--------------------------------------------------
Fold 0 - Train: 800 samples, Test: 200 samples
Fold 0 - Train: 800 samples, Test: 200 samples
Fold 0 data shapes:
  Raw train: (800, 10)
  Processed - Train: (800, 10), Test: (200, 10)
  Training samples: 800
  Test samples: 200
  Features: 9
  Class distribution - Train: [240 560]
  Class distribution - Test: [ 60 140]
German Credit feature names: ['Age', 'Sex', 'Job', 'Housing', 'SavingAccounts', 'CheckingAccount', 'CreditAmount', 'Duration', 'Purpose']
German Credit feature analysis:
  Categorical feature indices: [1, 3, 8]
  Numerical feature indices: [0, 2, 4, 5, 6, 7]

Training baseline model for fold 0...
  Train accuracy: 0.7800
  Test accuracy: 0.7450
Generating counterfactuals using NICE for fold 0...
Generating counterfactuals using NICE algorithm
Test set size: 200 samples
NICE counterfactual generation complete:
  Successful: 200/200 (100.00%)
  Failed: 0/200 (0.00%)
  Success rate: 100.00%
  Baseline validity: 1.0000 (200/200)
  Baseline L2 distance: 0.4780
  Baseline L0 distance: 2.21
  Baseline LOF score: 0.8400

Testing data perturbations for fold 0...
  minor_deletion:
Fold 0 - Train: 800 samples, Test: 200 samples
    Bin 0: Remove 0% -> validity: 1.0000, accuracy: 0.7450
Fold 0 - Train: 800 samples, Test: 200 samples
    Bin 5: Remove 5% -> validity: 0.7600, accuracy: 0.7450
Fold 0 - Train: 800 samples, Test: 200 samples
    Bin 10: Remove 10% -> validity: 0.7800, accuracy: 0.7450
Fold 0 - Train: 800 samples, Test: 200 samples
    Bin 15: Remove 15% -> validity: 0.7700, accuracy: 0.7350
Fold 0 - Train: 800 samples, Test: 200 samples
    Bin 20: Remove 20% -> validity: 0.8150, accuracy: 0.7600
  major_deletion:
Fold 0 - Train: 800 samples, Test: 200 samples
    Bin 0: Remove 0% -> validity: 1.0000, accuracy: 0.7450
Fold 0 - Train: 800 samples, Test: 200 samples
    Bin 1: Remove 50% -> validity: 0.8100, accuracy: 0.7550
  minor_addition:
Fold 0 - Train: 800 samples, Test: 200 samples
    Bin 0: Use 80% -> validity: 0.6350, accuracy: 0.7050
Fold 0 - Train: 800 samples, Test: 200 samples
    Bin 5: Use 85% -> validity: 0.7700, accuracy: 0.7200
Fold 0 - Train: 800 samples, Test: 200 samples
    Bin 10: Use 90% -> validity: 0.7650, accuracy: 0.7250
Fold 0 - Train: 800 samples, Test: 200 samples
    Bin 15: Use 95% -> validity: 0.7900, accuracy: 0.7350
Fold 0 - Train: 800 samples, Test: 200 samples
    Bin 20: Use 100% -> validity: 1.0000, accuracy: 0.7450
  major_addition:
Fold 0 - Train: 800 samples, Test: 200 samples
    Bin 0: Use 50% -> validity: 0.5200, accuracy: 0.7150
Fold 0 - Train: 800 samples, Test: 200 samples
    Bin 1: Use 100% -> validity: 1.0000, accuracy: 0.7450

Testing model perturbations for fold 0...
Fold 0 - Train: 800 samples, Test: 200 samples
  random_forest (3, 100): validity: 0.2000, accuracy: 0.7300
Fold 0 - Train: 800 samples, Test: 200 samples
  xgboost (3, 100): validity: 0.7300, accuracy: 0.7300
Fold 0 - Train: 800 samples, Test: 200 samples
  lightgbm (3, 100): validity: 0.8000, accuracy: 0.7400
Fold 0 - Train: 800 samples, Test: 200 samples
  random_forest (4, 100): validity: 0.6800, accuracy: 0.7450
Fold 0 - Train: 800 samples, Test: 200 samples
  xgboost (4, 100): validity: 0.7500, accuracy: 0.7450
Fold 0 - Train: 800 samples, Test: 200 samples
  lightgbm (4, 100): validity: 0.7650, accuracy: 0.7650
Fold 0 - Train: 800 samples, Test: 200 samples
  random_forest (5, 100): validity: 1.0000, accuracy: 0.7450
Fold 0 - Train: 800 samples, Test: 200 samples
  xgboost (5, 100): validity: 0.7250, accuracy: 0.7300
Fold 0 - Train: 800 samples, Test: 200 samples
  lightgbm (5, 100): validity: 0.7650, accuracy: 0.7400
Fold 0 - Train: 800 samples, Test: 200 samples
  random_forest (6, 100): validity: 0.9400, accuracy: 0.7450
Fold 0 - Train: 800 samples, Test: 200 samples
  xgboost (6, 100): validity: 0.7200, accuracy: 0.7600
Fold 0 - Train: 800 samples, Test: 200 samples
  lightgbm (6, 100): validity: 0.7400, accuracy: 0.7650
Fold 0 - Train: 800 samples, Test: 200 samples
  random_forest (5, 50): validity: 0.8650, accuracy: 0.7400
Fold 0 - Train: 800 samples, Test: 200 samples
  xgboost (5, 50): validity: 0.7650, accuracy: 0.7800
Fold 0 - Train: 800 samples, Test: 200 samples
  lightgbm (5, 50): validity: 0.8000, accuracy: 0.7650
Fold 0 - Train: 800 samples, Test: 200 samples
  random_forest (5, 100): validity: 1.0000, accuracy: 0.7450
Fold 0 - Train: 800 samples, Test: 200 samples
  xgboost (5, 100): validity: 0.7250, accuracy: 0.7300
Fold 0 - Train: 800 samples, Test: 200 samples
  lightgbm (5, 100): validity: 0.7650, accuracy: 0.7400
Fold 0 - Train: 800 samples, Test: 200 samples
  random_forest (5, 150): validity: 0.9350, accuracy: 0.7500
Fold 0 - Train: 800 samples, Test: 200 samples
  xgboost (5, 150): validity: 0.7050, accuracy: 0.7300
Fold 0 - Train: 800 samples, Test: 200 samples
  lightgbm (5, 150): validity: 0.7450, accuracy: 0.7600
Fold 0 - Train: 800 samples, Test: 200 samples
  random_forest (5, 200): validity: 0.9000, accuracy: 0.7500
Fold 0 - Train: 800 samples, Test: 200 samples
  xgboost (5, 200): validity: 0.7200, accuracy: 0.7500
Fold 0 - Train: 800 samples, Test: 200 samples
  lightgbm (5, 200): validity: 0.7550, accuracy: 0.7550
Fold 0 - Train: 800 samples, Test: 200 samples
  adaboost (3, 50): validity: 0.5500, accuracy: 0.6650
Fold 0 - Train: 800 samples, Test: 200 samples
  adaboost (3, 100): validity: 0.6450, accuracy: 0.6600
Fold 0 - Train: 800 samples, Test: 200 samples
  adaboost (3, 150): validity: 0.6550, accuracy: 0.7100
Fold 0 - Train: 800 samples, Test: 200 samples
  adaboost (3, 200): validity: 0.6600, accuracy: 0.6750

--- FOLD 1 ANALYSIS ---
--------------------------------------------------
Fold 1 - Train: 800 samples, Test: 200 samples
Fold 1 - Train: 800 samples, Test: 200 samples
Fold 1 data shapes:
  Raw train: (800, 10)
  Processed - Train: (800, 10), Test: (200, 10)
  Training samples: 800
  Test samples: 200
  Features: 9
  Class distribution - Train: [240 560]
  Class distribution - Test: [ 60 140]
German Credit feature names: ['Age', 'Sex', 'Job', 'Housing', 'SavingAccounts', 'CheckingAccount', 'CreditAmount', 'Duration', 'Purpose']
German Credit feature analysis:
  Categorical feature indices: [1, 3, 8]
  Numerical feature indices: [0, 2, 4, 5, 6, 7]

Training baseline model for fold 1...
  Train accuracy: 0.7875
  Test accuracy: 0.7250
Generating counterfactuals using NICE for fold 1...
Generating counterfactuals using NICE algorithm
Test set size: 200 samples
NICE counterfactual generation complete:
  Successful: 200/200 (100.00%)
  Failed: 0/200 (0.00%)
  Success rate: 100.00%
  Baseline validity: 1.0000 (200/200)
  Baseline L2 distance: 0.5202
  Baseline L0 distance: 2.29
  Baseline LOF score: 0.8100

Testing data perturbations for fold 1...
  minor_deletion:
Fold 1 - Train: 800 samples, Test: 200 samples
    Bin 0: Remove 0% -> validity: 1.0000, accuracy: 0.7250
Fold 1 - Train: 800 samples, Test: 200 samples
    Bin 5: Remove 5% -> validity: 0.7850, accuracy: 0.7350
Fold 1 - Train: 800 samples, Test: 200 samples
    Bin 10: Remove 10% -> validity: 0.7950, accuracy: 0.7600
Fold 1 - Train: 800 samples, Test: 200 samples
    Bin 15: Remove 15% -> validity: 0.8300, accuracy: 0.7500
Fold 1 - Train: 800 samples, Test: 200 samples
    Bin 20: Remove 20% -> validity: 0.7150, accuracy: 0.7450
  major_deletion:
Fold 1 - Train: 800 samples, Test: 200 samples
    Bin 0: Remove 0% -> validity: 1.0000, accuracy: 0.7250
Fold 1 - Train: 800 samples, Test: 200 samples
    Bin 1: Remove 50% -> validity: 0.7550, accuracy: 0.7500
  minor_addition:
Fold 1 - Train: 800 samples, Test: 200 samples
    Bin 0: Use 80% -> validity: 0.8100, accuracy: 0.7400
Fold 1 - Train: 800 samples, Test: 200 samples
    Bin 5: Use 85% -> validity: 0.8350, accuracy: 0.7450
Fold 1 - Train: 800 samples, Test: 200 samples
    Bin 10: Use 90% -> validity: 0.7950, accuracy: 0.7400
Fold 1 - Train: 800 samples, Test: 200 samples
    Bin 15: Use 95% -> validity: 0.8450, accuracy: 0.7350
Fold 1 - Train: 800 samples, Test: 200 samples
    Bin 20: Use 100% -> validity: 1.0000, accuracy: 0.7250
  major_addition:
Fold 1 - Train: 800 samples, Test: 200 samples
    Bin 0: Use 50% -> validity: 0.4600, accuracy: 0.7150
Fold 1 - Train: 800 samples, Test: 200 samples
    Bin 1: Use 100% -> validity: 1.0000, accuracy: 0.7250

Testing model perturbations for fold 1...
Fold 1 - Train: 800 samples, Test: 200 samples
  random_forest (3, 100): validity: 0.2750, accuracy: 0.7350
Fold 1 - Train: 800 samples, Test: 200 samples
  xgboost (3, 100): validity: 0.7400, accuracy: 0.7500
Fold 1 - Train: 800 samples, Test: 200 samples
  lightgbm (3, 100): validity: 0.7450, accuracy: 0.7650
Fold 1 - Train: 800 samples, Test: 200 samples
  random_forest (4, 100): validity: 0.5700, accuracy: 0.7350
Fold 1 - Train: 800 samples, Test: 200 samples
  xgboost (4, 100): validity: 0.6500, accuracy: 0.7250
Fold 1 - Train: 800 samples, Test: 200 samples
  lightgbm (4, 100): validity: 0.7650, accuracy: 0.7550
Fold 1 - Train: 800 samples, Test: 200 samples
  random_forest (5, 100): validity: 1.0000, accuracy: 0.7250
Fold 1 - Train: 800 samples, Test: 200 samples
  xgboost (5, 100): validity: 0.7150, accuracy: 0.7450
Fold 1 - Train: 800 samples, Test: 200 samples
  lightgbm (5, 100): validity: 0.7800, accuracy: 0.7550
Fold 1 - Train: 800 samples, Test: 200 samples
  random_forest (6, 100): validity: 0.9050, accuracy: 0.7600
Fold 1 - Train: 800 samples, Test: 200 samples
  xgboost (6, 100): validity: 0.7200, accuracy: 0.7450
Fold 1 - Train: 800 samples, Test: 200 samples
  lightgbm (6, 100): validity: 0.7600, accuracy: 0.7250
Fold 1 - Train: 800 samples, Test: 200 samples
  random_forest (5, 50): validity: 0.8600, accuracy: 0.7200
Fold 1 - Train: 800 samples, Test: 200 samples
  xgboost (5, 50): validity: 0.7550, accuracy: 0.7400
Fold 1 - Train: 800 samples, Test: 200 samples
  lightgbm (5, 50): validity: 0.7800, accuracy: 0.7550
Fold 1 - Train: 800 samples, Test: 200 samples
  random_forest (5, 100): validity: 1.0000, accuracy: 0.7250
Fold 1 - Train: 800 samples, Test: 200 samples
  xgboost (5, 100): validity: 0.7150, accuracy: 0.7450
Fold 1 - Train: 800 samples, Test: 200 samples
  lightgbm (5, 100): validity: 0.7800, accuracy: 0.7550
Fold 1 - Train: 800 samples, Test: 200 samples
  random_forest (5, 150): validity: 0.9150, accuracy: 0.7300
Fold 1 - Train: 800 samples, Test: 200 samples
  xgboost (5, 150): validity: 0.7050, accuracy: 0.7450
Fold 1 - Train: 800 samples, Test: 200 samples
  lightgbm (5, 150): validity: 0.7550, accuracy: 0.7650
Fold 1 - Train: 800 samples, Test: 200 samples
  random_forest (5, 200): validity: 0.8500, accuracy: 0.7350
Fold 1 - Train: 800 samples, Test: 200 samples
  xgboost (5, 200): validity: 0.7000, accuracy: 0.7500
Fold 1 - Train: 800 samples, Test: 200 samples
  lightgbm (5, 200): validity: 0.7350, accuracy: 0.7550
Fold 1 - Train: 800 samples, Test: 200 samples
  adaboost (3, 50): validity: 0.6450, accuracy: 0.7400
Fold 1 - Train: 800 samples, Test: 200 samples
  adaboost (3, 100): validity: 0.6450, accuracy: 0.6850
Fold 1 - Train: 800 samples, Test: 200 samples
  adaboost (3, 150): validity: 0.6000, accuracy: 0.6600
Fold 1 - Train: 800 samples, Test: 200 samples
  adaboost (3, 200): validity: 0.6200, accuracy: 0.6950

--- FOLD 2 ANALYSIS ---
--------------------------------------------------
Fold 2 - Train: 800 samples, Test: 200 samples
Fold 2 - Train: 800 samples, Test: 200 samples
Fold 2 data shapes:
  Raw train: (800, 10)
  Processed - Train: (800, 10), Test: (200, 10)
  Training samples: 800
  Test samples: 200
  Features: 9
  Class distribution - Train: [240 560]
  Class distribution - Test: [ 60 140]
German Credit feature names: ['Age', 'Sex', 'Job', 'Housing', 'SavingAccounts', 'CheckingAccount', 'CreditAmount', 'Duration', 'Purpose']
German Credit feature analysis:
  Categorical feature indices: [1, 3, 8]
  Numerical feature indices: [0, 2, 4, 5, 6, 7]

Training baseline model for fold 2...
  Train accuracy: 0.7900
  Test accuracy: 0.7400
Generating counterfactuals using NICE for fold 2...
Generating counterfactuals using NICE algorithm
Test set size: 200 samples
NICE counterfactual generation complete:
  Successful: 200/200 (100.00%)
  Failed: 0/200 (0.00%)
  Success rate: 100.00%
  Baseline validity: 1.0000 (200/200)
  Baseline L2 distance: 0.5012
  Baseline L0 distance: 2.27
  Baseline LOF score: 0.7900

Testing data perturbations for fold 2...
  minor_deletion:
Fold 2 - Train: 800 samples, Test: 200 samples
    Bin 0: Remove 0% -> validity: 1.0000, accuracy: 0.7400
Fold 2 - Train: 800 samples, Test: 200 samples
    Bin 5: Remove 5% -> validity: 0.6750, accuracy: 0.7250
Fold 2 - Train: 800 samples, Test: 200 samples
    Bin 10: Remove 10% -> validity: 0.7800, accuracy: 0.7350
Fold 2 - Train: 800 samples, Test: 200 samples
    Bin 15: Remove 15% -> validity: 0.6700, accuracy: 0.7350
Fold 2 - Train: 800 samples, Test: 200 samples
    Bin 20: Remove 20% -> validity: 0.7950, accuracy: 0.7250
  major_deletion:
Fold 2 - Train: 800 samples, Test: 200 samples
    Bin 0: Remove 0% -> validity: 1.0000, accuracy: 0.7400
Fold 2 - Train: 800 samples, Test: 200 samples
    Bin 1: Remove 50% -> validity: 0.7000, accuracy: 0.7250
  minor_addition:
Fold 2 - Train: 800 samples, Test: 200 samples
    Bin 0: Use 80% -> validity: 0.5650, accuracy: 0.7200
Fold 2 - Train: 800 samples, Test: 200 samples
    Bin 5: Use 85% -> validity: 0.6850, accuracy: 0.7300
Fold 2 - Train: 800 samples, Test: 200 samples
    Bin 10: Use 90% -> validity: 0.6050, accuracy: 0.7300
Fold 2 - Train: 800 samples, Test: 200 samples
    Bin 15: Use 95% -> validity: 0.6600, accuracy: 0.7300
Fold 2 - Train: 800 samples, Test: 200 samples
    Bin 20: Use 100% -> validity: 1.0000, accuracy: 0.7400
  major_addition:
Fold 2 - Train: 800 samples, Test: 200 samples
    Bin 0: Use 50% -> validity: 0.3250, accuracy: 0.7300
Fold 2 - Train: 800 samples, Test: 200 samples
    Bin 1: Use 100% -> validity: 1.0000, accuracy: 0.7400

Testing model perturbations for fold 2...
Fold 2 - Train: 800 samples, Test: 200 samples
  random_forest (3, 100): validity: 0.1750, accuracy: 0.7100
Fold 2 - Train: 800 samples, Test: 200 samples
  xgboost (3, 100): validity: 0.7000, accuracy: 0.6900
Fold 2 - Train: 800 samples, Test: 200 samples
  lightgbm (3, 100): validity: 0.7550, accuracy: 0.7350
Fold 2 - Train: 800 samples, Test: 200 samples
  random_forest (4, 100): validity: 0.2950, accuracy: 0.7150
Fold 2 - Train: 800 samples, Test: 200 samples
  xgboost (4, 100): validity: 0.7450, accuracy: 0.7100
Fold 2 - Train: 800 samples, Test: 200 samples
  lightgbm (4, 100): validity: 0.7500, accuracy: 0.7200
Fold 2 - Train: 800 samples, Test: 200 samples
  random_forest (5, 100): validity: 1.0000, accuracy: 0.7400
Fold 2 - Train: 800 samples, Test: 200 samples
  xgboost (5, 100): validity: 0.7100, accuracy: 0.7050
Fold 2 - Train: 800 samples, Test: 200 samples
  lightgbm (5, 100): validity: 0.7450, accuracy: 0.7200
Fold 2 - Train: 800 samples, Test: 200 samples
  random_forest (6, 100): validity: 0.8750, accuracy: 0.7400
Fold 2 - Train: 800 samples, Test: 200 samples
  xgboost (6, 100): validity: 0.6850, accuracy: 0.7100
Fold 2 - Train: 800 samples, Test: 200 samples
  lightgbm (6, 100): validity: 0.6950, accuracy: 0.7300
Fold 2 - Train: 800 samples, Test: 200 samples
  random_forest (5, 50): validity: 0.8600, accuracy: 0.7300
Fold 2 - Train: 800 samples, Test: 200 samples
  xgboost (5, 50): validity: 0.6750, accuracy: 0.7050
Fold 2 - Train: 800 samples, Test: 200 samples
  lightgbm (5, 50): validity: 0.7900, accuracy: 0.7350
Fold 2 - Train: 800 samples, Test: 200 samples
  random_forest (5, 100): validity: 1.0000, accuracy: 0.7400
Fold 2 - Train: 800 samples, Test: 200 samples
  xgboost (5, 100): validity: 0.7100, accuracy: 0.7050
Fold 2 - Train: 800 samples, Test: 200 samples
  lightgbm (5, 100): validity: 0.7450, accuracy: 0.7200
Fold 2 - Train: 800 samples, Test: 200 samples
  random_forest (5, 150): validity: 0.8500, accuracy: 0.7400
Fold 2 - Train: 800 samples, Test: 200 samples
  xgboost (5, 150): validity: 0.7100, accuracy: 0.7050
Fold 2 - Train: 800 samples, Test: 200 samples
  lightgbm (5, 150): validity: 0.7000, accuracy: 0.7100
Fold 2 - Train: 800 samples, Test: 200 samples
  random_forest (5, 200): validity: 0.8400, accuracy: 0.7400
Fold 2 - Train: 800 samples, Test: 200 samples
  xgboost (5, 200): validity: 0.7000, accuracy: 0.6850
Fold 2 - Train: 800 samples, Test: 200 samples
  lightgbm (5, 200): validity: 0.6900, accuracy: 0.7150
Fold 2 - Train: 800 samples, Test: 200 samples
  adaboost (3, 50): validity: 0.5300, accuracy: 0.6750
Fold 2 - Train: 800 samples, Test: 200 samples
  adaboost (3, 100): validity: 0.5800, accuracy: 0.6900
Fold 2 - Train: 800 samples, Test: 200 samples
  adaboost (3, 150): validity: 0.5650, accuracy: 0.6900
Fold 2 - Train: 800 samples, Test: 200 samples
  adaboost (3, 200): validity: 0.5800, accuracy: 0.6500

--- FOLD 3 ANALYSIS ---
--------------------------------------------------
Fold 3 - Train: 800 samples, Test: 200 samples
Fold 3 - Train: 800 samples, Test: 200 samples
Fold 3 data shapes:
  Raw train: (800, 10)
  Processed - Train: (800, 10), Test: (200, 10)
  Training samples: 800
  Test samples: 200
  Features: 9
  Class distribution - Train: [240 560]
  Class distribution - Test: [ 60 140]
German Credit feature names: ['Age', 'Sex', 'Job', 'Housing', 'SavingAccounts', 'CheckingAccount', 'CreditAmount', 'Duration', 'Purpose']
German Credit feature analysis:
  Categorical feature indices: [1, 3, 8]
  Numerical feature indices: [0, 2, 4, 5, 6, 7]

Training baseline model for fold 3...
  Train accuracy: 0.7863
  Test accuracy: 0.7450
Generating counterfactuals using NICE for fold 3...
Generating counterfactuals using NICE algorithm
Test set size: 200 samples
NICE counterfactual generation complete:
  Successful: 200/200 (100.00%)
  Failed: 0/200 (0.00%)
  Success rate: 100.00%
  Baseline validity: 1.0000 (200/200)
  Baseline L2 distance: 0.5073
  Baseline L0 distance: 2.28
  Baseline LOF score: 0.7600

Testing data perturbations for fold 3...
  minor_deletion:
Fold 3 - Train: 800 samples, Test: 200 samples
    Bin 0: Remove 0% -> validity: 1.0000, accuracy: 0.7450
Fold 3 - Train: 800 samples, Test: 200 samples
    Bin 5: Remove 5% -> validity: 0.8350, accuracy: 0.7300
Fold 3 - Train: 800 samples, Test: 200 samples
    Bin 10: Remove 10% -> validity: 0.8600, accuracy: 0.7300
Fold 3 - Train: 800 samples, Test: 200 samples
    Bin 15: Remove 15% -> validity: 0.8250, accuracy: 0.7300
Fold 3 - Train: 800 samples, Test: 200 samples
    Bin 20: Remove 20% -> validity: 0.7900, accuracy: 0.7400
  major_deletion:
Fold 3 - Train: 800 samples, Test: 200 samples
    Bin 0: Remove 0% -> validity: 1.0000, accuracy: 0.7450
Fold 3 - Train: 800 samples, Test: 200 samples
    Bin 1: Remove 50% -> validity: 0.7000, accuracy: 0.7700
  minor_addition:
Fold 3 - Train: 800 samples, Test: 200 samples
    Bin 0: Use 80% -> validity: 0.8550, accuracy: 0.7300
Fold 3 - Train: 800 samples, Test: 200 samples
    Bin 5: Use 85% -> validity: 0.8450, accuracy: 0.7500
Fold 3 - Train: 800 samples, Test: 200 samples
    Bin 10: Use 90% -> validity: 0.8000, accuracy: 0.7250
Fold 3 - Train: 800 samples, Test: 200 samples
    Bin 15: Use 95% -> validity: 0.7450, accuracy: 0.7400
Fold 3 - Train: 800 samples, Test: 200 samples
    Bin 20: Use 100% -> validity: 1.0000, accuracy: 0.7450
  major_addition:
Fold 3 - Train: 800 samples, Test: 200 samples
    Bin 0: Use 50% -> validity: 0.6900, accuracy: 0.7400
Fold 3 - Train: 800 samples, Test: 200 samples
    Bin 1: Use 100% -> validity: 1.0000, accuracy: 0.7450

Testing model perturbations for fold 3...
Fold 3 - Train: 800 samples, Test: 200 samples
  random_forest (3, 100): validity: 0.3100, accuracy: 0.7200
Fold 3 - Train: 800 samples, Test: 200 samples
  xgboost (3, 100): validity: 0.7800, accuracy: 0.7450
Fold 3 - Train: 800 samples, Test: 200 samples
  lightgbm (3, 100): validity: 0.7600, accuracy: 0.7450
Fold 3 - Train: 800 samples, Test: 200 samples
  random_forest (4, 100): validity: 0.6000, accuracy: 0.7350
Fold 3 - Train: 800 samples, Test: 200 samples
  xgboost (4, 100): validity: 0.7750, accuracy: 0.7400
Fold 3 - Train: 800 samples, Test: 200 samples
  lightgbm (4, 100): validity: 0.7700, accuracy: 0.7900
Fold 3 - Train: 800 samples, Test: 200 samples
  random_forest (5, 100): validity: 1.0000, accuracy: 0.7450
Fold 3 - Train: 800 samples, Test: 200 samples
  xgboost (5, 100): validity: 0.7800, accuracy: 0.7250
Fold 3 - Train: 800 samples, Test: 200 samples
  lightgbm (5, 100): validity: 0.7950, accuracy: 0.7600
Fold 3 - Train: 800 samples, Test: 200 samples
  random_forest (6, 100): validity: 0.9200, accuracy: 0.7550
Fold 3 - Train: 800 samples, Test: 200 samples
  xgboost (6, 100): validity: 0.7900, accuracy: 0.7300
Fold 3 - Train: 800 samples, Test: 200 samples
  lightgbm (6, 100): validity: 0.7550, accuracy: 0.7600
Fold 3 - Train: 800 samples, Test: 200 samples
  random_forest (5, 50): validity: 0.8300, accuracy: 0.7500
Fold 3 - Train: 800 samples, Test: 200 samples
  xgboost (5, 50): validity: 0.7750, accuracy: 0.7400
Fold 3 - Train: 800 samples, Test: 200 samples
  lightgbm (5, 50): validity: 0.7800, accuracy: 0.7550
Fold 3 - Train: 800 samples, Test: 200 samples
  random_forest (5, 100): validity: 1.0000, accuracy: 0.7450
Fold 3 - Train: 800 samples, Test: 200 samples
  xgboost (5, 100): validity: 0.7800, accuracy: 0.7250
Fold 3 - Train: 800 samples, Test: 200 samples
  lightgbm (5, 100): validity: 0.7950, accuracy: 0.7600
Fold 3 - Train: 800 samples, Test: 200 samples
  random_forest (5, 150): validity: 0.9150, accuracy: 0.7450
Fold 3 - Train: 800 samples, Test: 200 samples
  xgboost (5, 150): validity: 0.7400, accuracy: 0.7100
Fold 3 - Train: 800 samples, Test: 200 samples
  lightgbm (5, 150): validity: 0.7700, accuracy: 0.7400
Fold 3 - Train: 800 samples, Test: 200 samples
  random_forest (5, 200): validity: 0.8950, accuracy: 0.7450
Fold 3 - Train: 800 samples, Test: 200 samples
  xgboost (5, 200): validity: 0.7500, accuracy: 0.6950
Fold 3 - Train: 800 samples, Test: 200 samples
  lightgbm (5, 200): validity: 0.7600, accuracy: 0.7400
Fold 3 - Train: 800 samples, Test: 200 samples
  adaboost (3, 50): validity: 0.6350, accuracy: 0.6800
Fold 3 - Train: 800 samples, Test: 200 samples
  adaboost (3, 100): validity: 0.6700, accuracy: 0.6700
Fold 3 - Train: 800 samples, Test: 200 samples
  adaboost (3, 150): validity: 0.6500, accuracy: 0.6650
Fold 3 - Train: 800 samples, Test: 200 samples
  adaboost (3, 200): validity: 0.6500, accuracy: 0.6800

--- FOLD 4 ANALYSIS ---
--------------------------------------------------
Fold 4 - Train: 800 samples, Test: 200 samples
Fold 4 - Train: 800 samples, Test: 200 samples
Fold 4 data shapes:
  Raw train: (800, 10)
  Processed - Train: (800, 10), Test: (200, 10)
  Training samples: 800
  Test samples: 200
  Features: 9
  Class distribution - Train: [240 560]
  Class distribution - Test: [ 60 140]
German Credit feature names: ['Age', 'Sex', 'Job', 'Housing', 'SavingAccounts', 'CheckingAccount', 'CreditAmount', 'Duration', 'Purpose']
German Credit feature analysis:
  Categorical feature indices: [1, 3, 8]
  Numerical feature indices: [0, 2, 4, 5, 6, 7]

Training baseline model for fold 4...
  Train accuracy: 0.7900
  Test accuracy: 0.7250
Generating counterfactuals using NICE for fold 4...
Generating counterfactuals using NICE algorithm
Test set size: 200 samples
NICE counterfactual generation complete:
  Successful: 200/200 (100.00%)
  Failed: 0/200 (0.00%)
  Success rate: 100.00%
  Baseline validity: 1.0000 (200/200)
  Baseline L2 distance: 0.4716
  Baseline L0 distance: 2.27
  Baseline LOF score: 0.8500

Testing data perturbations for fold 4...
  minor_deletion:
Fold 4 - Train: 800 samples, Test: 200 samples
    Bin 0: Remove 0% -> validity: 1.0000, accuracy: 0.7250
Fold 4 - Train: 800 samples, Test: 200 samples
    Bin 5: Remove 5% -> validity: 0.7450, accuracy: 0.7400
Fold 4 - Train: 800 samples, Test: 200 samples
    Bin 10: Remove 10% -> validity: 0.5850, accuracy: 0.7350
Fold 4 - Train: 800 samples, Test: 200 samples
    Bin 15: Remove 15% -> validity: 0.6500, accuracy: 0.7300
Fold 4 - Train: 800 samples, Test: 200 samples
    Bin 20: Remove 20% -> validity: 0.6500, accuracy: 0.7500
  major_deletion:
Fold 4 - Train: 800 samples, Test: 200 samples
    Bin 0: Remove 0% -> validity: 1.0000, accuracy: 0.7250
Fold 4 - Train: 800 samples, Test: 200 samples
    Bin 1: Remove 50% -> validity: 0.7350, accuracy: 0.7200
  minor_addition:
Fold 4 - Train: 800 samples, Test: 200 samples
    Bin 0: Use 80% -> validity: 0.7250, accuracy: 0.7400
Fold 4 - Train: 800 samples, Test: 200 samples
    Bin 5: Use 85% -> validity: 0.7850, accuracy: 0.7100
Fold 4 - Train: 800 samples, Test: 200 samples
    Bin 10: Use 90% -> validity: 0.7500, accuracy: 0.7300
Fold 4 - Train: 800 samples, Test: 200 samples
    Bin 15: Use 95% -> validity: 0.8600, accuracy: 0.7400
Fold 4 - Train: 800 samples, Test: 200 samples
    Bin 20: Use 100% -> validity: 1.0000, accuracy: 0.7250
  major_addition:
Fold 4 - Train: 800 samples, Test: 200 samples
    Bin 0: Use 50% -> validity: 0.4200, accuracy: 0.7000
Fold 4 - Train: 800 samples, Test: 200 samples
    Bin 1: Use 100% -> validity: 1.0000, accuracy: 0.7250

Testing model perturbations for fold 4...
Fold 4 - Train: 800 samples, Test: 200 samples
  random_forest (3, 100): validity: 0.2000, accuracy: 0.7200
Fold 4 - Train: 800 samples, Test: 200 samples
  xgboost (3, 100): validity: 0.7150, accuracy: 0.7300
Fold 4 - Train: 800 samples, Test: 200 samples
  lightgbm (3, 100): validity: 0.8050, accuracy: 0.7300
Fold 4 - Train: 800 samples, Test: 200 samples
  random_forest (4, 100): validity: 0.4200, accuracy: 0.7250
Fold 4 - Train: 800 samples, Test: 200 samples
  xgboost (4, 100): validity: 0.7050, accuracy: 0.7200
Fold 4 - Train: 800 samples, Test: 200 samples
  lightgbm (4, 100): validity: 0.7500, accuracy: 0.7750
Fold 4 - Train: 800 samples, Test: 200 samples
  random_forest (5, 100): validity: 1.0000, accuracy: 0.7250
Fold 4 - Train: 800 samples, Test: 200 samples
  xgboost (5, 100): validity: 0.6850, accuracy: 0.7300
Fold 4 - Train: 800 samples, Test: 200 samples
  lightgbm (5, 100): validity: 0.7800, accuracy: 0.7500
Fold 4 - Train: 800 samples, Test: 200 samples
  random_forest (6, 100): validity: 0.9100, accuracy: 0.7300
Fold 4 - Train: 800 samples, Test: 200 samples
  xgboost (6, 100): validity: 0.7150, accuracy: 0.7100
Fold 4 - Train: 800 samples, Test: 200 samples
  lightgbm (6, 100): validity: 0.7200, accuracy: 0.7500
Fold 4 - Train: 800 samples, Test: 200 samples
  random_forest (5, 50): validity: 0.8900, accuracy: 0.7150
Fold 4 - Train: 800 samples, Test: 200 samples
  xgboost (5, 50): validity: 0.7350, accuracy: 0.7400
Fold 4 - Train: 800 samples, Test: 200 samples
  lightgbm (5, 50): validity: 0.7350, accuracy: 0.7550
Fold 4 - Train: 800 samples, Test: 200 samples
  random_forest (5, 100): validity: 1.0000, accuracy: 0.7250
Fold 4 - Train: 800 samples, Test: 200 samples
  xgboost (5, 100): validity: 0.6850, accuracy: 0.7300
Fold 4 - Train: 800 samples, Test: 200 samples
  lightgbm (5, 100): validity: 0.7800, accuracy: 0.7500
Fold 4 - Train: 800 samples, Test: 200 samples
  random_forest (5, 150): validity: 0.8950, accuracy: 0.7350
Fold 4 - Train: 800 samples, Test: 200 samples
  xgboost (5, 150): validity: 0.6750, accuracy: 0.7250
Fold 4 - Train: 800 samples, Test: 200 samples
  lightgbm (5, 150): validity: 0.7650, accuracy: 0.7400
Fold 4 - Train: 800 samples, Test: 200 samples
  random_forest (5, 200): validity: 0.8650, accuracy: 0.7350
Fold 4 - Train: 800 samples, Test: 200 samples
  xgboost (5, 200): validity: 0.6950, accuracy: 0.7200
Fold 4 - Train: 800 samples, Test: 200 samples
  lightgbm (5, 200): validity: 0.7300, accuracy: 0.7500
Fold 4 - Train: 800 samples, Test: 200 samples
  adaboost (3, 50): validity: 0.6000, accuracy: 0.7150
Fold 4 - Train: 800 samples, Test: 200 samples
  adaboost (3, 100): validity: 0.4800, accuracy: 0.6750
Fold 4 - Train: 800 samples, Test: 200 samples
  adaboost (3, 150): validity: 0.5000, accuracy: 0.7100
Fold 4 - Train: 800 samples, Test: 200 samples
  adaboost (3, 200): validity: 0.5800, accuracy: 0.7150

4. Generating comprehensive summary of NICE counterfactual robustness...
================================================================================

BASELINE PERFORMANCE ACROSS ALL FOLDS (NICE - German Credit):
--------------------------------------------------------------------------------
Model Accuracy: 0.7360 ± 0.0092
CF Success Rate: 1.0000 ± 0.0000
CF Validity: 1.0000 ± 0.0000
CF L2 Distance: 0.4957 ± 0.0182
CF L0 Distance: 2.2650 ± 0.0311
CF LOF Score: 0.8100 ± 0.0329

DATA PERTURBATION ROBUSTNESS SUMMARY (NICE - German Credit):
------------------------------------------------------------------------------------------------------------------------------------------------------
Perturbation    Bin   Data         Mean Validity Std Validity Mean Accuracy Std Accuracy Mean L2    Mean L0    Validity Δ 
------------------------------------------------------------------------------------------------------------------------------------------------------
minor_deletion  0     Remove 0%    1.0000        0.0000       0.7360        0.0092       0.4957     2.26       +0.0000    
minor_deletion  5     Remove 5%    0.7600        0.0523       0.7350        0.0071       0.4957     2.26       -0.2400    
minor_deletion  10    Remove 10%   0.7600        0.0924       0.7410        0.0107       0.4957     2.26       -0.2400    
minor_deletion  15    Remove 15%   0.7490        0.0759       0.7360        0.0073       0.4957     2.26       -0.2510    
minor_deletion  20    Remove 20%   0.7530        0.0617       0.7440        0.0116       0.4957     2.26       -0.2470    
major_deletion  0     Remove 0%    1.0000        0.0000       0.7360        0.0092       0.4957     2.26       +0.0000    
major_deletion  1     Remove 50%   0.7400        0.0409       0.7440        0.0188       0.4957     2.26       -0.2600    
minor_addition  0     Use 80%      0.7180        0.1073       0.7270        0.0133       0.4957     2.26       -0.2820    
minor_addition  5     Use 85%      0.7840        0.0571       0.7310        0.0150       0.4957     2.26       -0.2160    
minor_addition  10    Use 90%      0.7430        0.0715       0.7300        0.0055       0.4957     2.26       -0.2570    
minor_addition  15    Use 95%      0.7800        0.0726       0.7360        0.0037       0.4957     2.26       -0.2200    
minor_addition  20    Use 100%     1.0000        0.0000       0.7360        0.0092       0.4957     2.26       +0.0000    
major_addition  0     Use 50%      0.4830        0.1214       0.7200        0.0138       0.4957     2.26       -0.5170    
major_addition  1     Use 100%     1.0000        0.0000       0.7360        0.0092       0.4957     2.26       +0.0000    

MODEL PERTURBATION ROBUSTNESS SUMMARY (NICE - German Credit):
------------------------------------------------------------------------------------------------------------------------------------------------------
Model Configuration            Mean Validity Std Validity Mean Accuracy Std Accuracy Mean L2    Mean L0    Validity Δ 
------------------------------------------------------------------------------------------------------------------------------------------------------
random_forest_3_100            0.2320        0.0514       0.7230        0.0087       0.4957     2.26       -0.7680    
xgboost_3_100                  0.7330        0.0271       0.7290        0.0211       0.4957     2.26       -0.2670    
lightgbm_3_100                 0.7730        0.0246       0.7430        0.0121       0.4957     2.26       -0.2270    
random_forest_4_100            0.5130        0.1378       0.7310        0.0102       0.4957     2.26       -0.4870    
xgboost_4_100                  0.7250        0.0437       0.7280        0.0129       0.4957     2.26       -0.2750    
lightgbm_4_100                 0.7600        0.0084       0.7610        0.0235       0.4957     2.26       -0.2400    
random_forest_5_100            1.0000        0.0000       0.7360        0.0092       0.4957     2.26       +0.0000    
xgboost_5_100                  0.7230        0.0314       0.7270        0.0129       0.4957     2.26       -0.2770    
lightgbm_5_100                 0.7730        0.0169       0.7450        0.0141       0.4957     2.26       -0.2270    
random_forest_6_100            0.9100        0.0212       0.7460        0.0107       0.4957     2.26       -0.0900    
xgboost_6_100                  0.7260        0.0346       0.7310        0.0196       0.4957     2.26       -0.2740    
lightgbm_6_100                 0.7340        0.0240       0.7460        0.0159       0.4957     2.26       -0.2660    
random_forest_5_50             0.8610        0.0191       0.7310        0.0128       0.4957     2.26       -0.1390    
xgboost_5_50                   0.7410        0.0356       0.7410        0.0237       0.4957     2.26       -0.2590    
lightgbm_5_50                  0.7770        0.0223       0.7530        0.0098       0.4957     2.26       -0.2230    
random_forest_5_150            0.9020        0.0289       0.7400        0.0071       0.4957     2.26       -0.0980    
xgboost_5_150                  0.7070        0.0206       0.7230        0.0144       0.4957     2.26       -0.2930    
lightgbm_5_150                 0.7470        0.0250       0.7430        0.0194       0.4957     2.26       -0.2530    
random_forest_5_200            0.8700        0.0239       0.7410        0.0058       0.4957     2.26       -0.1300    
xgboost_5_200                  0.7130        0.0204       0.7200        0.0270       0.4957     2.26       -0.2870    
lightgbm_5_200                 0.7340        0.0248       0.7430        0.0150       0.4957     2.26       -0.2660    
adaboost_3_50                  0.5920        0.0455       0.6950        0.0281       0.4957     2.26       -0.4080    
adaboost_3_100                 0.6040        0.0688       0.6760        0.0107       0.4957     2.26       -0.3960    
adaboost_3_150                 0.5940        0.0576       0.6870        0.0214       0.4957     2.26       -0.4060    
adaboost_3_200                 0.6180        0.0337       0.6830        0.0216       0.4957     2.26       -0.3820    

Data perturbation plot saved to: cf_data_robustness_nice_german_5fold_plot_20250804_174248.png

================================================================================
NICE COUNTERFACTUAL ROBUSTNESS ANALYSIS COMPLETED!
================================================================================

🏛️ GERMAN CREDIT DATASET INSIGHTS (NICE):
• Dataset contains heterogeneous features for credit risk assessment
• Mixed feature types enable testing NICE's HEOM distance metric
• Baseline counterfactual success rate: 100.00% ± 0.000
• Baseline counterfactual validity: 1.0000 ± 0.000
• Baseline model accuracy: 0.7360 ± 0.009

================================================================================
🏁 COMPREHENSIVE NICE COUNTERFACTUAL ROBUSTNESS ANALYSIS COMPLETED!
================================================================================
[TIME] Completed at: 2025-08-04 17:42:49
[LOG] Complete analysis saved to: cf_robustness_analysis_nice_v3_20250804_174137.log
🧠 Used NICE algorithm with HEOM distance for mixed features
================================================================================
