================================================================================
COUNTERFACTUAL ROBUSTNESS ANALYSIS (NICE v4) - HELOC DATASET
================================================================================
[LOG] Logging session to: cf_robustness_analysis_nice_v4_heloc_20250804_174250.log
[TIME] Started at: 2025-08-04 17:42:50
================================================================================

1. Loading HELOC dataset...
Original data shape (after removing metadata): (10459, 24)
Dropped 7957 rows with missing values
Final data shape: (2502, 24)
Dataset: HELOC
Label column: RiskPerformance
Features: 24 features
Feature types:
  RiskPerformance: B
  ExternalRiskEstimate: N
  MSinceOldestTradeOpen: N
  MSinceMostRecentTradeOpen: N
  AverageMInFile: N
  NumSatisfactoryTrades: N
  NumTrades60Ever2DerogPubRec: D
  NumTrades90Ever2DerogPubRec: D
  PercentTradesNeverDelq: N
  MSinceMostRecentDelq: N
  MaxDelq2PublicRecLast12M: D
  MaxDelqEver: D
  NumTotalTrades: N
  NumTradesOpeninLast12M: D
  PercentInstallTrades: N
  MSinceMostRecentInqexcl7days: N
  NumInqLast6M: N
  NumInqLast6Mexcl7days: N
  NetFractionRevolvingBurden: N
  NetFractionInstallBurden: N
  NumRevolvingTradesWBalance: N
  NumInstallTradesWBalance: N
  NumBank2NatlTradesWHighUtilization: D
  PercentTradesWBalance: N

2. Analysis parameters:
  Number of folds: 5
  Counterfactual method: NICE
Dataset Summary:
Total samples (after cleaning): 2502
Number of features: 23
Label column: RiskPerformance
Number of folds: 5
Fold Summary:
--------------------------------------------------
Fold 0: Train=2001 samples, Test=501 samples
Fold 1: Train=2001 samples, Test=501 samples
Fold 2: Train=2002 samples, Test=500 samples
Fold 3: Train=2002 samples, Test=500 samples
Fold 4: Train=2002 samples, Test=500 samples
--------------------------------------------------
  Data perturbation types: ['minor_deletion', 'major_deletion', 'minor_addition', 'major_addition']
  Model perturbations: 28 configurations

3. Running comprehensive analysis across all 5 folds...
================================================================================

--- FOLD 0 ANALYSIS ---
--------------------------------------------------
Fold 0 - Train: 2001 samples, Test: 501 samples
Fold 0 - Train: 2001 samples, Test: 501 samples
Fold 0 data shapes:
  Raw train: (2001, 24)
  Processed - Train: (2001, 24), Test: (501, 24)
  Training samples: 2001
  Test samples: 501
  Features: 23
  Class distribution - Train: [1248  753]
  Class distribution - Test: [312 189]
HELOC feature names: ['ExternalRiskEstimate', 'MSinceOldestTradeOpen', 'MSinceMostRecentTradeOpen', 'AverageMInFile', 'NumSatisfactoryTrades', 'NumTrades60Ever2DerogPubRec', 'NumTrades90Ever2DerogPubRec', 'PercentTradesNeverDelq', 'MSinceMostRecentDelq', 'MaxDelq2PublicRecLast12M', 'MaxDelqEver', 'NumTotalTrades', 'NumTradesOpeninLast12M', 'PercentInstallTrades', 'MSinceMostRecentInqexcl7days', 'NumInqLast6M', 'NumInqLast6Mexcl7days', 'NetFractionRevolvingBurden', 'NetFractionInstallBurden', 'NumRevolvingTradesWBalance', 'NumInstallTradesWBalance', 'NumBank2NatlTradesWHighUtilization', 'PercentTradesWBalance']
HELOC feature analysis:
  Categorical feature indices: [9, 10]
  Numerical feature indices: [0, 1, 2, 3, 4, 5, 6, 7, 8, 11]... (total: 21)

Training baseline model for fold 0...
  Train accuracy: 0.7671
  Test accuracy: 0.7106
Generating counterfactuals using NICE for fold 0...
Generating counterfactuals using NICE algorithm
Test set size: 501 samples
NICE counterfactual generation complete:
  Successful: 501/501 (100.00%)
  Failed: 0/501 (0.00%)
  Success rate: 100.00%
  Baseline validity: 1.0000 (501/501)
  Baseline L2 distance: 0.3261
  Baseline L0 distance: 4.04
  Baseline LOF score: 0.8563

Testing data perturbations for fold 0...
  minor_deletion:
Fold 0 - Train: 2001 samples, Test: 501 samples
    Bin 0: Remove 0% -> validity: 1.0000, accuracy: 0.7106
Fold 0 - Train: 2001 samples, Test: 501 samples
    Bin 5: Remove 5% -> validity: 0.5509, accuracy: 0.7086
Fold 0 - Train: 2001 samples, Test: 501 samples
    Bin 10: Remove 10% -> validity: 0.6307, accuracy: 0.7066
Fold 0 - Train: 2001 samples, Test: 501 samples
    Bin 15: Remove 15% -> validity: 0.5429, accuracy: 0.7046
Fold 0 - Train: 2001 samples, Test: 501 samples
    Bin 20: Remove 20% -> validity: 0.5768, accuracy: 0.7026
  major_deletion:
Fold 0 - Train: 2001 samples, Test: 501 samples
    Bin 0: Remove 0% -> validity: 1.0000, accuracy: 0.7106
Fold 0 - Train: 2001 samples, Test: 501 samples
    Bin 1: Remove 50% -> validity: 0.5569, accuracy: 0.6986
  minor_addition:
Fold 0 - Train: 2001 samples, Test: 501 samples
    Bin 0: Use 80% -> validity: 0.4890, accuracy: 0.7086
Fold 0 - Train: 2001 samples, Test: 501 samples
    Bin 5: Use 85% -> validity: 0.5549, accuracy: 0.7126
Fold 0 - Train: 2001 samples, Test: 501 samples
    Bin 10: Use 90% -> validity: 0.4731, accuracy: 0.7086
Fold 0 - Train: 2001 samples, Test: 501 samples
    Bin 15: Use 95% -> validity: 0.5329, accuracy: 0.7006
Fold 0 - Train: 2001 samples, Test: 501 samples
    Bin 20: Use 100% -> validity: 1.0000, accuracy: 0.7106
  major_addition:
Fold 0 - Train: 2001 samples, Test: 501 samples
    Bin 0: Use 50% -> validity: 0.3353, accuracy: 0.6986
Fold 0 - Train: 2001 samples, Test: 501 samples
    Bin 1: Use 100% -> validity: 1.0000, accuracy: 0.7106

Testing model perturbations for fold 0...
Fold 0 - Train: 2001 samples, Test: 501 samples
  random_forest (3, 100): validity: 0.3074, accuracy: 0.7046
Fold 0 - Train: 2001 samples, Test: 501 samples
  xgboost (3, 100): validity: 0.6208, accuracy: 0.6986
Fold 0 - Train: 2001 samples, Test: 501 samples
  lightgbm (3, 100): validity: 0.6786, accuracy: 0.7026
Fold 0 - Train: 2001 samples, Test: 501 samples
  random_forest (4, 100): validity: 0.4711, accuracy: 0.7026
Fold 0 - Train: 2001 samples, Test: 501 samples
  xgboost (4, 100): validity: 0.5868, accuracy: 0.6966
Fold 0 - Train: 2001 samples, Test: 501 samples
  lightgbm (4, 100): validity: 0.6467, accuracy: 0.7066
Fold 0 - Train: 2001 samples, Test: 501 samples
  random_forest (5, 100): validity: 1.0000, accuracy: 0.7106
Fold 0 - Train: 2001 samples, Test: 501 samples
  xgboost (5, 100): validity: 0.5669, accuracy: 0.6866
Fold 0 - Train: 2001 samples, Test: 501 samples
  lightgbm (5, 100): validity: 0.6367, accuracy: 0.6966
Fold 0 - Train: 2001 samples, Test: 501 samples
  random_forest (6, 100): validity: 0.6567, accuracy: 0.7066
Fold 0 - Train: 2001 samples, Test: 501 samples
  xgboost (6, 100): validity: 0.6347, accuracy: 0.7026
Fold 0 - Train: 2001 samples, Test: 501 samples
  lightgbm (6, 100): validity: 0.6667, accuracy: 0.7026
Fold 0 - Train: 2001 samples, Test: 501 samples
  random_forest (5, 50): validity: 0.7445, accuracy: 0.7066
Fold 0 - Train: 2001 samples, Test: 501 samples
  xgboost (5, 50): validity: 0.6008, accuracy: 0.6906
Fold 0 - Train: 2001 samples, Test: 501 samples
  lightgbm (5, 50): validity: 0.6866, accuracy: 0.6926
Fold 0 - Train: 2001 samples, Test: 501 samples
  random_forest (5, 100): validity: 1.0000, accuracy: 0.7106
Fold 0 - Train: 2001 samples, Test: 501 samples
  xgboost (5, 100): validity: 0.5669, accuracy: 0.6866
Fold 0 - Train: 2001 samples, Test: 501 samples
  lightgbm (5, 100): validity: 0.6367, accuracy: 0.6966
Fold 0 - Train: 2001 samples, Test: 501 samples
  random_forest (5, 150): validity: 0.8263, accuracy: 0.7106
Fold 0 - Train: 2001 samples, Test: 501 samples
  xgboost (5, 150): validity: 0.5828, accuracy: 0.6806
Fold 0 - Train: 2001 samples, Test: 501 samples
  lightgbm (5, 150): validity: 0.6248, accuracy: 0.6886
Fold 0 - Train: 2001 samples, Test: 501 samples
  random_forest (5, 200): validity: 0.7086, accuracy: 0.7086
Fold 0 - Train: 2001 samples, Test: 501 samples
  xgboost (5, 200): validity: 0.5988, accuracy: 0.6826
Fold 0 - Train: 2001 samples, Test: 501 samples
  lightgbm (5, 200): validity: 0.6148, accuracy: 0.6966
Fold 0 - Train: 2001 samples, Test: 501 samples
  adaboost (3, 50): validity: 0.3693, accuracy: 0.6427
Fold 0 - Train: 2001 samples, Test: 501 samples
  adaboost (3, 100): validity: 0.4331, accuracy: 0.6228
Fold 0 - Train: 2001 samples, Test: 501 samples
  adaboost (3, 150): validity: 0.4052, accuracy: 0.6307
Fold 0 - Train: 2001 samples, Test: 501 samples
  adaboost (3, 200): validity: 0.3932, accuracy: 0.6387

--- FOLD 1 ANALYSIS ---
--------------------------------------------------
Fold 1 - Train: 2001 samples, Test: 501 samples
Fold 1 - Train: 2001 samples, Test: 501 samples
Fold 1 data shapes:
  Raw train: (2001, 24)
  Processed - Train: (2001, 24), Test: (501, 24)
  Training samples: 2001
  Test samples: 501
  Features: 23
  Class distribution - Train: [1248  753]
  Class distribution - Test: [312 189]
HELOC feature names: ['ExternalRiskEstimate', 'MSinceOldestTradeOpen', 'MSinceMostRecentTradeOpen', 'AverageMInFile', 'NumSatisfactoryTrades', 'NumTrades60Ever2DerogPubRec', 'NumTrades90Ever2DerogPubRec', 'PercentTradesNeverDelq', 'MSinceMostRecentDelq', 'MaxDelq2PublicRecLast12M', 'MaxDelqEver', 'NumTotalTrades', 'NumTradesOpeninLast12M', 'PercentInstallTrades', 'MSinceMostRecentInqexcl7days', 'NumInqLast6M', 'NumInqLast6Mexcl7days', 'NetFractionRevolvingBurden', 'NetFractionInstallBurden', 'NumRevolvingTradesWBalance', 'NumInstallTradesWBalance', 'NumBank2NatlTradesWHighUtilization', 'PercentTradesWBalance']
HELOC feature analysis:
  Categorical feature indices: [9, 10]
  Numerical feature indices: [0, 1, 2, 3, 4, 5, 6, 7, 8, 11]... (total: 21)

Training baseline model for fold 1...
  Train accuracy: 0.7516
  Test accuracy: 0.7305
Generating counterfactuals using NICE for fold 1...
Generating counterfactuals using NICE algorithm
Test set size: 501 samples
NICE counterfactual generation complete:
  Successful: 501/501 (100.00%)
  Failed: 0/501 (0.00%)
  Success rate: 100.00%
  Baseline validity: 1.0000 (501/501)
  Baseline L2 distance: 0.3594
  Baseline L0 distance: 4.51
  Baseline LOF score: 0.8244

Testing data perturbations for fold 1...
  minor_deletion:
Fold 1 - Train: 2001 samples, Test: 501 samples
    Bin 0: Remove 0% -> validity: 1.0000, accuracy: 0.7305
Fold 1 - Train: 2001 samples, Test: 501 samples
    Bin 5: Remove 5% -> validity: 0.5649, accuracy: 0.7385
Fold 1 - Train: 2001 samples, Test: 501 samples
    Bin 10: Remove 10% -> validity: 0.5808, accuracy: 0.7365
Fold 1 - Train: 2001 samples, Test: 501 samples
    Bin 15: Remove 15% -> validity: 0.5808, accuracy: 0.7365
Fold 1 - Train: 2001 samples, Test: 501 samples
    Bin 20: Remove 20% -> validity: 0.5808, accuracy: 0.7246
  major_deletion:
Fold 1 - Train: 2001 samples, Test: 501 samples
    Bin 0: Remove 0% -> validity: 1.0000, accuracy: 0.7305
Fold 1 - Train: 2001 samples, Test: 501 samples
    Bin 1: Remove 50% -> validity: 0.5389, accuracy: 0.7285
  minor_addition:
Fold 1 - Train: 2001 samples, Test: 501 samples
    Bin 0: Use 80% -> validity: 0.4830, accuracy: 0.7365
Fold 1 - Train: 2001 samples, Test: 501 samples
    Bin 5: Use 85% -> validity: 0.4571, accuracy: 0.7265
Fold 1 - Train: 2001 samples, Test: 501 samples
    Bin 10: Use 90% -> validity: 0.5629, accuracy: 0.7226
Fold 1 - Train: 2001 samples, Test: 501 samples
    Bin 15: Use 95% -> validity: 0.5409, accuracy: 0.7146
Fold 1 - Train: 2001 samples, Test: 501 samples
    Bin 20: Use 100% -> validity: 1.0000, accuracy: 0.7305
  major_addition:
Fold 1 - Train: 2001 samples, Test: 501 samples
    Bin 0: Use 50% -> validity: 0.3553, accuracy: 0.7166
Fold 1 - Train: 2001 samples, Test: 501 samples
    Bin 1: Use 100% -> validity: 1.0000, accuracy: 0.7305

Testing model perturbations for fold 1...
Fold 1 - Train: 2001 samples, Test: 501 samples
  random_forest (3, 100): validity: 0.2695, accuracy: 0.7126
Fold 1 - Train: 2001 samples, Test: 501 samples
  xgboost (3, 100): validity: 0.6208, accuracy: 0.7365
Fold 1 - Train: 2001 samples, Test: 501 samples
  lightgbm (3, 100): validity: 0.7425, accuracy: 0.7186
Fold 1 - Train: 2001 samples, Test: 501 samples
  random_forest (4, 100): validity: 0.4910, accuracy: 0.7166
Fold 1 - Train: 2001 samples, Test: 501 samples
  xgboost (4, 100): validity: 0.6128, accuracy: 0.7166
Fold 1 - Train: 2001 samples, Test: 501 samples
  lightgbm (4, 100): validity: 0.7226, accuracy: 0.7226
Fold 1 - Train: 2001 samples, Test: 501 samples
  random_forest (5, 100): validity: 1.0000, accuracy: 0.7305
Fold 1 - Train: 2001 samples, Test: 501 samples
  xgboost (5, 100): validity: 0.5788, accuracy: 0.6946
Fold 1 - Train: 2001 samples, Test: 501 samples
  lightgbm (5, 100): validity: 0.6946, accuracy: 0.7226
Fold 1 - Train: 2001 samples, Test: 501 samples
  random_forest (6, 100): validity: 0.6786, accuracy: 0.7345
Fold 1 - Train: 2001 samples, Test: 501 samples
  xgboost (6, 100): validity: 0.6427, accuracy: 0.7305
Fold 1 - Train: 2001 samples, Test: 501 samples
  lightgbm (6, 100): validity: 0.6846, accuracy: 0.7186
Fold 1 - Train: 2001 samples, Test: 501 samples
  random_forest (5, 50): validity: 0.7764, accuracy: 0.7246
Fold 1 - Train: 2001 samples, Test: 501 samples
  xgboost (5, 50): validity: 0.6188, accuracy: 0.7066
Fold 1 - Train: 2001 samples, Test: 501 samples
  lightgbm (5, 50): validity: 0.7226, accuracy: 0.7226
Fold 1 - Train: 2001 samples, Test: 501 samples
  random_forest (5, 100): validity: 1.0000, accuracy: 0.7305
Fold 1 - Train: 2001 samples, Test: 501 samples
  xgboost (5, 100): validity: 0.5788, accuracy: 0.6946
Fold 1 - Train: 2001 samples, Test: 501 samples
  lightgbm (5, 100): validity: 0.6946, accuracy: 0.7226
Fold 1 - Train: 2001 samples, Test: 501 samples
  random_forest (5, 150): validity: 0.7605, accuracy: 0.7246
Fold 1 - Train: 2001 samples, Test: 501 samples
  xgboost (5, 150): validity: 0.6128, accuracy: 0.7026
Fold 1 - Train: 2001 samples, Test: 501 samples
  lightgbm (5, 150): validity: 0.6747, accuracy: 0.7226
Fold 1 - Train: 2001 samples, Test: 501 samples
  random_forest (5, 200): validity: 0.7226, accuracy: 0.7226
Fold 1 - Train: 2001 samples, Test: 501 samples
  xgboost (5, 200): validity: 0.5908, accuracy: 0.7166
Fold 1 - Train: 2001 samples, Test: 501 samples
  lightgbm (5, 200): validity: 0.6347, accuracy: 0.7126
Fold 1 - Train: 2001 samples, Test: 501 samples
  adaboost (3, 50): validity: 0.4471, accuracy: 0.6727
Fold 1 - Train: 2001 samples, Test: 501 samples
  adaboost (3, 100): validity: 0.4192, accuracy: 0.6347
Fold 1 - Train: 2001 samples, Test: 501 samples
  adaboost (3, 150): validity: 0.4152, accuracy: 0.6307
Fold 1 - Train: 2001 samples, Test: 501 samples
  adaboost (3, 200): validity: 0.4112, accuracy: 0.6327

--- FOLD 2 ANALYSIS ---
--------------------------------------------------
Fold 2 - Train: 2002 samples, Test: 500 samples
Fold 2 - Train: 2002 samples, Test: 500 samples
Fold 2 data shapes:
  Raw train: (2002, 24)
  Processed - Train: (2002, 24), Test: (500, 24)
  Training samples: 2002
  Test samples: 500
  Features: 23
  Class distribution - Train: [1248  754]
  Class distribution - Test: [312 188]
HELOC feature names: ['ExternalRiskEstimate', 'MSinceOldestTradeOpen', 'MSinceMostRecentTradeOpen', 'AverageMInFile', 'NumSatisfactoryTrades', 'NumTrades60Ever2DerogPubRec', 'NumTrades90Ever2DerogPubRec', 'PercentTradesNeverDelq', 'MSinceMostRecentDelq', 'MaxDelq2PublicRecLast12M', 'MaxDelqEver', 'NumTotalTrades', 'NumTradesOpeninLast12M', 'PercentInstallTrades', 'MSinceMostRecentInqexcl7days', 'NumInqLast6M', 'NumInqLast6Mexcl7days', 'NetFractionRevolvingBurden', 'NetFractionInstallBurden', 'NumRevolvingTradesWBalance', 'NumInstallTradesWBalance', 'NumBank2NatlTradesWHighUtilization', 'PercentTradesWBalance']
HELOC feature analysis:
  Categorical feature indices: [9, 10]
  Numerical feature indices: [0, 1, 2, 3, 4, 5, 6, 7, 8, 11]... (total: 21)

Training baseline model for fold 2...
  Train accuracy: 0.7597
  Test accuracy: 0.7200
Generating counterfactuals using NICE for fold 2...
Generating counterfactuals using NICE algorithm
Test set size: 500 samples
NICE counterfactual generation complete:
  Successful: 500/500 (100.00%)
  Failed: 0/500 (0.00%)
  Success rate: 100.00%
  Baseline validity: 1.0000 (500/500)
  Baseline L2 distance: 0.3634
  Baseline L0 distance: 4.69
  Baseline LOF score: 0.7880

Testing data perturbations for fold 2...
  minor_deletion:
Fold 2 - Train: 2002 samples, Test: 500 samples
    Bin 0: Remove 0% -> validity: 1.0000, accuracy: 0.7200
Fold 2 - Train: 2002 samples, Test: 500 samples
    Bin 5: Remove 5% -> validity: 0.6900, accuracy: 0.7220
Fold 2 - Train: 2002 samples, Test: 500 samples
    Bin 10: Remove 10% -> validity: 0.6580, accuracy: 0.7280
Fold 2 - Train: 2002 samples, Test: 500 samples
    Bin 15: Remove 15% -> validity: 0.6540, accuracy: 0.7280
Fold 2 - Train: 2002 samples, Test: 500 samples
    Bin 20: Remove 20% -> validity: 0.6660, accuracy: 0.7220
  major_deletion:
Fold 2 - Train: 2002 samples, Test: 500 samples
    Bin 0: Remove 0% -> validity: 1.0000, accuracy: 0.7200
Fold 2 - Train: 2002 samples, Test: 500 samples
    Bin 1: Remove 50% -> validity: 0.5820, accuracy: 0.7160
  minor_addition:
Fold 2 - Train: 2002 samples, Test: 500 samples
    Bin 0: Use 80% -> validity: 0.4840, accuracy: 0.7160
Fold 2 - Train: 2002 samples, Test: 500 samples
    Bin 5: Use 85% -> validity: 0.4620, accuracy: 0.7280
Fold 2 - Train: 2002 samples, Test: 500 samples
    Bin 10: Use 90% -> validity: 0.4740, accuracy: 0.7260
Fold 2 - Train: 2002 samples, Test: 500 samples
    Bin 15: Use 95% -> validity: 0.5240, accuracy: 0.7180
Fold 2 - Train: 2002 samples, Test: 500 samples
    Bin 20: Use 100% -> validity: 1.0000, accuracy: 0.7200
  major_addition:
Fold 2 - Train: 2002 samples, Test: 500 samples
    Bin 0: Use 50% -> validity: 0.3440, accuracy: 0.7260
Fold 2 - Train: 2002 samples, Test: 500 samples
    Bin 1: Use 100% -> validity: 1.0000, accuracy: 0.7200

Testing model perturbations for fold 2...
Fold 2 - Train: 2002 samples, Test: 500 samples
  random_forest (3, 100): validity: 0.2700, accuracy: 0.7220
Fold 2 - Train: 2002 samples, Test: 500 samples
  xgboost (3, 100): validity: 0.6020, accuracy: 0.7060
Fold 2 - Train: 2002 samples, Test: 500 samples
  lightgbm (3, 100): validity: 0.6980, accuracy: 0.7020
Fold 2 - Train: 2002 samples, Test: 500 samples
  random_forest (4, 100): validity: 0.5180, accuracy: 0.7200
Fold 2 - Train: 2002 samples, Test: 500 samples
  xgboost (4, 100): validity: 0.6340, accuracy: 0.6980
Fold 2 - Train: 2002 samples, Test: 500 samples
  lightgbm (4, 100): validity: 0.6600, accuracy: 0.6900
Fold 2 - Train: 2002 samples, Test: 500 samples
  random_forest (5, 100): validity: 1.0000, accuracy: 0.7200
Fold 2 - Train: 2002 samples, Test: 500 samples
  xgboost (5, 100): validity: 0.6100, accuracy: 0.6980
Fold 2 - Train: 2002 samples, Test: 500 samples
  lightgbm (5, 100): validity: 0.6660, accuracy: 0.7140
Fold 2 - Train: 2002 samples, Test: 500 samples
  random_forest (6, 100): validity: 0.6620, accuracy: 0.7400
Fold 2 - Train: 2002 samples, Test: 500 samples
  xgboost (6, 100): validity: 0.6460, accuracy: 0.6760
Fold 2 - Train: 2002 samples, Test: 500 samples
  lightgbm (6, 100): validity: 0.6740, accuracy: 0.6960
Fold 2 - Train: 2002 samples, Test: 500 samples
  random_forest (5, 50): validity: 0.7420, accuracy: 0.7220
Fold 2 - Train: 2002 samples, Test: 500 samples
  xgboost (5, 50): validity: 0.5880, accuracy: 0.6960
Fold 2 - Train: 2002 samples, Test: 500 samples
  lightgbm (5, 50): validity: 0.7220, accuracy: 0.7180
Fold 2 - Train: 2002 samples, Test: 500 samples
  random_forest (5, 100): validity: 1.0000, accuracy: 0.7200
Fold 2 - Train: 2002 samples, Test: 500 samples
  xgboost (5, 100): validity: 0.6100, accuracy: 0.6980
Fold 2 - Train: 2002 samples, Test: 500 samples
  lightgbm (5, 100): validity: 0.6660, accuracy: 0.7140
Fold 2 - Train: 2002 samples, Test: 500 samples
  random_forest (5, 150): validity: 0.7760, accuracy: 0.7220
Fold 2 - Train: 2002 samples, Test: 500 samples
  xgboost (5, 150): validity: 0.6360, accuracy: 0.7080
Fold 2 - Train: 2002 samples, Test: 500 samples
  lightgbm (5, 150): validity: 0.6520, accuracy: 0.7160
Fold 2 - Train: 2002 samples, Test: 500 samples
  random_forest (5, 200): validity: 0.7360, accuracy: 0.7260
Fold 2 - Train: 2002 samples, Test: 500 samples
  xgboost (5, 200): validity: 0.6360, accuracy: 0.7120
Fold 2 - Train: 2002 samples, Test: 500 samples
  lightgbm (5, 200): validity: 0.6480, accuracy: 0.6980
Fold 2 - Train: 2002 samples, Test: 500 samples
  adaboost (3, 50): validity: 0.4420, accuracy: 0.6620
Fold 2 - Train: 2002 samples, Test: 500 samples
  adaboost (3, 100): validity: 0.4060, accuracy: 0.6520
Fold 2 - Train: 2002 samples, Test: 500 samples
  adaboost (3, 150): validity: 0.4060, accuracy: 0.6300
Fold 2 - Train: 2002 samples, Test: 500 samples
  adaboost (3, 200): validity: 0.4100, accuracy: 0.6280

--- FOLD 3 ANALYSIS ---
--------------------------------------------------
Fold 3 - Train: 2002 samples, Test: 500 samples
Fold 3 - Train: 2002 samples, Test: 500 samples
Fold 3 data shapes:
  Raw train: (2002, 24)
  Processed - Train: (2002, 24), Test: (500, 24)
  Training samples: 2002
  Test samples: 500
  Features: 23
  Class distribution - Train: [1248  754]
  Class distribution - Test: [312 188]
HELOC feature names: ['ExternalRiskEstimate', 'MSinceOldestTradeOpen', 'MSinceMostRecentTradeOpen', 'AverageMInFile', 'NumSatisfactoryTrades', 'NumTrades60Ever2DerogPubRec', 'NumTrades90Ever2DerogPubRec', 'PercentTradesNeverDelq', 'MSinceMostRecentDelq', 'MaxDelq2PublicRecLast12M', 'MaxDelqEver', 'NumTotalTrades', 'NumTradesOpeninLast12M', 'PercentInstallTrades', 'MSinceMostRecentInqexcl7days', 'NumInqLast6M', 'NumInqLast6Mexcl7days', 'NetFractionRevolvingBurden', 'NetFractionInstallBurden', 'NumRevolvingTradesWBalance', 'NumInstallTradesWBalance', 'NumBank2NatlTradesWHighUtilization', 'PercentTradesWBalance']
HELOC feature analysis:
  Categorical feature indices: [9, 10]
  Numerical feature indices: [0, 1, 2, 3, 4, 5, 6, 7, 8, 11]... (total: 21)

Training baseline model for fold 3...
  Train accuracy: 0.7717
  Test accuracy: 0.7080
Generating counterfactuals using NICE for fold 3...
Generating counterfactuals using NICE algorithm
Test set size: 500 samples
NICE counterfactual generation complete:
  Successful: 500/500 (100.00%)
  Failed: 0/500 (0.00%)
  Success rate: 100.00%
  Baseline validity: 1.0000 (500/500)
  Baseline L2 distance: 0.3705
  Baseline L0 distance: 4.72
  Baseline LOF score: 0.8080

Testing data perturbations for fold 3...
  minor_deletion:
Fold 3 - Train: 2002 samples, Test: 500 samples
    Bin 0: Remove 0% -> validity: 1.0000, accuracy: 0.7080
Fold 3 - Train: 2002 samples, Test: 500 samples
    Bin 5: Remove 5% -> validity: 0.5760, accuracy: 0.7060
Fold 3 - Train: 2002 samples, Test: 500 samples
    Bin 10: Remove 10% -> validity: 0.5880, accuracy: 0.7080
Fold 3 - Train: 2002 samples, Test: 500 samples
    Bin 15: Remove 15% -> validity: 0.5200, accuracy: 0.7140
Fold 3 - Train: 2002 samples, Test: 500 samples
    Bin 20: Remove 20% -> validity: 0.5820, accuracy: 0.7100
  major_deletion:
Fold 3 - Train: 2002 samples, Test: 500 samples
    Bin 0: Remove 0% -> validity: 1.0000, accuracy: 0.7080
Fold 3 - Train: 2002 samples, Test: 500 samples
    Bin 1: Remove 50% -> validity: 0.4640, accuracy: 0.7240
  minor_addition:
Fold 3 - Train: 2002 samples, Test: 500 samples
    Bin 0: Use 80% -> validity: 0.5260, accuracy: 0.7120
Fold 3 - Train: 2002 samples, Test: 500 samples
    Bin 5: Use 85% -> validity: 0.4660, accuracy: 0.7100
Fold 3 - Train: 2002 samples, Test: 500 samples
    Bin 10: Use 90% -> validity: 0.5640, accuracy: 0.7140
Fold 3 - Train: 2002 samples, Test: 500 samples
    Bin 15: Use 95% -> validity: 0.5400, accuracy: 0.7140
Fold 3 - Train: 2002 samples, Test: 500 samples
    Bin 20: Use 100% -> validity: 1.0000, accuracy: 0.7080
  major_addition:
Fold 3 - Train: 2002 samples, Test: 500 samples
    Bin 0: Use 50% -> validity: 0.4660, accuracy: 0.7080
Fold 3 - Train: 2002 samples, Test: 500 samples
    Bin 1: Use 100% -> validity: 1.0000, accuracy: 0.7080

Testing model perturbations for fold 3...
Fold 3 - Train: 2002 samples, Test: 500 samples
  random_forest (3, 100): validity: 0.2700, accuracy: 0.6980
Fold 3 - Train: 2002 samples, Test: 500 samples
  xgboost (3, 100): validity: 0.5880, accuracy: 0.7000
Fold 3 - Train: 2002 samples, Test: 500 samples
  lightgbm (3, 100): validity: 0.6960, accuracy: 0.7140
Fold 3 - Train: 2002 samples, Test: 500 samples
  random_forest (4, 100): validity: 0.4320, accuracy: 0.7040
Fold 3 - Train: 2002 samples, Test: 500 samples
  xgboost (4, 100): validity: 0.5700, accuracy: 0.6880
Fold 3 - Train: 2002 samples, Test: 500 samples
  lightgbm (4, 100): validity: 0.6780, accuracy: 0.7160
Fold 3 - Train: 2002 samples, Test: 500 samples
  random_forest (5, 100): validity: 1.0000, accuracy: 0.7080
Fold 3 - Train: 2002 samples, Test: 500 samples
  xgboost (5, 100): validity: 0.6000, accuracy: 0.6820
Fold 3 - Train: 2002 samples, Test: 500 samples
  lightgbm (5, 100): validity: 0.6740, accuracy: 0.7060
Fold 3 - Train: 2002 samples, Test: 500 samples
  random_forest (6, 100): validity: 0.7000, accuracy: 0.7160
Fold 3 - Train: 2002 samples, Test: 500 samples
  xgboost (6, 100): validity: 0.5980, accuracy: 0.6800
Fold 3 - Train: 2002 samples, Test: 500 samples
  lightgbm (6, 100): validity: 0.6540, accuracy: 0.6880
Fold 3 - Train: 2002 samples, Test: 500 samples
  random_forest (5, 50): validity: 0.7460, accuracy: 0.7080
Fold 3 - Train: 2002 samples, Test: 500 samples
  xgboost (5, 50): validity: 0.6320, accuracy: 0.6960
Fold 3 - Train: 2002 samples, Test: 500 samples
  lightgbm (5, 50): validity: 0.7000, accuracy: 0.6920
Fold 3 - Train: 2002 samples, Test: 500 samples
  random_forest (5, 100): validity: 1.0000, accuracy: 0.7080
Fold 3 - Train: 2002 samples, Test: 500 samples
  xgboost (5, 100): validity: 0.6000, accuracy: 0.6820
Fold 3 - Train: 2002 samples, Test: 500 samples
  lightgbm (5, 100): validity: 0.6740, accuracy: 0.7060
Fold 3 - Train: 2002 samples, Test: 500 samples
  random_forest (5, 150): validity: 0.8340, accuracy: 0.7060
Fold 3 - Train: 2002 samples, Test: 500 samples
  xgboost (5, 150): validity: 0.6000, accuracy: 0.6760
Fold 3 - Train: 2002 samples, Test: 500 samples
  lightgbm (5, 150): validity: 0.6340, accuracy: 0.6940
Fold 3 - Train: 2002 samples, Test: 500 samples
  random_forest (5, 200): validity: 0.7400, accuracy: 0.7060
Fold 3 - Train: 2002 samples, Test: 500 samples
  xgboost (5, 200): validity: 0.6080, accuracy: 0.6780
Fold 3 - Train: 2002 samples, Test: 500 samples
  lightgbm (5, 200): validity: 0.6100, accuracy: 0.6980
Fold 3 - Train: 2002 samples, Test: 500 samples
  adaboost (3, 50): validity: 0.4440, accuracy: 0.6480
Fold 3 - Train: 2002 samples, Test: 500 samples
  adaboost (3, 100): validity: 0.4480, accuracy: 0.6700
Fold 3 - Train: 2002 samples, Test: 500 samples
  adaboost (3, 150): validity: 0.4500, accuracy: 0.6780
Fold 3 - Train: 2002 samples, Test: 500 samples
  adaboost (3, 200): validity: 0.4480, accuracy: 0.6800

--- FOLD 4 ANALYSIS ---
--------------------------------------------------
Fold 4 - Train: 2002 samples, Test: 500 samples
Fold 4 - Train: 2002 samples, Test: 500 samples
Fold 4 data shapes:
  Raw train: (2002, 24)
  Processed - Train: (2002, 24), Test: (500, 24)
  Training samples: 2002
  Test samples: 500
  Features: 23
  Class distribution - Train: [1248  754]
  Class distribution - Test: [312 188]
HELOC feature names: ['ExternalRiskEstimate', 'MSinceOldestTradeOpen', 'MSinceMostRecentTradeOpen', 'AverageMInFile', 'NumSatisfactoryTrades', 'NumTrades60Ever2DerogPubRec', 'NumTrades90Ever2DerogPubRec', 'PercentTradesNeverDelq', 'MSinceMostRecentDelq', 'MaxDelq2PublicRecLast12M', 'MaxDelqEver', 'NumTotalTrades', 'NumTradesOpeninLast12M', 'PercentInstallTrades', 'MSinceMostRecentInqexcl7days', 'NumInqLast6M', 'NumInqLast6Mexcl7days', 'NetFractionRevolvingBurden', 'NetFractionInstallBurden', 'NumRevolvingTradesWBalance', 'NumInstallTradesWBalance', 'NumBank2NatlTradesWHighUtilization', 'PercentTradesWBalance']
HELOC feature analysis:
  Categorical feature indices: [9, 10]
  Numerical feature indices: [0, 1, 2, 3, 4, 5, 6, 7, 8, 11]... (total: 21)

Training baseline model for fold 4...
  Train accuracy: 0.7677
  Test accuracy: 0.7020
Generating counterfactuals using NICE for fold 4...
Generating counterfactuals using NICE algorithm
Test set size: 500 samples
NICE counterfactual generation complete:
  Successful: 500/500 (100.00%)
  Failed: 0/500 (0.00%)
  Success rate: 100.00%
  Baseline validity: 1.0000 (500/500)
  Baseline L2 distance: 0.3733
  Baseline L0 distance: 4.40
  Baseline LOF score: 0.7800

Testing data perturbations for fold 4...
  minor_deletion:
Fold 4 - Train: 2002 samples, Test: 500 samples
    Bin 0: Remove 0% -> validity: 1.0000, accuracy: 0.7020
Fold 4 - Train: 2002 samples, Test: 500 samples
    Bin 5: Remove 5% -> validity: 0.5740, accuracy: 0.7060
Fold 4 - Train: 2002 samples, Test: 500 samples
    Bin 10: Remove 10% -> validity: 0.5600, accuracy: 0.6940
Fold 4 - Train: 2002 samples, Test: 500 samples
    Bin 15: Remove 15% -> validity: 0.5820, accuracy: 0.7080
Fold 4 - Train: 2002 samples, Test: 500 samples
    Bin 20: Remove 20% -> validity: 0.6060, accuracy: 0.6940
  major_deletion:
Fold 4 - Train: 2002 samples, Test: 500 samples
    Bin 0: Remove 0% -> validity: 1.0000, accuracy: 0.7020
Fold 4 - Train: 2002 samples, Test: 500 samples
    Bin 1: Remove 50% -> validity: 0.5740, accuracy: 0.7060
  minor_addition:
Fold 4 - Train: 2002 samples, Test: 500 samples
    Bin 0: Use 80% -> validity: 0.5040, accuracy: 0.7080
Fold 4 - Train: 2002 samples, Test: 500 samples
    Bin 5: Use 85% -> validity: 0.4640, accuracy: 0.6980
Fold 4 - Train: 2002 samples, Test: 500 samples
    Bin 10: Use 90% -> validity: 0.5700, accuracy: 0.7080
Fold 4 - Train: 2002 samples, Test: 500 samples
    Bin 15: Use 95% -> validity: 0.5480, accuracy: 0.7080
Fold 4 - Train: 2002 samples, Test: 500 samples
    Bin 20: Use 100% -> validity: 1.0000, accuracy: 0.7020
  major_addition:
Fold 4 - Train: 2002 samples, Test: 500 samples
    Bin 0: Use 50% -> validity: 0.3620, accuracy: 0.6940
Fold 4 - Train: 2002 samples, Test: 500 samples
    Bin 1: Use 100% -> validity: 1.0000, accuracy: 0.7020

Testing model perturbations for fold 4...
Fold 4 - Train: 2002 samples, Test: 500 samples
  random_forest (3, 100): validity: 0.3260, accuracy: 0.6940
Fold 4 - Train: 2002 samples, Test: 500 samples
  xgboost (3, 100): validity: 0.5800, accuracy: 0.7080
Fold 4 - Train: 2002 samples, Test: 500 samples
  lightgbm (3, 100): validity: 0.6960, accuracy: 0.7020
Fold 4 - Train: 2002 samples, Test: 500 samples
  random_forest (4, 100): validity: 0.4700, accuracy: 0.7040
Fold 4 - Train: 2002 samples, Test: 500 samples
  xgboost (4, 100): validity: 0.6180, accuracy: 0.6960
Fold 4 - Train: 2002 samples, Test: 500 samples
  lightgbm (4, 100): validity: 0.6860, accuracy: 0.7140
Fold 4 - Train: 2002 samples, Test: 500 samples
  random_forest (5, 100): validity: 1.0000, accuracy: 0.7020
Fold 4 - Train: 2002 samples, Test: 500 samples
  xgboost (5, 100): validity: 0.6120, accuracy: 0.6900
Fold 4 - Train: 2002 samples, Test: 500 samples
  lightgbm (5, 100): validity: 0.7020, accuracy: 0.7160
Fold 4 - Train: 2002 samples, Test: 500 samples
  random_forest (6, 100): validity: 0.6940, accuracy: 0.7000
Fold 4 - Train: 2002 samples, Test: 500 samples
  xgboost (6, 100): validity: 0.6200, accuracy: 0.6640
Fold 4 - Train: 2002 samples, Test: 500 samples
  lightgbm (6, 100): validity: 0.6600, accuracy: 0.6920
Fold 4 - Train: 2002 samples, Test: 500 samples
  random_forest (5, 50): validity: 0.7940, accuracy: 0.7060
Fold 4 - Train: 2002 samples, Test: 500 samples
  xgboost (5, 50): validity: 0.6640, accuracy: 0.7020
Fold 4 - Train: 2002 samples, Test: 500 samples
  lightgbm (5, 50): validity: 0.7240, accuracy: 0.7120
Fold 4 - Train: 2002 samples, Test: 500 samples
  random_forest (5, 100): validity: 1.0000, accuracy: 0.7020
Fold 4 - Train: 2002 samples, Test: 500 samples
  xgboost (5, 100): validity: 0.6120, accuracy: 0.6900
Fold 4 - Train: 2002 samples, Test: 500 samples
  lightgbm (5, 100): validity: 0.7020, accuracy: 0.7160
Fold 4 - Train: 2002 samples, Test: 500 samples
  random_forest (5, 150): validity: 0.8240, accuracy: 0.7000
Fold 4 - Train: 2002 samples, Test: 500 samples
  xgboost (5, 150): validity: 0.6200, accuracy: 0.6780
Fold 4 - Train: 2002 samples, Test: 500 samples
  lightgbm (5, 150): validity: 0.6680, accuracy: 0.7160
Fold 4 - Train: 2002 samples, Test: 500 samples
  random_forest (5, 200): validity: 0.7620, accuracy: 0.7060
Fold 4 - Train: 2002 samples, Test: 500 samples
  xgboost (5, 200): validity: 0.6220, accuracy: 0.6900
Fold 4 - Train: 2002 samples, Test: 500 samples
  lightgbm (5, 200): validity: 0.6460, accuracy: 0.7120
Fold 4 - Train: 2002 samples, Test: 500 samples
  adaboost (3, 50): validity: 0.4440, accuracy: 0.6320
Fold 4 - Train: 2002 samples, Test: 500 samples
  adaboost (3, 100): validity: 0.4540, accuracy: 0.6200
Fold 4 - Train: 2002 samples, Test: 500 samples
  adaboost (3, 150): validity: 0.4380, accuracy: 0.6040
Fold 4 - Train: 2002 samples, Test: 500 samples
  adaboost (3, 200): validity: 0.4200, accuracy: 0.6200

4. Generating comprehensive summary of NICE counterfactual robustness...
================================================================================

BASELINE PERFORMANCE ACROSS ALL FOLDS (NICE - HELOC):
--------------------------------------------------------------------------------
Model Accuracy: 0.7142 ± 0.0100
CF Success Rate: 1.0000 ± 0.0000
CF Validity: 1.0000 ± 0.0000
CF L2 Distance: 0.3586 ± 0.0170
CF L0 Distance: 4.4726 ± 0.2458
CF LOF Score: 0.8113 ± 0.0273

DATA PERTURBATION ROBUSTNESS SUMMARY (NICE - HELOC):
------------------------------------------------------------------------------------------------------------------------------------------------------
Perturbation    Bin   Data         Mean Validity Std Validity Mean Accuracy Std Accuracy Mean L2    Mean L0    Validity Δ 
------------------------------------------------------------------------------------------------------------------------------------------------------
minor_deletion  0     Remove 0%    1.0000        0.0000       0.7142        0.0100       0.3586     4.47       +0.0000    
minor_deletion  5     Remove 5%    0.5912        0.0502       0.7162        0.0126       0.3586     4.47       -0.4088    
minor_deletion  10    Remove 10%   0.6035        0.0357       0.7146        0.0154       0.3586     4.47       -0.3965    
minor_deletion  15    Remove 15%   0.5760        0.0456       0.7182        0.0122       0.3586     4.47       -0.4240    
minor_deletion  20    Remove 20%   0.6023        0.0334       0.7106        0.0115       0.3586     4.47       -0.3977    
major_deletion  0     Remove 0%    1.0000        0.0000       0.7142        0.0100       0.3586     4.47       +0.0000    
major_deletion  1     Remove 50%   0.5432        0.0423       0.7146        0.0111       0.3586     4.47       -0.4568    
minor_addition  0     Use 80%      0.4972        0.0162       0.7162        0.0105       0.3586     4.47       -0.5028    
minor_addition  5     Use 85%      0.4808        0.0372       0.7150        0.0112       0.3586     4.47       -0.5192    
minor_addition  10    Use 90%      0.5288        0.0452       0.7158        0.0073       0.3586     4.47       -0.4712    
minor_addition  15    Use 95%      0.5372        0.0081       0.7110        0.0061       0.3586     4.47       -0.4628    
minor_addition  20    Use 100%     1.0000        0.0000       0.7142        0.0100       0.3586     4.47       +0.0000    
major_addition  0     Use 50%      0.3725        0.0476       0.7086        0.0117       0.3586     4.47       -0.6275    
major_addition  1     Use 100%     1.0000        0.0000       0.7142        0.0100       0.3586     4.47       +0.0000    

MODEL PERTURBATION ROBUSTNESS SUMMARY (NICE - HELOC):
------------------------------------------------------------------------------------------------------------------------------------------------------
Model Configuration            Mean Validity Std Validity Mean Accuracy Std Accuracy Mean L2    Mean L0    Validity Δ 
------------------------------------------------------------------------------------------------------------------------------------------------------
random_forest_3_100            0.2886        0.0237       0.7062        0.0101       0.3586     4.47       -0.7114    
xgboost_3_100                  0.6023        0.0166       0.7098        0.0138       0.3586     4.47       -0.3977    
lightgbm_3_100                 0.7022        0.0213       0.7078        0.0071       0.3586     4.47       -0.2978    
random_forest_4_100            0.4764        0.0282       0.7094        0.0073       0.3586     4.47       -0.5236    
xgboost_4_100                  0.6043        0.0229       0.6990        0.0094       0.3586     4.47       -0.3957    
lightgbm_4_100                 0.6787        0.0259       0.7098        0.0111       0.3586     4.47       -0.3213    
random_forest_5_100            1.0000        0.0000       0.7142        0.0100       0.3586     4.47       +0.0000    
xgboost_5_100                  0.5935        0.0178       0.6902        0.0057       0.3586     4.47       -0.4065    
lightgbm_5_100                 0.6747        0.0231       0.7110        0.0089       0.3586     4.47       -0.3253    
random_forest_6_100            0.6783        0.0170       0.7194        0.0155       0.3586     4.47       -0.3217    
xgboost_6_100                  0.6283        0.0176       0.6906        0.0235       0.3586     4.47       -0.3717    
lightgbm_6_100                 0.6679        0.0107       0.6994        0.0107       0.3586     4.47       -0.3321    
random_forest_5_50             0.7606        0.0209       0.7134        0.0081       0.3586     4.47       -0.2394    
xgboost_5_50                   0.6207        0.0264       0.6982        0.0055       0.3586     4.47       -0.3793    
lightgbm_5_50                  0.7110        0.0151       0.7074        0.0128       0.3586     4.47       -0.2890    
random_forest_5_150            0.8042        0.0299       0.7126        0.0094       0.3586     4.47       -0.1958    
xgboost_5_150                  0.6103        0.0180       0.6890        0.0135       0.3586     4.47       -0.3897    
lightgbm_5_150                 0.6507        0.0191       0.7074        0.0135       0.3586     4.47       -0.3493    
random_forest_5_200            0.7338        0.0179       0.7138        0.0087       0.3586     4.47       -0.2662    
xgboost_5_200                  0.6111        0.0162       0.6958        0.0156       0.3586     4.47       -0.3889    
lightgbm_5_200                 0.6307        0.0157       0.7034        0.0072       0.3586     4.47       -0.3693    
adaboost_3_50                  0.4293        0.0301       0.6515        0.0143       0.3586     4.47       -0.5707    
adaboost_3_100                 0.4321        0.0178       0.6399        0.0188       0.3586     4.47       -0.5679    
adaboost_3_150                 0.4229        0.0180       0.6347        0.0240       0.3586     4.47       -0.5771    
adaboost_3_200                 0.4165        0.0180       0.6399        0.0210       0.3586     4.47       -0.5835    

Data perturbation plot saved to: cf_data_robustness_nice_heloc_5fold_plot_20250804_174649.png

================================================================================
NICE COUNTERFACTUAL ROBUSTNESS ANALYSIS COMPLETED!
================================================================================

🏦 HELOC DATASET INSIGHTS (NICE):
• Dataset contains financial features for credit risk assessment
• HELOC (Home Equity Line of Credit) dataset for loan default prediction
• Mixed feature types enable testing NICE's HEOM distance metric
• Baseline counterfactual success rate: 100.00% ± 0.000
• Baseline counterfactual validity: 1.0000 ± 0.000
• Baseline model accuracy: 0.7142 ± 0.010

================================================================================
🏁 COMPREHENSIVE NICE COUNTERFACTUAL ROBUSTNESS ANALYSIS COMPLETED!
================================================================================
[TIME] Completed at: 2025-08-04 17:46:49
[LOG] Complete analysis saved to: cf_robustness_analysis_nice_v4_heloc_20250804_174250.log
🧠 Used NICE algorithm with HEOM distance for mixed features
================================================================================
