2025-08-28 12:26:15,513 - INFO - Starting OCEAN 5-fold robustness analysis (CORRECTED LOGIC)
2025-08-28 12:26:15,525 - INFO - Loaded fold 0 from C:\Users\rashi\OneDrive\Desktop\CS9875 Presentation\OCEAN\OCEAN\German_Credit_OCEAN_Generated_CFs_OnlyFold0.csv: 200 counterfactuals
2025-08-28 12:26:15,531 - INFO - Loaded fold 1 from C:\Users\rashi\OneDrive\Desktop\CS9875 Presentation\OCEAN\OCEAN\GERMAN_CREDIT_OCEAN_Generated_CFs_Fold1.csv: 1000 counterfactuals
2025-08-28 12:26:15,535 - INFO - Loaded fold 2 from C:\Users\rashi\OneDrive\Desktop\CS9875 Presentation\OCEAN\OCEAN\GERMAN_CREDIT_OCEAN_Generated_CFs_Fold2.csv: 1000 counterfactuals
2025-08-28 12:26:15,539 - INFO - Loaded fold 3 from C:\Users\rashi\OneDrive\Desktop\CS9875 Presentation\OCEAN\OCEAN\GERMAN_CREDIT_OCEAN_Generated_CFs_Fold3.csv: 1000 counterfactuals
2025-08-28 12:26:15,545 - INFO - Loaded fold 4 from C:\Users\rashi\OneDrive\Desktop\CS9875 Presentation\OCEAN\OCEAN\GERMAN_CREDIT_OCEAN_Generated_CFs_Fold4.csv: 1000 counterfactuals
2025-08-28 12:26:15,545 - INFO - Loaded 5 folds
2025-08-28 12:26:15,545 - INFO - \n=== Processing Fold 0 ===
2025-08-28 12:26:18,019 - INFO - Fold 0 - Baseline accuracy: 0.7500
2025-08-28 12:26:18,019 - INFO - Fold 0 - Baseline validity: 0.4400
2025-08-28 12:26:18,019 - INFO - \nTesting data perturbations for fold 0...
2025-08-28 12:26:18,019 - INFO -   data_deletion:
2025-08-28 12:26:20,069 - INFO - Fold 0 - Train: 800 samples, Test: 200 samples
2025-08-28 12:26:20,069 - INFO -     Bin 0: Remove 0% -> validity: 0.4400, accuracy: 0.7500, L2: 1.8768, L0: 8.02, LOF: -1.1775
2025-08-28 12:26:22,315 - INFO - Fold 0 - Train: 800 samples, Test: 200 samples
2025-08-28 12:26:22,315 - INFO -     Bin 5: Remove 5% -> validity: 0.4350, accuracy: 0.7050, L2: 1.8768, L0: 8.02, LOF: -1.1900
2025-08-28 12:26:24,531 - INFO - Fold 0 - Train: 800 samples, Test: 200 samples
2025-08-28 12:26:24,532 - INFO -     Bin 10: Remove 10% -> validity: 0.4150, accuracy: 0.7250, L2: 1.8768, L0: 8.02, LOF: -1.1914
2025-08-28 12:26:26,838 - INFO - Fold 0 - Train: 800 samples, Test: 200 samples
2025-08-28 12:26:26,839 - INFO -     Bin 15: Remove 15% -> validity: 0.4250, accuracy: 0.7200, L2: 1.8768, L0: 8.02, LOF: -1.1846
2025-08-28 12:26:28,900 - INFO - Fold 0 - Train: 800 samples, Test: 200 samples
2025-08-28 12:26:28,900 - INFO -     Bin 20: Remove 20% -> validity: 0.4700, accuracy: 0.7150, L2: 1.8768, L0: 8.02, LOF: -1.1872
2025-08-28 12:26:28,901 - INFO -   minor_addition:
2025-08-28 12:26:30,763 - INFO - Fold 0 - Train: 800 samples, Test: 200 samples
2025-08-28 12:26:30,763 - INFO -     Bin 0: Use 80% -> validity: 0.4700, accuracy: 0.7150, L2: 1.8768, L0: 8.02, LOF: -1.1872
2025-08-28 12:26:32,732 - INFO - Fold 0 - Train: 800 samples, Test: 200 samples
2025-08-28 12:26:32,732 - INFO -     Bin 5: Use 85% -> validity: 0.4250, accuracy: 0.7200, L2: 1.8768, L0: 8.02, LOF: -1.1846
2025-08-28 12:26:34,659 - INFO - Fold 0 - Train: 800 samples, Test: 200 samples
2025-08-28 12:26:34,660 - INFO -     Bin 10: Use 90% -> validity: 0.4150, accuracy: 0.7250, L2: 1.8768, L0: 8.02, LOF: -1.1914
2025-08-28 12:26:36,724 - INFO - Fold 0 - Train: 800 samples, Test: 200 samples
2025-08-28 12:26:36,724 - INFO -     Bin 15: Use 95% -> validity: 0.4350, accuracy: 0.7050, L2: 1.8768, L0: 8.02, LOF: -1.1900
2025-08-28 12:26:38,852 - INFO - Fold 0 - Train: 800 samples, Test: 200 samples
2025-08-28 12:26:38,852 - INFO -     Bin 20: Use 100% -> validity: 0.4400, accuracy: 0.7500, L2: 1.8768, L0: 8.02, LOF: -1.1775
2025-08-28 12:26:38,853 - INFO -   major_addition:
2025-08-28 12:26:40,601 - INFO - Fold 0 - Train: 800 samples, Test: 200 samples
2025-08-28 12:26:40,602 - INFO -     Bin 0: Use 50% -> validity: 0.3800, accuracy: 0.7350, L2: 1.8768, L0: 8.02, LOF: -1.1789
2025-08-28 12:26:42,498 - INFO - Fold 0 - Train: 800 samples, Test: 200 samples
2025-08-28 12:26:42,498 - INFO -     Bin 1: Use 100% -> validity: 0.4400, accuracy: 0.7500, L2: 1.8768, L0: 8.02, LOF: -1.1775
2025-08-28 12:26:42,498 - INFO - \nTesting model perturbations for fold 0...
2025-08-28 12:26:43,471 - INFO -   rf_50_3 {'n_estimators': 50, 'max_depth': 3}: accuracy=0.7200, validity=0.0350
2025-08-28 12:26:44,574 - INFO -   rf_50_4 {'n_estimators': 50, 'max_depth': 4}: accuracy=0.7400, validity=0.0850
2025-08-28 12:26:45,531 - INFO -   rf_50_5 {'n_estimators': 50, 'max_depth': 5}: accuracy=0.7300, validity=0.1300
2025-08-28 12:26:46,573 - INFO -   rf_50_6 {'n_estimators': 50, 'max_depth': 6}: accuracy=0.7300, validity=0.1700
2025-08-28 12:26:48,333 - INFO -   rf_100_3 {'n_estimators': 100, 'max_depth': 3}: accuracy=0.7200, validity=0.0400
2025-08-28 12:26:50,203 - INFO -   rf_100_4 {'n_estimators': 100, 'max_depth': 4}: accuracy=0.7300, validity=0.0750
2025-08-28 12:26:51,967 - INFO -   rf_100_5 {'n_estimators': 100, 'max_depth': 5}: accuracy=0.7300, validity=0.1100
2025-08-28 12:26:53,727 - INFO -   rf_100_6 {'n_estimators': 100, 'max_depth': 6}: accuracy=0.7500, validity=0.1650
2025-08-28 12:26:56,441 - INFO -   rf_150_3 {'n_estimators': 150, 'max_depth': 3}: accuracy=0.7200, validity=0.0400
2025-08-28 12:26:58,953 - INFO -   rf_150_4 {'n_estimators': 150, 'max_depth': 4}: accuracy=0.7350, validity=0.0750
2025-08-28 12:27:01,465 - INFO -   rf_150_5 {'n_estimators': 150, 'max_depth': 5}: accuracy=0.7300, validity=0.1050
2025-08-28 12:27:03,963 - INFO -   rf_150_6 {'n_estimators': 150, 'max_depth': 6}: accuracy=0.7550, validity=0.1550
2025-08-28 12:27:07,107 - INFO -   rf_200_3 {'n_estimators': 200, 'max_depth': 3}: accuracy=0.7200, validity=0.0400
2025-08-28 12:27:10,332 - INFO -   rf_200_4 {'n_estimators': 200, 'max_depth': 4}: accuracy=0.7300, validity=0.0700
2025-08-28 12:27:13,544 - INFO -   rf_200_5 {'n_estimators': 200, 'max_depth': 5}: accuracy=0.7350, validity=0.1100
2025-08-28 12:27:16,857 - INFO -   rf_200_6 {'n_estimators': 200, 'max_depth': 6}: accuracy=0.7500, validity=0.1650
2025-08-28 12:27:16,858 - INFO - \n=== Processing Fold 1 ===
2025-08-28 12:27:18,998 - INFO - Fold 1 - Baseline accuracy: 0.7600
2025-08-28 12:27:18,999 - INFO - Fold 1 - Baseline validity: 0.3350
2025-08-28 12:27:18,999 - INFO - \nTesting data perturbations for fold 1...
2025-08-28 12:27:18,999 - INFO -   data_deletion:
2025-08-28 12:27:20,957 - INFO - Fold 1 - Train: 800 samples, Test: 200 samples
2025-08-28 12:27:20,957 - INFO -     Bin 0: Remove 0% -> validity: 0.3350, accuracy: 0.7600, L2: 1.8998, L0: 8.15, LOF: -1.2108
2025-08-28 12:27:22,885 - INFO - Fold 1 - Train: 800 samples, Test: 200 samples
2025-08-28 12:27:22,885 - INFO -     Bin 5: Remove 5% -> validity: 0.3550, accuracy: 0.7350, L2: 1.8998, L0: 8.15, LOF: -1.2134
2025-08-28 12:27:24,954 - INFO - Fold 1 - Train: 800 samples, Test: 200 samples
2025-08-28 12:27:24,955 - INFO -     Bin 10: Remove 10% -> validity: 0.3800, accuracy: 0.7250, L2: 1.8998, L0: 8.15, LOF: -1.2132
2025-08-28 12:27:27,092 - INFO - Fold 1 - Train: 800 samples, Test: 200 samples
2025-08-28 12:27:27,093 - INFO -     Bin 15: Remove 15% -> validity: 0.3950, accuracy: 0.7300, L2: 1.8998, L0: 8.15, LOF: -1.2123
2025-08-28 12:27:28,974 - INFO - Fold 1 - Train: 800 samples, Test: 200 samples
2025-08-28 12:27:28,975 - INFO -     Bin 20: Remove 20% -> validity: 0.3500, accuracy: 0.7150, L2: 1.8998, L0: 8.15, LOF: -1.2113
2025-08-28 12:27:28,975 - INFO -   minor_addition:
2025-08-28 12:27:30,936 - INFO - Fold 1 - Train: 800 samples, Test: 200 samples
2025-08-28 12:27:30,937 - INFO -     Bin 0: Use 80% -> validity: 0.3500, accuracy: 0.7150, L2: 1.8998, L0: 8.15, LOF: -1.2113
2025-08-28 12:27:32,898 - INFO - Fold 1 - Train: 800 samples, Test: 200 samples
2025-08-28 12:27:32,899 - INFO -     Bin 5: Use 85% -> validity: 0.3950, accuracy: 0.7300, L2: 1.8998, L0: 8.15, LOF: -1.2123
2025-08-28 12:27:34,802 - INFO - Fold 1 - Train: 800 samples, Test: 200 samples
2025-08-28 12:27:34,802 - INFO -     Bin 10: Use 90% -> validity: 0.3800, accuracy: 0.7250, L2: 1.8998, L0: 8.15, LOF: -1.2132
2025-08-28 12:27:37,021 - INFO - Fold 1 - Train: 800 samples, Test: 200 samples
2025-08-28 12:27:37,021 - INFO -     Bin 15: Use 95% -> validity: 0.3550, accuracy: 0.7350, L2: 1.8998, L0: 8.15, LOF: -1.2134
2025-08-28 12:27:39,271 - INFO - Fold 1 - Train: 800 samples, Test: 200 samples
2025-08-28 12:27:39,271 - INFO -     Bin 20: Use 100% -> validity: 0.3350, accuracy: 0.7600, L2: 1.8998, L0: 8.15, LOF: -1.2108
2025-08-28 12:27:39,272 - INFO -   major_addition:
2025-08-28 12:27:41,539 - INFO - Fold 1 - Train: 800 samples, Test: 200 samples
2025-08-28 12:27:41,539 - INFO -     Bin 0: Use 50% -> validity: 0.3850, accuracy: 0.7000, L2: 1.8998, L0: 8.15, LOF: -1.2207
2025-08-28 12:27:43,871 - INFO - Fold 1 - Train: 800 samples, Test: 200 samples
2025-08-28 12:27:43,871 - INFO -     Bin 1: Use 100% -> validity: 0.3350, accuracy: 0.7600, L2: 1.8998, L0: 8.15, LOF: -1.2108
2025-08-28 12:27:43,872 - INFO - \nTesting model perturbations for fold 1...
2025-08-28 12:27:45,094 - INFO -   rf_50_3 {'n_estimators': 50, 'max_depth': 3}: accuracy=0.7200, validity=0.0550
2025-08-28 12:27:46,285 - INFO -   rf_50_4 {'n_estimators': 50, 'max_depth': 4}: accuracy=0.7450, validity=0.1000
2025-08-28 12:27:47,754 - INFO -   rf_50_5 {'n_estimators': 50, 'max_depth': 5}: accuracy=0.7250, validity=0.1200
2025-08-28 12:27:49,231 - INFO -   rf_50_6 {'n_estimators': 50, 'max_depth': 6}: accuracy=0.7550, validity=0.2000
2025-08-28 12:27:51,961 - INFO -   rf_100_3 {'n_estimators': 100, 'max_depth': 3}: accuracy=0.7050, validity=0.0450
2025-08-28 12:27:55,575 - INFO -   rf_100_4 {'n_estimators': 100, 'max_depth': 4}: accuracy=0.7300, validity=0.0800
2025-08-28 12:27:58,985 - INFO -   rf_100_5 {'n_estimators': 100, 'max_depth': 5}: accuracy=0.7350, validity=0.1250
2025-08-28 12:28:02,283 - INFO -   rf_100_6 {'n_estimators': 100, 'max_depth': 6}: accuracy=0.7350, validity=0.1950
2025-08-28 12:28:06,981 - INFO -   rf_150_3 {'n_estimators': 150, 'max_depth': 3}: accuracy=0.7000, validity=0.0500
2025-08-28 12:28:12,432 - INFO -   rf_150_4 {'n_estimators': 150, 'max_depth': 4}: accuracy=0.7300, validity=0.0900
2025-08-28 12:28:17,144 - INFO -   rf_150_5 {'n_estimators': 150, 'max_depth': 5}: accuracy=0.7400, validity=0.1300
2025-08-28 12:28:21,723 - INFO -   rf_150_6 {'n_estimators': 150, 'max_depth': 6}: accuracy=0.7200, validity=0.1950
2025-08-28 12:28:28,315 - INFO -   rf_200_3 {'n_estimators': 200, 'max_depth': 3}: accuracy=0.7000, validity=0.0400
2025-08-28 12:28:33,529 - INFO -   rf_200_4 {'n_estimators': 200, 'max_depth': 4}: accuracy=0.7250, validity=0.0950
2025-08-28 12:28:37,436 - INFO -   rf_200_5 {'n_estimators': 200, 'max_depth': 5}: accuracy=0.7400, validity=0.1300
2025-08-28 12:28:43,506 - INFO -   rf_200_6 {'n_estimators': 200, 'max_depth': 6}: accuracy=0.7350, validity=0.1900
2025-08-28 12:28:43,509 - INFO - \n=== Processing Fold 2 ===
2025-08-28 12:28:47,144 - INFO - Fold 2 - Baseline accuracy: 0.7000
2025-08-28 12:28:47,144 - INFO - Fold 2 - Baseline validity: 0.3850
2025-08-28 12:28:47,144 - INFO - \nTesting data perturbations for fold 2...
2025-08-28 12:28:47,144 - INFO -   data_deletion:
2025-08-28 12:28:50,860 - INFO - Fold 2 - Train: 800 samples, Test: 200 samples
2025-08-28 12:28:50,862 - INFO -     Bin 0: Remove 0% -> validity: 0.3850, accuracy: 0.7000, L2: 1.8643, L0: 7.93, LOF: -1.1991
2025-08-28 12:28:54,049 - INFO - Fold 2 - Train: 800 samples, Test: 200 samples
2025-08-28 12:28:54,049 - INFO -     Bin 5: Remove 5% -> validity: 0.3750, accuracy: 0.6950, L2: 1.8643, L0: 7.93, LOF: -1.1985
2025-08-28 12:28:57,429 - INFO - Fold 2 - Train: 800 samples, Test: 200 samples
2025-08-28 12:28:57,429 - INFO -     Bin 10: Remove 10% -> validity: 0.3650, accuracy: 0.7000, L2: 1.8643, L0: 7.93, LOF: -1.2038
2025-08-28 12:29:00,656 - INFO - Fold 2 - Train: 800 samples, Test: 200 samples
2025-08-28 12:29:00,657 - INFO -     Bin 15: Remove 15% -> validity: 0.3700, accuracy: 0.7000, L2: 1.8643, L0: 7.93, LOF: -1.2069
2025-08-28 12:29:04,309 - INFO - Fold 2 - Train: 800 samples, Test: 200 samples
2025-08-28 12:29:04,311 - INFO -     Bin 20: Remove 20% -> validity: 0.3600, accuracy: 0.6700, L2: 1.8643, L0: 7.93, LOF: -1.2104
2025-08-28 12:29:04,311 - INFO -   minor_addition:
2025-08-28 12:29:07,794 - INFO - Fold 2 - Train: 800 samples, Test: 200 samples
2025-08-28 12:29:07,794 - INFO -     Bin 0: Use 80% -> validity: 0.3600, accuracy: 0.6700, L2: 1.8643, L0: 7.93, LOF: -1.2104
2025-08-28 12:29:11,274 - INFO - Fold 2 - Train: 800 samples, Test: 200 samples
2025-08-28 12:29:11,274 - INFO -     Bin 5: Use 85% -> validity: 0.3700, accuracy: 0.7000, L2: 1.8643, L0: 7.93, LOF: -1.2069
2025-08-28 12:29:14,143 - INFO - Fold 2 - Train: 800 samples, Test: 200 samples
2025-08-28 12:29:14,144 - INFO -     Bin 10: Use 90% -> validity: 0.3650, accuracy: 0.7000, L2: 1.8643, L0: 7.93, LOF: -1.2038
2025-08-28 12:29:17,800 - INFO - Fold 2 - Train: 800 samples, Test: 200 samples
2025-08-28 12:29:17,801 - INFO -     Bin 15: Use 95% -> validity: 0.3750, accuracy: 0.6950, L2: 1.8643, L0: 7.93, LOF: -1.1985
2025-08-28 12:29:21,124 - INFO - Fold 2 - Train: 800 samples, Test: 200 samples
2025-08-28 12:29:21,124 - INFO -     Bin 20: Use 100% -> validity: 0.3850, accuracy: 0.7000, L2: 1.8643, L0: 7.93, LOF: -1.1991
2025-08-28 12:29:21,125 - INFO -   major_addition:
2025-08-28 12:29:24,364 - INFO - Fold 2 - Train: 800 samples, Test: 200 samples
2025-08-28 12:29:24,364 - INFO -     Bin 0: Use 50% -> validity: 0.3400, accuracy: 0.6650, L2: 1.8643, L0: 7.93, LOF: -1.2169
2025-08-28 12:29:27,730 - INFO - Fold 2 - Train: 800 samples, Test: 200 samples
2025-08-28 12:29:27,731 - INFO -     Bin 1: Use 100% -> validity: 0.3850, accuracy: 0.7000, L2: 1.8643, L0: 7.93, LOF: -1.1991
2025-08-28 12:29:27,731 - INFO - \nTesting model perturbations for fold 2...
2025-08-28 12:29:29,670 - INFO -   rf_50_3 {'n_estimators': 50, 'max_depth': 3}: accuracy=0.7050, validity=0.0500
2025-08-28 12:29:31,624 - INFO -   rf_50_4 {'n_estimators': 50, 'max_depth': 4}: accuracy=0.7050, validity=0.1000
2025-08-28 12:29:33,276 - INFO -   rf_50_5 {'n_estimators': 50, 'max_depth': 5}: accuracy=0.6950, validity=0.1750
2025-08-28 12:29:35,492 - INFO -   rf_50_6 {'n_estimators': 50, 'max_depth': 6}: accuracy=0.7000, validity=0.1900
2025-08-28 12:29:38,328 - INFO -   rf_100_3 {'n_estimators': 100, 'max_depth': 3}: accuracy=0.6900, validity=0.0450
2025-08-28 12:29:41,672 - INFO -   rf_100_4 {'n_estimators': 100, 'max_depth': 4}: accuracy=0.6950, validity=0.1050
2025-08-28 12:29:45,105 - INFO -   rf_100_5 {'n_estimators': 100, 'max_depth': 5}: accuracy=0.7000, validity=0.1650
2025-08-28 12:29:48,642 - INFO -   rf_100_6 {'n_estimators': 100, 'max_depth': 6}: accuracy=0.7000, validity=0.1900
2025-08-28 12:29:52,359 - INFO -   rf_150_3 {'n_estimators': 150, 'max_depth': 3}: accuracy=0.7050, validity=0.0400
2025-08-28 12:29:56,292 - INFO -   rf_150_4 {'n_estimators': 150, 'max_depth': 4}: accuracy=0.7000, validity=0.1000
2025-08-28 12:30:00,163 - INFO -   rf_150_5 {'n_estimators': 150, 'max_depth': 5}: accuracy=0.6950, validity=0.1550
2025-08-28 12:30:04,373 - INFO -   rf_150_6 {'n_estimators': 150, 'max_depth': 6}: accuracy=0.6800, validity=0.1950
2025-08-28 12:30:09,666 - INFO -   rf_200_3 {'n_estimators': 200, 'max_depth': 3}: accuracy=0.7000, validity=0.0350
2025-08-28 12:30:14,378 - INFO -   rf_200_4 {'n_estimators': 200, 'max_depth': 4}: accuracy=0.7000, validity=0.1000
2025-08-28 12:30:20,395 - INFO -   rf_200_5 {'n_estimators': 200, 'max_depth': 5}: accuracy=0.6950, validity=0.1400
2025-08-28 12:30:26,109 - INFO -   rf_200_6 {'n_estimators': 200, 'max_depth': 6}: accuracy=0.6850, validity=0.1900
2025-08-28 12:30:26,111 - INFO - \n=== Processing Fold 3 ===
2025-08-28 12:30:29,886 - INFO - Fold 3 - Baseline accuracy: 0.7250
2025-08-28 12:30:29,887 - INFO - Fold 3 - Baseline validity: 0.4050
2025-08-28 12:30:29,887 - INFO - \nTesting data perturbations for fold 3...
2025-08-28 12:30:29,887 - INFO -   data_deletion:
2025-08-28 12:30:33,523 - INFO - Fold 3 - Train: 800 samples, Test: 200 samples
2025-08-28 12:30:33,523 - INFO -     Bin 0: Remove 0% -> validity: 0.4050, accuracy: 0.7250, L2: 1.9313, L0: 8.15, LOF: -1.2129
2025-08-28 12:30:36,811 - INFO - Fold 3 - Train: 800 samples, Test: 200 samples
2025-08-28 12:30:36,812 - INFO -     Bin 5: Remove 5% -> validity: 0.3850, accuracy: 0.7250, L2: 1.9313, L0: 8.15, LOF: -1.2167
2025-08-28 12:30:40,296 - INFO - Fold 3 - Train: 800 samples, Test: 200 samples
2025-08-28 12:30:40,296 - INFO -     Bin 10: Remove 10% -> validity: 0.3750, accuracy: 0.7400, L2: 1.9313, L0: 8.15, LOF: -1.2157
2025-08-28 12:30:43,265 - INFO - Fold 3 - Train: 800 samples, Test: 200 samples
2025-08-28 12:30:43,265 - INFO -     Bin 15: Remove 15% -> validity: 0.3950, accuracy: 0.7100, L2: 1.9313, L0: 8.15, LOF: -1.2137
2025-08-28 12:30:47,309 - INFO - Fold 3 - Train: 800 samples, Test: 200 samples
2025-08-28 12:30:47,309 - INFO -     Bin 20: Remove 20% -> validity: 0.3750, accuracy: 0.7350, L2: 1.9313, L0: 8.15, LOF: -1.2154
2025-08-28 12:30:47,309 - INFO -   minor_addition:
2025-08-28 12:30:50,905 - INFO - Fold 3 - Train: 800 samples, Test: 200 samples
2025-08-28 12:30:50,905 - INFO -     Bin 0: Use 80% -> validity: 0.3750, accuracy: 0.7350, L2: 1.9313, L0: 8.15, LOF: -1.2154
2025-08-28 12:30:54,073 - INFO - Fold 3 - Train: 800 samples, Test: 200 samples
2025-08-28 12:30:54,073 - INFO -     Bin 5: Use 85% -> validity: 0.3950, accuracy: 0.7100, L2: 1.9313, L0: 8.15, LOF: -1.2137
2025-08-28 12:30:56,923 - INFO - Fold 3 - Train: 800 samples, Test: 200 samples
2025-08-28 12:30:56,924 - INFO -     Bin 10: Use 90% -> validity: 0.3750, accuracy: 0.7400, L2: 1.9313, L0: 8.15, LOF: -1.2157
2025-08-28 12:31:00,114 - INFO - Fold 3 - Train: 800 samples, Test: 200 samples
2025-08-28 12:31:00,115 - INFO -     Bin 15: Use 95% -> validity: 0.3850, accuracy: 0.7250, L2: 1.9313, L0: 8.15, LOF: -1.2167
2025-08-28 12:31:03,241 - INFO - Fold 3 - Train: 800 samples, Test: 200 samples
2025-08-28 12:31:03,241 - INFO -     Bin 20: Use 100% -> validity: 0.4050, accuracy: 0.7250, L2: 1.9313, L0: 8.15, LOF: -1.2129
2025-08-28 12:31:03,242 - INFO -   major_addition:
2025-08-28 12:31:06,346 - INFO - Fold 3 - Train: 800 samples, Test: 200 samples
2025-08-28 12:31:06,346 - INFO -     Bin 0: Use 50% -> validity: 0.4050, accuracy: 0.7150, L2: 1.9313, L0: 8.15, LOF: -1.2121
2025-08-28 12:31:09,399 - INFO - Fold 3 - Train: 800 samples, Test: 200 samples
2025-08-28 12:31:09,399 - INFO -     Bin 1: Use 100% -> validity: 0.4050, accuracy: 0.7250, L2: 1.9313, L0: 8.15, LOF: -1.2129
2025-08-28 12:31:09,400 - INFO - \nTesting model perturbations for fold 3...
2025-08-28 12:31:11,289 - INFO -   rf_50_3 {'n_estimators': 50, 'max_depth': 3}: accuracy=0.7150, validity=0.0750
2025-08-28 12:31:13,279 - INFO -   rf_50_4 {'n_estimators': 50, 'max_depth': 4}: accuracy=0.7250, validity=0.1250
2025-08-28 12:31:15,529 - INFO -   rf_50_5 {'n_estimators': 50, 'max_depth': 5}: accuracy=0.7250, validity=0.1800
2025-08-28 12:31:17,002 - INFO -   rf_50_6 {'n_estimators': 50, 'max_depth': 6}: accuracy=0.7450, validity=0.2100
2025-08-28 12:31:19,790 - INFO -   rf_100_3 {'n_estimators': 100, 'max_depth': 3}: accuracy=0.7150, validity=0.0750
2025-08-28 12:31:22,015 - INFO -   rf_100_4 {'n_estimators': 100, 'max_depth': 4}: accuracy=0.7300, validity=0.1150
2025-08-28 12:31:25,000 - INFO -   rf_100_5 {'n_estimators': 100, 'max_depth': 5}: accuracy=0.7250, validity=0.1500
2025-08-28 12:31:27,467 - INFO -   rf_100_6 {'n_estimators': 100, 'max_depth': 6}: accuracy=0.7400, validity=0.2150
2025-08-28 12:31:32,413 - INFO -   rf_150_3 {'n_estimators': 150, 'max_depth': 3}: accuracy=0.7100, validity=0.0800
2025-08-28 12:31:36,331 - INFO -   rf_150_4 {'n_estimators': 150, 'max_depth': 4}: accuracy=0.7250, validity=0.1100
2025-08-28 12:31:40,061 - INFO -   rf_150_5 {'n_estimators': 150, 'max_depth': 5}: accuracy=0.7200, validity=0.1700
2025-08-28 12:31:44,219 - INFO -   rf_150_6 {'n_estimators': 150, 'max_depth': 6}: accuracy=0.7400, validity=0.2000
2025-08-28 12:31:48,746 - INFO -   rf_200_3 {'n_estimators': 200, 'max_depth': 3}: accuracy=0.7050, validity=0.0700
2025-08-28 12:31:54,169 - INFO -   rf_200_4 {'n_estimators': 200, 'max_depth': 4}: accuracy=0.7150, validity=0.1000
2025-08-28 12:31:58,814 - INFO -   rf_200_5 {'n_estimators': 200, 'max_depth': 5}: accuracy=0.7200, validity=0.1600
2025-08-28 12:32:03,949 - INFO -   rf_200_6 {'n_estimators': 200, 'max_depth': 6}: accuracy=0.7400, validity=0.1850
2025-08-28 12:32:03,950 - INFO - \n=== Processing Fold 4 ===
2025-08-28 12:32:07,725 - INFO - Fold 4 - Baseline accuracy: 0.7500
2025-08-28 12:32:07,725 - INFO - Fold 4 - Baseline validity: 0.3250
2025-08-28 12:32:07,725 - INFO - \nTesting data perturbations for fold 4...
2025-08-28 12:32:07,726 - INFO -   data_deletion:
2025-08-28 12:32:10,868 - INFO - Fold 4 - Train: 800 samples, Test: 200 samples
2025-08-28 12:32:10,868 - INFO -     Bin 0: Remove 0% -> validity: 0.3250, accuracy: 0.7500, L2: 1.8478, L0: 7.88, LOF: -1.2193
2025-08-28 12:32:15,132 - INFO - Fold 4 - Train: 800 samples, Test: 200 samples
2025-08-28 12:32:15,132 - INFO -     Bin 5: Remove 5% -> validity: 0.3300, accuracy: 0.7500, L2: 1.8478, L0: 7.88, LOF: -1.2209
2025-08-28 12:32:18,743 - INFO - Fold 4 - Train: 800 samples, Test: 200 samples
2025-08-28 12:32:18,743 - INFO -     Bin 10: Remove 10% -> validity: 0.3200, accuracy: 0.7400, L2: 1.8478, L0: 7.88, LOF: -1.2176
2025-08-28 12:32:21,809 - INFO - Fold 4 - Train: 800 samples, Test: 200 samples
2025-08-28 12:32:21,809 - INFO -     Bin 15: Remove 15% -> validity: 0.3550, accuracy: 0.7700, L2: 1.8478, L0: 7.88, LOF: -1.2165
2025-08-28 12:32:24,694 - INFO - Fold 4 - Train: 800 samples, Test: 200 samples
2025-08-28 12:32:24,695 - INFO -     Bin 20: Remove 20% -> validity: 0.3250, accuracy: 0.7500, L2: 1.8478, L0: 7.88, LOF: -1.2206
2025-08-28 12:32:24,695 - INFO -   minor_addition:
2025-08-28 12:32:27,963 - INFO - Fold 4 - Train: 800 samples, Test: 200 samples
2025-08-28 12:32:27,964 - INFO -     Bin 0: Use 80% -> validity: 0.3250, accuracy: 0.7500, L2: 1.8478, L0: 7.88, LOF: -1.2206
2025-08-28 12:32:31,658 - INFO - Fold 4 - Train: 800 samples, Test: 200 samples
2025-08-28 12:32:31,658 - INFO -     Bin 5: Use 85% -> validity: 0.3550, accuracy: 0.7700, L2: 1.8478, L0: 7.88, LOF: -1.2165
2025-08-28 12:32:35,698 - INFO - Fold 4 - Train: 800 samples, Test: 200 samples
2025-08-28 12:32:35,698 - INFO -     Bin 10: Use 90% -> validity: 0.3200, accuracy: 0.7400, L2: 1.8478, L0: 7.88, LOF: -1.2176
2025-08-28 12:32:38,958 - INFO - Fold 4 - Train: 800 samples, Test: 200 samples
2025-08-28 12:32:38,958 - INFO -     Bin 15: Use 95% -> validity: 0.3300, accuracy: 0.7500, L2: 1.8478, L0: 7.88, LOF: -1.2209
2025-08-28 12:32:42,150 - INFO - Fold 4 - Train: 800 samples, Test: 200 samples
2025-08-28 12:32:42,150 - INFO -     Bin 20: Use 100% -> validity: 0.3250, accuracy: 0.7500, L2: 1.8478, L0: 7.88, LOF: -1.2193
2025-08-28 12:32:42,151 - INFO -   major_addition:
2025-08-28 12:32:45,876 - INFO - Fold 4 - Train: 800 samples, Test: 200 samples
2025-08-28 12:32:45,877 - INFO -     Bin 0: Use 50% -> validity: 0.2750, accuracy: 0.7300, L2: 1.8478, L0: 7.88, LOF: -1.2257
2025-08-28 12:32:49,419 - INFO - Fold 4 - Train: 800 samples, Test: 200 samples
2025-08-28 12:32:49,419 - INFO -     Bin 1: Use 100% -> validity: 0.3250, accuracy: 0.7500, L2: 1.8478, L0: 7.88, LOF: -1.2193
2025-08-28 12:32:49,419 - INFO - \nTesting model perturbations for fold 4...
2025-08-28 12:32:51,415 - INFO -   rf_50_3 {'n_estimators': 50, 'max_depth': 3}: accuracy=0.7000, validity=0.0500
2025-08-28 12:32:53,311 - INFO -   rf_50_4 {'n_estimators': 50, 'max_depth': 4}: accuracy=0.7000, validity=0.0850
2025-08-28 12:32:54,755 - INFO -   rf_50_5 {'n_estimators': 50, 'max_depth': 5}: accuracy=0.7050, validity=0.1250
2025-08-28 12:32:56,564 - INFO -   rf_50_6 {'n_estimators': 50, 'max_depth': 6}: accuracy=0.7200, validity=0.1550
2025-08-28 12:32:59,779 - INFO -   rf_100_3 {'n_estimators': 100, 'max_depth': 3}: accuracy=0.7050, validity=0.0500
2025-08-28 12:33:02,925 - INFO -   rf_100_4 {'n_estimators': 100, 'max_depth': 4}: accuracy=0.7050, validity=0.0900
2025-08-28 12:33:06,471 - INFO -   rf_100_5 {'n_estimators': 100, 'max_depth': 5}: accuracy=0.7100, validity=0.1250
2025-08-28 12:33:09,769 - INFO -   rf_100_6 {'n_estimators': 100, 'max_depth': 6}: accuracy=0.7150, validity=0.1500
2025-08-28 12:33:13,086 - INFO -   rf_150_3 {'n_estimators': 150, 'max_depth': 3}: accuracy=0.7000, validity=0.0300
2025-08-28 12:33:17,413 - INFO -   rf_150_4 {'n_estimators': 150, 'max_depth': 4}: accuracy=0.7100, validity=0.1000
2025-08-28 12:33:21,300 - INFO -   rf_150_5 {'n_estimators': 150, 'max_depth': 5}: accuracy=0.7100, validity=0.1300
2025-08-28 12:33:26,006 - INFO -   rf_150_6 {'n_estimators': 150, 'max_depth': 6}: accuracy=0.7100, validity=0.1450
2025-08-28 12:33:30,861 - INFO -   rf_200_3 {'n_estimators': 200, 'max_depth': 3}: accuracy=0.7100, validity=0.0550
2025-08-28 12:33:36,205 - INFO -   rf_200_4 {'n_estimators': 200, 'max_depth': 4}: accuracy=0.7100, validity=0.1000
2025-08-28 12:33:41,796 - INFO -   rf_200_5 {'n_estimators': 200, 'max_depth': 5}: accuracy=0.7100, validity=0.1200
2025-08-28 12:33:47,474 - INFO -   rf_200_6 {'n_estimators': 200, 'max_depth': 6}: accuracy=0.7100, validity=0.1500
2025-08-28 12:33:47,486 - INFO - \n================================================================================
2025-08-28 12:33:47,486 - INFO - BASELINE PERFORMANCE ACROSS ALL FOLDS:
2025-08-28 12:33:47,488 - INFO - --------------------------------------------------------------------------------
2025-08-28 12:33:47,488 - INFO - Model Accuracy: 0.7370 ± 0.0218
2025-08-28 12:33:47,488 - INFO - CF Success Rate: 1.0000 ± 0.0000
2025-08-28 12:33:47,488 - INFO - CF Validity: 0.3780 ± 0.0431
2025-08-28 12:33:47,489 - INFO - CF L2 Distance: 1.8840 ± 0.0291
2025-08-28 12:33:47,489 - INFO - CF L0 Distance: 8.0270 ± 0.1119
2025-08-28 12:33:47,489 - INFO - CF LOF Score: -1.2039 ± 0.0148
2025-08-28 12:33:47,489 - INFO - Individual fold model accuracies: ['0.7500', '0.7600', '0.7000', '0.7250', '0.7500']
2025-08-28 12:33:47,489 - INFO - Individual fold CF success rates: ['1.0000', '1.0000', '1.0000', '1.0000', '1.0000']
2025-08-28 12:33:47,490 - INFO - Individual fold CF validities: ['0.4400', '0.3350', '0.3850', '0.4050', '0.3250']
2025-08-28 12:33:47,490 - INFO - Individual fold CF LOF scores: ['-1.1775', '-1.2108', '-1.1991', '-1.2129', '-1.2193']
2025-08-28 12:33:47,490 - INFO - \n================================================================================
2025-08-28 12:33:47,490 - INFO - ROBUSTNESS ANALYSIS SUMMARY (CORRECTED LOGIC)
2025-08-28 12:33:47,490 - INFO - ================================================================================
2025-08-28 12:33:47,490 - INFO - \nDATA PERTURBATION RESULTS:
2025-08-28 12:33:47,490 - INFO - \nDATA_DELETION:
2025-08-28 12:33:47,490 - INFO -   Amount 0 (100.0% data): Accuracy=0.7370±0.0218, Validity=0.3780±0.0431
2025-08-28 12:33:47,492 - INFO -   Amount 5 (95.0% data): Accuracy=0.7220±0.0199, Validity=0.3760±0.0350
2025-08-28 12:33:47,492 - INFO -   Amount 10 (90.0% data): Accuracy=0.7260±0.0146, Validity=0.3710±0.0306
2025-08-28 12:33:47,492 - INFO -   Amount 15 (85.0% data): Accuracy=0.7260±0.0242, Validity=0.3880±0.0240
2025-08-28 12:33:47,492 - INFO -   Amount 20 (80.0% data): Accuracy=0.7170±0.0269, Validity=0.3760±0.0497
2025-08-28 12:33:47,492 - INFO - \nMINOR_ADDITION:
2025-08-28 12:33:47,492 - INFO -   Amount 0 (80.0% data): Accuracy=0.7170±0.0269, Validity=0.3760±0.0497
2025-08-28 12:33:47,492 - INFO -   Amount 5 (85.0% data): Accuracy=0.7260±0.0242, Validity=0.3880±0.0240
2025-08-28 12:33:47,492 - INFO -   Amount 10 (90.0% data): Accuracy=0.7260±0.0146, Validity=0.3710±0.0306
2025-08-28 12:33:47,493 - INFO -   Amount 15 (95.0% data): Accuracy=0.7220±0.0199, Validity=0.3760±0.0350
2025-08-28 12:33:47,493 - INFO -   Amount 20 (100.0% data): Accuracy=0.7370±0.0218, Validity=0.3780±0.0431
2025-08-28 12:33:47,493 - INFO - \nMAJOR_ADDITION:
2025-08-28 12:33:47,493 - INFO -   Amount 0 (50.0% data): Accuracy=0.7090±0.0252, Validity=0.3570±0.0461
2025-08-28 12:33:47,494 - INFO -   Amount 1 (100.0% data): Accuracy=0.7370±0.0218, Validity=0.3780±0.0431
2025-08-28 12:33:47,494 - INFO - \nMODEL PERTURBATION RESULTS:
2025-08-28 12:33:47,494 - INFO -   rf_50_3 {'n_estimators': 50, 'max_depth': 3}: Accuracy=0.7120±0.0081, Validity=0.0530±0.0129
2025-08-28 12:33:47,494 - INFO -   rf_50_4 {'n_estimators': 50, 'max_depth': 4}: Accuracy=0.7230±0.0181, Validity=0.0990±0.0146
2025-08-28 12:33:47,494 - INFO -   rf_50_5 {'n_estimators': 50, 'max_depth': 5}: Accuracy=0.7160±0.0136, Validity=0.1460±0.0260
2025-08-28 12:33:47,495 - INFO -   rf_50_6 {'n_estimators': 50, 'max_depth': 6}: Accuracy=0.7300±0.0192, Validity=0.1850±0.0200
2025-08-28 12:33:47,495 - INFO -   rf_100_3 {'n_estimators': 100, 'max_depth': 3}: Accuracy=0.7070±0.0103, Validity=0.0510±0.0124
2025-08-28 12:33:47,495 - INFO -   rf_100_4 {'n_estimators': 100, 'max_depth': 4}: Accuracy=0.7180±0.0150, Validity=0.0930±0.0150
2025-08-28 12:33:47,495 - INFO -   rf_100_5 {'n_estimators': 100, 'max_depth': 5}: Accuracy=0.7200±0.0130, Validity=0.1350±0.0197
2025-08-28 12:33:47,495 - INFO -   rf_100_6 {'n_estimators': 100, 'max_depth': 6}: Accuracy=0.7280±0.0181, Validity=0.1830±0.0229
2025-08-28 12:33:47,496 - INFO -   rf_150_3 {'n_estimators': 150, 'max_depth': 3}: Accuracy=0.7070±0.0075, Validity=0.0480±0.0172
2025-08-28 12:33:47,496 - INFO -   rf_150_4 {'n_estimators': 150, 'max_depth': 4}: Accuracy=0.7200±0.0130, Validity=0.0950±0.0118
2025-08-28 12:33:47,496 - INFO -   rf_150_5 {'n_estimators': 150, 'max_depth': 5}: Accuracy=0.7190±0.0156, Validity=0.1380±0.0225
2025-08-28 12:33:47,496 - INFO -   rf_150_6 {'n_estimators': 150, 'max_depth': 6}: Accuracy=0.7210±0.0258, Validity=0.1780±0.0232
2025-08-28 12:33:47,496 - INFO -   rf_200_3 {'n_estimators': 200, 'max_depth': 3}: Accuracy=0.7070±0.0075, Validity=0.0480±0.0129
2025-08-28 12:33:47,496 - INFO -   rf_200_4 {'n_estimators': 200, 'max_depth': 4}: Accuracy=0.7160±0.0107, Validity=0.0930±0.0117
2025-08-28 12:33:47,496 - INFO -   rf_200_5 {'n_estimators': 200, 'max_depth': 5}: Accuracy=0.7200±0.0164, Validity=0.1320±0.0172
2025-08-28 12:33:47,496 - INFO -   rf_200_6 {'n_estimators': 200, 'max_depth': 6}: Accuracy=0.7240±0.0235, Validity=0.1760±0.0159
2025-08-28 12:33:47,498 - INFO - \nAnalysis complete! Results saved to: ocean_robustness_5fold_corrected_logic_20250828_122615.log
2025-08-28 12:33:47,498 - INFO - ================================================================================
