2025-07-23 13:35:39 - INFO - ================================================================================
2025-07-23 13:35:39 - INFO - COUNTERFACTUAL ROBUSTNESS ANALYSIS (v2)
2025-07-23 13:35:39 - INFO - ================================================================================
2025-07-23 13:35:39 - INFO - 📝 Logging session to: cf_robustness_analysis_v2_20250723_133539.log
2025-07-23 13:35:39 - INFO - 🕒 Started at: 2025-07-23 13:35:39
2025-07-23 13:35:39 - INFO - ================================================================================
2025-07-23 13:35:39 - INFO - 
1. Loading dataset...
2025-07-23 13:35:40 - INFO - Dataset: Spambase
2025-07-23 13:35:40 - INFO - Label column: Class
2025-07-23 13:35:40 - INFO - Features: 58 features
2025-07-23 13:35:40 - INFO - 
2. Analysis parameters:
2025-07-23 13:35:40 - INFO -   Number of folds: 5
2025-07-23 13:35:40 - INFO - Dataset Summary:
2025-07-23 13:35:40 - INFO - Total samples (after cleaning): 4601
2025-07-23 13:35:40 - INFO - Number of features: 57
2025-07-23 13:35:40 - INFO - Label column: Class
2025-07-23 13:35:40 - INFO - Number of folds: 5
2025-07-23 13:35:40 - INFO - Fold Summary:
2025-07-23 13:35:40 - INFO - --------------------------------------------------
2025-07-23 13:35:40 - INFO - Fold 0: Train=3680 samples, Test=921 samples
2025-07-23 13:35:40 - INFO - Fold 1: Train=3681 samples, Test=920 samples
2025-07-23 13:35:40 - INFO - Fold 2: Train=3681 samples, Test=920 samples
2025-07-23 13:35:40 - INFO - Fold 3: Train=3681 samples, Test=920 samples
2025-07-23 13:35:40 - INFO - Fold 4: Train=3681 samples, Test=920 samples
2025-07-23 13:35:40 - INFO - --------------------------------------------------
2025-07-23 13:35:40 - INFO -   Data perturbation types: ['minor_deletion', 'major_deletion', 'minor_addition', 'major_addition']
2025-07-23 13:35:40 - INFO -   Model perturbations: 7 configurations
2025-07-23 13:35:40 - INFO -     - random_forest (max_depth=3, n_estimators=50)
2025-07-23 13:35:40 - INFO -     - random_forest (max_depth=5, n_estimators=100)
2025-07-23 13:35:40 - INFO -     - random_forest (max_depth=10, n_estimators=200)
2025-07-23 13:35:40 - INFO -     - xgboost (max_depth=3, n_estimators=50)
2025-07-23 13:35:40 - INFO -     - xgboost (max_depth=6, n_estimators=100)
2025-07-23 13:35:40 - INFO -     - lightgbm (max_depth=4, n_estimators=75)
2025-07-23 13:35:40 - INFO -     - adaboost (max_depth=2, n_estimators=30)
2025-07-23 13:35:40 - INFO - 
3. Running comprehensive analysis across all 5 folds...
2025-07-23 13:35:40 - INFO - ================================================================================
2025-07-23 13:35:40 - INFO - 
--- FOLD 0 ANALYSIS ---
2025-07-23 13:35:40 - INFO - --------------------------------------------------
2025-07-23 13:35:40 - INFO - Fold 0 data shapes:
2025-07-23 13:35:40 - INFO -   Raw train: (3680, 58)
2025-07-23 13:35:40 - INFO -   Processed - Train: (3680, 58), Test: (921, 58)
2025-07-23 13:35:40 - INFO -   Training samples: 3680
2025-07-23 13:35:40 - INFO -   Test samples: 921
2025-07-23 13:35:40 - INFO -   Features: 57
2025-07-23 13:35:40 - INFO - Error in fold 0: local variable 'np' referenced before assignment
2025-07-23 13:35:40 - INFO - 
--- FOLD 1 ANALYSIS ---
2025-07-23 13:35:40 - INFO - --------------------------------------------------
2025-07-23 13:35:40 - INFO - Fold 1 data shapes:
2025-07-23 13:35:40 - INFO -   Raw train: (3681, 58)
2025-07-23 13:35:40 - INFO -   Processed - Train: (3681, 58), Test: (920, 58)
2025-07-23 13:35:40 - INFO -   Training samples: 3681
2025-07-23 13:35:40 - INFO -   Test samples: 920
2025-07-23 13:35:40 - INFO -   Features: 57
2025-07-23 13:35:40 - INFO - Error in fold 1: local variable 'np' referenced before assignment
2025-07-23 13:35:40 - INFO - 
--- FOLD 2 ANALYSIS ---
2025-07-23 13:35:40 - INFO - --------------------------------------------------
2025-07-23 13:35:40 - INFO - Fold 2 data shapes:
2025-07-23 13:35:40 - INFO -   Raw train: (3681, 58)
2025-07-23 13:35:40 - INFO -   Processed - Train: (3681, 58), Test: (920, 58)
2025-07-23 13:35:40 - INFO -   Training samples: 3681
2025-07-23 13:35:40 - INFO -   Test samples: 920
2025-07-23 13:35:40 - INFO -   Features: 57
2025-07-23 13:35:40 - INFO - Error in fold 2: local variable 'np' referenced before assignment
2025-07-23 13:35:40 - INFO - 
--- FOLD 3 ANALYSIS ---
2025-07-23 13:35:40 - INFO - --------------------------------------------------
2025-07-23 13:35:40 - INFO - Fold 3 data shapes:
2025-07-23 13:35:40 - INFO -   Raw train: (3681, 58)
2025-07-23 13:35:40 - INFO -   Processed - Train: (3681, 58), Test: (920, 58)
2025-07-23 13:35:40 - INFO -   Training samples: 3681
2025-07-23 13:35:40 - INFO -   Test samples: 920
2025-07-23 13:35:40 - INFO -   Features: 57
2025-07-23 13:35:40 - INFO - Error in fold 3: local variable 'np' referenced before assignment
2025-07-23 13:35:40 - INFO - 
--- FOLD 4 ANALYSIS ---
2025-07-23 13:35:40 - INFO - --------------------------------------------------
2025-07-23 13:35:40 - INFO - Fold 4 data shapes:
2025-07-23 13:35:40 - INFO -   Raw train: (3681, 58)
2025-07-23 13:35:40 - INFO -   Processed - Train: (3681, 58), Test: (920, 58)
2025-07-23 13:35:40 - INFO -   Training samples: 3681
2025-07-23 13:35:40 - INFO -   Test samples: 920
2025-07-23 13:35:40 - INFO -   Features: 57
2025-07-23 13:35:40 - INFO - Error in fold 4: local variable 'np' referenced before assignment
2025-07-23 13:35:40 - INFO - 
4. Generating comprehensive summary of counterfactual robustness...
2025-07-23 13:35:40 - INFO - ================================================================================
2025-07-23 13:35:40 - INFO - 
FOLD-BY-FOLD RESULTS AND AGGREGATES:
2025-07-23 13:35:40 - INFO - ----------------------------------------------------------------------------------------------------
2025-07-23 13:35:40 - INFO - BASELINE MODEL (UNPERTURBED DATA):
