2025-07-23 15:25:44 - INFO - ================================================================================
2025-07-23 15:25:44 - INFO - COUNTERFACTUAL ROBUSTNESS ANALYSIS (v5) - COMPAS DATASET
2025-07-23 15:25:44 - INFO - ================================================================================
2025-07-23 15:25:44 - INFO - 📝 Logging session to: cf_robustness_analysis_v5_compas_20250723_152544.log
2025-07-23 15:25:44 - INFO - 🕒 Started at: 2025-07-23 15:25:44
2025-07-23 15:25:44 - INFO - ================================================================================
2025-07-23 15:25:44 - INFO - 
1. Loading COMPAS dataset...
2025-07-23 15:25:44 - INFO - Dataset: COMPAS
2025-07-23 15:25:44 - INFO - Label column: Two_yr_Recidivism
2025-07-23 15:25:44 - INFO - Features: 12 features
2025-07-23 15:25:44 - INFO - Feature types:
2025-07-23 15:25:44 - INFO -   Two_yr_Recidivism: B
2025-07-23 15:25:44 - INFO -   Number_of_Priors: N
2025-07-23 15:25:44 - INFO -   score_factor: B
2025-07-23 15:25:44 - INFO -   Age_Above_FourtyFive: B
2025-07-23 15:25:44 - INFO -   Age_Below_TwentyFive: B
2025-07-23 15:25:44 - INFO -   African_American: B
2025-07-23 15:25:44 - INFO -   Asian: B
2025-07-23 15:25:44 - INFO -   Hispanic: B
2025-07-23 15:25:44 - INFO -   Native_American: B
2025-07-23 15:25:44 - INFO -   Other: B
2025-07-23 15:25:44 - INFO -   Female: B
2025-07-23 15:25:44 - INFO -   Misdemeanor: B
2025-07-23 15:25:44 - INFO - 
2. Analysis parameters:
2025-07-23 15:25:44 - INFO -   Number of folds: 5
2025-07-23 15:25:44 - INFO - Dataset Summary:
2025-07-23 15:25:44 - INFO - Total samples (after cleaning): 6172
2025-07-23 15:25:44 - INFO - Number of features: 11
2025-07-23 15:25:44 - INFO - Label column: Two_yr_Recidivism
2025-07-23 15:25:44 - INFO - Number of folds: 5
2025-07-23 15:25:44 - INFO - Fold Summary:
2025-07-23 15:25:44 - INFO - --------------------------------------------------
2025-07-23 15:25:44 - INFO - Fold 0: Train=4937 samples, Test=1235 samples
2025-07-23 15:25:44 - INFO - Fold 1: Train=4937 samples, Test=1235 samples
2025-07-23 15:25:44 - INFO - Fold 2: Train=4938 samples, Test=1234 samples
2025-07-23 15:25:44 - INFO - Fold 3: Train=4938 samples, Test=1234 samples
2025-07-23 15:25:44 - INFO - Fold 4: Train=4938 samples, Test=1234 samples
2025-07-23 15:25:44 - INFO - --------------------------------------------------
2025-07-23 15:25:44 - INFO -   Data perturbation types: ['minor_deletion', 'major_deletion', 'minor_addition', 'major_addition']
2025-07-23 15:25:44 - INFO -   Model perturbations: 7 configurations
2025-07-23 15:25:44 - INFO -     - random_forest (max_depth=3, n_estimators=50)
2025-07-23 15:25:44 - INFO -     - random_forest (max_depth=5, n_estimators=100)
2025-07-23 15:25:44 - INFO -     - random_forest (max_depth=10, n_estimators=200)
2025-07-23 15:25:44 - INFO -     - xgboost (max_depth=3, n_estimators=50)
2025-07-23 15:25:44 - INFO -     - xgboost (max_depth=6, n_estimators=100)
2025-07-23 15:25:44 - INFO -     - lightgbm (max_depth=4, n_estimators=75)
2025-07-23 15:25:44 - INFO -     - adaboost (max_depth=2, n_estimators=30)
2025-07-23 15:25:44 - INFO - 
3. Running comprehensive analysis across all 5 folds...
2025-07-23 15:25:44 - INFO - ================================================================================
2025-07-23 15:25:44 - INFO - 
--- FOLD 0 ANALYSIS ---
2025-07-23 15:25:44 - INFO - --------------------------------------------------
2025-07-23 15:25:44 - INFO - Fold 0 data shapes:
2025-07-23 15:25:44 - INFO -   Raw train: (4937, 12)
2025-07-23 15:25:44 - INFO -   Processed - Train: (4937, 12), Test: (1235, 12)
2025-07-23 15:25:44 - INFO -   Training samples: 4937
2025-07-23 15:25:44 - INFO -   Test samples: 1235
2025-07-23 15:25:44 - INFO -   Features: 11
2025-07-23 15:25:44 - INFO -   Class distribution - Train: [2690 2247]
2025-07-23 15:25:44 - INFO -   Class distribution - Test: [673 562]
2025-07-23 15:25:44 - INFO - 
Training baseline model for fold 0...
2025-07-23 15:25:44 - INFO -   Train accuracy: 0.6956
2025-07-23 15:25:44 - INFO -   Test accuracy: 0.6704
2025-07-23 15:25:44 - INFO - Setting up DiCE framework for fold 0...
2025-07-23 15:25:44 - INFO - COMPAS feature analysis:
2025-07-23 15:25:44 - INFO -   Categorical features: ['Two_yr_Recidivism', 'score_factor', 'Age_Above_FourtyFive', 'Age_Below_TwentyFive', 'African_American', 'Asian', 'Hispanic', 'Native_American', 'Other', 'Female', 'Misdemeanor']
2025-07-23 15:25:44 - INFO -   Continuous features: ['Number_of_Priors']
2025-07-23 15:25:44 - INFO - Generating counterfactuals for fold 0...
2025-07-23 15:25:44 - INFO - Generating counterfactuals using method: random
2025-07-23 15:25:44 - INFO - Test set size: 1235 samples
2025-07-23 15:27:53 - INFO - Counterfactual generation complete:
2025-07-23 15:27:53 - INFO -   Successful: 1235/1235 (100.00%)
2025-07-23 15:27:53 - INFO -   Failed: 0/1235 (0.00%)
2025-07-23 15:27:53 - INFO -   Success rate: 100.00%
2025-07-23 15:27:53 - INFO -   Baseline validity: 1.0000 (1235/1235)
2025-07-23 15:27:53 - INFO - 
Testing data perturbations for fold 0...
2025-07-23 15:27:53 - INFO -   minor_deletion:
2025-07-23 15:27:53 - INFO -     Bin 0: Remove 0% -> validity: 1.0000, accuracy: 0.6704
2025-07-23 15:27:53 - INFO -     Bin 5: Remove 5% -> validity: 0.9223, accuracy: 0.6713
2025-07-23 15:27:54 - INFO -     Bin 10: Remove 10% -> validity: 0.9433, accuracy: 0.6721
2025-07-23 15:27:54 - INFO -     Bin 15: Remove 15% -> validity: 0.9223, accuracy: 0.6704
2025-07-23 15:27:54 - INFO -     Bin 20: Remove 20% -> validity: 0.9085, accuracy: 0.6696
2025-07-23 15:27:54 - INFO -   major_deletion:
2025-07-23 15:27:54 - INFO -     Bin 0: Remove 0% -> validity: 1.0000, accuracy: 0.6704
2025-07-23 15:27:54 - INFO -     Bin 1: Remove 50% -> validity: 0.8543, accuracy: 0.6737
2025-07-23 15:27:54 - INFO -   minor_addition:
2025-07-23 15:27:54 - INFO -     Bin 0: Use 80% -> validity: 0.8097, accuracy: 0.6648
2025-07-23 15:27:55 - INFO -     Bin 5: Use 85% -> validity: 0.8567, accuracy: 0.6664
2025-07-23 15:27:55 - INFO -     Bin 10: Use 90% -> validity: 0.8785, accuracy: 0.6696
2025-07-23 15:27:55 - INFO -     Bin 15: Use 95% -> validity: 0.9506, accuracy: 0.6704
2025-07-23 15:27:55 - INFO -     Bin 20: Use 100% -> validity: 1.0000, accuracy: 0.6704
2025-07-23 15:27:55 - INFO -   major_addition:
2025-07-23 15:27:55 - INFO -     Bin 0: Use 50% -> validity: 0.7943, accuracy: 0.6623
2025-07-23 15:27:55 - INFO -     Bin 1: Use 100% -> validity: 1.0000, accuracy: 0.6704
2025-07-23 15:27:55 - INFO - 
Testing model perturbations for fold 0...
2025-07-23 15:27:56 - INFO -   random_forest (3, 50): validity: 0.5895, accuracy: 0.6640
2025-07-23 15:27:56 - INFO -   random_forest (5, 100): validity: 1.0000, accuracy: 0.6704
2025-07-23 15:27:56 - INFO -   random_forest (10, 200): validity: 0.7765, accuracy: 0.6591
2025-07-23 15:27:56 - INFO -   xgboost (3, 50): validity: 0.8162, accuracy: 0.6688
2025-07-23 15:27:56 - INFO -   xgboost (6, 100): validity: 0.7781, accuracy: 0.6632
2025-07-23 15:27:57 - INFO -   lightgbm (4, 75): validity: 0.8575, accuracy: 0.6745
2025-07-23 15:27:57 - INFO -   Error with adaboost (2, 30): __init__() got an unexpected keyword argument 'base_estimator'
2025-07-23 15:27:57 - INFO - 
--- FOLD 1 ANALYSIS ---
2025-07-23 15:27:57 - INFO - --------------------------------------------------
2025-07-23 15:27:57 - INFO - Fold 1 data shapes:
2025-07-23 15:27:57 - INFO -   Raw train: (4937, 12)
2025-07-23 15:27:57 - INFO -   Processed - Train: (4937, 12), Test: (1235, 12)
2025-07-23 15:27:57 - INFO -   Training samples: 4937
2025-07-23 15:27:57 - INFO -   Test samples: 1235
2025-07-23 15:27:57 - INFO -   Features: 11
2025-07-23 15:27:57 - INFO -   Class distribution - Train: [2690 2247]
2025-07-23 15:27:57 - INFO -   Class distribution - Test: [673 562]
2025-07-23 15:27:57 - INFO - 
Training baseline model for fold 1...
2025-07-23 15:27:57 - INFO -   Train accuracy: 0.6933
2025-07-23 15:27:57 - INFO -   Test accuracy: 0.6947
2025-07-23 15:27:57 - INFO - Setting up DiCE framework for fold 1...
2025-07-23 15:27:57 - INFO - COMPAS feature analysis:
2025-07-23 15:27:57 - INFO -   Categorical features: ['Two_yr_Recidivism', 'score_factor', 'Age_Above_FourtyFive', 'Age_Below_TwentyFive', 'African_American', 'Asian', 'Hispanic', 'Native_American', 'Other', 'Female', 'Misdemeanor']
2025-07-23 15:27:57 - INFO -   Continuous features: ['Number_of_Priors']
2025-07-23 15:27:57 - INFO - Generating counterfactuals for fold 1...
2025-07-23 15:27:57 - INFO - Generating counterfactuals using method: random
2025-07-23 15:27:57 - INFO - Test set size: 1235 samples
2025-07-23 15:29:59 - INFO - Counterfactual generation complete:
2025-07-23 15:29:59 - INFO -   Successful: 1235/1235 (100.00%)
2025-07-23 15:29:59 - INFO -   Failed: 0/1235 (0.00%)
2025-07-23 15:29:59 - INFO -   Success rate: 100.00%
2025-07-23 15:29:59 - INFO -   Baseline validity: 1.0000 (1235/1235)
2025-07-23 15:29:59 - INFO - 
Testing data perturbations for fold 1...
2025-07-23 15:29:59 - INFO -   minor_deletion:
2025-07-23 15:29:59 - INFO -     Bin 0: Remove 0% -> validity: 1.0000, accuracy: 0.6947
2025-07-23 15:29:59 - INFO -     Bin 5: Remove 5% -> validity: 0.8462, accuracy: 0.6931
2025-07-23 15:29:59 - INFO -     Bin 10: Remove 10% -> validity: 0.9206, accuracy: 0.6964
2025-07-23 15:30:00 - INFO -     Bin 15: Remove 15% -> validity: 0.9312, accuracy: 0.6907
2025-07-23 15:30:00 - INFO -     Bin 20: Remove 20% -> validity: 0.9287, accuracy: 0.6923
2025-07-23 15:30:00 - INFO -   major_deletion:
2025-07-23 15:30:00 - INFO -     Bin 0: Remove 0% -> validity: 1.0000, accuracy: 0.6947
2025-07-23 15:30:00 - INFO -     Bin 1: Remove 50% -> validity: 0.8850, accuracy: 0.6915
2025-07-23 15:30:00 - INFO -   minor_addition:
2025-07-23 15:30:00 - INFO -     Bin 0: Use 80% -> validity: 0.8567, accuracy: 0.6947
2025-07-23 15:30:00 - INFO -     Bin 5: Use 85% -> validity: 0.9134, accuracy: 0.6972
2025-07-23 15:30:01 - INFO -     Bin 10: Use 90% -> validity: 0.8996, accuracy: 0.6980
2025-07-23 15:30:01 - INFO -     Bin 15: Use 95% -> validity: 0.9409, accuracy: 0.6915
2025-07-23 15:30:01 - INFO -     Bin 20: Use 100% -> validity: 1.0000, accuracy: 0.6947
2025-07-23 15:30:01 - INFO -   major_addition:
2025-07-23 15:30:01 - INFO -     Bin 0: Use 50% -> validity: 0.6850, accuracy: 0.6907
2025-07-23 15:30:01 - INFO -     Bin 1: Use 100% -> validity: 1.0000, accuracy: 0.6947
2025-07-23 15:30:01 - INFO - 
Testing model perturbations for fold 1...
2025-07-23 15:30:01 - INFO -   random_forest (3, 50): validity: 0.4834, accuracy: 0.6931
2025-07-23 15:30:02 - INFO -   random_forest (5, 100): validity: 1.0000, accuracy: 0.6947
2025-07-23 15:30:02 - INFO -   random_forest (10, 200): validity: 0.8121, accuracy: 0.6874
2025-07-23 15:30:02 - INFO -   xgboost (3, 50): validity: 0.8826, accuracy: 0.6955
2025-07-23 15:30:02 - INFO -   xgboost (6, 100): validity: 0.8040, accuracy: 0.6891
2025-07-23 15:30:02 - INFO -   lightgbm (4, 75): validity: 0.8842, accuracy: 0.6923
2025-07-23 15:30:02 - INFO -   Error with adaboost (2, 30): __init__() got an unexpected keyword argument 'base_estimator'
2025-07-23 15:30:02 - INFO - 
--- FOLD 2 ANALYSIS ---
2025-07-23 15:30:02 - INFO - --------------------------------------------------
2025-07-23 15:30:02 - INFO - Fold 2 data shapes:
2025-07-23 15:30:02 - INFO -   Raw train: (4938, 12)
2025-07-23 15:30:02 - INFO -   Processed - Train: (4938, 12), Test: (1234, 12)
2025-07-23 15:30:02 - INFO -   Training samples: 4938
2025-07-23 15:30:02 - INFO -   Test samples: 1234
2025-07-23 15:30:02 - INFO -   Features: 11
2025-07-23 15:30:02 - INFO -   Class distribution - Train: [2690 2248]
2025-07-23 15:30:02 - INFO -   Class distribution - Test: [673 561]
2025-07-23 15:30:02 - INFO - 
Training baseline model for fold 2...
2025-07-23 15:30:03 - INFO -   Train accuracy: 0.6932
2025-07-23 15:30:03 - INFO -   Test accuracy: 0.6896
2025-07-23 15:30:03 - INFO - Setting up DiCE framework for fold 2...
2025-07-23 15:30:03 - INFO - COMPAS feature analysis:
2025-07-23 15:30:03 - INFO -   Categorical features: ['Two_yr_Recidivism', 'score_factor', 'Age_Above_FourtyFive', 'Age_Below_TwentyFive', 'African_American', 'Asian', 'Hispanic', 'Native_American', 'Other', 'Female', 'Misdemeanor']
2025-07-23 15:30:03 - INFO -   Continuous features: ['Number_of_Priors']
2025-07-23 15:30:03 - INFO - Generating counterfactuals for fold 2...
2025-07-23 15:30:03 - INFO - Generating counterfactuals using method: random
2025-07-23 15:30:03 - INFO - Test set size: 1234 samples
