2025-07-23 15:40:37 - INFO - ================================================================================
2025-07-23 15:40:37 - INFO - COUNTERFACTUAL ROBUSTNESS ANALYSIS (v4) - HELOC DATASET
2025-07-23 15:40:37 - INFO - ================================================================================
2025-07-23 15:40:37 - INFO - 📝 Logging session to: cf_robustness_analysis_v4_heloc_20250723_154037.log
2025-07-23 15:40:37 - INFO - 🕒 Started at: 2025-07-23 15:40:37
2025-07-23 15:40:37 - INFO - ================================================================================
2025-07-23 15:40:37 - INFO - 
1. Loading HELOC dataset...
2025-07-23 15:40:37 - INFO - Dataset: HELOC
2025-07-23 15:40:37 - INFO - Label column: RiskPerformance
2025-07-23 15:40:37 - INFO - Features: 24 features
2025-07-23 15:40:37 - INFO - Feature types:
2025-07-23 15:40:37 - INFO -   RiskPerformance: B
2025-07-23 15:40:37 - INFO -   ExternalRiskEstimate: N
2025-07-23 15:40:37 - INFO -   MSinceOldestTradeOpen: N
2025-07-23 15:40:37 - INFO -   MSinceMostRecentTradeOpen: N
2025-07-23 15:40:37 - INFO -   AverageMInFile: N
2025-07-23 15:40:37 - INFO -   NumSatisfactoryTrades: N
2025-07-23 15:40:37 - INFO -   NumTrades60Ever2DerogPubRec: D
2025-07-23 15:40:37 - INFO -   NumTrades90Ever2DerogPubRec: D
2025-07-23 15:40:37 - INFO -   PercentTradesNeverDelq: N
2025-07-23 15:40:37 - INFO -   MSinceMostRecentDelq: N
2025-07-23 15:40:37 - INFO -   MaxDelq2PublicRecLast12M: D
2025-07-23 15:40:37 - INFO -   MaxDelqEver: D
2025-07-23 15:40:37 - INFO -   NumTotalTrades: N
2025-07-23 15:40:37 - INFO -   NumTradesOpeninLast12M: D
2025-07-23 15:40:37 - INFO -   PercentInstallTrades: N
2025-07-23 15:40:37 - INFO -   MSinceMostRecentInqexcl7days: N
2025-07-23 15:40:37 - INFO -   NumInqLast6M: N
2025-07-23 15:40:37 - INFO -   NumInqLast6Mexcl7days: N
2025-07-23 15:40:37 - INFO -   NetFractionRevolvingBurden: N
2025-07-23 15:40:37 - INFO -   NetFractionInstallBurden: N
2025-07-23 15:40:37 - INFO -   NumRevolvingTradesWBalance: N
2025-07-23 15:40:37 - INFO -   NumInstallTradesWBalance: N
2025-07-23 15:40:37 - INFO -   NumBank2NatlTradesWHighUtilization: D
2025-07-23 15:40:37 - INFO -   PercentTradesWBalance: N
2025-07-23 15:40:37 - INFO - 
2. Analysis parameters:
2025-07-23 15:40:37 - INFO -   Number of folds: 5
2025-07-23 15:40:37 - INFO - Dataset Summary:
2025-07-23 15:40:37 - INFO - Total samples (after cleaning): 2502
2025-07-23 15:40:37 - INFO - Number of features: 23
2025-07-23 15:40:37 - INFO - Label column: RiskPerformance
2025-07-23 15:40:37 - INFO - Number of folds: 5
2025-07-23 15:40:37 - INFO - Fold Summary:
2025-07-23 15:40:37 - INFO - --------------------------------------------------
2025-07-23 15:40:37 - INFO - Fold 0: Train=2001 samples, Test=501 samples
2025-07-23 15:40:37 - INFO - Fold 1: Train=2001 samples, Test=501 samples
2025-07-23 15:40:37 - INFO - Fold 2: Train=2002 samples, Test=500 samples
2025-07-23 15:40:37 - INFO - Fold 3: Train=2002 samples, Test=500 samples
2025-07-23 15:40:37 - INFO - Fold 4: Train=2002 samples, Test=500 samples
2025-07-23 15:40:37 - INFO - --------------------------------------------------
2025-07-23 15:40:37 - INFO -   Data perturbation types: ['minor_deletion', 'major_deletion', 'minor_addition', 'major_addition']
2025-07-23 15:40:37 - INFO -   Model perturbations: 7 configurations
2025-07-23 15:40:37 - INFO -     - random_forest (max_depth=3, n_estimators=50)
2025-07-23 15:40:37 - INFO -     - random_forest (max_depth=5, n_estimators=100)
2025-07-23 15:40:37 - INFO -     - random_forest (max_depth=10, n_estimators=200)
2025-07-23 15:40:37 - INFO -     - xgboost (max_depth=3, n_estimators=50)
2025-07-23 15:40:37 - INFO -     - xgboost (max_depth=6, n_estimators=100)
2025-07-23 15:40:37 - INFO -     - lightgbm (max_depth=4, n_estimators=75)
2025-07-23 15:40:37 - INFO -     - adaboost (max_depth=2, n_estimators=30)
2025-07-23 15:40:37 - INFO - 
3. Running comprehensive analysis across all 5 folds...
2025-07-23 15:40:37 - INFO - ================================================================================
2025-07-23 15:40:37 - INFO - 
--- FOLD 0 ANALYSIS ---
2025-07-23 15:40:37 - INFO - --------------------------------------------------
2025-07-23 15:40:37 - INFO - Fold 0 data shapes:
2025-07-23 15:40:37 - INFO -   Raw train: (2001, 24)
2025-07-23 15:40:37 - INFO -   Processed - Train: (2001, 24), Test: (501, 24)
2025-07-23 15:40:37 - INFO -   Training samples: 2001
2025-07-23 15:40:37 - INFO -   Test samples: 501
2025-07-23 15:40:37 - INFO -   Features: 23
2025-07-23 15:40:37 - INFO -   Class distribution - Train: [1248  753]
2025-07-23 15:40:37 - INFO -   Class distribution - Test: [312 189]
2025-07-23 15:40:37 - INFO - 
Training baseline model for fold 0...
2025-07-23 15:40:37 - INFO -   Train accuracy: 0.7671
2025-07-23 15:40:37 - INFO -   Test accuracy: 0.7106
2025-07-23 15:40:37 - INFO - Setting up DiCE framework for fold 0...
2025-07-23 15:40:37 - INFO - HELOC feature analysis:
2025-07-23 15:40:37 - INFO -   Categorical features: []
2025-07-23 15:40:37 - INFO -   Continuous features: ['ExternalRiskEstimate', 'MSinceOldestTradeOpen', 'MSinceMostRecentTradeOpen', 'AverageMInFile', 'NumSatisfactoryTrades', 'NumTrades60Ever2DerogPubRec', 'NumTrades90Ever2DerogPubRec', 'PercentTradesNeverDelq', 'MSinceMostRecentDelq', 'MaxDelq2PublicRecLast12M', 'MaxDelqEver', 'NumTotalTrades', 'NumTradesOpeninLast12M', 'PercentInstallTrades', 'MSinceMostRecentInqexcl7days', 'NumInqLast6M', 'NumInqLast6Mexcl7days', 'NetFractionRevolvingBurden', 'NetFractionInstallBurden', 'NumRevolvingTradesWBalance', 'NumInstallTradesWBalance', 'NumBank2NatlTradesWHighUtilization', 'PercentTradesWBalance']
2025-07-23 15:40:37 - INFO - Generating counterfactuals for fold 0...
2025-07-23 15:40:37 - INFO - Generating counterfactuals using method: random
2025-07-23 15:40:37 - INFO - Test set size: 501 samples
2025-07-23 16:26:52 - INFO - Counterfactual generation complete:
2025-07-23 16:26:52 - INFO -   Successful: 501/501 (100.00%)
2025-07-23 16:26:52 - INFO -   Failed: 0/501 (0.00%)
2025-07-23 16:26:52 - INFO -   Success rate: 100.00%
2025-07-23 16:26:52 - INFO -   Baseline validity: 1.0000 (501/501)
2025-07-23 16:26:52 - INFO - 
Testing data perturbations for fold 0...
2025-07-23 16:26:52 - INFO -   minor_deletion:
2025-07-23 16:26:52 - INFO -     Bin 0: Remove 0% -> validity: 1.0000, accuracy: 0.7106
2025-07-23 16:26:52 - INFO -     Bin 5: Remove 5% -> validity: 0.6028, accuracy: 0.7086
2025-07-23 16:26:52 - INFO -     Bin 10: Remove 10% -> validity: 0.5529, accuracy: 0.7066
2025-07-23 16:26:53 - INFO -     Bin 15: Remove 15% -> validity: 0.5609, accuracy: 0.7046
2025-07-23 16:26:53 - INFO -     Bin 20: Remove 20% -> validity: 0.6507, accuracy: 0.7026
2025-07-23 16:26:53 - INFO -   major_deletion:
2025-07-23 16:26:53 - INFO -     Bin 0: Remove 0% -> validity: 1.0000, accuracy: 0.7106
2025-07-23 16:26:53 - INFO -     Bin 1: Remove 50% -> validity: 0.5429, accuracy: 0.6986
2025-07-23 16:26:53 - INFO -   minor_addition:
2025-07-23 16:26:53 - INFO -     Bin 0: Use 80% -> validity: 0.5090, accuracy: 0.7086
2025-07-23 16:26:54 - INFO -     Bin 5: Use 85% -> validity: 0.5090, accuracy: 0.7126
2025-07-23 16:26:54 - INFO -     Bin 10: Use 90% -> validity: 0.5269, accuracy: 0.7086
2025-07-23 16:26:54 - INFO -     Bin 15: Use 95% -> validity: 0.5230, accuracy: 0.7006
2025-07-23 16:26:54 - INFO -     Bin 20: Use 100% -> validity: 1.0000, accuracy: 0.7106
2025-07-23 16:26:54 - INFO -   major_addition:
2025-07-23 16:26:54 - INFO -     Bin 0: Use 50% -> validity: 0.4950, accuracy: 0.6986
2025-07-23 16:26:55 - INFO -     Bin 1: Use 100% -> validity: 1.0000, accuracy: 0.7106
2025-07-23 16:26:55 - INFO - 
Testing model perturbations for fold 0...
2025-07-23 16:26:55 - INFO -   random_forest (3, 50): validity: 0.4012, accuracy: 0.6966
2025-07-23 16:26:55 - INFO -   random_forest (5, 100): validity: 1.0000, accuracy: 0.7106
2025-07-23 16:26:55 - INFO -   random_forest (10, 200): validity: 0.6347, accuracy: 0.7046
2025-07-23 16:26:56 - INFO -   xgboost (3, 50): validity: 0.5329, accuracy: 0.6966
2025-07-23 16:26:56 - INFO -   xgboost (6, 100): validity: 0.4591, accuracy: 0.6766
2025-07-23 16:26:56 - INFO -   lightgbm (4, 75): validity: 0.6188, accuracy: 0.7126
2025-07-23 16:26:56 - INFO -   Error with adaboost (2, 30): __init__() got an unexpected keyword argument 'base_estimator'
2025-07-23 16:26:56 - INFO - 
--- FOLD 1 ANALYSIS ---
2025-07-23 16:26:56 - INFO - --------------------------------------------------
2025-07-23 16:26:56 - INFO - Fold 1 data shapes:
2025-07-23 16:26:56 - INFO -   Raw train: (2001, 24)
2025-07-23 16:26:56 - INFO -   Processed - Train: (2001, 24), Test: (501, 24)
2025-07-23 16:26:56 - INFO -   Training samples: 2001
2025-07-23 16:26:56 - INFO -   Test samples: 501
2025-07-23 16:26:56 - INFO -   Features: 23
2025-07-23 16:26:56 - INFO -   Class distribution - Train: [1248  753]
2025-07-23 16:26:56 - INFO -   Class distribution - Test: [312 189]
2025-07-23 16:26:56 - INFO - 
Training baseline model for fold 1...
2025-07-23 16:26:56 - INFO -   Train accuracy: 0.7516
2025-07-23 16:26:56 - INFO -   Test accuracy: 0.7305
2025-07-23 16:26:56 - INFO - Setting up DiCE framework for fold 1...
2025-07-23 16:26:56 - INFO - HELOC feature analysis:
2025-07-23 16:26:56 - INFO -   Categorical features: []
2025-07-23 16:26:56 - INFO -   Continuous features: ['ExternalRiskEstimate', 'MSinceOldestTradeOpen', 'MSinceMostRecentTradeOpen', 'AverageMInFile', 'NumSatisfactoryTrades', 'NumTrades60Ever2DerogPubRec', 'NumTrades90Ever2DerogPubRec', 'PercentTradesNeverDelq', 'MSinceMostRecentDelq', 'MaxDelq2PublicRecLast12M', 'MaxDelqEver', 'NumTotalTrades', 'NumTradesOpeninLast12M', 'PercentInstallTrades', 'MSinceMostRecentInqexcl7days', 'NumInqLast6M', 'NumInqLast6Mexcl7days', 'NetFractionRevolvingBurden', 'NetFractionInstallBurden', 'NumRevolvingTradesWBalance', 'NumInstallTradesWBalance', 'NumBank2NatlTradesWHighUtilization', 'PercentTradesWBalance']
2025-07-23 16:26:56 - INFO - Generating counterfactuals for fold 1...
2025-07-23 16:26:56 - INFO - Generating counterfactuals using method: random
2025-07-23 16:26:56 - INFO - Test set size: 501 samples
