2025-07-23 15:15:42 - INFO - ================================================================================
2025-07-23 15:15:42 - INFO - COUNTERFACTUAL ROBUSTNESS ANALYSIS (v3) - GERMAN CREDIT DATASET
2025-07-23 15:15:42 - INFO - ================================================================================
2025-07-23 15:15:42 - INFO - 📝 Logging session to: cf_robustness_analysis_v3_20250723_151542.log
2025-07-23 15:15:42 - INFO - 🕒 Started at: 2025-07-23 15:15:42
2025-07-23 15:15:42 - INFO - ================================================================================
2025-07-23 15:15:42 - INFO - 
1. Loading German Credit dataset...
2025-07-23 15:15:42 - INFO - Dataset: German Credit
2025-07-23 15:15:42 - INFO - Label column: Class
2025-07-23 15:15:42 - INFO - Features: 10 features
2025-07-23 15:15:42 - INFO - Feature types:
2025-07-23 15:15:42 - INFO -   Age: D
2025-07-23 15:15:42 - INFO -   Sex: C
2025-07-23 15:15:42 - INFO -   Job: D
2025-07-23 15:15:42 - INFO -   Housing: C
2025-07-23 15:15:42 - INFO -   SavingAccounts: D
2025-07-23 15:15:42 - INFO -   CheckingAccount: D
2025-07-23 15:15:42 - INFO -   CreditAmount: N
2025-07-23 15:15:42 - INFO -   Duration: D
2025-07-23 15:15:42 - INFO -   Purpose: C
2025-07-23 15:15:42 - INFO -   Class: B
2025-07-23 15:15:42 - INFO - 
2. Analysis parameters:
2025-07-23 15:15:42 - INFO -   Number of folds: 5
2025-07-23 15:15:42 - INFO - Dataset Summary:
2025-07-23 15:15:42 - INFO - Total samples (after cleaning): 1000
2025-07-23 15:15:42 - INFO - Number of features: 9
2025-07-23 15:15:42 - INFO - Label column: Class
2025-07-23 15:15:42 - INFO - Number of folds: 5
2025-07-23 15:15:42 - INFO - Fold Summary:
2025-07-23 15:15:42 - INFO - --------------------------------------------------
2025-07-23 15:15:42 - INFO - Fold 0: Train=800 samples, Test=200 samples
2025-07-23 15:15:42 - INFO - Fold 1: Train=800 samples, Test=200 samples
2025-07-23 15:15:42 - INFO - Fold 2: Train=800 samples, Test=200 samples
2025-07-23 15:15:42 - INFO - Fold 3: Train=800 samples, Test=200 samples
2025-07-23 15:15:42 - INFO - Fold 4: Train=800 samples, Test=200 samples
2025-07-23 15:15:42 - INFO - --------------------------------------------------
2025-07-23 15:15:42 - INFO -   Data perturbation types: ['minor_deletion', 'major_deletion', 'minor_addition', 'major_addition']
2025-07-23 15:15:42 - INFO -   Model perturbations: 7 configurations
2025-07-23 15:15:42 - INFO -     - random_forest (max_depth=3, n_estimators=50)
2025-07-23 15:15:42 - INFO -     - random_forest (max_depth=5, n_estimators=100)
2025-07-23 15:15:42 - INFO -     - random_forest (max_depth=10, n_estimators=200)
2025-07-23 15:15:42 - INFO -     - xgboost (max_depth=3, n_estimators=50)
2025-07-23 15:15:42 - INFO -     - xgboost (max_depth=6, n_estimators=100)
2025-07-23 15:15:42 - INFO -     - lightgbm (max_depth=4, n_estimators=75)
2025-07-23 15:15:42 - INFO -     - adaboost (max_depth=2, n_estimators=30)
2025-07-23 15:15:42 - INFO - 
3. Running comprehensive analysis across all 5 folds...
2025-07-23 15:15:42 - INFO - ================================================================================
2025-07-23 15:15:42 - INFO - 
--- FOLD 0 ANALYSIS ---
2025-07-23 15:15:42 - INFO - --------------------------------------------------
2025-07-23 15:15:42 - INFO - Fold 0 data shapes:
2025-07-23 15:15:42 - INFO -   Raw train: (800, 10)
2025-07-23 15:15:42 - INFO -   Processed - Train: (800, 10), Test: (200, 10)
2025-07-23 15:15:42 - INFO -   Training samples: 800
2025-07-23 15:15:42 - INFO -   Test samples: 200
2025-07-23 15:15:42 - INFO -   Features: 9
2025-07-23 15:15:42 - INFO -   Class distribution - Train: [240 560]
2025-07-23 15:15:42 - INFO -   Class distribution - Test: [ 60 140]
2025-07-23 15:15:42 - INFO - 
Training baseline model for fold 0...
2025-07-23 15:15:42 - INFO -   Train accuracy: 0.7800
2025-07-23 15:15:42 - INFO -   Test accuracy: 0.7450
2025-07-23 15:15:42 - INFO - Setting up DiCE framework for fold 0...
2025-07-23 15:15:42 - INFO - German Credit feature analysis:
2025-07-23 15:15:42 - INFO -   Categorical features: ['Sex', 'Housing', 'SavingAccounts', 'CheckingAccount', 'Purpose']
2025-07-23 15:15:42 - INFO -   Continuous features: ['Age', 'Job', 'CreditAmount', 'Duration']
2025-07-23 15:15:42 - INFO - Generating counterfactuals for fold 0...
2025-07-23 15:15:42 - INFO - Generating counterfactuals using method: random
2025-07-23 15:15:42 - INFO - Test set size: 200 samples
2025-07-23 15:28:14 - INFO - Counterfactual generation complete:
2025-07-23 15:28:14 - INFO -   Successful: 200/200 (100.00%)
2025-07-23 15:28:14 - INFO -   Failed: 0/200 (0.00%)
2025-07-23 15:28:14 - INFO -   Success rate: 100.00%
2025-07-23 15:28:14 - INFO -   Baseline validity: 1.0000 (200/200)
2025-07-23 15:28:14 - INFO - 
Testing data perturbations for fold 0...
2025-07-23 15:28:14 - INFO -   minor_deletion:
2025-07-23 15:28:14 - INFO -     Bin 0: Remove 0% -> validity: 1.0000, accuracy: 0.7450
2025-07-23 15:28:14 - INFO -     Bin 5: Remove 5% -> validity: 0.7900, accuracy: 0.7450
2025-07-23 15:28:14 - INFO -     Bin 10: Remove 10% -> validity: 0.7000, accuracy: 0.7450
2025-07-23 15:28:14 - INFO -     Bin 15: Remove 15% -> validity: 0.6800, accuracy: 0.7350
2025-07-23 15:28:14 - INFO -     Bin 20: Remove 20% -> validity: 0.8600, accuracy: 0.7600
2025-07-23 15:28:14 - INFO -   major_deletion:
2025-07-23 15:28:15 - INFO -     Bin 0: Remove 0% -> validity: 1.0000, accuracy: 0.7450
2025-07-23 15:28:15 - INFO -     Bin 1: Remove 50% -> validity: 0.5950, accuracy: 0.7550
2025-07-23 15:28:15 - INFO -   minor_addition:
2025-07-23 15:28:15 - INFO -     Bin 0: Use 80% -> validity: 0.7750, accuracy: 0.7050
2025-07-23 15:28:15 - INFO -     Bin 5: Use 85% -> validity: 0.7500, accuracy: 0.7200
2025-07-23 15:28:15 - INFO -     Bin 10: Use 90% -> validity: 0.7850, accuracy: 0.7250
2025-07-23 15:28:15 - INFO -     Bin 15: Use 95% -> validity: 0.8800, accuracy: 0.7350
2025-07-23 15:28:15 - INFO -     Bin 20: Use 100% -> validity: 1.0000, accuracy: 0.7450
2025-07-23 15:28:15 - INFO -   major_addition:
2025-07-23 15:28:15 - INFO -     Bin 0: Use 50% -> validity: 0.6850, accuracy: 0.7150
2025-07-23 15:28:16 - INFO -     Bin 1: Use 100% -> validity: 1.0000, accuracy: 0.7450
2025-07-23 15:28:16 - INFO - 
Testing model perturbations for fold 0...
2025-07-23 15:28:16 - INFO -   random_forest (3, 50): validity: 0.4700, accuracy: 0.7450
2025-07-23 15:28:16 - INFO -   random_forest (5, 100): validity: 1.0000, accuracy: 0.7450
2025-07-23 15:28:16 - INFO -   random_forest (10, 200): validity: 0.8500, accuracy: 0.7600
2025-07-23 15:28:16 - INFO -   xgboost (3, 50): validity: 0.8300, accuracy: 0.7550
2025-07-23 15:28:16 - INFO -   xgboost (6, 100): validity: 0.7400, accuracy: 0.7350
2025-07-23 15:28:16 - INFO -   lightgbm (4, 75): validity: 0.7850, accuracy: 0.7600
2025-07-23 15:28:17 - INFO -   Error with adaboost (2, 30): __init__() got an unexpected keyword argument 'base_estimator'
2025-07-23 15:28:17 - INFO - 
--- FOLD 1 ANALYSIS ---
2025-07-23 15:28:17 - INFO - --------------------------------------------------
2025-07-23 15:28:17 - INFO - Fold 1 data shapes:
2025-07-23 15:28:17 - INFO -   Raw train: (800, 10)
2025-07-23 15:28:17 - INFO -   Processed - Train: (800, 10), Test: (200, 10)
2025-07-23 15:28:17 - INFO -   Training samples: 800
2025-07-23 15:28:17 - INFO -   Test samples: 200
2025-07-23 15:28:17 - INFO -   Features: 9
2025-07-23 15:28:17 - INFO -   Class distribution - Train: [240 560]
2025-07-23 15:28:17 - INFO -   Class distribution - Test: [ 60 140]
2025-07-23 15:28:17 - INFO - 
Training baseline model for fold 1...
2025-07-23 15:28:17 - INFO -   Train accuracy: 0.7875
2025-07-23 15:28:17 - INFO -   Test accuracy: 0.7250
2025-07-23 15:28:17 - INFO - Setting up DiCE framework for fold 1...
2025-07-23 15:28:17 - INFO - German Credit feature analysis:
2025-07-23 15:28:17 - INFO -   Categorical features: ['Sex', 'Housing', 'SavingAccounts', 'CheckingAccount', 'Purpose']
2025-07-23 15:28:17 - INFO -   Continuous features: ['Age', 'Job', 'CreditAmount', 'Duration']
2025-07-23 15:28:17 - INFO - Generating counterfactuals for fold 1...
2025-07-23 15:28:17 - INFO - Generating counterfactuals using method: random
2025-07-23 15:28:17 - INFO - Test set size: 200 samples
