2025-07-23 15:40:31 - INFO - ================================================================================
2025-07-23 15:40:31 - INFO - COUNTERFACTUAL ROBUSTNESS ANALYSIS (v3) - GERMAN CREDIT DATASET
2025-07-23 15:40:31 - INFO - ================================================================================
2025-07-23 15:40:31 - INFO - 📝 Logging session to: cf_robustness_analysis_v3_20250723_154031.log
2025-07-23 15:40:31 - INFO - 🕒 Started at: 2025-07-23 15:40:31
2025-07-23 15:40:31 - INFO - ================================================================================
2025-07-23 15:40:31 - INFO - 
1. Loading German Credit dataset...
2025-07-23 15:40:31 - INFO - Dataset: German Credit
2025-07-23 15:40:31 - INFO - Label column: Class
2025-07-23 15:40:31 - INFO - Features: 10 features
2025-07-23 15:40:31 - INFO - Feature types:
2025-07-23 15:40:31 - INFO -   Age: D
2025-07-23 15:40:31 - INFO -   Sex: C
2025-07-23 15:40:31 - INFO -   Job: D
2025-07-23 15:40:31 - INFO -   Housing: C
2025-07-23 15:40:31 - INFO -   SavingAccounts: D
2025-07-23 15:40:31 - INFO -   CheckingAccount: D
2025-07-23 15:40:31 - INFO -   CreditAmount: N
2025-07-23 15:40:31 - INFO -   Duration: D
2025-07-23 15:40:31 - INFO -   Purpose: C
2025-07-23 15:40:31 - INFO -   Class: B
2025-07-23 15:40:31 - INFO - 
2. Analysis parameters:
2025-07-23 15:40:31 - INFO -   Number of folds: 5
2025-07-23 15:40:31 - INFO - Dataset Summary:
2025-07-23 15:40:31 - INFO - Total samples (after cleaning): 1000
2025-07-23 15:40:31 - INFO - Number of features: 9
2025-07-23 15:40:31 - INFO - Label column: Class
2025-07-23 15:40:31 - INFO - Number of folds: 5
2025-07-23 15:40:31 - INFO - Fold Summary:
2025-07-23 15:40:31 - INFO - --------------------------------------------------
2025-07-23 15:40:31 - INFO - Fold 0: Train=800 samples, Test=200 samples
2025-07-23 15:40:31 - INFO - Fold 1: Train=800 samples, Test=200 samples
2025-07-23 15:40:31 - INFO - Fold 2: Train=800 samples, Test=200 samples
2025-07-23 15:40:31 - INFO - Fold 3: Train=800 samples, Test=200 samples
2025-07-23 15:40:31 - INFO - Fold 4: Train=800 samples, Test=200 samples
2025-07-23 15:40:31 - INFO - --------------------------------------------------
2025-07-23 15:40:31 - INFO -   Data perturbation types: ['minor_deletion', 'major_deletion', 'minor_addition', 'major_addition']
2025-07-23 15:40:31 - INFO -   Model perturbations: 7 configurations
2025-07-23 15:40:31 - INFO -     - random_forest (max_depth=3, n_estimators=50)
2025-07-23 15:40:31 - INFO -     - random_forest (max_depth=5, n_estimators=100)
2025-07-23 15:40:31 - INFO -     - random_forest (max_depth=10, n_estimators=200)
2025-07-23 15:40:31 - INFO -     - xgboost (max_depth=3, n_estimators=50)
2025-07-23 15:40:31 - INFO -     - xgboost (max_depth=6, n_estimators=100)
2025-07-23 15:40:31 - INFO -     - lightgbm (max_depth=4, n_estimators=75)
2025-07-23 15:40:31 - INFO -     - adaboost (max_depth=2, n_estimators=30)
2025-07-23 15:40:31 - INFO - 
3. Running comprehensive analysis across all 5 folds...
2025-07-23 15:40:31 - INFO - ================================================================================
2025-07-23 15:40:31 - INFO - 
--- FOLD 0 ANALYSIS ---
2025-07-23 15:40:31 - INFO - --------------------------------------------------
2025-07-23 15:40:31 - INFO - Fold 0 data shapes:
2025-07-23 15:40:31 - INFO -   Raw train: (800, 10)
2025-07-23 15:40:31 - INFO -   Processed - Train: (800, 10), Test: (200, 10)
2025-07-23 15:40:31 - INFO -   Training samples: 800
2025-07-23 15:40:31 - INFO -   Test samples: 200
2025-07-23 15:40:31 - INFO -   Features: 9
2025-07-23 15:40:31 - INFO -   Class distribution - Train: [240 560]
2025-07-23 15:40:31 - INFO -   Class distribution - Test: [ 60 140]
2025-07-23 15:40:31 - INFO - 
Training baseline model for fold 0...
2025-07-23 15:40:31 - INFO -   Train accuracy: 0.7800
2025-07-23 15:40:31 - INFO -   Test accuracy: 0.7450
2025-07-23 15:40:31 - INFO - Setting up DiCE framework for fold 0...
2025-07-23 15:40:31 - INFO - German Credit feature analysis:
2025-07-23 15:40:31 - INFO -   Categorical features: ['Sex', 'Housing', 'SavingAccounts', 'CheckingAccount', 'Purpose']
2025-07-23 15:40:31 - INFO -   Continuous features: ['Age', 'Job', 'CreditAmount', 'Duration']
2025-07-23 15:40:31 - INFO - Generating counterfactuals for fold 0...
2025-07-23 15:40:31 - INFO - Generating counterfactuals using method: random
2025-07-23 15:40:31 - INFO - Test set size: 200 samples
2025-07-23 15:48:35 - INFO - Counterfactual generation complete:
2025-07-23 15:48:35 - INFO -   Successful: 200/200 (100.00%)
2025-07-23 15:48:35 - INFO -   Failed: 0/200 (0.00%)
2025-07-23 15:48:35 - INFO -   Success rate: 100.00%
2025-07-23 15:48:35 - INFO -   Baseline validity: 1.0000 (200/200)
2025-07-23 15:48:35 - INFO - 
Testing data perturbations for fold 0...
2025-07-23 15:48:35 - INFO -   minor_deletion:
2025-07-23 15:48:35 - INFO -     Bin 0: Remove 0% -> validity: 1.0000, accuracy: 0.7450
2025-07-23 15:48:35 - INFO -     Bin 5: Remove 5% -> validity: 0.7300, accuracy: 0.7450
2025-07-23 15:48:35 - INFO -     Bin 10: Remove 10% -> validity: 0.6700, accuracy: 0.7450
2025-07-23 15:48:35 - INFO -     Bin 15: Remove 15% -> validity: 0.6300, accuracy: 0.7350
2025-07-23 15:48:35 - INFO -     Bin 20: Remove 20% -> validity: 0.8300, accuracy: 0.7600
2025-07-23 15:48:35 - INFO -   major_deletion:
2025-07-23 15:48:36 - INFO -     Bin 0: Remove 0% -> validity: 1.0000, accuracy: 0.7450
2025-07-23 15:48:36 - INFO -     Bin 1: Remove 50% -> validity: 0.5400, accuracy: 0.7550
2025-07-23 15:48:36 - INFO -   minor_addition:
2025-07-23 15:48:36 - INFO -     Bin 0: Use 80% -> validity: 0.6850, accuracy: 0.7050
2025-07-23 15:48:36 - INFO -     Bin 5: Use 85% -> validity: 0.7250, accuracy: 0.7200
2025-07-23 15:48:36 - INFO -     Bin 10: Use 90% -> validity: 0.6800, accuracy: 0.7250
2025-07-23 15:48:36 - INFO -     Bin 15: Use 95% -> validity: 0.8300, accuracy: 0.7350
2025-07-23 15:48:36 - INFO -     Bin 20: Use 100% -> validity: 1.0000, accuracy: 0.7450
2025-07-23 15:48:36 - INFO -   major_addition:
2025-07-23 15:48:36 - INFO -     Bin 0: Use 50% -> validity: 0.7150, accuracy: 0.7150
2025-07-23 15:48:37 - INFO -     Bin 1: Use 100% -> validity: 1.0000, accuracy: 0.7450
2025-07-23 15:48:37 - INFO - 
Testing model perturbations for fold 0...
2025-07-23 15:48:37 - INFO -   random_forest (3, 50): validity: 0.4400, accuracy: 0.7450
2025-07-23 15:48:37 - INFO -   random_forest (5, 100): validity: 1.0000, accuracy: 0.7450
2025-07-23 15:48:37 - INFO -   random_forest (10, 200): validity: 0.8250, accuracy: 0.7600
2025-07-23 15:48:37 - INFO -   xgboost (3, 50): validity: 0.7900, accuracy: 0.7550
2025-07-23 15:48:37 - INFO -   xgboost (6, 100): validity: 0.7250, accuracy: 0.7350
2025-07-23 15:48:37 - INFO -   lightgbm (4, 75): validity: 0.7950, accuracy: 0.7600
2025-07-23 15:48:37 - INFO -   Error with adaboost (2, 30): __init__() got an unexpected keyword argument 'base_estimator'
2025-07-23 15:48:37 - INFO - 
--- FOLD 1 ANALYSIS ---
2025-07-23 15:48:37 - INFO - --------------------------------------------------
2025-07-23 15:48:37 - INFO - Fold 1 data shapes:
2025-07-23 15:48:37 - INFO -   Raw train: (800, 10)
2025-07-23 15:48:37 - INFO -   Processed - Train: (800, 10), Test: (200, 10)
2025-07-23 15:48:37 - INFO -   Training samples: 800
2025-07-23 15:48:37 - INFO -   Test samples: 200
2025-07-23 15:48:37 - INFO -   Features: 9
2025-07-23 15:48:37 - INFO -   Class distribution - Train: [240 560]
2025-07-23 15:48:37 - INFO -   Class distribution - Test: [ 60 140]
2025-07-23 15:48:37 - INFO - 
Training baseline model for fold 1...
2025-07-23 15:48:38 - INFO -   Train accuracy: 0.7875
2025-07-23 15:48:38 - INFO -   Test accuracy: 0.7250
2025-07-23 15:48:38 - INFO - Setting up DiCE framework for fold 1...
2025-07-23 15:48:38 - INFO - German Credit feature analysis:
2025-07-23 15:48:38 - INFO -   Categorical features: ['Sex', 'Housing', 'SavingAccounts', 'CheckingAccount', 'Purpose']
2025-07-23 15:48:38 - INFO -   Continuous features: ['Age', 'Job', 'CreditAmount', 'Duration']
2025-07-23 15:48:38 - INFO - Generating counterfactuals for fold 1...
2025-07-23 15:48:38 - INFO - Generating counterfactuals using method: random
2025-07-23 15:48:38 - INFO - Test set size: 200 samples
2025-07-23 15:55:19 - INFO - Counterfactual generation complete:
2025-07-23 15:55:19 - INFO -   Successful: 200/200 (100.00%)
2025-07-23 15:55:19 - INFO -   Failed: 0/200 (0.00%)
2025-07-23 15:55:19 - INFO -   Success rate: 100.00%
2025-07-23 15:55:19 - INFO -   Baseline validity: 1.0000 (200/200)
2025-07-23 15:55:19 - INFO - 
Testing data perturbations for fold 1...
2025-07-23 15:55:19 - INFO -   minor_deletion:
2025-07-23 15:55:19 - INFO -     Bin 0: Remove 0% -> validity: 1.0000, accuracy: 0.7250
2025-07-23 15:55:20 - INFO -     Bin 5: Remove 5% -> validity: 0.8050, accuracy: 0.7350
2025-07-23 15:55:20 - INFO -     Bin 10: Remove 10% -> validity: 0.7400, accuracy: 0.7600
2025-07-23 15:55:20 - INFO -     Bin 15: Remove 15% -> validity: 0.7250, accuracy: 0.7500
2025-07-23 15:55:20 - INFO -     Bin 20: Remove 20% -> validity: 0.6750, accuracy: 0.7450
2025-07-23 15:55:20 - INFO -   major_deletion:
2025-07-23 15:55:20 - INFO -     Bin 0: Remove 0% -> validity: 1.0000, accuracy: 0.7250
2025-07-23 15:55:20 - INFO -     Bin 1: Remove 50% -> validity: 0.4800, accuracy: 0.7500
2025-07-23 15:55:20 - INFO -   minor_addition:
2025-07-23 15:55:20 - INFO -     Bin 0: Use 80% -> validity: 0.8350, accuracy: 0.7400
2025-07-23 15:55:20 - INFO -     Bin 5: Use 85% -> validity: 0.8550, accuracy: 0.7450
2025-07-23 15:55:20 - INFO -     Bin 10: Use 90% -> validity: 0.8900, accuracy: 0.7400
2025-07-23 15:55:21 - INFO -     Bin 15: Use 95% -> validity: 0.8550, accuracy: 0.7350
2025-07-23 15:55:21 - INFO -     Bin 20: Use 100% -> validity: 1.0000, accuracy: 0.7250
2025-07-23 15:55:21 - INFO -   major_addition:
2025-07-23 15:55:21 - INFO -     Bin 0: Use 50% -> validity: 0.8450, accuracy: 0.7150
2025-07-23 15:55:21 - INFO -     Bin 1: Use 100% -> validity: 1.0000, accuracy: 0.7250
2025-07-23 15:55:21 - INFO - 
Testing model perturbations for fold 1...
2025-07-23 15:55:21 - INFO -   random_forest (3, 50): validity: 0.4800, accuracy: 0.7300
2025-07-23 15:55:21 - INFO -   random_forest (5, 100): validity: 1.0000, accuracy: 0.7250
2025-07-23 15:55:21 - INFO -   random_forest (10, 200): validity: 0.7700, accuracy: 0.7550
2025-07-23 15:55:22 - INFO -   xgboost (3, 50): validity: 0.6850, accuracy: 0.7700
2025-07-23 15:55:22 - INFO -   xgboost (6, 100): validity: 0.6850, accuracy: 0.7450
2025-07-23 15:55:22 - INFO -   lightgbm (4, 75): validity: 0.7450, accuracy: 0.7500
2025-07-23 15:55:22 - INFO -   Error with adaboost (2, 30): __init__() got an unexpected keyword argument 'base_estimator'
2025-07-23 15:55:22 - INFO - 
--- FOLD 2 ANALYSIS ---
2025-07-23 15:55:22 - INFO - --------------------------------------------------
2025-07-23 15:55:22 - INFO - Fold 2 data shapes:
2025-07-23 15:55:22 - INFO -   Raw train: (800, 10)
2025-07-23 15:55:22 - INFO -   Processed - Train: (800, 10), Test: (200, 10)
2025-07-23 15:55:22 - INFO -   Training samples: 800
2025-07-23 15:55:22 - INFO -   Test samples: 200
2025-07-23 15:55:22 - INFO -   Features: 9
2025-07-23 15:55:22 - INFO -   Class distribution - Train: [240 560]
2025-07-23 15:55:22 - INFO -   Class distribution - Test: [ 60 140]
2025-07-23 15:55:22 - INFO - 
Training baseline model for fold 2...
2025-07-23 15:55:22 - INFO -   Train accuracy: 0.7900
2025-07-23 15:55:22 - INFO -   Test accuracy: 0.7400
2025-07-23 15:55:22 - INFO - Setting up DiCE framework for fold 2...
2025-07-23 15:55:22 - INFO - German Credit feature analysis:
2025-07-23 15:55:22 - INFO -   Categorical features: ['Sex', 'Housing', 'SavingAccounts', 'CheckingAccount', 'Purpose']
2025-07-23 15:55:22 - INFO -   Continuous features: ['Age', 'Job', 'CreditAmount', 'Duration']
2025-07-23 15:55:22 - INFO - Generating counterfactuals for fold 2...
2025-07-23 15:55:22 - INFO - Generating counterfactuals using method: random
2025-07-23 15:55:22 - INFO - Test set size: 200 samples
2025-07-23 16:04:09 - INFO - Counterfactual generation complete:
2025-07-23 16:04:09 - INFO -   Successful: 200/200 (100.00%)
2025-07-23 16:04:09 - INFO -   Failed: 0/200 (0.00%)
2025-07-23 16:04:09 - INFO -   Success rate: 100.00%
2025-07-23 16:04:09 - INFO -   Baseline validity: 1.0000 (200/200)
2025-07-23 16:04:09 - INFO - 
Testing data perturbations for fold 2...
2025-07-23 16:04:09 - INFO -   minor_deletion:
2025-07-23 16:04:09 - INFO -     Bin 0: Remove 0% -> validity: 1.0000, accuracy: 0.7400
2025-07-23 16:04:09 - INFO -     Bin 5: Remove 5% -> validity: 0.7850, accuracy: 0.7250
2025-07-23 16:04:09 - INFO -     Bin 10: Remove 10% -> validity: 0.6950, accuracy: 0.7350
2025-07-23 16:04:10 - INFO -     Bin 15: Remove 15% -> validity: 0.7150, accuracy: 0.7350
2025-07-23 16:04:10 - INFO -     Bin 20: Remove 20% -> validity: 0.7400, accuracy: 0.7250
2025-07-23 16:04:10 - INFO -   major_deletion:
2025-07-23 16:04:10 - INFO -     Bin 0: Remove 0% -> validity: 1.0000, accuracy: 0.7400
2025-07-23 16:04:10 - INFO -     Bin 1: Remove 50% -> validity: 0.5250, accuracy: 0.7250
2025-07-23 16:04:10 - INFO -   minor_addition:
2025-07-23 16:04:10 - INFO -     Bin 0: Use 80% -> validity: 0.7950, accuracy: 0.7200
2025-07-23 16:04:10 - INFO -     Bin 5: Use 85% -> validity: 0.7900, accuracy: 0.7300
2025-07-23 16:04:10 - INFO -     Bin 10: Use 90% -> validity: 0.7950, accuracy: 0.7300
2025-07-23 16:04:10 - INFO -     Bin 15: Use 95% -> validity: 0.8200, accuracy: 0.7300
2025-07-23 16:04:10 - INFO -     Bin 20: Use 100% -> validity: 1.0000, accuracy: 0.7400
2025-07-23 16:04:10 - INFO -   major_addition:
2025-07-23 16:04:11 - INFO -     Bin 0: Use 50% -> validity: 0.7650, accuracy: 0.7300
2025-07-23 16:04:11 - INFO -     Bin 1: Use 100% -> validity: 1.0000, accuracy: 0.7400
2025-07-23 16:04:11 - INFO - 
Testing model perturbations for fold 2...
2025-07-23 16:04:11 - INFO -   random_forest (3, 50): validity: 0.4900, accuracy: 0.7050
2025-07-23 16:04:11 - INFO -   random_forest (5, 100): validity: 1.0000, accuracy: 0.7400
2025-07-23 16:04:11 - INFO -   random_forest (10, 200): validity: 0.8300, accuracy: 0.7300
2025-07-23 16:04:11 - INFO -   xgboost (3, 50): validity: 0.7250, accuracy: 0.6900
2025-07-23 16:04:11 - INFO -   xgboost (6, 100): validity: 0.7000, accuracy: 0.7150
2025-07-23 16:04:11 - INFO -   lightgbm (4, 75): validity: 0.7100, accuracy: 0.7150
2025-07-23 16:04:11 - INFO -   Error with adaboost (2, 30): __init__() got an unexpected keyword argument 'base_estimator'
2025-07-23 16:04:11 - INFO - 
--- FOLD 3 ANALYSIS ---
2025-07-23 16:04:11 - INFO - --------------------------------------------------
2025-07-23 16:04:11 - INFO - Fold 3 data shapes:
2025-07-23 16:04:11 - INFO -   Raw train: (800, 10)
2025-07-23 16:04:11 - INFO -   Processed - Train: (800, 10), Test: (200, 10)
2025-07-23 16:04:11 - INFO -   Training samples: 800
2025-07-23 16:04:11 - INFO -   Test samples: 200
2025-07-23 16:04:11 - INFO -   Features: 9
2025-07-23 16:04:11 - INFO -   Class distribution - Train: [240 560]
2025-07-23 16:04:11 - INFO -   Class distribution - Test: [ 60 140]
2025-07-23 16:04:11 - INFO - 
Training baseline model for fold 3...
2025-07-23 16:04:12 - INFO -   Train accuracy: 0.7863
2025-07-23 16:04:12 - INFO -   Test accuracy: 0.7450
2025-07-23 16:04:12 - INFO - Setting up DiCE framework for fold 3...
2025-07-23 16:04:12 - INFO - German Credit feature analysis:
2025-07-23 16:04:12 - INFO -   Categorical features: ['Sex', 'Housing', 'SavingAccounts', 'CheckingAccount', 'Purpose']
2025-07-23 16:04:12 - INFO -   Continuous features: ['Age', 'Job', 'CreditAmount', 'Duration']
2025-07-23 16:04:12 - INFO - Generating counterfactuals for fold 3...
2025-07-23 16:04:12 - INFO - Generating counterfactuals using method: random
2025-07-23 16:04:12 - INFO - Test set size: 200 samples
2025-07-23 16:12:19 - INFO - Counterfactual generation complete:
2025-07-23 16:12:19 - INFO -   Successful: 200/200 (100.00%)
2025-07-23 16:12:19 - INFO -   Failed: 0/200 (0.00%)
2025-07-23 16:12:19 - INFO -   Success rate: 100.00%
2025-07-23 16:12:19 - INFO -   Baseline validity: 1.0000 (200/200)
2025-07-23 16:12:19 - INFO - 
Testing data perturbations for fold 3...
2025-07-23 16:12:19 - INFO -   minor_deletion:
2025-07-23 16:12:19 - INFO -     Bin 0: Remove 0% -> validity: 1.0000, accuracy: 0.7450
2025-07-23 16:12:19 - INFO -     Bin 5: Remove 5% -> validity: 0.7400, accuracy: 0.7300
2025-07-23 16:12:19 - INFO -     Bin 10: Remove 10% -> validity: 0.6950, accuracy: 0.7300
2025-07-23 16:12:19 - INFO -     Bin 15: Remove 15% -> validity: 0.8050, accuracy: 0.7300
2025-07-23 16:12:19 - INFO -     Bin 20: Remove 20% -> validity: 0.7800, accuracy: 0.7400
2025-07-23 16:12:19 - INFO -   major_deletion:
2025-07-23 16:12:19 - INFO -     Bin 0: Remove 0% -> validity: 1.0000, accuracy: 0.7450
2025-07-23 16:12:19 - INFO -     Bin 1: Remove 50% -> validity: 0.5550, accuracy: 0.7700
2025-07-23 16:12:19 - INFO -   minor_addition:
2025-07-23 16:12:20 - INFO -     Bin 0: Use 80% -> validity: 0.7050, accuracy: 0.7300
2025-07-23 16:12:20 - INFO -     Bin 5: Use 85% -> validity: 0.7350, accuracy: 0.7500
2025-07-23 16:12:20 - INFO -     Bin 10: Use 90% -> validity: 0.6150, accuracy: 0.7250
2025-07-23 16:12:20 - INFO -     Bin 15: Use 95% -> validity: 0.7900, accuracy: 0.7400
2025-07-23 16:12:20 - INFO -     Bin 20: Use 100% -> validity: 1.0000, accuracy: 0.7450
2025-07-23 16:12:20 - INFO -   major_addition:
2025-07-23 16:12:20 - INFO -     Bin 0: Use 50% -> validity: 0.6500, accuracy: 0.7400
2025-07-23 16:12:20 - INFO -     Bin 1: Use 100% -> validity: 1.0000, accuracy: 0.7450
2025-07-23 16:12:20 - INFO - 
Testing model perturbations for fold 3...
2025-07-23 16:12:20 - INFO -   random_forest (3, 50): validity: 0.4850, accuracy: 0.7250
2025-07-23 16:12:20 - INFO -   random_forest (5, 100): validity: 1.0000, accuracy: 0.7450
2025-07-23 16:12:21 - INFO -   random_forest (10, 200): validity: 0.8100, accuracy: 0.7650
2025-07-23 16:12:21 - INFO -   xgboost (3, 50): validity: 0.7250, accuracy: 0.7450
2025-07-23 16:12:21 - INFO -   xgboost (6, 100): validity: 0.6800, accuracy: 0.7350
2025-07-23 16:12:21 - INFO -   lightgbm (4, 75): validity: 0.6850, accuracy: 0.7500
2025-07-23 16:12:21 - INFO -   Error with adaboost (2, 30): __init__() got an unexpected keyword argument 'base_estimator'
2025-07-23 16:12:21 - INFO - 
--- FOLD 4 ANALYSIS ---
2025-07-23 16:12:21 - INFO - --------------------------------------------------
2025-07-23 16:12:21 - INFO - Fold 4 data shapes:
2025-07-23 16:12:21 - INFO -   Raw train: (800, 10)
2025-07-23 16:12:21 - INFO -   Processed - Train: (800, 10), Test: (200, 10)
2025-07-23 16:12:21 - INFO -   Training samples: 800
2025-07-23 16:12:21 - INFO -   Test samples: 200
2025-07-23 16:12:21 - INFO -   Features: 9
2025-07-23 16:12:21 - INFO -   Class distribution - Train: [240 560]
2025-07-23 16:12:21 - INFO -   Class distribution - Test: [ 60 140]
2025-07-23 16:12:21 - INFO - 
Training baseline model for fold 4...
2025-07-23 16:12:21 - INFO -   Train accuracy: 0.7900
2025-07-23 16:12:21 - INFO -   Test accuracy: 0.7250
2025-07-23 16:12:21 - INFO - Setting up DiCE framework for fold 4...
2025-07-23 16:12:21 - INFO - German Credit feature analysis:
2025-07-23 16:12:21 - INFO -   Categorical features: ['Sex', 'Housing', 'SavingAccounts', 'CheckingAccount', 'Purpose']
2025-07-23 16:12:21 - INFO -   Continuous features: ['Age', 'Job', 'CreditAmount', 'Duration']
2025-07-23 16:12:21 - INFO - Generating counterfactuals for fold 4...
2025-07-23 16:12:21 - INFO - Generating counterfactuals using method: random
2025-07-23 16:12:21 - INFO - Test set size: 200 samples
2025-07-23 16:20:16 - INFO - Counterfactual generation complete:
2025-07-23 16:20:16 - INFO -   Successful: 200/200 (100.00%)
2025-07-23 16:20:16 - INFO -   Failed: 0/200 (0.00%)
2025-07-23 16:20:16 - INFO -   Success rate: 100.00%
2025-07-23 16:20:16 - INFO -   Baseline validity: 1.0000 (200/200)
2025-07-23 16:20:16 - INFO - 
Testing data perturbations for fold 4...
2025-07-23 16:20:16 - INFO -   minor_deletion:
2025-07-23 16:20:16 - INFO -     Bin 0: Remove 0% -> validity: 1.0000, accuracy: 0.7250
2025-07-23 16:20:16 - INFO -     Bin 5: Remove 5% -> validity: 0.7250, accuracy: 0.7400
2025-07-23 16:20:16 - INFO -     Bin 10: Remove 10% -> validity: 0.6500, accuracy: 0.7350
2025-07-23 16:20:16 - INFO -     Bin 15: Remove 15% -> validity: 0.7250, accuracy: 0.7300
2025-07-23 16:20:16 - INFO -     Bin 20: Remove 20% -> validity: 0.6500, accuracy: 0.7500
2025-07-23 16:20:16 - INFO -   major_deletion:
2025-07-23 16:20:17 - INFO -     Bin 0: Remove 0% -> validity: 1.0000, accuracy: 0.7250
2025-07-23 16:20:17 - INFO -     Bin 1: Remove 50% -> validity: 0.5500, accuracy: 0.7200
2025-07-23 16:20:17 - INFO -   minor_addition:
2025-07-23 16:20:17 - INFO -     Bin 0: Use 80% -> validity: 0.8050, accuracy: 0.7400
2025-07-23 16:20:17 - INFO -     Bin 5: Use 85% -> validity: 0.7900, accuracy: 0.7100
2025-07-23 16:20:17 - INFO -     Bin 10: Use 90% -> validity: 0.8100, accuracy: 0.7300
2025-07-23 16:20:17 - INFO -     Bin 15: Use 95% -> validity: 0.8150, accuracy: 0.7400
2025-07-23 16:20:17 - INFO -     Bin 20: Use 100% -> validity: 1.0000, accuracy: 0.7250
2025-07-23 16:20:17 - INFO -   major_addition:
2025-07-23 16:20:17 - INFO -     Bin 0: Use 50% -> validity: 0.6800, accuracy: 0.7000
2025-07-23 16:20:18 - INFO -     Bin 1: Use 100% -> validity: 1.0000, accuracy: 0.7250
2025-07-23 16:20:18 - INFO - 
Testing model perturbations for fold 4...
2025-07-23 16:20:18 - INFO -   random_forest (3, 50): validity: 0.3800, accuracy: 0.7100
2025-07-23 16:20:18 - INFO -   random_forest (5, 100): validity: 1.0000, accuracy: 0.7250
2025-07-23 16:20:18 - INFO -   random_forest (10, 200): validity: 0.7750, accuracy: 0.7300
2025-07-23 16:20:18 - INFO -   xgboost (3, 50): validity: 0.7150, accuracy: 0.7500
2025-07-23 16:20:18 - INFO -   xgboost (6, 100): validity: 0.6850, accuracy: 0.7450
2025-07-23 16:20:18 - INFO -   lightgbm (4, 75): validity: 0.7050, accuracy: 0.7600
2025-07-23 16:20:18 - INFO -   Error with adaboost (2, 30): __init__() got an unexpected keyword argument 'base_estimator'
2025-07-23 16:20:18 - INFO - 
4. Generating comprehensive summary across all 5 folds...
2025-07-23 16:20:18 - INFO - ================================================================================
2025-07-23 16:20:18 - INFO - 
BASELINE PERFORMANCE ACROSS ALL FOLDS:
2025-07-23 16:20:18 - INFO - --------------------------------------------------------------------------------
2025-07-23 16:20:18 - INFO - Model Accuracy: 0.7360 ± 0.0092
2025-07-23 16:20:18 - INFO - CF Success Rate: 1.0000 ± 0.0000
2025-07-23 16:20:18 - INFO - CF Validity: 1.0000 ± 0.0000
2025-07-23 16:20:18 - INFO - Individual fold model accuracies: ['0.7450', '0.7250', '0.7400', '0.7450', '0.7250']
2025-07-23 16:20:18 - INFO - Individual fold CF success rates: ['1.0000', '1.0000', '1.0000', '1.0000', '1.0000']
2025-07-23 16:20:18 - INFO - Individual fold CF validities: ['1.0000', '1.0000', '1.0000', '1.0000', '1.0000']
2025-07-23 16:20:18 - INFO - 
DATA PERTURBATION ROBUSTNESS SUMMARY:
2025-07-23 16:20:18 - INFO - ------------------------------------------------------------------------------------------------------------------------
2025-07-23 16:20:18 - INFO - Perturbation    Bin   Data         Mean Validity Std Validity Mean Accuracy Std Accuracy Validity Δ  Per-Fold Validities
2025-07-23 16:20:18 - INFO - ------------------------------------------------------------------------------------------------------------------------
2025-07-23 16:20:18 - INFO - minor_deletion  0     Remove 0%    1.0000        0.0000       0.7360        0.0092       +0.0000     ['1.000', '1.000', '1.000', '1.000', '1.000']
2025-07-23 16:20:18 - INFO - minor_deletion  5     Remove 5%    0.7570        0.0320       0.7350        0.0071       -0.2430     ['0.730', '0.805', '0.785', '0.740', '0.725']
2025-07-23 16:20:18 - INFO - minor_deletion  10    Remove 10%   0.6900        0.0302       0.7410        0.0107       -0.3100     ['0.670', '0.740', '0.695', '0.695', '0.650']
2025-07-23 16:20:18 - INFO - minor_deletion  15    Remove 15%   0.7200        0.0555       0.7360        0.0073       -0.2800     ['0.630', '0.725', '0.715', '0.805', '0.725']
2025-07-23 16:20:18 - INFO - minor_deletion  20    Remove 20%   0.7350        0.0662       0.7440        0.0116       -0.2650     ['0.830', '0.675', '0.740', '0.780', '0.650']
2025-07-23 16:20:18 - INFO - major_deletion  0     Remove 0%    1.0000        0.0000       0.7360        0.0092       +0.0000     ['1.000', '1.000', '1.000', '1.000', '1.000']
2025-07-23 16:20:18 - INFO - major_deletion  1     Remove 50%   0.5300        0.0270       0.7440        0.0188       -0.4700     ['0.540', '0.480', '0.525', '0.555', '0.550']
2025-07-23 16:20:18 - INFO - minor_addition  0     Use 80%      0.7650        0.0590       0.7270        0.0133       -0.2350     ['0.685', '0.835', '0.795', '0.705', '0.805']
2025-07-23 16:20:18 - INFO - minor_addition  5     Use 85%      0.7790        0.0466       0.7310        0.0150       -0.2210     ['0.725', '0.855', '0.790', '0.735', '0.790']
2025-07-23 16:20:18 - INFO - minor_addition  10    Use 90%      0.7580        0.0980       0.7300        0.0055       -0.2420     ['0.680', '0.890', '0.795', '0.615', '0.810']
2025-07-23 16:20:18 - INFO - minor_addition  15    Use 95%      0.8220        0.0211       0.7360        0.0037       -0.1780     ['0.830', '0.855', '0.820', '0.790', '0.815']
2025-07-23 16:20:18 - INFO - minor_addition  20    Use 100%     1.0000        0.0000       0.7360        0.0092       +0.0000     ['1.000', '1.000', '1.000', '1.000', '1.000']
2025-07-23 16:20:18 - INFO - major_addition  0     Use 50%      0.7310        0.0687       0.7200        0.0138       -0.2690     ['0.715', '0.845', '0.765', '0.650', '0.680']
2025-07-23 16:20:18 - INFO - major_addition  1     Use 100%     1.0000        0.0000       0.7360        0.0092       +0.0000     ['1.000', '1.000', '1.000', '1.000', '1.000']
2025-07-23 16:20:18 - INFO - 
MODEL PERTURBATION ROBUSTNESS SUMMARY:
2025-07-23 16:20:18 - INFO - ------------------------------------------------------------------------------------------------------------------------
2025-07-23 16:20:18 - INFO - Model Configuration            Mean Validity Std Validity Mean Accuracy Std Accuracy Validity Δ  Per-Fold Validities
2025-07-23 16:20:18 - INFO - ------------------------------------------------------------------------------------------------------------------------
2025-07-23 16:20:18 - INFO - random_forest_3_50             0.4550        0.0415       0.7230        0.0144       -0.5450     ['0.440', '0.480', '0.490', '0.485', '0.380']
2025-07-23 16:20:18 - INFO - random_forest_5_100            1.0000        0.0000       0.7360        0.0092       +0.0000     ['1.000', '1.000', '1.000', '1.000', '1.000']
2025-07-23 16:20:18 - INFO - random_forest_10_200           0.8020        0.0250       0.7480        0.0150       -0.1980     ['0.825', '0.770', '0.830', '0.810', '0.775']
2025-07-23 16:20:18 - INFO - xgboost_3_50                   0.7280        0.0343       0.7420        0.0273       -0.2720     ['0.790', '0.685', '0.725', '0.725', '0.715']
2025-07-23 16:20:18 - INFO - xgboost_6_100                  0.6950        0.0164       0.7350        0.0110       -0.3050     ['0.725', '0.685', '0.700', '0.680', '0.685']
2025-07-23 16:20:18 - INFO - lightgbm_4_75                  0.7280        0.0387       0.7470        0.0166       -0.2720     ['0.795', '0.745', '0.710', '0.685', '0.705']
2025-07-23 16:20:18 - INFO - 
================================================================================
2025-07-23 16:20:18 - INFO - DETAILED FOLD-BY-FOLD ANALYSIS
2025-07-23 16:20:18 - INFO - ================================================================================
2025-07-23 16:20:18 - INFO - 
FOLD 0 DETAILED RESULTS:
2025-07-23 16:20:18 - INFO - --------------------------------------------------
2025-07-23 16:20:18 - INFO - Baseline - Validity: 1.0000, Success Rate: 1.0000, Model Accuracy: 0.7450
2025-07-23 16:20:18 - INFO - Data Perturbations:
2025-07-23 16:20:18 - INFO -   minor_deletion bin 0: validity=1.0000, accuracy=0.7450
2025-07-23 16:20:18 - INFO -   minor_deletion bin 5: validity=0.7300, accuracy=0.7450
2025-07-23 16:20:18 - INFO -   minor_deletion bin 10: validity=0.6700, accuracy=0.7450
2025-07-23 16:20:18 - INFO -   minor_deletion bin 15: validity=0.6300, accuracy=0.7350
2025-07-23 16:20:18 - INFO -   minor_deletion bin 20: validity=0.8300, accuracy=0.7600
2025-07-23 16:20:18 - INFO -   major_deletion bin 0: validity=1.0000, accuracy=0.7450
2025-07-23 16:20:18 - INFO -   major_deletion bin 1: validity=0.5400, accuracy=0.7550
2025-07-23 16:20:18 - INFO -   minor_addition bin 0: validity=0.6850, accuracy=0.7050
2025-07-23 16:20:18 - INFO -   minor_addition bin 5: validity=0.7250, accuracy=0.7200
2025-07-23 16:20:18 - INFO -   minor_addition bin 10: validity=0.6800, accuracy=0.7250
2025-07-23 16:20:18 - INFO -   minor_addition bin 15: validity=0.8300, accuracy=0.7350
2025-07-23 16:20:18 - INFO -   minor_addition bin 20: validity=1.0000, accuracy=0.7450
2025-07-23 16:20:18 - INFO -   major_addition bin 0: validity=0.7150, accuracy=0.7150
2025-07-23 16:20:18 - INFO -   major_addition bin 1: validity=1.0000, accuracy=0.7450
2025-07-23 16:20:18 - INFO - Model Perturbations:
2025-07-23 16:20:18 - INFO -   random_forest_3_50: validity=0.4400, accuracy=0.7450
2025-07-23 16:20:18 - INFO -   random_forest_5_100: validity=1.0000, accuracy=0.7450
2025-07-23 16:20:18 - INFO -   random_forest_10_200: validity=0.8250, accuracy=0.7600
2025-07-23 16:20:18 - INFO -   xgboost_3_50: validity=0.7900, accuracy=0.7550
2025-07-23 16:20:18 - INFO -   xgboost_6_100: validity=0.7250, accuracy=0.7350
2025-07-23 16:20:18 - INFO -   lightgbm_4_75: validity=0.7950, accuracy=0.7600
2025-07-23 16:20:18 - INFO - 
FOLD 1 DETAILED RESULTS:
2025-07-23 16:20:18 - INFO - --------------------------------------------------
2025-07-23 16:20:18 - INFO - Baseline - Validity: 1.0000, Success Rate: 1.0000, Model Accuracy: 0.7250
2025-07-23 16:20:18 - INFO - Data Perturbations:
2025-07-23 16:20:18 - INFO -   minor_deletion bin 0: validity=1.0000, accuracy=0.7250
2025-07-23 16:20:18 - INFO -   minor_deletion bin 5: validity=0.8050, accuracy=0.7350
2025-07-23 16:20:18 - INFO -   minor_deletion bin 10: validity=0.7400, accuracy=0.7600
2025-07-23 16:20:18 - INFO -   minor_deletion bin 15: validity=0.7250, accuracy=0.7500
2025-07-23 16:20:18 - INFO -   minor_deletion bin 20: validity=0.6750, accuracy=0.7450
2025-07-23 16:20:18 - INFO -   major_deletion bin 0: validity=1.0000, accuracy=0.7250
2025-07-23 16:20:18 - INFO -   major_deletion bin 1: validity=0.4800, accuracy=0.7500
2025-07-23 16:20:18 - INFO -   minor_addition bin 0: validity=0.8350, accuracy=0.7400
2025-07-23 16:20:18 - INFO -   minor_addition bin 5: validity=0.8550, accuracy=0.7450
2025-07-23 16:20:18 - INFO -   minor_addition bin 10: validity=0.8900, accuracy=0.7400
2025-07-23 16:20:18 - INFO -   minor_addition bin 15: validity=0.8550, accuracy=0.7350
2025-07-23 16:20:18 - INFO -   minor_addition bin 20: validity=1.0000, accuracy=0.7250
2025-07-23 16:20:18 - INFO -   major_addition bin 0: validity=0.8450, accuracy=0.7150
2025-07-23 16:20:18 - INFO -   major_addition bin 1: validity=1.0000, accuracy=0.7250
2025-07-23 16:20:18 - INFO - Model Perturbations:
2025-07-23 16:20:18 - INFO -   random_forest_3_50: validity=0.4800, accuracy=0.7300
2025-07-23 16:20:18 - INFO -   random_forest_5_100: validity=1.0000, accuracy=0.7250
2025-07-23 16:20:18 - INFO -   random_forest_10_200: validity=0.7700, accuracy=0.7550
2025-07-23 16:20:18 - INFO -   xgboost_3_50: validity=0.6850, accuracy=0.7700
2025-07-23 16:20:18 - INFO -   xgboost_6_100: validity=0.6850, accuracy=0.7450
2025-07-23 16:20:18 - INFO -   lightgbm_4_75: validity=0.7450, accuracy=0.7500
2025-07-23 16:20:18 - INFO - 
FOLD 2 DETAILED RESULTS:
2025-07-23 16:20:18 - INFO - --------------------------------------------------
2025-07-23 16:20:18 - INFO - Baseline - Validity: 1.0000, Success Rate: 1.0000, Model Accuracy: 0.7400
2025-07-23 16:20:18 - INFO - Data Perturbations:
2025-07-23 16:20:18 - INFO -   minor_deletion bin 0: validity=1.0000, accuracy=0.7400
2025-07-23 16:20:18 - INFO -   minor_deletion bin 5: validity=0.7850, accuracy=0.7250
2025-07-23 16:20:18 - INFO -   minor_deletion bin 10: validity=0.6950, accuracy=0.7350
2025-07-23 16:20:18 - INFO -   minor_deletion bin 15: validity=0.7150, accuracy=0.7350
2025-07-23 16:20:18 - INFO -   minor_deletion bin 20: validity=0.7400, accuracy=0.7250
2025-07-23 16:20:18 - INFO -   major_deletion bin 0: validity=1.0000, accuracy=0.7400
2025-07-23 16:20:18 - INFO -   major_deletion bin 1: validity=0.5250, accuracy=0.7250
2025-07-23 16:20:18 - INFO -   minor_addition bin 0: validity=0.7950, accuracy=0.7200
2025-07-23 16:20:18 - INFO -   minor_addition bin 5: validity=0.7900, accuracy=0.7300
2025-07-23 16:20:18 - INFO -   minor_addition bin 10: validity=0.7950, accuracy=0.7300
2025-07-23 16:20:18 - INFO -   minor_addition bin 15: validity=0.8200, accuracy=0.7300
2025-07-23 16:20:18 - INFO -   minor_addition bin 20: validity=1.0000, accuracy=0.7400
2025-07-23 16:20:18 - INFO -   major_addition bin 0: validity=0.7650, accuracy=0.7300
2025-07-23 16:20:18 - INFO -   major_addition bin 1: validity=1.0000, accuracy=0.7400
2025-07-23 16:20:18 - INFO - Model Perturbations:
2025-07-23 16:20:18 - INFO -   random_forest_3_50: validity=0.4900, accuracy=0.7050
2025-07-23 16:20:18 - INFO -   random_forest_5_100: validity=1.0000, accuracy=0.7400
2025-07-23 16:20:18 - INFO -   random_forest_10_200: validity=0.8300, accuracy=0.7300
2025-07-23 16:20:18 - INFO -   xgboost_3_50: validity=0.7250, accuracy=0.6900
2025-07-23 16:20:18 - INFO -   xgboost_6_100: validity=0.7000, accuracy=0.7150
2025-07-23 16:20:18 - INFO -   lightgbm_4_75: validity=0.7100, accuracy=0.7150
2025-07-23 16:20:18 - INFO - 
FOLD 3 DETAILED RESULTS:
2025-07-23 16:20:18 - INFO - --------------------------------------------------
2025-07-23 16:20:18 - INFO - Baseline - Validity: 1.0000, Success Rate: 1.0000, Model Accuracy: 0.7450
2025-07-23 16:20:18 - INFO - Data Perturbations:
2025-07-23 16:20:18 - INFO -   minor_deletion bin 0: validity=1.0000, accuracy=0.7450
2025-07-23 16:20:18 - INFO -   minor_deletion bin 5: validity=0.7400, accuracy=0.7300
2025-07-23 16:20:18 - INFO -   minor_deletion bin 10: validity=0.6950, accuracy=0.7300
2025-07-23 16:20:18 - INFO -   minor_deletion bin 15: validity=0.8050, accuracy=0.7300
2025-07-23 16:20:18 - INFO -   minor_deletion bin 20: validity=0.7800, accuracy=0.7400
2025-07-23 16:20:18 - INFO -   major_deletion bin 0: validity=1.0000, accuracy=0.7450
2025-07-23 16:20:18 - INFO -   major_deletion bin 1: validity=0.5550, accuracy=0.7700
2025-07-23 16:20:18 - INFO -   minor_addition bin 0: validity=0.7050, accuracy=0.7300
2025-07-23 16:20:18 - INFO -   minor_addition bin 5: validity=0.7350, accuracy=0.7500
2025-07-23 16:20:18 - INFO -   minor_addition bin 10: validity=0.6150, accuracy=0.7250
2025-07-23 16:20:18 - INFO -   minor_addition bin 15: validity=0.7900, accuracy=0.7400
2025-07-23 16:20:18 - INFO -   minor_addition bin 20: validity=1.0000, accuracy=0.7450
2025-07-23 16:20:18 - INFO -   major_addition bin 0: validity=0.6500, accuracy=0.7400
2025-07-23 16:20:18 - INFO -   major_addition bin 1: validity=1.0000, accuracy=0.7450
2025-07-23 16:20:18 - INFO - Model Perturbations:
2025-07-23 16:20:18 - INFO -   random_forest_3_50: validity=0.4850, accuracy=0.7250
2025-07-23 16:20:18 - INFO -   random_forest_5_100: validity=1.0000, accuracy=0.7450
2025-07-23 16:20:18 - INFO -   random_forest_10_200: validity=0.8100, accuracy=0.7650
2025-07-23 16:20:18 - INFO -   xgboost_3_50: validity=0.7250, accuracy=0.7450
2025-07-23 16:20:18 - INFO -   xgboost_6_100: validity=0.6800, accuracy=0.7350
2025-07-23 16:20:18 - INFO -   lightgbm_4_75: validity=0.6850, accuracy=0.7500
2025-07-23 16:20:18 - INFO - 
FOLD 4 DETAILED RESULTS:
2025-07-23 16:20:18 - INFO - --------------------------------------------------
2025-07-23 16:20:18 - INFO - Baseline - Validity: 1.0000, Success Rate: 1.0000, Model Accuracy: 0.7250
2025-07-23 16:20:18 - INFO - Data Perturbations:
2025-07-23 16:20:18 - INFO -   minor_deletion bin 0: validity=1.0000, accuracy=0.7250
2025-07-23 16:20:18 - INFO -   minor_deletion bin 5: validity=0.7250, accuracy=0.7400
2025-07-23 16:20:18 - INFO -   minor_deletion bin 10: validity=0.6500, accuracy=0.7350
2025-07-23 16:20:18 - INFO -   minor_deletion bin 15: validity=0.7250, accuracy=0.7300
2025-07-23 16:20:18 - INFO -   minor_deletion bin 20: validity=0.6500, accuracy=0.7500
2025-07-23 16:20:18 - INFO -   major_deletion bin 0: validity=1.0000, accuracy=0.7250
2025-07-23 16:20:18 - INFO -   major_deletion bin 1: validity=0.5500, accuracy=0.7200
2025-07-23 16:20:18 - INFO -   minor_addition bin 0: validity=0.8050, accuracy=0.7400
2025-07-23 16:20:18 - INFO -   minor_addition bin 5: validity=0.7900, accuracy=0.7100
2025-07-23 16:20:18 - INFO -   minor_addition bin 10: validity=0.8100, accuracy=0.7300
2025-07-23 16:20:18 - INFO -   minor_addition bin 15: validity=0.8150, accuracy=0.7400
2025-07-23 16:20:18 - INFO -   minor_addition bin 20: validity=1.0000, accuracy=0.7250
2025-07-23 16:20:18 - INFO -   major_addition bin 0: validity=0.6800, accuracy=0.7000
2025-07-23 16:20:18 - INFO -   major_addition bin 1: validity=1.0000, accuracy=0.7250
2025-07-23 16:20:18 - INFO - Model Perturbations:
2025-07-23 16:20:18 - INFO -   random_forest_3_50: validity=0.3800, accuracy=0.7100
2025-07-23 16:20:18 - INFO -   random_forest_5_100: validity=1.0000, accuracy=0.7250
2025-07-23 16:20:18 - INFO -   random_forest_10_200: validity=0.7750, accuracy=0.7300
2025-07-23 16:20:18 - INFO -   xgboost_3_50: validity=0.7150, accuracy=0.7500
2025-07-23 16:20:18 - INFO -   xgboost_6_100: validity=0.6850, accuracy=0.7450
2025-07-23 16:20:18 - INFO -   lightgbm_4_75: validity=0.7050, accuracy=0.7600
2025-07-23 16:20:19 - INFO - 
Data perturbation plot saved to: cf_data_robustness_german_5fold_plot_20250723_162018.png
2025-07-23 16:20:19 - INFO - Model perturbation plot saved to: cf_model_robustness_german_5fold_plot_20250723_162019.png
2025-07-23 16:20:19 - INFO - 
================================================================================
2025-07-23 16:20:19 - INFO - COUNTERFACTUAL ROBUSTNESS INSIGHTS (GERMAN CREDIT DATASET - 5 FOLDS)
2025-07-23 16:20:19 - INFO - ================================================================================
2025-07-23 16:20:19 - INFO - 
📊 DATA PERTURBATION INSIGHTS:
2025-07-23 16:20:19 - INFO - • Most robust to: major_addition (avg validity change: -0.1345)
2025-07-23 16:20:19 - INFO - • Least robust to: major_deletion (avg validity change: -0.4700)
2025-07-23 16:20:19 - INFO - • Overall data perturbation robustness score: 0.7365 (higher is better)
2025-07-23 16:20:19 - INFO - 
🤖 MODEL PERTURBATION INSIGHTS:
2025-07-23 16:20:19 - INFO - • Most robust to: random (avg validity change: -0.2477)
2025-07-23 16:20:19 - INFO - • Least robust to: xgboost (avg validity change: -0.2885)
2025-07-23 16:20:19 - INFO - • Overall model perturbation robustness score: 0.7306 (higher is better)
2025-07-23 16:20:19 - INFO - 
🏛️ GERMAN CREDIT DATASET INSIGHTS:
2025-07-23 16:20:19 - INFO - • Dataset contains heterogeneous features: 4 continuous, 5 categorical
2025-07-23 16:20:19 - INFO - • Categorical features: ['Sex', 'Housing', 'SavingAccounts', 'CheckingAccount', 'Purpose']
2025-07-23 16:20:19 - INFO - • Continuous features: ['Age', 'Job', 'CreditAmount', 'Duration']
2025-07-23 16:20:19 - INFO - • Baseline counterfactual success rate: 100.00% ± 0.000
2025-07-23 16:20:19 - INFO - • Baseline counterfactual validity: 1.0000 ± 0.000
2025-07-23 16:20:19 - INFO - • Baseline model accuracy: 0.7360 ± 0.009
2025-07-23 16:20:19 - INFO - 
📈 STATISTICAL ANALYSIS (5-FOLD CROSS-VALIDATION):
2025-07-23 16:20:19 - INFO - • Confidence intervals calculated from 5 independent folds
2025-07-23 16:20:19 - INFO - • All error bars represent ±1 standard deviation across folds
2025-07-23 16:20:19 - INFO - • Best data perturbation: minor_deletion_bin_0 (validity: 1.0000 ± 0.000)
2025-07-23 16:20:19 - INFO - • Worst data perturbation: major_deletion_bin_1 (validity: 0.5300 ± 0.027)
2025-07-23 16:20:19 - INFO - • Best model configuration: random_forest_5_100 (validity: 1.0000 ± 0.000)
2025-07-23 16:20:19 - INFO - • Worst model configuration: random_forest_3_50 (validity: 0.4550 ± 0.041)
2025-07-23 16:20:19 - INFO - 
🔬 EXPERIMENT SUMMARY:
2025-07-23 16:20:19 - INFO - • Total data perturbation experiments: 70 (14 configs × 5 folds)
2025-07-23 16:20:19 - INFO - • Total model perturbation experiments: 35 (7 configs × 5 folds)
2025-07-23 16:20:19 - INFO - • Total experiments conducted: 105
2025-07-23 16:20:19 - INFO - • All results aggregated with mean ± standard deviation across 5 folds
2025-07-23 16:20:19 - INFO - 
================================================================================
2025-07-23 16:20:19 - INFO - 🏁 COMPREHENSIVE COUNTERFACTUAL ROBUSTNESS ANALYSIS COMPLETED!
2025-07-23 16:20:19 - INFO - ================================================================================
2025-07-23 16:20:19 - INFO - 🕒 Completed at: 2025-07-23 16:20:19
2025-07-23 16:20:19 - INFO - 📝 Complete analysis saved to: cf_robustness_analysis_v3_20250723_154031.log
2025-07-23 16:20:19 - INFO - ================================================================================
2025-07-23 16:20:19 - INFO - Total experiments run: 21
2025-07-23 16:20:19 - INFO - Total visualizations created: 2
