2025-07-23 15:40:37 - INFO - ================================================================================
2025-07-23 15:40:37 - INFO - COUNTERFACTUAL ROBUSTNESS ANALYSIS (v4) - HELOC DATASET
2025-07-23 15:40:37 - INFO - ================================================================================
2025-07-23 15:40:37 - INFO - 📝 Logging session to: cf_robustness_analysis_v4_heloc_20250723_154037.log
2025-07-23 15:40:37 - INFO - 🕒 Started at: 2025-07-23 15:40:37
2025-07-23 15:40:37 - INFO - ================================================================================
2025-07-23 15:40:37 - INFO - 
1. Loading HELOC dataset...
2025-07-23 15:40:37 - INFO - Dataset: HELOC
2025-07-23 15:40:37 - INFO - Label column: RiskPerformance
2025-07-23 15:40:37 - INFO - Features: 24 features
2025-07-23 15:40:37 - INFO - Feature types:
2025-07-23 15:40:37 - INFO -   RiskPerformance: B
2025-07-23 15:40:37 - INFO -   ExternalRiskEstimate: N
2025-07-23 15:40:37 - INFO -   MSinceOldestTradeOpen: N
2025-07-23 15:40:37 - INFO -   MSinceMostRecentTradeOpen: N
2025-07-23 15:40:37 - INFO -   AverageMInFile: N
2025-07-23 15:40:37 - INFO -   NumSatisfactoryTrades: N
2025-07-23 15:40:37 - INFO -   NumTrades60Ever2DerogPubRec: D
2025-07-23 15:40:37 - INFO -   NumTrades90Ever2DerogPubRec: D
2025-07-23 15:40:37 - INFO -   PercentTradesNeverDelq: N
2025-07-23 15:40:37 - INFO -   MSinceMostRecentDelq: N
2025-07-23 15:40:37 - INFO -   MaxDelq2PublicRecLast12M: D
2025-07-23 15:40:37 - INFO -   MaxDelqEver: D
2025-07-23 15:40:37 - INFO -   NumTotalTrades: N
2025-07-23 15:40:37 - INFO -   NumTradesOpeninLast12M: D
2025-07-23 15:40:37 - INFO -   PercentInstallTrades: N
2025-07-23 15:40:37 - INFO -   MSinceMostRecentInqexcl7days: N
2025-07-23 15:40:37 - INFO -   NumInqLast6M: N
2025-07-23 15:40:37 - INFO -   NumInqLast6Mexcl7days: N
2025-07-23 15:40:37 - INFO -   NetFractionRevolvingBurden: N
2025-07-23 15:40:37 - INFO -   NetFractionInstallBurden: N
2025-07-23 15:40:37 - INFO -   NumRevolvingTradesWBalance: N
2025-07-23 15:40:37 - INFO -   NumInstallTradesWBalance: N
2025-07-23 15:40:37 - INFO -   NumBank2NatlTradesWHighUtilization: D
2025-07-23 15:40:37 - INFO -   PercentTradesWBalance: N
2025-07-23 15:40:37 - INFO - 
2. Analysis parameters:
2025-07-23 15:40:37 - INFO -   Number of folds: 5
2025-07-23 15:40:37 - INFO - Dataset Summary:
2025-07-23 15:40:37 - INFO - Total samples (after cleaning): 2502
2025-07-23 15:40:37 - INFO - Number of features: 23
2025-07-23 15:40:37 - INFO - Label column: RiskPerformance
2025-07-23 15:40:37 - INFO - Number of folds: 5
2025-07-23 15:40:37 - INFO - Fold Summary:
2025-07-23 15:40:37 - INFO - --------------------------------------------------
2025-07-23 15:40:37 - INFO - Fold 0: Train=2001 samples, Test=501 samples
2025-07-23 15:40:37 - INFO - Fold 1: Train=2001 samples, Test=501 samples
2025-07-23 15:40:37 - INFO - Fold 2: Train=2002 samples, Test=500 samples
2025-07-23 15:40:37 - INFO - Fold 3: Train=2002 samples, Test=500 samples
2025-07-23 15:40:37 - INFO - Fold 4: Train=2002 samples, Test=500 samples
2025-07-23 15:40:37 - INFO - --------------------------------------------------
2025-07-23 15:40:37 - INFO -   Data perturbation types: ['minor_deletion', 'major_deletion', 'minor_addition', 'major_addition']
2025-07-23 15:40:37 - INFO -   Model perturbations: 7 configurations
2025-07-23 15:40:37 - INFO -     - random_forest (max_depth=3, n_estimators=50)
2025-07-23 15:40:37 - INFO -     - random_forest (max_depth=5, n_estimators=100)
2025-07-23 15:40:37 - INFO -     - random_forest (max_depth=10, n_estimators=200)
2025-07-23 15:40:37 - INFO -     - xgboost (max_depth=3, n_estimators=50)
2025-07-23 15:40:37 - INFO -     - xgboost (max_depth=6, n_estimators=100)
2025-07-23 15:40:37 - INFO -     - lightgbm (max_depth=4, n_estimators=75)
2025-07-23 15:40:37 - INFO -     - adaboost (max_depth=2, n_estimators=30)
2025-07-23 15:40:37 - INFO - 
3. Running comprehensive analysis across all 5 folds...
2025-07-23 15:40:37 - INFO - ================================================================================
2025-07-23 15:40:37 - INFO - 
--- FOLD 0 ANALYSIS ---
2025-07-23 15:40:37 - INFO - --------------------------------------------------
2025-07-23 15:40:37 - INFO - Fold 0 data shapes:
2025-07-23 15:40:37 - INFO -   Raw train: (2001, 24)
2025-07-23 15:40:37 - INFO -   Processed - Train: (2001, 24), Test: (501, 24)
2025-07-23 15:40:37 - INFO -   Training samples: 2001
2025-07-23 15:40:37 - INFO -   Test samples: 501
2025-07-23 15:40:37 - INFO -   Features: 23
2025-07-23 15:40:37 - INFO -   Class distribution - Train: [1248  753]
2025-07-23 15:40:37 - INFO -   Class distribution - Test: [312 189]
2025-07-23 15:40:37 - INFO - 
Training baseline model for fold 0...
2025-07-23 15:40:37 - INFO -   Train accuracy: 0.7671
2025-07-23 15:40:37 - INFO -   Test accuracy: 0.7106
2025-07-23 15:40:37 - INFO - Setting up DiCE framework for fold 0...
2025-07-23 15:40:37 - INFO - HELOC feature analysis:
2025-07-23 15:40:37 - INFO -   Categorical features: []
2025-07-23 15:40:37 - INFO -   Continuous features: ['ExternalRiskEstimate', 'MSinceOldestTradeOpen', 'MSinceMostRecentTradeOpen', 'AverageMInFile', 'NumSatisfactoryTrades', 'NumTrades60Ever2DerogPubRec', 'NumTrades90Ever2DerogPubRec', 'PercentTradesNeverDelq', 'MSinceMostRecentDelq', 'MaxDelq2PublicRecLast12M', 'MaxDelqEver', 'NumTotalTrades', 'NumTradesOpeninLast12M', 'PercentInstallTrades', 'MSinceMostRecentInqexcl7days', 'NumInqLast6M', 'NumInqLast6Mexcl7days', 'NetFractionRevolvingBurden', 'NetFractionInstallBurden', 'NumRevolvingTradesWBalance', 'NumInstallTradesWBalance', 'NumBank2NatlTradesWHighUtilization', 'PercentTradesWBalance']
2025-07-23 15:40:37 - INFO - Generating counterfactuals for fold 0...
2025-07-23 15:40:37 - INFO - Generating counterfactuals using method: random
2025-07-23 15:40:37 - INFO - Test set size: 501 samples
2025-07-23 16:26:52 - INFO - Counterfactual generation complete:
2025-07-23 16:26:52 - INFO -   Successful: 501/501 (100.00%)
2025-07-23 16:26:52 - INFO -   Failed: 0/501 (0.00%)
2025-07-23 16:26:52 - INFO -   Success rate: 100.00%
2025-07-23 16:26:52 - INFO -   Baseline validity: 1.0000 (501/501)
2025-07-23 16:26:52 - INFO - 
Testing data perturbations for fold 0...
2025-07-23 16:26:52 - INFO -   minor_deletion:
2025-07-23 16:26:52 - INFO -     Bin 0: Remove 0% -> validity: 1.0000, accuracy: 0.7106
2025-07-23 16:26:52 - INFO -     Bin 5: Remove 5% -> validity: 0.6028, accuracy: 0.7086
2025-07-23 16:26:52 - INFO -     Bin 10: Remove 10% -> validity: 0.5529, accuracy: 0.7066
2025-07-23 16:26:53 - INFO -     Bin 15: Remove 15% -> validity: 0.5609, accuracy: 0.7046
2025-07-23 16:26:53 - INFO -     Bin 20: Remove 20% -> validity: 0.6507, accuracy: 0.7026
2025-07-23 16:26:53 - INFO -   major_deletion:
2025-07-23 16:26:53 - INFO -     Bin 0: Remove 0% -> validity: 1.0000, accuracy: 0.7106
2025-07-23 16:26:53 - INFO -     Bin 1: Remove 50% -> validity: 0.5429, accuracy: 0.6986
2025-07-23 16:26:53 - INFO -   minor_addition:
2025-07-23 16:26:53 - INFO -     Bin 0: Use 80% -> validity: 0.5090, accuracy: 0.7086
2025-07-23 16:26:54 - INFO -     Bin 5: Use 85% -> validity: 0.5090, accuracy: 0.7126
2025-07-23 16:26:54 - INFO -     Bin 10: Use 90% -> validity: 0.5269, accuracy: 0.7086
2025-07-23 16:26:54 - INFO -     Bin 15: Use 95% -> validity: 0.5230, accuracy: 0.7006
2025-07-23 16:26:54 - INFO -     Bin 20: Use 100% -> validity: 1.0000, accuracy: 0.7106
2025-07-23 16:26:54 - INFO -   major_addition:
2025-07-23 16:26:54 - INFO -     Bin 0: Use 50% -> validity: 0.4950, accuracy: 0.6986
2025-07-23 16:26:55 - INFO -     Bin 1: Use 100% -> validity: 1.0000, accuracy: 0.7106
2025-07-23 16:26:55 - INFO - 
Testing model perturbations for fold 0...
2025-07-23 16:26:55 - INFO -   random_forest (3, 50): validity: 0.4012, accuracy: 0.6966
2025-07-23 16:26:55 - INFO -   random_forest (5, 100): validity: 1.0000, accuracy: 0.7106
2025-07-23 16:26:55 - INFO -   random_forest (10, 200): validity: 0.6347, accuracy: 0.7046
2025-07-23 16:26:56 - INFO -   xgboost (3, 50): validity: 0.5329, accuracy: 0.6966
2025-07-23 16:26:56 - INFO -   xgboost (6, 100): validity: 0.4591, accuracy: 0.6766
2025-07-23 16:26:56 - INFO -   lightgbm (4, 75): validity: 0.6188, accuracy: 0.7126
2025-07-23 16:26:56 - INFO -   Error with adaboost (2, 30): __init__() got an unexpected keyword argument 'base_estimator'
2025-07-23 16:26:56 - INFO - 
--- FOLD 1 ANALYSIS ---
2025-07-23 16:26:56 - INFO - --------------------------------------------------
2025-07-23 16:26:56 - INFO - Fold 1 data shapes:
2025-07-23 16:26:56 - INFO -   Raw train: (2001, 24)
2025-07-23 16:26:56 - INFO -   Processed - Train: (2001, 24), Test: (501, 24)
2025-07-23 16:26:56 - INFO -   Training samples: 2001
2025-07-23 16:26:56 - INFO -   Test samples: 501
2025-07-23 16:26:56 - INFO -   Features: 23
2025-07-23 16:26:56 - INFO -   Class distribution - Train: [1248  753]
2025-07-23 16:26:56 - INFO -   Class distribution - Test: [312 189]
2025-07-23 16:26:56 - INFO - 
Training baseline model for fold 1...
2025-07-23 16:26:56 - INFO -   Train accuracy: 0.7516
2025-07-23 16:26:56 - INFO -   Test accuracy: 0.7305
2025-07-23 16:26:56 - INFO - Setting up DiCE framework for fold 1...
2025-07-23 16:26:56 - INFO - HELOC feature analysis:
2025-07-23 16:26:56 - INFO -   Categorical features: []
2025-07-23 16:26:56 - INFO -   Continuous features: ['ExternalRiskEstimate', 'MSinceOldestTradeOpen', 'MSinceMostRecentTradeOpen', 'AverageMInFile', 'NumSatisfactoryTrades', 'NumTrades60Ever2DerogPubRec', 'NumTrades90Ever2DerogPubRec', 'PercentTradesNeverDelq', 'MSinceMostRecentDelq', 'MaxDelq2PublicRecLast12M', 'MaxDelqEver', 'NumTotalTrades', 'NumTradesOpeninLast12M', 'PercentInstallTrades', 'MSinceMostRecentInqexcl7days', 'NumInqLast6M', 'NumInqLast6Mexcl7days', 'NetFractionRevolvingBurden', 'NetFractionInstallBurden', 'NumRevolvingTradesWBalance', 'NumInstallTradesWBalance', 'NumBank2NatlTradesWHighUtilization', 'PercentTradesWBalance']
2025-07-23 16:26:56 - INFO - Generating counterfactuals for fold 1...
2025-07-23 16:26:56 - INFO - Generating counterfactuals using method: random
2025-07-23 16:26:56 - INFO - Test set size: 501 samples
2025-07-23 17:06:05 - INFO - Counterfactual generation complete:
2025-07-23 17:06:05 - INFO -   Successful: 501/501 (100.00%)
2025-07-23 17:06:05 - INFO -   Failed: 0/501 (0.00%)
2025-07-23 17:06:05 - INFO -   Success rate: 100.00%
2025-07-23 17:06:05 - INFO -   Baseline validity: 1.0000 (501/501)
2025-07-23 17:06:05 - INFO - 
Testing data perturbations for fold 1...
2025-07-23 17:06:05 - INFO -   minor_deletion:
2025-07-23 17:06:05 - INFO -     Bin 0: Remove 0% -> validity: 1.0000, accuracy: 0.7305
2025-07-23 17:06:05 - INFO -     Bin 5: Remove 5% -> validity: 0.5329, accuracy: 0.7385
2025-07-23 17:06:06 - INFO -     Bin 10: Remove 10% -> validity: 0.5429, accuracy: 0.7365
2025-07-23 17:06:06 - INFO -     Bin 15: Remove 15% -> validity: 0.4770, accuracy: 0.7365
2025-07-23 17:06:06 - INFO -     Bin 20: Remove 20% -> validity: 0.5190, accuracy: 0.7246
2025-07-23 17:06:06 - INFO -   major_deletion:
2025-07-23 17:06:06 - INFO -     Bin 0: Remove 0% -> validity: 1.0000, accuracy: 0.7305
2025-07-23 17:06:06 - INFO -     Bin 1: Remove 50% -> validity: 0.5329, accuracy: 0.7285
2025-07-23 17:06:06 - INFO -   minor_addition:
2025-07-23 17:06:07 - INFO -     Bin 0: Use 80% -> validity: 0.4271, accuracy: 0.7365
2025-07-23 17:06:07 - INFO -     Bin 5: Use 85% -> validity: 0.3932, accuracy: 0.7265
2025-07-23 17:06:07 - INFO -     Bin 10: Use 90% -> validity: 0.5988, accuracy: 0.7226
2025-07-23 17:06:07 - INFO -     Bin 15: Use 95% -> validity: 0.5090, accuracy: 0.7146
2025-07-23 17:06:07 - INFO -     Bin 20: Use 100% -> validity: 1.0000, accuracy: 0.7305
2025-07-23 17:06:07 - INFO -   major_addition:
2025-07-23 17:06:08 - INFO -     Bin 0: Use 50% -> validity: 0.3832, accuracy: 0.7166
2025-07-23 17:06:08 - INFO -     Bin 1: Use 100% -> validity: 1.0000, accuracy: 0.7305
2025-07-23 17:06:08 - INFO - 
Testing model perturbations for fold 1...
2025-07-23 17:06:08 - INFO -   random_forest (3, 50): validity: 0.4112, accuracy: 0.7006
2025-07-23 17:06:08 - INFO -   random_forest (5, 100): validity: 1.0000, accuracy: 0.7305
2025-07-23 17:06:09 - INFO -   random_forest (10, 200): validity: 0.6188, accuracy: 0.7465
2025-07-23 17:06:09 - INFO -   xgboost (3, 50): validity: 0.6327, accuracy: 0.7206
2025-07-23 17:06:09 - INFO -   xgboost (6, 100): validity: 0.5010, accuracy: 0.7206
2025-07-23 17:06:09 - INFO -   lightgbm (4, 75): validity: 0.6607, accuracy: 0.7285
2025-07-23 17:06:09 - INFO -   Error with adaboost (2, 30): __init__() got an unexpected keyword argument 'base_estimator'
2025-07-23 17:06:09 - INFO - 
--- FOLD 2 ANALYSIS ---
2025-07-23 17:06:09 - INFO - --------------------------------------------------
2025-07-23 17:06:09 - INFO - Fold 2 data shapes:
2025-07-23 17:06:09 - INFO -   Raw train: (2002, 24)
2025-07-23 17:06:09 - INFO -   Processed - Train: (2002, 24), Test: (500, 24)
2025-07-23 17:06:09 - INFO -   Training samples: 2002
2025-07-23 17:06:09 - INFO -   Test samples: 500
2025-07-23 17:06:09 - INFO -   Features: 23
2025-07-23 17:06:09 - INFO -   Class distribution - Train: [1248  754]
2025-07-23 17:06:09 - INFO -   Class distribution - Test: [312 188]
2025-07-23 17:06:09 - INFO - 
Training baseline model for fold 2...
2025-07-23 17:06:09 - INFO -   Train accuracy: 0.7597
2025-07-23 17:06:09 - INFO -   Test accuracy: 0.7200
2025-07-23 17:06:09 - INFO - Setting up DiCE framework for fold 2...
2025-07-23 17:06:09 - INFO - HELOC feature analysis:
2025-07-23 17:06:09 - INFO -   Categorical features: []
2025-07-23 17:06:09 - INFO -   Continuous features: ['ExternalRiskEstimate', 'MSinceOldestTradeOpen', 'MSinceMostRecentTradeOpen', 'AverageMInFile', 'NumSatisfactoryTrades', 'NumTrades60Ever2DerogPubRec', 'NumTrades90Ever2DerogPubRec', 'PercentTradesNeverDelq', 'MSinceMostRecentDelq', 'MaxDelq2PublicRecLast12M', 'MaxDelqEver', 'NumTotalTrades', 'NumTradesOpeninLast12M', 'PercentInstallTrades', 'MSinceMostRecentInqexcl7days', 'NumInqLast6M', 'NumInqLast6Mexcl7days', 'NetFractionRevolvingBurden', 'NetFractionInstallBurden', 'NumRevolvingTradesWBalance', 'NumInstallTradesWBalance', 'NumBank2NatlTradesWHighUtilization', 'PercentTradesWBalance']
2025-07-23 17:06:09 - INFO - Generating counterfactuals for fold 2...
2025-07-23 17:06:09 - INFO - Generating counterfactuals using method: random
2025-07-23 17:06:09 - INFO - Test set size: 500 samples
2025-07-23 17:52:11 - INFO - Counterfactual generation complete:
2025-07-23 17:52:11 - INFO -   Successful: 500/500 (100.00%)
2025-07-23 17:52:11 - INFO -   Failed: 0/500 (0.00%)
2025-07-23 17:52:11 - INFO -   Success rate: 100.00%
2025-07-23 17:52:11 - INFO -   Baseline validity: 1.0000 (500/500)
2025-07-23 17:52:11 - INFO - 
Testing data perturbations for fold 2...
2025-07-23 17:52:11 - INFO -   minor_deletion:
2025-07-23 17:52:11 - INFO -     Bin 0: Remove 0% -> validity: 1.0000, accuracy: 0.7200
2025-07-23 17:52:12 - INFO -     Bin 5: Remove 5% -> validity: 0.6640, accuracy: 0.7220
2025-07-23 17:52:12 - INFO -     Bin 10: Remove 10% -> validity: 0.6320, accuracy: 0.7280
2025-07-23 17:52:12 - INFO -     Bin 15: Remove 15% -> validity: 0.6260, accuracy: 0.7280
2025-07-23 17:52:12 - INFO -     Bin 20: Remove 20% -> validity: 0.6200, accuracy: 0.7220
2025-07-23 17:52:12 - INFO -   major_deletion:
2025-07-23 17:52:12 - INFO -     Bin 0: Remove 0% -> validity: 1.0000, accuracy: 0.7200
2025-07-23 17:52:13 - INFO -     Bin 1: Remove 50% -> validity: 0.5580, accuracy: 0.7160
2025-07-23 17:52:13 - INFO -   minor_addition:
2025-07-23 17:52:13 - INFO -     Bin 0: Use 80% -> validity: 0.5140, accuracy: 0.7160
2025-07-23 17:52:13 - INFO -     Bin 5: Use 85% -> validity: 0.5640, accuracy: 0.7280
2025-07-23 17:52:13 - INFO -     Bin 10: Use 90% -> validity: 0.5300, accuracy: 0.7260
2025-07-23 17:52:13 - INFO -     Bin 15: Use 95% -> validity: 0.5080, accuracy: 0.7180
2025-07-23 17:52:14 - INFO -     Bin 20: Use 100% -> validity: 1.0000, accuracy: 0.7200
2025-07-23 17:52:14 - INFO -   major_addition:
2025-07-23 17:52:14 - INFO -     Bin 0: Use 50% -> validity: 0.4500, accuracy: 0.7260
2025-07-23 17:52:14 - INFO -     Bin 1: Use 100% -> validity: 1.0000, accuracy: 0.7200
2025-07-23 17:52:14 - INFO - 
Testing model perturbations for fold 2...
2025-07-23 17:52:14 - INFO -   random_forest (3, 50): validity: 0.4220, accuracy: 0.7240
2025-07-23 17:52:14 - INFO -   random_forest (5, 100): validity: 1.0000, accuracy: 0.7200
2025-07-23 17:52:15 - INFO -   random_forest (10, 200): validity: 0.6480, accuracy: 0.7120
2025-07-23 17:52:15 - INFO -   xgboost (3, 50): validity: 0.6620, accuracy: 0.7020
2025-07-23 17:52:15 - INFO -   xgboost (6, 100): validity: 0.5040, accuracy: 0.6800
2025-07-23 17:52:15 - INFO -   lightgbm (4, 75): validity: 0.7040, accuracy: 0.7000
2025-07-23 17:52:15 - INFO -   Error with adaboost (2, 30): __init__() got an unexpected keyword argument 'base_estimator'
2025-07-23 17:52:15 - INFO - 
--- FOLD 3 ANALYSIS ---
2025-07-23 17:52:15 - INFO - --------------------------------------------------
2025-07-23 17:52:15 - INFO - Fold 3 data shapes:
2025-07-23 17:52:15 - INFO -   Raw train: (2002, 24)
2025-07-23 17:52:15 - INFO -   Processed - Train: (2002, 24), Test: (500, 24)
2025-07-23 17:52:15 - INFO -   Training samples: 2002
2025-07-23 17:52:15 - INFO -   Test samples: 500
2025-07-23 17:52:15 - INFO -   Features: 23
2025-07-23 17:52:15 - INFO -   Class distribution - Train: [1248  754]
2025-07-23 17:52:15 - INFO -   Class distribution - Test: [312 188]
2025-07-23 17:52:15 - INFO - 
Training baseline model for fold 3...
2025-07-23 17:52:15 - INFO -   Train accuracy: 0.7717
2025-07-23 17:52:15 - INFO -   Test accuracy: 0.7080
2025-07-23 17:52:15 - INFO - Setting up DiCE framework for fold 3...
2025-07-23 17:52:15 - INFO - HELOC feature analysis:
2025-07-23 17:52:15 - INFO -   Categorical features: []
2025-07-23 17:52:15 - INFO -   Continuous features: ['ExternalRiskEstimate', 'MSinceOldestTradeOpen', 'MSinceMostRecentTradeOpen', 'AverageMInFile', 'NumSatisfactoryTrades', 'NumTrades60Ever2DerogPubRec', 'NumTrades90Ever2DerogPubRec', 'PercentTradesNeverDelq', 'MSinceMostRecentDelq', 'MaxDelq2PublicRecLast12M', 'MaxDelqEver', 'NumTotalTrades', 'NumTradesOpeninLast12M', 'PercentInstallTrades', 'MSinceMostRecentInqexcl7days', 'NumInqLast6M', 'NumInqLast6Mexcl7days', 'NetFractionRevolvingBurden', 'NetFractionInstallBurden', 'NumRevolvingTradesWBalance', 'NumInstallTradesWBalance', 'NumBank2NatlTradesWHighUtilization', 'PercentTradesWBalance']
2025-07-23 17:52:15 - INFO - Generating counterfactuals for fold 3...
2025-07-23 17:52:15 - INFO - Generating counterfactuals using method: random
2025-07-23 17:52:15 - INFO - Test set size: 500 samples
2025-07-23 18:54:12 - INFO - Counterfactual generation complete:
2025-07-23 18:54:12 - INFO -   Successful: 500/500 (100.00%)
2025-07-23 18:54:12 - INFO -   Failed: 0/500 (0.00%)
2025-07-23 18:54:12 - INFO -   Success rate: 100.00%
2025-07-23 18:54:12 - INFO -   Baseline validity: 1.0000 (500/500)
2025-07-23 18:54:12 - INFO - 
Testing data perturbations for fold 3...
2025-07-23 18:54:12 - INFO -   minor_deletion:
2025-07-23 18:54:12 - INFO -     Bin 0: Remove 0% -> validity: 1.0000, accuracy: 0.7080
2025-07-23 18:54:13 - INFO -     Bin 5: Remove 5% -> validity: 0.6560, accuracy: 0.7060
2025-07-23 18:54:13 - INFO -     Bin 10: Remove 10% -> validity: 0.6080, accuracy: 0.7080
2025-07-23 18:54:13 - INFO -     Bin 15: Remove 15% -> validity: 0.5940, accuracy: 0.7140
2025-07-23 18:54:13 - INFO -     Bin 20: Remove 20% -> validity: 0.6640, accuracy: 0.7100
2025-07-23 18:54:13 - INFO -   major_deletion:
2025-07-23 18:54:13 - INFO -     Bin 0: Remove 0% -> validity: 1.0000, accuracy: 0.7080
2025-07-23 18:54:14 - INFO -     Bin 1: Remove 50% -> validity: 0.5220, accuracy: 0.7240
2025-07-23 18:54:14 - INFO -   minor_addition:
2025-07-23 18:54:14 - INFO -     Bin 0: Use 80% -> validity: 0.5640, accuracy: 0.7120
2025-07-23 18:54:14 - INFO -     Bin 5: Use 85% -> validity: 0.6100, accuracy: 0.7100
2025-07-23 18:54:14 - INFO -     Bin 10: Use 90% -> validity: 0.5960, accuracy: 0.7140
2025-07-23 18:54:14 - INFO -     Bin 15: Use 95% -> validity: 0.6440, accuracy: 0.7140
2025-07-23 18:54:15 - INFO -     Bin 20: Use 100% -> validity: 1.0000, accuracy: 0.7080
2025-07-23 18:54:15 - INFO -   major_addition:
2025-07-23 18:54:15 - INFO -     Bin 0: Use 50% -> validity: 0.5660, accuracy: 0.7080
2025-07-23 18:54:15 - INFO -     Bin 1: Use 100% -> validity: 1.0000, accuracy: 0.7080
2025-07-23 18:54:15 - INFO - 
Testing model perturbations for fold 3...
2025-07-23 18:54:15 - INFO -   random_forest (3, 50): validity: 0.3920, accuracy: 0.7040
2025-07-23 18:54:15 - INFO -   random_forest (5, 100): validity: 1.0000, accuracy: 0.7080
2025-07-23 18:54:16 - INFO -   random_forest (10, 200): validity: 0.6740, accuracy: 0.7120
2025-07-23 18:54:16 - INFO -   xgboost (3, 50): validity: 0.5940, accuracy: 0.7000
2025-07-23 18:54:16 - INFO -   xgboost (6, 100): validity: 0.5540, accuracy: 0.6880
2025-07-23 18:54:16 - INFO -   lightgbm (4, 75): validity: 0.6520, accuracy: 0.7060
2025-07-23 18:54:16 - INFO -   Error with adaboost (2, 30): __init__() got an unexpected keyword argument 'base_estimator'
2025-07-23 18:54:16 - INFO - 
--- FOLD 4 ANALYSIS ---
2025-07-23 18:54:16 - INFO - --------------------------------------------------
2025-07-23 18:54:16 - INFO - Fold 4 data shapes:
2025-07-23 18:54:16 - INFO -   Raw train: (2002, 24)
2025-07-23 18:54:16 - INFO -   Processed - Train: (2002, 24), Test: (500, 24)
2025-07-23 18:54:16 - INFO -   Training samples: 2002
2025-07-23 18:54:16 - INFO -   Test samples: 500
2025-07-23 18:54:16 - INFO -   Features: 23
2025-07-23 18:54:16 - INFO -   Class distribution - Train: [1248  754]
2025-07-23 18:54:16 - INFO -   Class distribution - Test: [312 188]
2025-07-23 18:54:16 - INFO - 
Training baseline model for fold 4...
2025-07-23 18:54:16 - INFO -   Train accuracy: 0.7677
2025-07-23 18:54:16 - INFO -   Test accuracy: 0.7020
2025-07-23 18:54:16 - INFO - Setting up DiCE framework for fold 4...
2025-07-23 18:54:16 - INFO - HELOC feature analysis:
2025-07-23 18:54:16 - INFO -   Categorical features: []
2025-07-23 18:54:16 - INFO -   Continuous features: ['ExternalRiskEstimate', 'MSinceOldestTradeOpen', 'MSinceMostRecentTradeOpen', 'AverageMInFile', 'NumSatisfactoryTrades', 'NumTrades60Ever2DerogPubRec', 'NumTrades90Ever2DerogPubRec', 'PercentTradesNeverDelq', 'MSinceMostRecentDelq', 'MaxDelq2PublicRecLast12M', 'MaxDelqEver', 'NumTotalTrades', 'NumTradesOpeninLast12M', 'PercentInstallTrades', 'MSinceMostRecentInqexcl7days', 'NumInqLast6M', 'NumInqLast6Mexcl7days', 'NetFractionRevolvingBurden', 'NetFractionInstallBurden', 'NumRevolvingTradesWBalance', 'NumInstallTradesWBalance', 'NumBank2NatlTradesWHighUtilization', 'PercentTradesWBalance']
2025-07-23 18:54:16 - INFO - Generating counterfactuals for fold 4...
2025-07-23 18:54:16 - INFO - Generating counterfactuals using method: random
2025-07-23 18:54:16 - INFO - Test set size: 500 samples
2025-07-23 19:48:11 - INFO - Counterfactual generation complete:
2025-07-23 19:48:11 - INFO -   Successful: 500/500 (100.00%)
2025-07-23 19:48:11 - INFO -   Failed: 0/500 (0.00%)
2025-07-23 19:48:11 - INFO -   Success rate: 100.00%
2025-07-23 19:48:11 - INFO -   Baseline validity: 1.0000 (500/500)
2025-07-23 19:48:11 - INFO - 
Testing data perturbations for fold 4...
2025-07-23 19:48:11 - INFO -   minor_deletion:
2025-07-23 19:48:12 - INFO -     Bin 0: Remove 0% -> validity: 1.0000, accuracy: 0.7020
2025-07-23 19:48:12 - INFO -     Bin 5: Remove 5% -> validity: 0.6760, accuracy: 0.7060
2025-07-23 19:48:12 - INFO -     Bin 10: Remove 10% -> validity: 0.5580, accuracy: 0.6940
2025-07-23 19:48:12 - INFO -     Bin 15: Remove 15% -> validity: 0.5320, accuracy: 0.7080
2025-07-23 19:48:12 - INFO -     Bin 20: Remove 20% -> validity: 0.5860, accuracy: 0.6940
2025-07-23 19:48:12 - INFO -   major_deletion:
2025-07-23 19:48:13 - INFO -     Bin 0: Remove 0% -> validity: 1.0000, accuracy: 0.7020
2025-07-23 19:48:13 - INFO -     Bin 1: Remove 50% -> validity: 0.6000, accuracy: 0.7060
2025-07-23 19:48:13 - INFO -   minor_addition:
2025-07-23 19:48:13 - INFO -     Bin 0: Use 80% -> validity: 0.5740, accuracy: 0.7080
2025-07-23 19:48:13 - INFO -     Bin 5: Use 85% -> validity: 0.5480, accuracy: 0.6980
2025-07-23 19:48:13 - INFO -     Bin 10: Use 90% -> validity: 0.5920, accuracy: 0.7080
2025-07-23 19:48:14 - INFO -     Bin 15: Use 95% -> validity: 0.5600, accuracy: 0.7080
2025-07-23 19:48:14 - INFO -     Bin 20: Use 100% -> validity: 1.0000, accuracy: 0.7020
2025-07-23 19:48:14 - INFO -   major_addition:
2025-07-23 19:48:14 - INFO -     Bin 0: Use 50% -> validity: 0.5020, accuracy: 0.6940
2025-07-23 19:48:14 - INFO -     Bin 1: Use 100% -> validity: 1.0000, accuracy: 0.7020
2025-07-23 19:48:14 - INFO - 
Testing model perturbations for fold 4...
2025-07-23 19:48:14 - INFO -   random_forest (3, 50): validity: 0.4240, accuracy: 0.6920
2025-07-23 19:48:14 - INFO -   random_forest (5, 100): validity: 1.0000, accuracy: 0.7020
2025-07-23 19:48:15 - INFO -   random_forest (10, 200): validity: 0.6900, accuracy: 0.6900
2025-07-23 19:48:15 - INFO -   xgboost (3, 50): validity: 0.6020, accuracy: 0.6980
2025-07-23 19:48:15 - INFO -   xgboost (6, 100): validity: 0.4840, accuracy: 0.6940
2025-07-23 19:48:15 - INFO -   lightgbm (4, 75): validity: 0.6400, accuracy: 0.7100
2025-07-23 19:48:15 - INFO -   Error with adaboost (2, 30): __init__() got an unexpected keyword argument 'base_estimator'
2025-07-23 19:48:15 - INFO - 
4. Generating comprehensive summary across all 5 folds...
2025-07-23 19:48:15 - INFO - ================================================================================
2025-07-23 19:48:15 - INFO - 
BASELINE PERFORMANCE ACROSS ALL FOLDS:
2025-07-23 19:48:15 - INFO - --------------------------------------------------------------------------------
2025-07-23 19:48:15 - INFO - Model Accuracy: 0.7142 ± 0.0100
2025-07-23 19:48:15 - INFO - CF Success Rate: 1.0000 ± 0.0000
2025-07-23 19:48:15 - INFO - CF Validity: 1.0000 ± 0.0000
2025-07-23 19:48:15 - INFO - Individual fold model accuracies: ['0.7106', '0.7305', '0.7200', '0.7080', '0.7020']
2025-07-23 19:48:15 - INFO - Individual fold CF success rates: ['1.0000', '1.0000', '1.0000', '1.0000', '1.0000']
2025-07-23 19:48:15 - INFO - Individual fold CF validities: ['1.0000', '1.0000', '1.0000', '1.0000', '1.0000']
2025-07-23 19:48:15 - INFO - 
DATA PERTURBATION ROBUSTNESS SUMMARY:
2025-07-23 19:48:15 - INFO - ------------------------------------------------------------------------------------------------------------------------
2025-07-23 19:48:15 - INFO - Perturbation    Bin   Data         Mean Validity Std Validity Mean Accuracy Std Accuracy Validity Δ  Per-Fold Validities
2025-07-23 19:48:15 - INFO - ------------------------------------------------------------------------------------------------------------------------
2025-07-23 19:48:15 - INFO - minor_deletion  0     Remove 0%    1.0000        0.0000       0.7142        0.0100       +0.0000     ['1.000', '1.000', '1.000', '1.000', '1.000']
2025-07-23 19:48:15 - INFO - minor_deletion  5     Remove 5%    0.6263        0.0530       0.7162        0.0126       -0.3737     ['0.603', '0.533', '0.664', '0.656', '0.676']
2025-07-23 19:48:15 - INFO - minor_deletion  10    Remove 10%   0.5788        0.0349       0.7146        0.0154       -0.4212     ['0.553', '0.543', '0.632', '0.608', '0.558']
2025-07-23 19:48:15 - INFO - minor_deletion  15    Remove 15%   0.5580        0.0513       0.7182        0.0122       -0.4420     ['0.561', '0.477', '0.626', '0.594', '0.532']
2025-07-23 19:48:15 - INFO - minor_deletion  20    Remove 20%   0.6079        0.0520       0.7106        0.0115       -0.3921     ['0.651', '0.519', '0.620', '0.664', '0.586']
2025-07-23 19:48:15 - INFO - major_deletion  0     Remove 0%    1.0000        0.0000       0.7142        0.0100       +0.0000     ['1.000', '1.000', '1.000', '1.000', '1.000']
2025-07-23 19:48:15 - INFO - major_deletion  1     Remove 50%   0.5512        0.0271       0.7146        0.0111       -0.4488     ['0.543', '0.533', '0.558', '0.522', '0.600']
2025-07-23 19:48:15 - INFO - minor_addition  0     Use 80%      0.5176        0.0522       0.7162        0.0105       -0.4824     ['0.509', '0.427', '0.514', '0.564', '0.574']
2025-07-23 19:48:15 - INFO - minor_addition  5     Use 85%      0.5248        0.0733       0.7150        0.0112       -0.4752     ['0.509', '0.393', '0.564', '0.610', '0.548']
2025-07-23 19:48:15 - INFO - minor_addition  10    Use 90%      0.5687        0.0330       0.7158        0.0073       -0.4313     ['0.527', '0.599', '0.530', '0.596', '0.592']
2025-07-23 19:48:15 - INFO - minor_addition  15    Use 95%      0.5488        0.0512       0.7110        0.0061       -0.4512     ['0.523', '0.509', '0.508', '0.644', '0.560']
2025-07-23 19:48:15 - INFO - minor_addition  20    Use 100%     1.0000        0.0000       0.7142        0.0100       +0.0000     ['1.000', '1.000', '1.000', '1.000', '1.000']
2025-07-23 19:48:15 - INFO - major_addition  0     Use 50%      0.4792        0.0606       0.7086        0.0117       -0.5208     ['0.495', '0.383', '0.450', '0.566', '0.502']
2025-07-23 19:48:15 - INFO - major_addition  1     Use 100%     1.0000        0.0000       0.7142        0.0100       +0.0000     ['1.000', '1.000', '1.000', '1.000', '1.000']
2025-07-23 19:48:15 - INFO - 
MODEL PERTURBATION ROBUSTNESS SUMMARY:
2025-07-23 19:48:15 - INFO - ------------------------------------------------------------------------------------------------------------------------
2025-07-23 19:48:15 - INFO - Model Configuration            Mean Validity Std Validity Mean Accuracy Std Accuracy Validity Δ  Per-Fold Validities
2025-07-23 19:48:15 - INFO - ------------------------------------------------------------------------------------------------------------------------
2025-07-23 19:48:15 - INFO - random_forest_3_50             0.4101        0.0122       0.7034        0.0110       -0.5899     ['0.401', '0.411', '0.422', '0.392', '0.424']
2025-07-23 19:48:15 - INFO - random_forest_5_100            1.0000        0.0000       0.7142        0.0100       +0.0000     ['1.000', '1.000', '1.000', '1.000', '1.000']
2025-07-23 19:48:15 - INFO - random_forest_10_200           0.6531        0.0258       0.7130        0.0186       -0.3469     ['0.635', '0.619', '0.648', '0.674', '0.690']
2025-07-23 19:48:15 - INFO - xgboost_3_50                   0.6047        0.0432       0.7034        0.0088       -0.3953     ['0.533', '0.633', '0.662', '0.594', '0.602']
2025-07-23 19:48:15 - INFO - xgboost_6_100                  0.5004        0.0312       0.6918        0.0156       -0.4996     ['0.459', '0.501', '0.504', '0.554', '0.484']
2025-07-23 19:48:15 - INFO - lightgbm_4_75                  0.6551        0.0282       0.7114        0.0096       -0.3449     ['0.619', '0.661', '0.704', '0.652', '0.640']
2025-07-23 19:48:16 - INFO - 
Data perturbation plot saved to: cf_data_robustness_heloc_5fold_plot_20250723_194816.png
2025-07-23 19:48:16 - INFO - 
================================================================================
2025-07-23 19:48:16 - INFO - COUNTERFACTUAL ROBUSTNESS INSIGHTS (HELOC DATASET - 5 FOLDS)
2025-07-23 19:48:16 - INFO - ================================================================================
2025-07-23 19:48:16 - INFO - 
🏦 HELOC DATASET INSIGHTS:
2025-07-23 19:48:16 - INFO - • Dataset contains financial features for credit risk assessment
2025-07-23 19:48:16 - INFO - • Categorical features: []
2025-07-23 19:48:16 - INFO - • Continuous features: ['ExternalRiskEstimate', 'MSinceOldestTradeOpen', 'MSinceMostRecentTradeOpen', 'AverageMInFile', 'NumSatisfactoryTrades', 'NumTrades60Ever2DerogPubRec', 'NumTrades90Ever2DerogPubRec', 'PercentTradesNeverDelq', 'MSinceMostRecentDelq', 'MaxDelq2PublicRecLast12M', 'MaxDelqEver', 'NumTotalTrades', 'NumTradesOpeninLast12M', 'PercentInstallTrades', 'MSinceMostRecentInqexcl7days', 'NumInqLast6M', 'NumInqLast6Mexcl7days', 'NetFractionRevolvingBurden', 'NetFractionInstallBurden', 'NumRevolvingTradesWBalance', 'NumInstallTradesWBalance', 'NumBank2NatlTradesWHighUtilization', 'PercentTradesWBalance']
2025-07-23 19:48:16 - INFO - • Baseline counterfactual success rate: 100.00% ± 0.000
2025-07-23 19:48:16 - INFO - • Baseline counterfactual validity: 1.0000 ± 0.000
2025-07-23 19:48:16 - INFO - • Baseline model accuracy: 0.7142 ± 0.010
2025-07-23 19:48:16 - INFO - 
================================================================================
2025-07-23 19:48:16 - INFO - 🏁 COMPREHENSIVE COUNTERFACTUAL ROBUSTNESS ANALYSIS COMPLETED!
2025-07-23 19:48:16 - INFO - ================================================================================
2025-07-23 19:48:16 - INFO - 🕒 Completed at: 2025-07-23 19:48:16
2025-07-23 19:48:16 - INFO - 📝 Complete analysis saved to: cf_robustness_analysis_v4_heloc_20250723_154037.log
2025-07-23 19:48:16 - INFO - ================================================================================
