================================================================================
COUNTERFACTUAL ROBUSTNESS ANALYSIS (CEML v3) - GERMAN CREDIT DATASET
================================================================================
[LOG] Logging session to: cf_robustness_analysis_ceml_v3_20250730_235558.log
[TIME] Started at: 2025-07-30 23:55:58
🔬 Using CEML library for counterfactual generation
================================================================================

1. Loading German Credit dataset...
Original data shape (after removing metadata): (1000, 10)
Dropped 0 rows with missing values
Final data shape: (1000, 10)
Dataset: German Credit
Label column: Class
Features: 10 features
Feature types:
  Age: D
  Sex: C
  Job: D
  Housing: C
  SavingAccounts: D
  CheckingAccount: D
  CreditAmount: N
  Duration: D
  Purpose: C
  Class: B

2. Analysis parameters:
  Number of folds: 5
Dataset Summary:
Total samples (after cleaning): 1000
Number of features: 9
Label column: Class
Number of folds: 5
Fold Summary:
--------------------------------------------------
Fold 0: Train=800 samples, Test=200 samples
Fold 1: Train=800 samples, Test=200 samples
Fold 2: Train=800 samples, Test=200 samples
Fold 3: Train=800 samples, Test=200 samples
Fold 4: Train=800 samples, Test=200 samples
--------------------------------------------------
  Data perturbation types: ['minor_deletion', 'major_deletion', 'minor_addition', 'major_addition']
  Model perturbations: 28 configurations
    - random_forest (max_depth=3, n_estimators=100)
    - xgboost (max_depth=3, n_estimators=100)
    - lightgbm (max_depth=3, n_estimators=100)
    - random_forest (max_depth=4, n_estimators=100)
    - xgboost (max_depth=4, n_estimators=100)
    - lightgbm (max_depth=4, n_estimators=100)
    - random_forest (max_depth=5, n_estimators=100)
    - xgboost (max_depth=5, n_estimators=100)
    - lightgbm (max_depth=5, n_estimators=100)
    - random_forest (max_depth=6, n_estimators=100)
    - xgboost (max_depth=6, n_estimators=100)
    - lightgbm (max_depth=6, n_estimators=100)
    - random_forest (max_depth=5, n_estimators=50)
    - xgboost (max_depth=5, n_estimators=50)
    - lightgbm (max_depth=5, n_estimators=50)
    - random_forest (max_depth=5, n_estimators=100)
    - xgboost (max_depth=5, n_estimators=100)
    - lightgbm (max_depth=5, n_estimators=100)
    - random_forest (max_depth=5, n_estimators=150)
    - xgboost (max_depth=5, n_estimators=150)
    - lightgbm (max_depth=5, n_estimators=150)
    - random_forest (max_depth=5, n_estimators=200)
    - xgboost (max_depth=5, n_estimators=200)
    - lightgbm (max_depth=5, n_estimators=200)
    - adaboost (max_depth=3, n_estimators=50)
    - adaboost (max_depth=3, n_estimators=100)
    - adaboost (max_depth=3, n_estimators=150)
    - adaboost (max_depth=3, n_estimators=200)

3. Running comprehensive analysis across all 5 folds...
================================================================================

--- FOLD 0 ANALYSIS ---
--------------------------------------------------
Fold 0 - Train: 800 samples, Test: 200 samples
Fold 0 - Train: 800 samples, Test: 200 samples
Fold 0 data shapes:
  Raw train: (800, 10)
  Processed - Train: (800, 10), Test: (200, 10)
  Training samples: 800
  Test samples: 200
  Features: 9
  Class distribution - Train: [240 560]
  Class distribution - Test: [ 60 140]

Training baseline model for fold 0...
  Train accuracy: 0.7800
  Test accuracy: 0.7450
Generating counterfactuals for fold 0 using CEML...
German Credit feature analysis:
  Categorical features: ['Sex', 'Housing', 'SavingAccounts', 'CheckingAccount', 'Purpose']
  Continuous features: ['Age', 'Job', 'CreditAmount', 'Duration']
Generating counterfactuals using CEML library
Test set size: 50 samples
Counterfactual generation complete:
  Successful: 50/50 (100.00%)
  Failed: 0/50 (0.00%)
  Success rate: 100.00%
  Baseline validity: 0.8600 (43/50)
  Baseline L2 distance: 0.7426
  Baseline L0 distance: 4.24
  Baseline LOF score: 0.5600

Testing data perturbations for fold 0...
  minor_deletion:
Fold 0 - Train: 800 samples, Test: 200 samples
    Bin 0: Remove 0% -> validity: 0.8600, accuracy: 0.8600, L2: 0.7426, L0: 4.24
Fold 0 - Train: 800 samples, Test: 200 samples
    Bin 5: Remove 5% -> validity: 0.6000, accuracy: 0.8600, L2: 0.7426, L0: 4.24
Fold 0 - Train: 800 samples, Test: 200 samples
    Bin 10: Remove 10% -> validity: 0.4000, accuracy: 0.8600, L2: 0.7426, L0: 4.24
Fold 0 - Train: 800 samples, Test: 200 samples
    Bin 15: Remove 15% -> validity: 0.3600, accuracy: 0.8400, L2: 0.7426, L0: 4.24
Fold 0 - Train: 800 samples, Test: 200 samples
    Bin 20: Remove 20% -> validity: 0.4400, accuracy: 0.8600, L2: 0.7426, L0: 4.24
  major_deletion:
Fold 0 - Train: 800 samples, Test: 200 samples
    Bin 0: Remove 0% -> validity: 0.8600, accuracy: 0.8600, L2: 0.7426, L0: 4.24
Fold 0 - Train: 800 samples, Test: 200 samples
    Bin 1: Remove 50% -> validity: 0.6200, accuracy: 0.8400, L2: 0.7426, L0: 4.24
  minor_addition:
Fold 0 - Train: 800 samples, Test: 200 samples
    Bin 0: Use 80% -> validity: 0.6200, accuracy: 0.8200, L2: 0.7426, L0: 4.24
Fold 0 - Train: 800 samples, Test: 200 samples
    Bin 5: Use 85% -> validity: 0.7000, accuracy: 0.8400, L2: 0.7426, L0: 4.24
Fold 0 - Train: 800 samples, Test: 200 samples
    Bin 10: Use 90% -> validity: 0.6200, accuracy: 0.8800, L2: 0.7426, L0: 4.24
Fold 0 - Train: 800 samples, Test: 200 samples
    Bin 15: Use 95% -> validity: 0.7000, accuracy: 0.8600, L2: 0.7426, L0: 4.24
Fold 0 - Train: 800 samples, Test: 200 samples
    Bin 20: Use 100% -> validity: 0.8600, accuracy: 0.8600, L2: 0.7426, L0: 4.24
  major_addition:
Fold 0 - Train: 800 samples, Test: 200 samples
    Bin 0: Use 50% -> validity: 0.5800, accuracy: 0.8200, L2: 0.7426, L0: 4.24
Fold 0 - Train: 800 samples, Test: 200 samples
    Bin 1: Use 100% -> validity: 0.8600, accuracy: 0.8600, L2: 0.7426, L0: 4.24

Testing model perturbations for fold 0...
Fold 0 - Train: 800 samples, Test: 200 samples
  random_forest (3, 100): validity: 0.1400, accuracy: 0.8200, L2: 0.7426, L0: 4.24
Fold 0 - Train: 800 samples, Test: 200 samples
  xgboost (3, 100): validity: 0.6400, accuracy: 0.8000, L2: 0.7426, L0: 4.24
Fold 0 - Train: 800 samples, Test: 200 samples
  lightgbm (3, 100): validity: 0.6800, accuracy: 0.8000, L2: 0.7426, L0: 4.24
Fold 0 - Train: 800 samples, Test: 200 samples
  random_forest (4, 100): validity: 0.5200, accuracy: 0.8600, L2: 0.7426, L0: 4.24
Fold 0 - Train: 800 samples, Test: 200 samples
  xgboost (4, 100): validity: 0.6200, accuracy: 0.7600, L2: 0.7426, L0: 4.24
Fold 0 - Train: 800 samples, Test: 200 samples
  lightgbm (4, 100): validity: 0.6400, accuracy: 0.8200, L2: 0.7426, L0: 4.24
Fold 0 - Train: 800 samples, Test: 200 samples
  random_forest (5, 100): validity: 0.8600, accuracy: 0.8600, L2: 0.7426, L0: 4.24
Fold 0 - Train: 800 samples, Test: 200 samples
  xgboost (5, 100): validity: 0.5800, accuracy: 0.7200, L2: 0.7426, L0: 4.24
Fold 0 - Train: 800 samples, Test: 200 samples
  lightgbm (5, 100): validity: 0.5600, accuracy: 0.7600, L2: 0.7426, L0: 4.24
Fold 0 - Train: 800 samples, Test: 200 samples
  random_forest (6, 100): validity: 0.8400, accuracy: 0.8600, L2: 0.7426, L0: 4.24
Fold 0 - Train: 800 samples, Test: 200 samples
  xgboost (6, 100): validity: 0.6200, accuracy: 0.7800, L2: 0.7426, L0: 4.24
Fold 0 - Train: 800 samples, Test: 200 samples
  lightgbm (6, 100): validity: 0.6000, accuracy: 0.7800, L2: 0.7426, L0: 4.24
Fold 0 - Train: 800 samples, Test: 200 samples
  random_forest (5, 50): validity: 0.6200, accuracy: 0.8600, L2: 0.7426, L0: 4.24
Fold 0 - Train: 800 samples, Test: 200 samples
  xgboost (5, 50): validity: 0.6400, accuracy: 0.7800, L2: 0.7426, L0: 4.24
Fold 0 - Train: 800 samples, Test: 200 samples
  lightgbm (5, 50): validity: 0.6600, accuracy: 0.8600, L2: 0.7426, L0: 4.24
Fold 0 - Train: 800 samples, Test: 200 samples
  random_forest (5, 100): validity: 0.8600, accuracy: 0.8600, L2: 0.7426, L0: 4.24
Fold 0 - Train: 800 samples, Test: 200 samples
  xgboost (5, 100): validity: 0.5800, accuracy: 0.7200, L2: 0.7426, L0: 4.24
Fold 0 - Train: 800 samples, Test: 200 samples
  lightgbm (5, 100): validity: 0.5600, accuracy: 0.7600, L2: 0.7426, L0: 4.24
Fold 0 - Train: 800 samples, Test: 200 samples
  random_forest (5, 150): validity: 0.8000, accuracy: 0.8600, L2: 0.7426, L0: 4.24
Fold 0 - Train: 800 samples, Test: 200 samples
  xgboost (5, 150): validity: 0.6000, accuracy: 0.7600, L2: 0.7426, L0: 4.24
Fold 0 - Train: 800 samples, Test: 200 samples
  lightgbm (5, 150): validity: 0.5600, accuracy: 0.7400, L2: 0.7426, L0: 4.24
Fold 0 - Train: 800 samples, Test: 200 samples
  random_forest (5, 200): validity: 0.8400, accuracy: 0.8600, L2: 0.7426, L0: 4.24
Fold 0 - Train: 800 samples, Test: 200 samples
  xgboost (5, 200): validity: 0.6200, accuracy: 0.7800, L2: 0.7426, L0: 4.24
Fold 0 - Train: 800 samples, Test: 200 samples
  lightgbm (5, 200): validity: 0.6000, accuracy: 0.7800, L2: 0.7426, L0: 4.24
Fold 0 - Train: 800 samples, Test: 200 samples
  adaboost (3, 50): validity: 0.3600, accuracy: 0.6600, L2: 0.7426, L0: 4.24
Fold 0 - Train: 800 samples, Test: 200 samples
  adaboost (3, 100): validity: 0.4200, accuracy: 0.6600, L2: 0.7426, L0: 4.24
Fold 0 - Train: 800 samples, Test: 200 samples
  adaboost (3, 150): validity: 0.5800, accuracy: 0.7600, L2: 0.7426, L0: 4.24
Fold 0 - Train: 800 samples, Test: 200 samples
  adaboost (3, 200): validity: 0.5800, accuracy: 0.7000, L2: 0.7426, L0: 4.24

--- FOLD 1 ANALYSIS ---
--------------------------------------------------
Fold 1 - Train: 800 samples, Test: 200 samples
Fold 1 - Train: 800 samples, Test: 200 samples
Fold 1 data shapes:
  Raw train: (800, 10)
  Processed - Train: (800, 10), Test: (200, 10)
  Training samples: 800
  Test samples: 200
  Features: 9
  Class distribution - Train: [240 560]
  Class distribution - Test: [ 60 140]

Training baseline model for fold 1...
  Train accuracy: 0.7875
  Test accuracy: 0.7250
Generating counterfactuals for fold 1 using CEML...
German Credit feature analysis:
  Categorical features: ['Sex', 'Housing', 'SavingAccounts', 'CheckingAccount', 'Purpose']
  Continuous features: ['Age', 'Job', 'CreditAmount', 'Duration']
Generating counterfactuals using CEML library
Test set size: 50 samples
Counterfactual generation complete:
  Successful: 50/50 (100.00%)
  Failed: 0/50 (0.00%)
  Success rate: 100.00%
  Baseline validity: 0.8000 (40/50)
  Baseline L2 distance: 0.3044
  Baseline L0 distance: 2.66
  Baseline LOF score: 0.8400

Testing data perturbations for fold 1...
  minor_deletion:
Fold 1 - Train: 800 samples, Test: 200 samples
    Bin 0: Remove 0% -> validity: 0.8000, accuracy: 0.8000, L2: 0.3044, L0: 2.66
Fold 1 - Train: 800 samples, Test: 200 samples
    Bin 5: Remove 5% -> validity: 0.6600, accuracy: 0.7600, L2: 0.3044, L0: 2.66
Fold 1 - Train: 800 samples, Test: 200 samples
    Bin 10: Remove 10% -> validity: 0.6000, accuracy: 0.8000, L2: 0.3044, L0: 2.66
Fold 1 - Train: 800 samples, Test: 200 samples
    Bin 15: Remove 15% -> validity: 0.6600, accuracy: 0.7600, L2: 0.3044, L0: 2.66
Fold 1 - Train: 800 samples, Test: 200 samples
    Bin 20: Remove 20% -> validity: 0.6000, accuracy: 0.7800, L2: 0.3044, L0: 2.66
  major_deletion:
Fold 1 - Train: 800 samples, Test: 200 samples
    Bin 0: Remove 0% -> validity: 0.8000, accuracy: 0.8000, L2: 0.3044, L0: 2.66
Fold 1 - Train: 800 samples, Test: 200 samples
    Bin 1: Remove 50% -> validity: 0.6000, accuracy: 0.8000, L2: 0.3044, L0: 2.66
  minor_addition:
Fold 1 - Train: 800 samples, Test: 200 samples
    Bin 0: Use 80% -> validity: 0.6400, accuracy: 0.8000, L2: 0.3044, L0: 2.66
Fold 1 - Train: 800 samples, Test: 200 samples
    Bin 5: Use 85% -> validity: 0.7000, accuracy: 0.8000, L2: 0.3044, L0: 2.66
Fold 1 - Train: 800 samples, Test: 200 samples
    Bin 10: Use 90% -> validity: 0.6200, accuracy: 0.8000, L2: 0.3044, L0: 2.66
Fold 1 - Train: 800 samples, Test: 200 samples
    Bin 15: Use 95% -> validity: 0.6600, accuracy: 0.8000, L2: 0.3044, L0: 2.66
Fold 1 - Train: 800 samples, Test: 200 samples
    Bin 20: Use 100% -> validity: 0.8000, accuracy: 0.8000, L2: 0.3044, L0: 2.66
  major_addition:
Fold 1 - Train: 800 samples, Test: 200 samples
    Bin 0: Use 50% -> validity: 0.3200, accuracy: 0.7600, L2: 0.3044, L0: 2.66
Fold 1 - Train: 800 samples, Test: 200 samples
    Bin 1: Use 100% -> validity: 0.8000, accuracy: 0.8000, L2: 0.3044, L0: 2.66

Testing model perturbations for fold 1...
Fold 1 - Train: 800 samples, Test: 200 samples
  random_forest (3, 100): validity: 0.2800, accuracy: 0.8000, L2: 0.3044, L0: 2.66
Fold 1 - Train: 800 samples, Test: 200 samples
  xgboost (3, 100): validity: 0.5600, accuracy: 0.7800, L2: 0.3044, L0: 2.66
Fold 1 - Train: 800 samples, Test: 200 samples
  lightgbm (3, 100): validity: 0.5800, accuracy: 0.7600, L2: 0.3044, L0: 2.66
Fold 1 - Train: 800 samples, Test: 200 samples
  random_forest (4, 100): validity: 0.5000, accuracy: 0.8000, L2: 0.3044, L0: 2.66
Fold 1 - Train: 800 samples, Test: 200 samples
  xgboost (4, 100): validity: 0.5400, accuracy: 0.7400, L2: 0.3044, L0: 2.66
Fold 1 - Train: 800 samples, Test: 200 samples
  lightgbm (4, 100): validity: 0.6200, accuracy: 0.7600, L2: 0.3044, L0: 2.66
Fold 1 - Train: 800 samples, Test: 200 samples
  random_forest (5, 100): validity: 0.8000, accuracy: 0.8000, L2: 0.3044, L0: 2.66
Fold 1 - Train: 800 samples, Test: 200 samples
  xgboost (5, 100): validity: 0.5800, accuracy: 0.7600, L2: 0.3044, L0: 2.66
Fold 1 - Train: 800 samples, Test: 200 samples
  lightgbm (5, 100): validity: 0.6400, accuracy: 0.7400, L2: 0.3044, L0: 2.66
Fold 1 - Train: 800 samples, Test: 200 samples
  random_forest (6, 100): validity: 0.7400, accuracy: 0.8000, L2: 0.3044, L0: 2.66
Fold 1 - Train: 800 samples, Test: 200 samples
  xgboost (6, 100): validity: 0.5000, accuracy: 0.7400, L2: 0.3044, L0: 2.66
Fold 1 - Train: 800 samples, Test: 200 samples
  lightgbm (6, 100): validity: 0.5800, accuracy: 0.7400, L2: 0.3044, L0: 2.66
Fold 1 - Train: 800 samples, Test: 200 samples
  random_forest (5, 50): validity: 0.7400, accuracy: 0.7800, L2: 0.3044, L0: 2.66
Fold 1 - Train: 800 samples, Test: 200 samples
  xgboost (5, 50): validity: 0.5800, accuracy: 0.7600, L2: 0.3044, L0: 2.66
Fold 1 - Train: 800 samples, Test: 200 samples
  lightgbm (5, 50): validity: 0.6200, accuracy: 0.7400, L2: 0.3044, L0: 2.66
Fold 1 - Train: 800 samples, Test: 200 samples
  random_forest (5, 100): validity: 0.8000, accuracy: 0.8000, L2: 0.3044, L0: 2.66
Fold 1 - Train: 800 samples, Test: 200 samples
  xgboost (5, 100): validity: 0.5800, accuracy: 0.7600, L2: 0.3044, L0: 2.66
Fold 1 - Train: 800 samples, Test: 200 samples
  lightgbm (5, 100): validity: 0.6400, accuracy: 0.7400, L2: 0.3044, L0: 2.66
Fold 1 - Train: 800 samples, Test: 200 samples
  random_forest (5, 150): validity: 0.7000, accuracy: 0.8000, L2: 0.3044, L0: 2.66
Fold 1 - Train: 800 samples, Test: 200 samples
  xgboost (5, 150): validity: 0.5600, accuracy: 0.7600, L2: 0.3044, L0: 2.66
Fold 1 - Train: 800 samples, Test: 200 samples
  lightgbm (5, 150): validity: 0.6200, accuracy: 0.7600, L2: 0.3044, L0: 2.66
Fold 1 - Train: 800 samples, Test: 200 samples
  random_forest (5, 200): validity: 0.6200, accuracy: 0.8000, L2: 0.3044, L0: 2.66
Fold 1 - Train: 800 samples, Test: 200 samples
  xgboost (5, 200): validity: 0.5200, accuracy: 0.7400, L2: 0.3044, L0: 2.66
Fold 1 - Train: 800 samples, Test: 200 samples
  lightgbm (5, 200): validity: 0.6400, accuracy: 0.8000, L2: 0.3044, L0: 2.66
Fold 1 - Train: 800 samples, Test: 200 samples
  adaboost (3, 50): validity: 0.3800, accuracy: 0.7200, L2: 0.3044, L0: 2.66
Fold 1 - Train: 800 samples, Test: 200 samples
  adaboost (3, 100): validity: 0.3800, accuracy: 0.6400, L2: 0.3044, L0: 2.66
Fold 1 - Train: 800 samples, Test: 200 samples
  adaboost (3, 150): validity: 0.3400, accuracy: 0.6200, L2: 0.3044, L0: 2.66
Fold 1 - Train: 800 samples, Test: 200 samples
  adaboost (3, 200): validity: 0.2800, accuracy: 0.6600, L2: 0.3044, L0: 2.66

--- FOLD 2 ANALYSIS ---
--------------------------------------------------
Fold 2 - Train: 800 samples, Test: 200 samples
Fold 2 - Train: 800 samples, Test: 200 samples
Fold 2 data shapes:
  Raw train: (800, 10)
  Processed - Train: (800, 10), Test: (200, 10)
  Training samples: 800
  Test samples: 200
  Features: 9
  Class distribution - Train: [240 560]
  Class distribution - Test: [ 60 140]

Training baseline model for fold 2...
  Train accuracy: 0.7900
  Test accuracy: 0.7400
Generating counterfactuals for fold 2 using CEML...
German Credit feature analysis:
  Categorical features: ['Sex', 'Housing', 'SavingAccounts', 'CheckingAccount', 'Purpose']
  Continuous features: ['Age', 'Job', 'CreditAmount', 'Duration']
Generating counterfactuals using CEML library
Test set size: 50 samples
Counterfactual generation complete:
  Successful: 50/50 (100.00%)
  Failed: 0/50 (0.00%)
  Success rate: 100.00%
  Baseline validity: 0.7000 (35/50)
  Baseline L2 distance: 0.3067
  Baseline L0 distance: 4.66
  Baseline LOF score: 0.6000

Testing data perturbations for fold 2...
  minor_deletion:
Fold 2 - Train: 800 samples, Test: 200 samples
    Bin 0: Remove 0% -> validity: 0.7000, accuracy: 0.7000, L2: 0.3067, L0: 4.66
Fold 2 - Train: 800 samples, Test: 200 samples
    Bin 5: Remove 5% -> validity: 0.5800, accuracy: 0.6800, L2: 0.3067, L0: 4.66
Fold 2 - Train: 800 samples, Test: 200 samples
    Bin 10: Remove 10% -> validity: 0.6000, accuracy: 0.6800, L2: 0.3067, L0: 4.66
Fold 2 - Train: 800 samples, Test: 200 samples
    Bin 15: Remove 15% -> validity: 0.4800, accuracy: 0.7000, L2: 0.3067, L0: 4.66
Fold 2 - Train: 800 samples, Test: 200 samples
    Bin 20: Remove 20% -> validity: 0.5400, accuracy: 0.6800, L2: 0.3067, L0: 4.66
  major_deletion:
Fold 2 - Train: 800 samples, Test: 200 samples
    Bin 0: Remove 0% -> validity: 0.7000, accuracy: 0.7000, L2: 0.3067, L0: 4.66
Fold 2 - Train: 800 samples, Test: 200 samples
    Bin 1: Remove 50% -> validity: 0.4800, accuracy: 0.7000, L2: 0.3067, L0: 4.66
  minor_addition:
Fold 2 - Train: 800 samples, Test: 200 samples
    Bin 0: Use 80% -> validity: 0.4600, accuracy: 0.6600, L2: 0.3067, L0: 4.66
Fold 2 - Train: 800 samples, Test: 200 samples
    Bin 5: Use 85% -> validity: 0.5800, accuracy: 0.7000, L2: 0.3067, L0: 4.66
Fold 2 - Train: 800 samples, Test: 200 samples
    Bin 10: Use 90% -> validity: 0.4400, accuracy: 0.6800, L2: 0.3067, L0: 4.66
Fold 2 - Train: 800 samples, Test: 200 samples
    Bin 15: Use 95% -> validity: 0.5000, accuracy: 0.6800, L2: 0.3067, L0: 4.66
Fold 2 - Train: 800 samples, Test: 200 samples
    Bin 20: Use 100% -> validity: 0.7000, accuracy: 0.7000, L2: 0.3067, L0: 4.66
  major_addition:
Fold 2 - Train: 800 samples, Test: 200 samples
    Bin 0: Use 50% -> validity: 0.3200, accuracy: 0.7000, L2: 0.3067, L0: 4.66
Fold 2 - Train: 800 samples, Test: 200 samples
    Bin 1: Use 100% -> validity: 0.7000, accuracy: 0.7000, L2: 0.3067, L0: 4.66

Testing model perturbations for fold 2...
Fold 2 - Train: 800 samples, Test: 200 samples
  random_forest (3, 100): validity: 0.1400, accuracy: 0.7000, L2: 0.3067, L0: 4.66
Fold 2 - Train: 800 samples, Test: 200 samples
  xgboost (3, 100): validity: 0.6400, accuracy: 0.7200, L2: 0.3067, L0: 4.66
Fold 2 - Train: 800 samples, Test: 200 samples
  lightgbm (3, 100): validity: 0.5200, accuracy: 0.7000, L2: 0.3067, L0: 4.66
Fold 2 - Train: 800 samples, Test: 200 samples
  random_forest (4, 100): validity: 0.2600, accuracy: 0.6800, L2: 0.3067, L0: 4.66
Fold 2 - Train: 800 samples, Test: 200 samples
  xgboost (4, 100): validity: 0.6000, accuracy: 0.7000, L2: 0.3067, L0: 4.66
Fold 2 - Train: 800 samples, Test: 200 samples
  lightgbm (4, 100): validity: 0.5400, accuracy: 0.7200, L2: 0.3067, L0: 4.66
Fold 2 - Train: 800 samples, Test: 200 samples
  random_forest (5, 100): validity: 0.7000, accuracy: 0.7000, L2: 0.3067, L0: 4.66
Fold 2 - Train: 800 samples, Test: 200 samples
  xgboost (5, 100): validity: 0.6200, accuracy: 0.7200, L2: 0.3067, L0: 4.66
Fold 2 - Train: 800 samples, Test: 200 samples
  lightgbm (5, 100): validity: 0.5600, accuracy: 0.7200, L2: 0.3067, L0: 4.66
Fold 2 - Train: 800 samples, Test: 200 samples
  random_forest (6, 100): validity: 0.5400, accuracy: 0.7000, L2: 0.3067, L0: 4.66
Fold 2 - Train: 800 samples, Test: 200 samples
  xgboost (6, 100): validity: 0.5800, accuracy: 0.7400, L2: 0.3067, L0: 4.66
Fold 2 - Train: 800 samples, Test: 200 samples
  lightgbm (6, 100): validity: 0.5600, accuracy: 0.6800, L2: 0.3067, L0: 4.66
Fold 2 - Train: 800 samples, Test: 200 samples
  random_forest (5, 50): validity: 0.6200, accuracy: 0.7200, L2: 0.3067, L0: 4.66
Fold 2 - Train: 800 samples, Test: 200 samples
  xgboost (5, 50): validity: 0.6200, accuracy: 0.6800, L2: 0.3067, L0: 4.66
Fold 2 - Train: 800 samples, Test: 200 samples
  lightgbm (5, 50): validity: 0.5400, accuracy: 0.7200, L2: 0.3067, L0: 4.66
Fold 2 - Train: 800 samples, Test: 200 samples
  random_forest (5, 100): validity: 0.7000, accuracy: 0.7000, L2: 0.3067, L0: 4.66
Fold 2 - Train: 800 samples, Test: 200 samples
  xgboost (5, 100): validity: 0.6200, accuracy: 0.7200, L2: 0.3067, L0: 4.66
Fold 2 - Train: 800 samples, Test: 200 samples
  lightgbm (5, 100): validity: 0.5600, accuracy: 0.7200, L2: 0.3067, L0: 4.66
Fold 2 - Train: 800 samples, Test: 200 samples
  random_forest (5, 150): validity: 0.5800, accuracy: 0.7000, L2: 0.3067, L0: 4.66
Fold 2 - Train: 800 samples, Test: 200 samples
  xgboost (5, 150): validity: 0.6000, accuracy: 0.7000, L2: 0.3067, L0: 4.66
Fold 2 - Train: 800 samples, Test: 200 samples
  lightgbm (5, 150): validity: 0.5200, accuracy: 0.7000, L2: 0.3067, L0: 4.66
Fold 2 - Train: 800 samples, Test: 200 samples
  random_forest (5, 200): validity: 0.6000, accuracy: 0.7000, L2: 0.3067, L0: 4.66
Fold 2 - Train: 800 samples, Test: 200 samples
  xgboost (5, 200): validity: 0.5600, accuracy: 0.6800, L2: 0.3067, L0: 4.66
Fold 2 - Train: 800 samples, Test: 200 samples
  lightgbm (5, 200): validity: 0.5200, accuracy: 0.7200, L2: 0.3067, L0: 4.66
Fold 2 - Train: 800 samples, Test: 200 samples
  adaboost (3, 50): validity: 0.3400, accuracy: 0.6800, L2: 0.3067, L0: 4.66
Fold 2 - Train: 800 samples, Test: 200 samples
  adaboost (3, 100): validity: 0.3400, accuracy: 0.7000, L2: 0.3067, L0: 4.66
Fold 2 - Train: 800 samples, Test: 200 samples
  adaboost (3, 150): validity: 0.4600, accuracy: 0.7000, L2: 0.3067, L0: 4.66
Fold 2 - Train: 800 samples, Test: 200 samples
  adaboost (3, 200): validity: 0.4800, accuracy: 0.6200, L2: 0.3067, L0: 4.66

--- FOLD 3 ANALYSIS ---
--------------------------------------------------
Fold 3 - Train: 800 samples, Test: 200 samples
Fold 3 - Train: 800 samples, Test: 200 samples
Fold 3 data shapes:
  Raw train: (800, 10)
  Processed - Train: (800, 10), Test: (200, 10)
  Training samples: 800
  Test samples: 200
  Features: 9
  Class distribution - Train: [240 560]
  Class distribution - Test: [ 60 140]

Training baseline model for fold 3...
  Train accuracy: 0.7863
  Test accuracy: 0.7450
Generating counterfactuals for fold 3 using CEML...
German Credit feature analysis:
  Categorical features: ['Sex', 'Housing', 'SavingAccounts', 'CheckingAccount', 'Purpose']
  Continuous features: ['Age', 'Job', 'CreditAmount', 'Duration']
Generating counterfactuals using CEML library
Test set size: 50 samples
Counterfactual generation complete:
  Successful: 50/50 (100.00%)
  Failed: 0/50 (0.00%)
  Success rate: 100.00%
  Baseline validity: 0.6800 (34/50)
  Baseline L2 distance: 0.4604
  Baseline L0 distance: 4.20
  Baseline LOF score: 0.8800

Testing data perturbations for fold 3...
  minor_deletion:
Fold 3 - Train: 800 samples, Test: 200 samples
    Bin 0: Remove 0% -> validity: 0.6800, accuracy: 0.6800, L2: 0.4604, L0: 4.20
Fold 3 - Train: 800 samples, Test: 200 samples
    Bin 5: Remove 5% -> validity: 0.6400, accuracy: 0.6800, L2: 0.4604, L0: 4.20
Fold 3 - Train: 800 samples, Test: 200 samples
    Bin 10: Remove 10% -> validity: 0.6200, accuracy: 0.6800, L2: 0.4604, L0: 4.20
Fold 3 - Train: 800 samples, Test: 200 samples
    Bin 15: Remove 15% -> validity: 0.5000, accuracy: 0.6800, L2: 0.4604, L0: 4.20
Fold 3 - Train: 800 samples, Test: 200 samples
    Bin 20: Remove 20% -> validity: 0.5600, accuracy: 0.6800, L2: 0.4604, L0: 4.20
  major_deletion:
Fold 3 - Train: 800 samples, Test: 200 samples
    Bin 0: Remove 0% -> validity: 0.6800, accuracy: 0.6800, L2: 0.4604, L0: 4.20
Fold 3 - Train: 800 samples, Test: 200 samples
    Bin 1: Remove 50% -> validity: 0.5000, accuracy: 0.7200, L2: 0.4604, L0: 4.20
  minor_addition:
Fold 3 - Train: 800 samples, Test: 200 samples
    Bin 0: Use 80% -> validity: 0.5800, accuracy: 0.6800, L2: 0.4604, L0: 4.20
Fold 3 - Train: 800 samples, Test: 200 samples
    Bin 5: Use 85% -> validity: 0.6800, accuracy: 0.6800, L2: 0.4604, L0: 4.20
Fold 3 - Train: 800 samples, Test: 200 samples
    Bin 10: Use 90% -> validity: 0.5800, accuracy: 0.6600, L2: 0.4604, L0: 4.20
Fold 3 - Train: 800 samples, Test: 200 samples
    Bin 15: Use 95% -> validity: 0.5000, accuracy: 0.6800, L2: 0.4604, L0: 4.20
Fold 3 - Train: 800 samples, Test: 200 samples
    Bin 20: Use 100% -> validity: 0.6800, accuracy: 0.6800, L2: 0.4604, L0: 4.20
  major_addition:
Fold 3 - Train: 800 samples, Test: 200 samples
    Bin 0: Use 50% -> validity: 0.4800, accuracy: 0.7000, L2: 0.4604, L0: 4.20
Fold 3 - Train: 800 samples, Test: 200 samples
    Bin 1: Use 100% -> validity: 0.6800, accuracy: 0.6800, L2: 0.4604, L0: 4.20

Testing model perturbations for fold 3...
Fold 3 - Train: 800 samples, Test: 200 samples
  random_forest (3, 100): validity: 0.2600, accuracy: 0.7000, L2: 0.4604, L0: 4.20
Fold 3 - Train: 800 samples, Test: 200 samples
  xgboost (3, 100): validity: 0.5200, accuracy: 0.7000, L2: 0.4604, L0: 4.20
Fold 3 - Train: 800 samples, Test: 200 samples
  lightgbm (3, 100): validity: 0.5800, accuracy: 0.6800, L2: 0.4604, L0: 4.20
Fold 3 - Train: 800 samples, Test: 200 samples
  random_forest (4, 100): validity: 0.4400, accuracy: 0.6800, L2: 0.4604, L0: 4.20
Fold 3 - Train: 800 samples, Test: 200 samples
  xgboost (4, 100): validity: 0.5200, accuracy: 0.7400, L2: 0.4604, L0: 4.20
Fold 3 - Train: 800 samples, Test: 200 samples
  lightgbm (4, 100): validity: 0.5600, accuracy: 0.7600, L2: 0.4604, L0: 4.20
Fold 3 - Train: 800 samples, Test: 200 samples
  random_forest (5, 100): validity: 0.6800, accuracy: 0.6800, L2: 0.4604, L0: 4.20
Fold 3 - Train: 800 samples, Test: 200 samples
  xgboost (5, 100): validity: 0.5400, accuracy: 0.7200, L2: 0.4604, L0: 4.20
Fold 3 - Train: 800 samples, Test: 200 samples
  lightgbm (5, 100): validity: 0.5400, accuracy: 0.7400, L2: 0.4604, L0: 4.20
Fold 3 - Train: 800 samples, Test: 200 samples
  random_forest (6, 100): validity: 0.6000, accuracy: 0.7000, L2: 0.4604, L0: 4.20
Fold 3 - Train: 800 samples, Test: 200 samples
  xgboost (6, 100): validity: 0.5000, accuracy: 0.6800, L2: 0.4604, L0: 4.20
Fold 3 - Train: 800 samples, Test: 200 samples
  lightgbm (6, 100): validity: 0.6000, accuracy: 0.7600, L2: 0.4604, L0: 4.20
Fold 3 - Train: 800 samples, Test: 200 samples
  random_forest (5, 50): validity: 0.6600, accuracy: 0.6600, L2: 0.4604, L0: 4.20
Fold 3 - Train: 800 samples, Test: 200 samples
  xgboost (5, 50): validity: 0.5000, accuracy: 0.6800, L2: 0.4604, L0: 4.20
Fold 3 - Train: 800 samples, Test: 200 samples
  lightgbm (5, 50): validity: 0.5600, accuracy: 0.7000, L2: 0.4604, L0: 4.20
Fold 3 - Train: 800 samples, Test: 200 samples
  random_forest (5, 100): validity: 0.6800, accuracy: 0.6800, L2: 0.4604, L0: 4.20
Fold 3 - Train: 800 samples, Test: 200 samples
  xgboost (5, 100): validity: 0.5400, accuracy: 0.7200, L2: 0.4604, L0: 4.20
Fold 3 - Train: 800 samples, Test: 200 samples
  lightgbm (5, 100): validity: 0.5400, accuracy: 0.7400, L2: 0.4604, L0: 4.20
Fold 3 - Train: 800 samples, Test: 200 samples
  random_forest (5, 150): validity: 0.6000, accuracy: 0.6800, L2: 0.4604, L0: 4.20
Fold 3 - Train: 800 samples, Test: 200 samples
  xgboost (5, 150): validity: 0.5400, accuracy: 0.7200, L2: 0.4604, L0: 4.20
Fold 3 - Train: 800 samples, Test: 200 samples
  lightgbm (5, 150): validity: 0.5600, accuracy: 0.7200, L2: 0.4604, L0: 4.20
Fold 3 - Train: 800 samples, Test: 200 samples
  random_forest (5, 200): validity: 0.6600, accuracy: 0.6800, L2: 0.4604, L0: 4.20
Fold 3 - Train: 800 samples, Test: 200 samples
  xgboost (5, 200): validity: 0.5400, accuracy: 0.7200, L2: 0.4604, L0: 4.20
Fold 3 - Train: 800 samples, Test: 200 samples
  lightgbm (5, 200): validity: 0.5600, accuracy: 0.7200, L2: 0.4604, L0: 4.20
Fold 3 - Train: 800 samples, Test: 200 samples
  adaboost (3, 50): validity: 0.4600, accuracy: 0.6400, L2: 0.4604, L0: 4.20
Fold 3 - Train: 800 samples, Test: 200 samples
  adaboost (3, 100): validity: 0.4600, accuracy: 0.6200, L2: 0.4604, L0: 4.20
Fold 3 - Train: 800 samples, Test: 200 samples
  adaboost (3, 150): validity: 0.4400, accuracy: 0.7000, L2: 0.4604, L0: 4.20
Fold 3 - Train: 800 samples, Test: 200 samples
  adaboost (3, 200): validity: 0.4000, accuracy: 0.6800, L2: 0.4604, L0: 4.20

--- FOLD 4 ANALYSIS ---
--------------------------------------------------
Fold 4 - Train: 800 samples, Test: 200 samples
Fold 4 - Train: 800 samples, Test: 200 samples
Fold 4 data shapes:
  Raw train: (800, 10)
  Processed - Train: (800, 10), Test: (200, 10)
  Training samples: 800
  Test samples: 200
  Features: 9
  Class distribution - Train: [240 560]
  Class distribution - Test: [ 60 140]

Training baseline model for fold 4...
  Train accuracy: 0.7900
  Test accuracy: 0.7250
Generating counterfactuals for fold 4 using CEML...
German Credit feature analysis:
  Categorical features: ['Sex', 'Housing', 'SavingAccounts', 'CheckingAccount', 'Purpose']
  Continuous features: ['Age', 'Job', 'CreditAmount', 'Duration']
Generating counterfactuals using CEML library
Test set size: 50 samples
Counterfactual generation complete:
  Successful: 50/50 (100.00%)
  Failed: 0/50 (0.00%)
  Success rate: 100.00%
  Baseline validity: 0.6200 (31/50)
  Baseline L2 distance: 0.3100
  Baseline L0 distance: 3.38
  Baseline LOF score: 0.8000

Testing data perturbations for fold 4...
  minor_deletion:
Fold 4 - Train: 800 samples, Test: 200 samples
    Bin 0: Remove 0% -> validity: 0.6200, accuracy: 0.6200, L2: 0.3100, L0: 3.38
Fold 4 - Train: 800 samples, Test: 200 samples
    Bin 5: Remove 5% -> validity: 0.6000, accuracy: 0.7200, L2: 0.3100, L0: 3.38
Fold 4 - Train: 800 samples, Test: 200 samples
    Bin 10: Remove 10% -> validity: 0.4800, accuracy: 0.6600, L2: 0.3100, L0: 3.38
Fold 4 - Train: 800 samples, Test: 200 samples
    Bin 15: Remove 15% -> validity: 0.5000, accuracy: 0.6600, L2: 0.3100, L0: 3.38
Fold 4 - Train: 800 samples, Test: 200 samples
    Bin 20: Remove 20% -> validity: 0.4800, accuracy: 0.7400, L2: 0.3100, L0: 3.38
  major_deletion:
Fold 4 - Train: 800 samples, Test: 200 samples
    Bin 0: Remove 0% -> validity: 0.6200, accuracy: 0.6200, L2: 0.3100, L0: 3.38
Fold 4 - Train: 800 samples, Test: 200 samples
    Bin 1: Remove 50% -> validity: 0.4200, accuracy: 0.7200, L2: 0.3100, L0: 3.38
  minor_addition:
Fold 4 - Train: 800 samples, Test: 200 samples
    Bin 0: Use 80% -> validity: 0.5200, accuracy: 0.6800, L2: 0.3100, L0: 3.38
Fold 4 - Train: 800 samples, Test: 200 samples
    Bin 5: Use 85% -> validity: 0.4800, accuracy: 0.6400, L2: 0.3100, L0: 3.38
Fold 4 - Train: 800 samples, Test: 200 samples
    Bin 10: Use 90% -> validity: 0.5000, accuracy: 0.6600, L2: 0.3100, L0: 3.38
Fold 4 - Train: 800 samples, Test: 200 samples
    Bin 15: Use 95% -> validity: 0.5200, accuracy: 0.6800, L2: 0.3100, L0: 3.38
Fold 4 - Train: 800 samples, Test: 200 samples
    Bin 20: Use 100% -> validity: 0.6200, accuracy: 0.6200, L2: 0.3100, L0: 3.38
  major_addition:
Fold 4 - Train: 800 samples, Test: 200 samples
    Bin 0: Use 50% -> validity: 0.4000, accuracy: 0.6600, L2: 0.3100, L0: 3.38
Fold 4 - Train: 800 samples, Test: 200 samples
    Bin 1: Use 100% -> validity: 0.6200, accuracy: 0.6200, L2: 0.3100, L0: 3.38

Testing model perturbations for fold 4...
Fold 4 - Train: 800 samples, Test: 200 samples
  random_forest (3, 100): validity: 0.2000, accuracy: 0.7000, L2: 0.3100, L0: 3.38
Fold 4 - Train: 800 samples, Test: 200 samples
  xgboost (3, 100): validity: 0.5200, accuracy: 0.7800, L2: 0.3100, L0: 3.38
Fold 4 - Train: 800 samples, Test: 200 samples
  lightgbm (3, 100): validity: 0.5600, accuracy: 0.7600, L2: 0.3100, L0: 3.38
Fold 4 - Train: 800 samples, Test: 200 samples
  random_forest (4, 100): validity: 0.5000, accuracy: 0.6600, L2: 0.3100, L0: 3.38
Fold 4 - Train: 800 samples, Test: 200 samples
  xgboost (4, 100): validity: 0.5400, accuracy: 0.7800, L2: 0.3100, L0: 3.38
Fold 4 - Train: 800 samples, Test: 200 samples
  lightgbm (4, 100): validity: 0.5800, accuracy: 0.8600, L2: 0.3100, L0: 3.38
Fold 4 - Train: 800 samples, Test: 200 samples
  random_forest (5, 100): validity: 0.6200, accuracy: 0.6200, L2: 0.3100, L0: 3.38
Fold 4 - Train: 800 samples, Test: 200 samples
  xgboost (5, 100): validity: 0.5600, accuracy: 0.8200, L2: 0.3100, L0: 3.38
Fold 4 - Train: 800 samples, Test: 200 samples
  lightgbm (5, 100): validity: 0.5600, accuracy: 0.8200, L2: 0.3100, L0: 3.38
Fold 4 - Train: 800 samples, Test: 200 samples
  random_forest (6, 100): validity: 0.6200, accuracy: 0.6600, L2: 0.3100, L0: 3.38
Fold 4 - Train: 800 samples, Test: 200 samples
  xgboost (6, 100): validity: 0.5400, accuracy: 0.7800, L2: 0.3100, L0: 3.38
Fold 4 - Train: 800 samples, Test: 200 samples
  lightgbm (6, 100): validity: 0.5400, accuracy: 0.8400, L2: 0.3100, L0: 3.38
Fold 4 - Train: 800 samples, Test: 200 samples
  random_forest (5, 50): validity: 0.6000, accuracy: 0.6400, L2: 0.3100, L0: 3.38
Fold 4 - Train: 800 samples, Test: 200 samples
  xgboost (5, 50): validity: 0.5400, accuracy: 0.7800, L2: 0.3100, L0: 3.38
Fold 4 - Train: 800 samples, Test: 200 samples
  lightgbm (5, 50): validity: 0.4600, accuracy: 0.8200, L2: 0.3100, L0: 3.38
Fold 4 - Train: 800 samples, Test: 200 samples
  random_forest (5, 100): validity: 0.6200, accuracy: 0.6200, L2: 0.3100, L0: 3.38
Fold 4 - Train: 800 samples, Test: 200 samples
  xgboost (5, 100): validity: 0.5600, accuracy: 0.8200, L2: 0.3100, L0: 3.38
Fold 4 - Train: 800 samples, Test: 200 samples
  lightgbm (5, 100): validity: 0.5600, accuracy: 0.8200, L2: 0.3100, L0: 3.38
Fold 4 - Train: 800 samples, Test: 200 samples
  random_forest (5, 150): validity: 0.5600, accuracy: 0.6600, L2: 0.3100, L0: 3.38
Fold 4 - Train: 800 samples, Test: 200 samples
  xgboost (5, 150): validity: 0.5600, accuracy: 0.8200, L2: 0.3100, L0: 3.38
Fold 4 - Train: 800 samples, Test: 200 samples
  lightgbm (5, 150): validity: 0.6000, accuracy: 0.8400, L2: 0.3100, L0: 3.38
Fold 4 - Train: 800 samples, Test: 200 samples
  random_forest (5, 200): validity: 0.5800, accuracy: 0.6600, L2: 0.3100, L0: 3.38
Fold 4 - Train: 800 samples, Test: 200 samples
  xgboost (5, 200): validity: 0.5600, accuracy: 0.7800, L2: 0.3100, L0: 3.38
Fold 4 - Train: 800 samples, Test: 200 samples
  lightgbm (5, 200): validity: 0.5800, accuracy: 0.8800, L2: 0.3100, L0: 3.38
Fold 4 - Train: 800 samples, Test: 200 samples
  adaboost (3, 50): validity: 0.4000, accuracy: 0.7800, L2: 0.3100, L0: 3.38
Fold 4 - Train: 800 samples, Test: 200 samples
  adaboost (3, 100): validity: 0.2800, accuracy: 0.7000, L2: 0.3100, L0: 3.38
Fold 4 - Train: 800 samples, Test: 200 samples
  adaboost (3, 150): validity: 0.3600, accuracy: 0.7600, L2: 0.3100, L0: 3.38
Fold 4 - Train: 800 samples, Test: 200 samples
  adaboost (3, 200): validity: 0.4400, accuracy: 0.7400, L2: 0.3100, L0: 3.38

4. Generating comprehensive summary across all 5 folds...
================================================================================

BASELINE PERFORMANCE ACROSS ALL FOLDS (CEML):
--------------------------------------------------------------------------------
Model Accuracy: 0.7360 ± 0.0092
CF Success Rate: 1.0000 ± 0.0000
CF Validity: 0.7320 ± 0.0863
CF L2 Distance: 0.4248 ± 0.1696
CF L0 Distance: 3.8280 ± 0.7163
CF LOF Score: 0.7360 ± 0.1305
Individual fold model accuracies: ['0.7450', '0.7250', '0.7400', '0.7450', '0.7250']
Individual fold CF success rates: ['1.0000', '1.0000', '1.0000', '1.0000', '1.0000']
Individual fold CF validities: ['0.8600', '0.8000', '0.7000', '0.6800', '0.6200']

DATA PERTURBATION ROBUSTNESS SUMMARY (CEML):
------------------------------------------------------------------------------------------------------------------------------------------------------
Perturbation    Bin   Data         Mean Validity Std Validity Mean Accuracy Std Accuracy Mean L2    Mean L0    Validity Δ  Per-Fold Validities
------------------------------------------------------------------------------------------------------------------------------------------------------
minor_deletion  0     Remove 0%    0.7320        0.0863       0.7320        0.0863       0.4248     3.83       +0.0000     ['0.860', '0.800', '0.700', '0.680', '0.620']
minor_deletion  5     Remove 5%    0.6160        0.0294       0.7400        0.0669       0.4248     3.83       -0.1160     ['0.600', '0.660', '0.580', '0.640', '0.600']
minor_deletion  10    Remove 10%   0.5400        0.0858       0.7360        0.0794       0.4248     3.83       -0.1920     ['0.400', '0.600', '0.600', '0.620', '0.480']
minor_deletion  15    Remove 15%   0.5000        0.0955       0.7280        0.0652       0.4248     3.83       -0.2320     ['0.360', '0.660', '0.480', '0.500', '0.500']
minor_deletion  20    Remove 20%   0.5240        0.0571       0.7480        0.0676       0.4248     3.83       -0.2080     ['0.440', '0.600', '0.540', '0.560', '0.480']
major_deletion  0     Remove 0%    0.7320        0.0863       0.7320        0.0863       0.4248     3.83       +0.0000     ['0.860', '0.800', '0.700', '0.680', '0.620']
major_deletion  1     Remove 50%   0.5240        0.0753       0.7560        0.0543       0.4248     3.83       -0.2080     ['0.620', '0.600', '0.480', '0.500', '0.420']
minor_addition  0     Use 80%      0.5640        0.0662       0.7280        0.0676       0.4248     3.83       -0.1680     ['0.620', '0.640', '0.460', '0.580', '0.520']
minor_addition  5     Use 85%      0.6280        0.0863       0.7320        0.0755       0.4248     3.83       -0.1040     ['0.700', '0.700', '0.580', '0.680', '0.480']
minor_addition  10    Use 90%      0.5520        0.0711       0.7360        0.0889       0.4248     3.83       -0.1800     ['0.620', '0.620', '0.440', '0.580', '0.500']
minor_addition  15    Use 95%      0.5760        0.0862       0.7400        0.0759       0.4248     3.83       -0.1560     ['0.700', '0.660', '0.500', '0.500', '0.520']
minor_addition  20    Use 100%     0.7320        0.0863       0.7320        0.0863       0.4248     3.83       +0.0000     ['0.860', '0.800', '0.700', '0.680', '0.620']
major_addition  0     Use 50%      0.4200        0.0996       0.7280        0.0560       0.4248     3.83       -0.3120     ['0.580', '0.320', '0.320', '0.480', '0.400']
major_addition  1     Use 100%     0.7320        0.0863       0.7320        0.0863       0.4248     3.83       +0.0000     ['0.860', '0.800', '0.700', '0.680', '0.620']

MODEL PERTURBATION ROBUSTNESS SUMMARY (CEML):
------------------------------------------------------------------------------------------------------------------------------------------------------
Model Configuration            Mean Validity Std Validity Mean Accuracy Std Accuracy Mean L2    Mean L0    Validity Δ  Per-Fold Validities
------------------------------------------------------------------------------------------------------------------------------------------------------
random_forest_3_100            0.2040        0.0585       0.7440        0.0543       0.4248     3.83       -0.5280     ['0.140', '0.280', '0.140', '0.260', '0.200']
xgboost_3_100                  0.5760        0.0543       0.7560        0.0388       0.4248     3.83       -0.1560     ['0.640', '0.560', '0.640', '0.520', '0.520']
lightgbm_3_100                 0.5840        0.0528       0.7400        0.0438       0.4248     3.83       -0.1480     ['0.680', '0.580', '0.520', '0.580', '0.560']
random_forest_4_100            0.4440        0.0958       0.7360        0.0794       0.4248     3.83       -0.2880     ['0.520', '0.500', '0.260', '0.440', '0.500']
xgboost_4_100                  0.5640        0.0388       0.7440        0.0265       0.4248     3.83       -0.1680     ['0.620', '0.540', '0.600', '0.520', '0.540']
lightgbm_4_100                 0.5880        0.0371       0.7840        0.0496       0.4248     3.83       -0.1440     ['0.640', '0.620', '0.540', '0.560', '0.580']
random_forest_5_100            0.7320        0.0863       0.7320        0.0863       0.4248     3.83       -0.0000     ['0.860', '0.860', '0.800', '0.800', '0.700', '0.700', '0.680', '0.680', '0.620', '0.620']
xgboost_5_100                  0.5760        0.0265       0.7480        0.0392       0.4248     3.83       -0.1560     ['0.580', '0.580', '0.580', '0.580', '0.620', '0.620', '0.540', '0.540', '0.560', '0.560']
lightgbm_5_100                 0.5720        0.0349       0.7560        0.0344       0.4248     3.83       -0.1600     ['0.560', '0.560', '0.640', '0.640', '0.560', '0.560', '0.540', '0.540', '0.560', '0.560']
random_forest_6_100            0.6680        0.1078       0.7440        0.0742       0.4248     3.83       -0.0640     ['0.840', '0.740', '0.540', '0.600', '0.620']
xgboost_6_100                  0.5480        0.0466       0.7440        0.0367       0.4248     3.83       -0.1840     ['0.620', '0.500', '0.580', '0.500', '0.540']
lightgbm_6_100                 0.5760        0.0233       0.7600        0.0522       0.4248     3.83       -0.1560     ['0.600', '0.580', '0.560', '0.600', '0.540']
random_forest_5_50             0.6480        0.0500       0.7320        0.0806       0.4248     3.83       -0.0840     ['0.620', '0.740', '0.620', '0.660', '0.600']
xgboost_5_50                   0.5760        0.0512       0.7360        0.0463       0.4248     3.83       -0.1560     ['0.640', '0.580', '0.620', '0.500', '0.540']
lightgbm_5_50                  0.5680        0.0688       0.7680        0.0614       0.4248     3.83       -0.1640     ['0.660', '0.620', '0.540', '0.560', '0.460']
random_forest_5_150            0.6480        0.0900       0.7400        0.0769       0.4248     3.83       -0.0840     ['0.800', '0.700', '0.580', '0.600', '0.560']
xgboost_5_150                  0.5720        0.0240       0.7520        0.0412       0.4248     3.83       -0.1600     ['0.600', '0.560', '0.600', '0.540', '0.560']
lightgbm_5_150                 0.5720        0.0349       0.7520        0.0483       0.4248     3.83       -0.1600     ['0.560', '0.620', '0.520', '0.560', '0.600']
random_forest_5_200            0.6600        0.0938       0.7400        0.0769       0.4248     3.83       -0.0720     ['0.840', '0.620', '0.600', '0.660', '0.580']
xgboost_5_200                  0.5600        0.0335       0.7400        0.0379       0.4248     3.83       -0.1720     ['0.620', '0.520', '0.560', '0.540', '0.560']
lightgbm_5_200                 0.5800        0.0400       0.7800        0.0593       0.4248     3.83       -0.1520     ['0.600', '0.640', '0.520', '0.560', '0.580']
adaboost_3_50                  0.3880        0.0412       0.6960        0.0496       0.4248     3.83       -0.3440     ['0.360', '0.380', '0.340', '0.460', '0.400']
adaboost_3_100                 0.3760        0.0625       0.6640        0.0320       0.4248     3.83       -0.3560     ['0.420', '0.380', '0.340', '0.460', '0.280']
adaboost_3_150                 0.4360        0.0852       0.7080        0.0515       0.4248     3.83       -0.2960     ['0.580', '0.340', '0.460', '0.440', '0.360']
adaboost_3_200                 0.4360        0.0983       0.6800        0.0400       0.4248     3.83       -0.2960     ['0.580', '0.280', '0.480', '0.400', '0.440']

================================================================================
COUNTERFACTUAL ROBUSTNESS INSIGHTS (GERMAN CREDIT DATASET - CEML - 5 FOLDS)
================================================================================

[SUMMARY] DATA PERTURBATION INSIGHTS (CEML):
• Most robust to: minor_addition (avg validity change: -0.1216)
• Least robust to: major_deletion (avg validity change: -0.2080)
• Overall data perturbation robustness score: 0.8318 (higher is better)

🤖 MODEL PERTURBATION INSIGHTS (CEML):
• Most robust to: lightgbm (avg validity change: -0.1549)
• Least robust to: adaboost (avg validity change: -0.3230)
• Overall model perturbation robustness score: 0.7994 (higher is better)

🏛️ GERMAN CREDIT DATASET INSIGHTS (CEML):
• Dataset contains heterogeneous features: 4 continuous, 5 categorical
• Categorical features: ['Sex', 'Housing', 'SavingAccounts', 'CheckingAccount', 'Purpose']
• Continuous features: ['Age', 'Job', 'CreditAmount', 'Duration']
• Baseline counterfactual success rate: 100.00% ± 0.000
• Baseline counterfactual validity: 0.7320 ± 0.086
• Baseline model accuracy: 0.7360 ± 0.009
• Used CEML library for optimization-based counterfactual generation
• Results can be compared with DiCE-based analysis for method comparison

================================================================================
🏁 COMPREHENSIVE COUNTERFACTUAL ROBUSTNESS ANALYSIS COMPLETED (CEML)!
================================================================================
[TIME] Completed at: 2025-07-31 00:32:42
[LOG] Complete analysis saved to: cf_robustness_analysis_ceml_v3_20250730_235558.log
🔬 Used CEML library for counterfactual generation
================================================================================
