================================================================================
COUNTERFACTUAL ROBUSTNESS ANALYSIS (CFXPLORER v5) - COMPAS DATASET
================================================================================
[LOG] Logging session to: cf_robustness_analysis_cfxplorer_v5_compas_20250804_200409.log
[TIME] Started at: 2025-08-04 20:04:09
================================================================================

1. Loading dataset...
Original data shape (after removing metadata): (6172, 12)
Dropped 0 rows with missing values
Final data shape: (6172, 12)
Dataset: COMPAS
Label column: Two_yr_Recidivism
Features: 12 features

2. Analysis parameters:
  Number of folds: 5
  Counterfactual method: CFXplorer
Dataset Summary:
Total samples (after cleaning): 6172
Number of features: 11
Label column: Two_yr_Recidivism
Number of folds: 5
Fold Summary:
--------------------------------------------------
Fold 0: Train=4937 samples, Test=1235 samples
Fold 1: Train=4937 samples, Test=1235 samples
Fold 2: Train=4938 samples, Test=1234 samples
Fold 3: Train=4938 samples, Test=1234 samples
Fold 4: Train=4938 samples, Test=1234 samples
--------------------------------------------------

3. Running comprehensive analysis across all 5 folds...
================================================================================

--- FOLD 0 ANALYSIS ---
--------------------------------------------------
Fold 0 - Train: 4937 samples, Test: 1235 samples
Fold 0 - Train: 4937 samples, Test: 1235 samples
Fold 0 data shapes:
  Raw train: (4937, 12)
  Processed - Train: (4937, 12), Test: (1235, 12)
  Training samples: 4937
  Test samples: 1235
  Features: 11
  Class distribution - Train: [2690 2247]
  Class distribution - Test: [673 562]

Training baseline model for fold 0...
  Train accuracy: 0.6956
  Test accuracy: 0.6704
Generating counterfactuals using CFXplorer for fold 0...
Generating counterfactuals using CFXplorer algorithm
Test set size: 1235 samples
TensorFlow default int type: <dtype: 'int64'>
Successfully converted labels to int64 for platform compatibility
Final label dtype: int64 (int64)
Test data shape: (1235, 11), dtype: float32
Train data shape: (4937, 11), dtype: float32
Train labels shape: (4937,), dtype: int64
Re-training model with properly typed data for CFXplorer...
Model prediction test - prediction type: <class 'numpy.int64'>, value: 0
iteration 1
iteration 2
iteration 3
iteration 4
iteration 5
iteration 6
iteration 7
iteration 8
iteration 9
iteration 10
iteration 11
iteration 12
iteration 13
iteration 14
iteration 15
iteration 16
iteration 17
iteration 18
iteration 19
iteration 20
iteration 21
iteration 22
iteration 23
iteration 24
iteration 25
iteration 26
iteration 27
iteration 28
iteration 29
iteration 30
iteration 31
iteration 32
iteration 33
iteration 34
iteration 35
iteration 36
iteration 37
iteration 38
iteration 39
iteration 40
iteration 41
iteration 42
iteration 43
iteration 44
iteration 45
iteration 46
iteration 47
iteration 48
iteration 49
iteration 50
iteration 51
iteration 52
iteration 53
iteration 54
iteration 55
iteration 56
iteration 57
iteration 58
iteration 59
iteration 60
iteration 61
iteration 62
iteration 63
iteration 64
iteration 65
iteration 66
iteration 67
iteration 68
iteration 69
iteration 70
iteration 71
iteration 72
iteration 73
iteration 74
iteration 75
iteration 76
iteration 77
iteration 78
iteration 79
iteration 80
iteration 81
iteration 82
iteration 83
iteration 84
iteration 85
iteration 86
iteration 87
iteration 88
iteration 89
iteration 90
iteration 91
iteration 92
iteration 93
iteration 94
iteration 95
iteration 96
iteration 97
iteration 98
iteration 99
iteration 100
The number of rows that are unchanged ever is 896
The mean distance is 0.06368653220193224
CFXplorer generation completed. Result type: <class 'numpy.ndarray'>
CF array shape: (1235, 11)
CFXplorer counterfactual generation complete:
  Successful: 1235/1235 (100.00%)
  Failed: 0/1235 (0.00%)
  Success rate: 100.00%
  Baseline validity: 0.5231 (646/1235)
  Baseline L2 distance: 0.9831
  Baseline L0 distance: 2.91
  Baseline LOF score: 0.9741

Testing data perturbations for fold 0...
  minor_deletion:
Fold 0 - Train: 4937 samples, Test: 1235 samples
    Bin 0 - Train: 4937 samples, Test: 1235 samples
    Bin 0: Remove 0% -> validity: 0.5231, accuracy: 0.6704
Fold 0 - Train: 4937 samples, Test: 1235 samples
    Bin 5 - Train: 4691 samples, Test: 1235 samples
    Bin 5: Remove 5% -> validity: 0.4883, accuracy: 0.6713
Fold 0 - Train: 4937 samples, Test: 1235 samples
    Bin 10 - Train: 4444 samples, Test: 1235 samples
    Bin 10: Remove 10% -> validity: 0.4947, accuracy: 0.6721
Fold 0 - Train: 4937 samples, Test: 1235 samples
    Bin 15 - Train: 4197 samples, Test: 1235 samples
    Bin 15: Remove 15% -> validity: 0.4883, accuracy: 0.6704
Fold 0 - Train: 4937 samples, Test: 1235 samples
    Bin 20 - Train: 3950 samples, Test: 1235 samples
    Bin 20: Remove 20% -> validity: 0.5036, accuracy: 0.6696
  major_deletion:
Fold 0 - Train: 4937 samples, Test: 1235 samples
    Bin 0 - Train: 4937 samples, Test: 1235 samples
    Bin 0: Remove 0% -> validity: 0.5231, accuracy: 0.6704
Fold 0 - Train: 4937 samples, Test: 1235 samples
    Bin 1 - Train: 2469 samples, Test: 1235 samples
    Bin 1: Remove 50% -> validity: 0.4850, accuracy: 0.6737
  minor_addition:
Fold 0 - Train: 4937 samples, Test: 1235 samples
    Bin 0 - Train: 3949 samples, Test: 1235 samples
    Bin 0: Use 80% -> validity: 0.4219, accuracy: 0.6648
Fold 0 - Train: 4937 samples, Test: 1235 samples
    Bin 5 - Train: 4196 samples, Test: 1235 samples
    Bin 5: Use 85% -> validity: 0.4113, accuracy: 0.6664
Fold 0 - Train: 4937 samples, Test: 1235 samples
    Bin 10 - Train: 4443 samples, Test: 1235 samples
    Bin 10: Use 90% -> validity: 0.4356, accuracy: 0.6696
Fold 0 - Train: 4937 samples, Test: 1235 samples
    Bin 15 - Train: 4690 samples, Test: 1235 samples
    Bin 15: Use 95% -> validity: 0.5045, accuracy: 0.6704
Fold 0 - Train: 4937 samples, Test: 1235 samples
    Bin 20 - Train: 4937 samples, Test: 1235 samples
    Bin 20: Use 100% -> validity: 0.5231, accuracy: 0.6704
  major_addition:
Fold 0 - Train: 4937 samples, Test: 1235 samples
    Bin 0 - Train: 2468 samples, Test: 1235 samples
    Bin 0: Use 50% -> validity: 0.4105, accuracy: 0.6623
Fold 0 - Train: 4937 samples, Test: 1235 samples
    Bin 1 - Train: 4937 samples, Test: 1235 samples
    Bin 1: Use 100% -> validity: 0.5231, accuracy: 0.6704

Testing model perturbations for fold 0...
    random_forest (3, 100) - Train: 4937 samples, Test: 1235 samples
      random_forest (3, 100): validity 0.3903, accuracy 0.6656
    random_forest (4, 100) - Train: 4937 samples, Test: 1235 samples
      random_forest (4, 100): validity 0.4486, accuracy 0.6721
    random_forest (5, 100) - Train: 4937 samples, Test: 1235 samples
      random_forest (5, 100): validity 0.5231, accuracy 0.6704
    random_forest (6, 100) - Train: 4937 samples, Test: 1235 samples
      random_forest (6, 100): validity 0.4591, accuracy 0.6745
    random_forest (5, 50) - Train: 4937 samples, Test: 1235 samples
      random_forest (5, 50): validity 0.4980, accuracy 0.6745
    random_forest (5, 100) - Train: 4937 samples, Test: 1235 samples
      random_forest (5, 100): validity 0.5231, accuracy 0.6704
    random_forest (5, 150) - Train: 4937 samples, Test: 1235 samples
      random_forest (5, 150): validity 0.4826, accuracy 0.6729
    random_forest (5, 200) - Train: 4937 samples, Test: 1235 samples
      random_forest (5, 200): validity 0.5020, accuracy 0.6704

--- FOLD 1 ANALYSIS ---
--------------------------------------------------
Fold 1 - Train: 4937 samples, Test: 1235 samples
Fold 1 - Train: 4937 samples, Test: 1235 samples
Fold 1 data shapes:
  Raw train: (4937, 12)
  Processed - Train: (4937, 12), Test: (1235, 12)
  Training samples: 4937
  Test samples: 1235
  Features: 11
  Class distribution - Train: [2690 2247]
  Class distribution - Test: [673 562]

Training baseline model for fold 1...
  Train accuracy: 0.6933
  Test accuracy: 0.6947
Generating counterfactuals using CFXplorer for fold 1...
Generating counterfactuals using CFXplorer algorithm
Test set size: 1235 samples
TensorFlow default int type: <dtype: 'int64'>
Successfully converted labels to int64 for platform compatibility
Final label dtype: int64 (int64)
Test data shape: (1235, 11), dtype: float32
Train data shape: (4937, 11), dtype: float32
Train labels shape: (4937,), dtype: int64
Re-training model with properly typed data for CFXplorer...
Model prediction test - prediction type: <class 'numpy.int64'>, value: 0
iteration 1
Error in CFXplorer counterfactual generation: 'The optimizer cannot recognize variable perturbed_features:0. This usually means you are trying to call the optimizer to update different parts of the model separately. Please call `optimizer.build(variables)` with the full list of trainable variables before the training loop or use legacy optimizer `tf.keras.optimizers.legacy.Adam.'
Full traceback:
Traceback (most recent call last):
  File "/home/vinura/tree_robustness/CFRobustness-of-Trees/cfxplorer/cf_robustness_analysis_cfxplorer_v5_compas.py", line 172, in generate_counterfactuals_cfxplorer
    cf_array = focus.generate(model_copy, x_test_array)
  File "/home/vinura/miniconda3/envs/cs9875/lib/python3.9/site-packages/cfxplorer/focus.py", line 174, in generate
    self.optimizer.apply_gradients(
  File "/home/vinura/miniconda3/envs/cs9875/lib/python3.9/site-packages/keras/src/optimizers/optimizer.py", line 1230, in apply_gradients
    return super().apply_gradients(grads_and_vars, name=name)
  File "/home/vinura/miniconda3/envs/cs9875/lib/python3.9/site-packages/keras/src/optimizers/optimizer.py", line 652, in apply_gradients
    iteration = self._internal_apply_gradients(grads_and_vars)
  File "/home/vinura/miniconda3/envs/cs9875/lib/python3.9/site-packages/keras/src/optimizers/optimizer.py", line 1260, in _internal_apply_gradients
    return tf.__internal__.distribute.interim.maybe_merge_call(
  File "/home/vinura/miniconda3/envs/cs9875/lib/python3.9/site-packages/tensorflow/python/distribute/merge_call_interim.py", line 51, in maybe_merge_call
    return fn(strategy, *args, **kwargs)
  File "/home/vinura/miniconda3/envs/cs9875/lib/python3.9/site-packages/keras/src/optimizers/optimizer.py", line 1352, in _distributed_apply_gradients_fn
    distribution.extended.update(
  File "/home/vinura/miniconda3/envs/cs9875/lib/python3.9/site-packages/tensorflow/python/distribute/distribute_lib.py", line 2992, in update
    return self._update(var, fn, args, kwargs, group)
  File "/home/vinura/miniconda3/envs/cs9875/lib/python3.9/site-packages/tensorflow/python/distribute/distribute_lib.py", line 4062, in _update
    return self._update_non_slot(var, fn, (var,) + tuple(args), kwargs, group)
  File "/home/vinura/miniconda3/envs/cs9875/lib/python3.9/site-packages/tensorflow/python/distribute/distribute_lib.py", line 4068, in _update_non_slot
    result = fn(*args, **kwargs)
  File "/home/vinura/miniconda3/envs/cs9875/lib/python3.9/site-packages/tensorflow/python/autograph/impl/api.py", line 596, in wrapper
    return func(*args, **kwargs)
  File "/home/vinura/miniconda3/envs/cs9875/lib/python3.9/site-packages/keras/src/optimizers/optimizer.py", line 1349, in apply_grad_to_update_var
    return self._update_step(grad, var)
  File "/home/vinura/miniconda3/envs/cs9875/lib/python3.9/site-packages/keras/src/optimizers/optimizer.py", line 233, in _update_step
    raise KeyError(
KeyError: 'The optimizer cannot recognize variable perturbed_features:0. This usually means you are trying to call the optimizer to update different parts of the model separately. Please call `optimizer.build(variables)` with the full list of trainable variables before the training loop or use legacy optimizer `tf.keras.optimizers.legacy.Adam.'
No successful counterfactuals to validate
  Success rate: 0.00%
  Baseline validity: 0.0000 (0/0)
  Baseline L2 distance: 0.0000
  Baseline L0 distance: 0.00
  Baseline LOF score: 0.0000

Testing data perturbations for fold 1...
  minor_deletion:
Fold 1 - Train: 4937 samples, Test: 1235 samples
    Bin 0 - Train: 4937 samples, Test: 1235 samples
No successful counterfactuals to validate
    Bin 0: Remove 0% -> validity: 0.0000, accuracy: 0.6947
Fold 1 - Train: 4937 samples, Test: 1235 samples
    Bin 5 - Train: 4691 samples, Test: 1235 samples
No successful counterfactuals to validate
    Bin 5: Remove 5% -> validity: 0.0000, accuracy: 0.6931
Fold 1 - Train: 4937 samples, Test: 1235 samples
    Bin 10 - Train: 4444 samples, Test: 1235 samples
No successful counterfactuals to validate
    Bin 10: Remove 10% -> validity: 0.0000, accuracy: 0.6964
Fold 1 - Train: 4937 samples, Test: 1235 samples
    Bin 15 - Train: 4197 samples, Test: 1235 samples
No successful counterfactuals to validate
    Bin 15: Remove 15% -> validity: 0.0000, accuracy: 0.6907
Fold 1 - Train: 4937 samples, Test: 1235 samples
    Bin 20 - Train: 3950 samples, Test: 1235 samples
No successful counterfactuals to validate
    Bin 20: Remove 20% -> validity: 0.0000, accuracy: 0.6923
  major_deletion:
Fold 1 - Train: 4937 samples, Test: 1235 samples
    Bin 0 - Train: 4937 samples, Test: 1235 samples
No successful counterfactuals to validate
    Bin 0: Remove 0% -> validity: 0.0000, accuracy: 0.6947
Fold 1 - Train: 4937 samples, Test: 1235 samples
    Bin 1 - Train: 2469 samples, Test: 1235 samples
No successful counterfactuals to validate
    Bin 1: Remove 50% -> validity: 0.0000, accuracy: 0.6915
  minor_addition:
Fold 1 - Train: 4937 samples, Test: 1235 samples
    Bin 0 - Train: 3949 samples, Test: 1235 samples
No successful counterfactuals to validate
    Bin 0: Use 80% -> validity: 0.0000, accuracy: 0.6947
Fold 1 - Train: 4937 samples, Test: 1235 samples
    Bin 5 - Train: 4196 samples, Test: 1235 samples
No successful counterfactuals to validate
    Bin 5: Use 85% -> validity: 0.0000, accuracy: 0.6972
Fold 1 - Train: 4937 samples, Test: 1235 samples
    Bin 10 - Train: 4443 samples, Test: 1235 samples
No successful counterfactuals to validate
    Bin 10: Use 90% -> validity: 0.0000, accuracy: 0.6980
Fold 1 - Train: 4937 samples, Test: 1235 samples
    Bin 15 - Train: 4690 samples, Test: 1235 samples
No successful counterfactuals to validate
    Bin 15: Use 95% -> validity: 0.0000, accuracy: 0.6915
Fold 1 - Train: 4937 samples, Test: 1235 samples
    Bin 20 - Train: 4937 samples, Test: 1235 samples
No successful counterfactuals to validate
    Bin 20: Use 100% -> validity: 0.0000, accuracy: 0.6947
  major_addition:
Fold 1 - Train: 4937 samples, Test: 1235 samples
    Bin 0 - Train: 2468 samples, Test: 1235 samples
No successful counterfactuals to validate
    Bin 0: Use 50% -> validity: 0.0000, accuracy: 0.6907
Fold 1 - Train: 4937 samples, Test: 1235 samples
    Bin 1 - Train: 4937 samples, Test: 1235 samples
No successful counterfactuals to validate
    Bin 1: Use 100% -> validity: 0.0000, accuracy: 0.6947

Testing model perturbations for fold 1...
    random_forest (3, 100) - Train: 4937 samples, Test: 1235 samples
No successful counterfactuals to validate
      random_forest (3, 100): validity 0.0000, accuracy 0.6980
    random_forest (4, 100) - Train: 4937 samples, Test: 1235 samples
No successful counterfactuals to validate
      random_forest (4, 100): validity 0.0000, accuracy 0.6988
    random_forest (5, 100) - Train: 4937 samples, Test: 1235 samples
No successful counterfactuals to validate
      random_forest (5, 100): validity 0.0000, accuracy 0.6947
    random_forest (6, 100) - Train: 4937 samples, Test: 1235 samples
No successful counterfactuals to validate
      random_forest (6, 100): validity 0.0000, accuracy 0.6955
    random_forest (5, 50) - Train: 4937 samples, Test: 1235 samples
No successful counterfactuals to validate
      random_forest (5, 50): validity 0.0000, accuracy 0.6939
    random_forest (5, 100) - Train: 4937 samples, Test: 1235 samples
No successful counterfactuals to validate
      random_forest (5, 100): validity 0.0000, accuracy 0.6947
    random_forest (5, 150) - Train: 4937 samples, Test: 1235 samples
No successful counterfactuals to validate
      random_forest (5, 150): validity 0.0000, accuracy 0.6931
    random_forest (5, 200) - Train: 4937 samples, Test: 1235 samples
No successful counterfactuals to validate
      random_forest (5, 200): validity 0.0000, accuracy 0.6923

--- FOLD 2 ANALYSIS ---
--------------------------------------------------
Fold 2 - Train: 4938 samples, Test: 1234 samples
Fold 2 - Train: 4938 samples, Test: 1234 samples
Fold 2 data shapes:
  Raw train: (4938, 12)
  Processed - Train: (4938, 12), Test: (1234, 12)
  Training samples: 4938
  Test samples: 1234
  Features: 11
  Class distribution - Train: [2690 2248]
  Class distribution - Test: [673 561]

Training baseline model for fold 2...
  Train accuracy: 0.6932
  Test accuracy: 0.6896
Generating counterfactuals using CFXplorer for fold 2...
Generating counterfactuals using CFXplorer algorithm
Test set size: 1234 samples
TensorFlow default int type: <dtype: 'int64'>
Successfully converted labels to int64 for platform compatibility
Final label dtype: int64 (int64)
Test data shape: (1234, 11), dtype: float32
Train data shape: (4938, 11), dtype: float32
Train labels shape: (4938,), dtype: int64
Re-training model with properly typed data for CFXplorer...
Model prediction test - prediction type: <class 'numpy.int64'>, value: 0
iteration 1
Error in CFXplorer counterfactual generation: 'The optimizer cannot recognize variable perturbed_features:0. This usually means you are trying to call the optimizer to update different parts of the model separately. Please call `optimizer.build(variables)` with the full list of trainable variables before the training loop or use legacy optimizer `tf.keras.optimizers.legacy.Adam.'
Full traceback:
Traceback (most recent call last):
  File "/home/vinura/tree_robustness/CFRobustness-of-Trees/cfxplorer/cf_robustness_analysis_cfxplorer_v5_compas.py", line 172, in generate_counterfactuals_cfxplorer
    cf_array = focus.generate(model_copy, x_test_array)
  File "/home/vinura/miniconda3/envs/cs9875/lib/python3.9/site-packages/cfxplorer/focus.py", line 174, in generate
    self.optimizer.apply_gradients(
  File "/home/vinura/miniconda3/envs/cs9875/lib/python3.9/site-packages/keras/src/optimizers/optimizer.py", line 1230, in apply_gradients
    return super().apply_gradients(grads_and_vars, name=name)
  File "/home/vinura/miniconda3/envs/cs9875/lib/python3.9/site-packages/keras/src/optimizers/optimizer.py", line 652, in apply_gradients
    iteration = self._internal_apply_gradients(grads_and_vars)
  File "/home/vinura/miniconda3/envs/cs9875/lib/python3.9/site-packages/keras/src/optimizers/optimizer.py", line 1260, in _internal_apply_gradients
    return tf.__internal__.distribute.interim.maybe_merge_call(
  File "/home/vinura/miniconda3/envs/cs9875/lib/python3.9/site-packages/tensorflow/python/distribute/merge_call_interim.py", line 51, in maybe_merge_call
    return fn(strategy, *args, **kwargs)
  File "/home/vinura/miniconda3/envs/cs9875/lib/python3.9/site-packages/keras/src/optimizers/optimizer.py", line 1352, in _distributed_apply_gradients_fn
    distribution.extended.update(
  File "/home/vinura/miniconda3/envs/cs9875/lib/python3.9/site-packages/tensorflow/python/distribute/distribute_lib.py", line 2992, in update
    return self._update(var, fn, args, kwargs, group)
  File "/home/vinura/miniconda3/envs/cs9875/lib/python3.9/site-packages/tensorflow/python/distribute/distribute_lib.py", line 4062, in _update
    return self._update_non_slot(var, fn, (var,) + tuple(args), kwargs, group)
  File "/home/vinura/miniconda3/envs/cs9875/lib/python3.9/site-packages/tensorflow/python/distribute/distribute_lib.py", line 4068, in _update_non_slot
    result = fn(*args, **kwargs)
  File "/home/vinura/miniconda3/envs/cs9875/lib/python3.9/site-packages/tensorflow/python/autograph/impl/api.py", line 596, in wrapper
    return func(*args, **kwargs)
  File "/home/vinura/miniconda3/envs/cs9875/lib/python3.9/site-packages/keras/src/optimizers/optimizer.py", line 1349, in apply_grad_to_update_var
    return self._update_step(grad, var)
  File "/home/vinura/miniconda3/envs/cs9875/lib/python3.9/site-packages/keras/src/optimizers/optimizer.py", line 233, in _update_step
    raise KeyError(
KeyError: 'The optimizer cannot recognize variable perturbed_features:0. This usually means you are trying to call the optimizer to update different parts of the model separately. Please call `optimizer.build(variables)` with the full list of trainable variables before the training loop or use legacy optimizer `tf.keras.optimizers.legacy.Adam.'
No successful counterfactuals to validate
  Success rate: 0.00%
  Baseline validity: 0.0000 (0/0)
  Baseline L2 distance: 0.0000
  Baseline L0 distance: 0.00
  Baseline LOF score: 0.0000

Testing data perturbations for fold 2...
  minor_deletion:
Fold 2 - Train: 4938 samples, Test: 1234 samples
    Bin 0 - Train: 4938 samples, Test: 1234 samples
No successful counterfactuals to validate
    Bin 0: Remove 0% -> validity: 0.0000, accuracy: 0.6896
Fold 2 - Train: 4938 samples, Test: 1234 samples
    Bin 5 - Train: 4692 samples, Test: 1234 samples
No successful counterfactuals to validate
    Bin 5: Remove 5% -> validity: 0.0000, accuracy: 0.6961
Fold 2 - Train: 4938 samples, Test: 1234 samples
    Bin 10 - Train: 4445 samples, Test: 1234 samples
No successful counterfactuals to validate
    Bin 10: Remove 10% -> validity: 0.0000, accuracy: 0.6888
Fold 2 - Train: 4938 samples, Test: 1234 samples
    Bin 15 - Train: 4198 samples, Test: 1234 samples
No successful counterfactuals to validate
    Bin 15: Remove 15% -> validity: 0.0000, accuracy: 0.6856
Fold 2 - Train: 4938 samples, Test: 1234 samples
    Bin 20 - Train: 3951 samples, Test: 1234 samples
No successful counterfactuals to validate
    Bin 20: Remove 20% -> validity: 0.0000, accuracy: 0.6912
  major_deletion:
Fold 2 - Train: 4938 samples, Test: 1234 samples
    Bin 0 - Train: 4938 samples, Test: 1234 samples
No successful counterfactuals to validate
    Bin 0: Remove 0% -> validity: 0.0000, accuracy: 0.6896
Fold 2 - Train: 4938 samples, Test: 1234 samples
    Bin 1 - Train: 2469 samples, Test: 1234 samples
No successful counterfactuals to validate
    Bin 1: Remove 50% -> validity: 0.0000, accuracy: 0.6977
  minor_addition:
Fold 2 - Train: 4938 samples, Test: 1234 samples
    Bin 0 - Train: 3950 samples, Test: 1234 samples
No successful counterfactuals to validate
    Bin 0: Use 80% -> validity: 0.0000, accuracy: 0.6799
Fold 2 - Train: 4938 samples, Test: 1234 samples
    Bin 5 - Train: 4197 samples, Test: 1234 samples
No successful counterfactuals to validate
    Bin 5: Use 85% -> validity: 0.0000, accuracy: 0.6807
Fold 2 - Train: 4938 samples, Test: 1234 samples
    Bin 10 - Train: 4444 samples, Test: 1234 samples
No successful counterfactuals to validate
    Bin 10: Use 90% -> validity: 0.0000, accuracy: 0.6848
Fold 2 - Train: 4938 samples, Test: 1234 samples
    Bin 15 - Train: 4691 samples, Test: 1234 samples
No successful counterfactuals to validate
    Bin 15: Use 95% -> validity: 0.0000, accuracy: 0.6904
Fold 2 - Train: 4938 samples, Test: 1234 samples
    Bin 20 - Train: 4938 samples, Test: 1234 samples
No successful counterfactuals to validate
    Bin 20: Use 100% -> validity: 0.0000, accuracy: 0.6896
  major_addition:
Fold 2 - Train: 4938 samples, Test: 1234 samples
    Bin 0 - Train: 2469 samples, Test: 1234 samples
No successful counterfactuals to validate
    Bin 0: Use 50% -> validity: 0.0000, accuracy: 0.6815
Fold 2 - Train: 4938 samples, Test: 1234 samples
    Bin 1 - Train: 4938 samples, Test: 1234 samples
No successful counterfactuals to validate
    Bin 1: Use 100% -> validity: 0.0000, accuracy: 0.6896

Testing model perturbations for fold 2...
    random_forest (3, 100) - Train: 4938 samples, Test: 1234 samples
No successful counterfactuals to validate
      random_forest (3, 100): validity 0.0000, accuracy 0.6799
    random_forest (4, 100) - Train: 4938 samples, Test: 1234 samples
No successful counterfactuals to validate
      random_forest (4, 100): validity 0.0000, accuracy 0.6807
    random_forest (5, 100) - Train: 4938 samples, Test: 1234 samples
No successful counterfactuals to validate
      random_forest (5, 100): validity 0.0000, accuracy 0.6896
    random_forest (6, 100) - Train: 4938 samples, Test: 1234 samples
No successful counterfactuals to validate
      random_forest (6, 100): validity 0.0000, accuracy 0.6961
    random_forest (5, 50) - Train: 4938 samples, Test: 1234 samples
No successful counterfactuals to validate
      random_forest (5, 50): validity 0.0000, accuracy 0.6912
    random_forest (5, 100) - Train: 4938 samples, Test: 1234 samples
No successful counterfactuals to validate
      random_forest (5, 100): validity 0.0000, accuracy 0.6896
    random_forest (5, 150) - Train: 4938 samples, Test: 1234 samples
No successful counterfactuals to validate
      random_forest (5, 150): validity 0.0000, accuracy 0.6929
    random_forest (5, 200) - Train: 4938 samples, Test: 1234 samples
No successful counterfactuals to validate
      random_forest (5, 200): validity 0.0000, accuracy 0.6896

--- FOLD 3 ANALYSIS ---
--------------------------------------------------
Fold 3 - Train: 4938 samples, Test: 1234 samples
Fold 3 - Train: 4938 samples, Test: 1234 samples
Fold 3 data shapes:
  Raw train: (4938, 12)
  Processed - Train: (4938, 12), Test: (1234, 12)
  Training samples: 4938
  Test samples: 1234
  Features: 11
  Class distribution - Train: [2691 2247]
  Class distribution - Test: [672 562]

Training baseline model for fold 3...
  Train accuracy: 0.6981
  Test accuracy: 0.6767
Generating counterfactuals using CFXplorer for fold 3...
Generating counterfactuals using CFXplorer algorithm
Test set size: 1234 samples
TensorFlow default int type: <dtype: 'int64'>
Successfully converted labels to int64 for platform compatibility
Final label dtype: int64 (int64)
Test data shape: (1234, 11), dtype: float32
Train data shape: (4938, 11), dtype: float32
Train labels shape: (4938,), dtype: int64
Re-training model with properly typed data for CFXplorer...
Model prediction test - prediction type: <class 'numpy.int64'>, value: 0
iteration 1
Error in CFXplorer counterfactual generation: 'The optimizer cannot recognize variable perturbed_features:0. This usually means you are trying to call the optimizer to update different parts of the model separately. Please call `optimizer.build(variables)` with the full list of trainable variables before the training loop or use legacy optimizer `tf.keras.optimizers.legacy.Adam.'
Full traceback:
Traceback (most recent call last):
  File "/home/vinura/tree_robustness/CFRobustness-of-Trees/cfxplorer/cf_robustness_analysis_cfxplorer_v5_compas.py", line 172, in generate_counterfactuals_cfxplorer
    cf_array = focus.generate(model_copy, x_test_array)
  File "/home/vinura/miniconda3/envs/cs9875/lib/python3.9/site-packages/cfxplorer/focus.py", line 174, in generate
    self.optimizer.apply_gradients(
  File "/home/vinura/miniconda3/envs/cs9875/lib/python3.9/site-packages/keras/src/optimizers/optimizer.py", line 1230, in apply_gradients
    return super().apply_gradients(grads_and_vars, name=name)
  File "/home/vinura/miniconda3/envs/cs9875/lib/python3.9/site-packages/keras/src/optimizers/optimizer.py", line 652, in apply_gradients
    iteration = self._internal_apply_gradients(grads_and_vars)
  File "/home/vinura/miniconda3/envs/cs9875/lib/python3.9/site-packages/keras/src/optimizers/optimizer.py", line 1260, in _internal_apply_gradients
    return tf.__internal__.distribute.interim.maybe_merge_call(
  File "/home/vinura/miniconda3/envs/cs9875/lib/python3.9/site-packages/tensorflow/python/distribute/merge_call_interim.py", line 51, in maybe_merge_call
    return fn(strategy, *args, **kwargs)
  File "/home/vinura/miniconda3/envs/cs9875/lib/python3.9/site-packages/keras/src/optimizers/optimizer.py", line 1352, in _distributed_apply_gradients_fn
    distribution.extended.update(
  File "/home/vinura/miniconda3/envs/cs9875/lib/python3.9/site-packages/tensorflow/python/distribute/distribute_lib.py", line 2992, in update
    return self._update(var, fn, args, kwargs, group)
  File "/home/vinura/miniconda3/envs/cs9875/lib/python3.9/site-packages/tensorflow/python/distribute/distribute_lib.py", line 4062, in _update
    return self._update_non_slot(var, fn, (var,) + tuple(args), kwargs, group)
  File "/home/vinura/miniconda3/envs/cs9875/lib/python3.9/site-packages/tensorflow/python/distribute/distribute_lib.py", line 4068, in _update_non_slot
    result = fn(*args, **kwargs)
  File "/home/vinura/miniconda3/envs/cs9875/lib/python3.9/site-packages/tensorflow/python/autograph/impl/api.py", line 596, in wrapper
    return func(*args, **kwargs)
  File "/home/vinura/miniconda3/envs/cs9875/lib/python3.9/site-packages/keras/src/optimizers/optimizer.py", line 1349, in apply_grad_to_update_var
    return self._update_step(grad, var)
  File "/home/vinura/miniconda3/envs/cs9875/lib/python3.9/site-packages/keras/src/optimizers/optimizer.py", line 233, in _update_step
    raise KeyError(
KeyError: 'The optimizer cannot recognize variable perturbed_features:0. This usually means you are trying to call the optimizer to update different parts of the model separately. Please call `optimizer.build(variables)` with the full list of trainable variables before the training loop or use legacy optimizer `tf.keras.optimizers.legacy.Adam.'
No successful counterfactuals to validate
  Success rate: 0.00%
  Baseline validity: 0.0000 (0/0)
  Baseline L2 distance: 0.0000
  Baseline L0 distance: 0.00
  Baseline LOF score: 0.0000

Testing data perturbations for fold 3...
  minor_deletion:
Fold 3 - Train: 4938 samples, Test: 1234 samples
    Bin 0 - Train: 4938 samples, Test: 1234 samples
No successful counterfactuals to validate
    Bin 0: Remove 0% -> validity: 0.0000, accuracy: 0.6767
Fold 3 - Train: 4938 samples, Test: 1234 samples
    Bin 5 - Train: 4692 samples, Test: 1234 samples
No successful counterfactuals to validate
    Bin 5: Remove 5% -> validity: 0.0000, accuracy: 0.6823
Fold 3 - Train: 4938 samples, Test: 1234 samples
    Bin 10 - Train: 4445 samples, Test: 1234 samples
No successful counterfactuals to validate
    Bin 10: Remove 10% -> validity: 0.0000, accuracy: 0.6791
Fold 3 - Train: 4938 samples, Test: 1234 samples
    Bin 15 - Train: 4198 samples, Test: 1234 samples
No successful counterfactuals to validate
    Bin 15: Remove 15% -> validity: 0.0000, accuracy: 0.6734
Fold 3 - Train: 4938 samples, Test: 1234 samples
    Bin 20 - Train: 3951 samples, Test: 1234 samples
No successful counterfactuals to validate
    Bin 20: Remove 20% -> validity: 0.0000, accuracy: 0.6734
  major_deletion:
Fold 3 - Train: 4938 samples, Test: 1234 samples
    Bin 0 - Train: 4938 samples, Test: 1234 samples
No successful counterfactuals to validate
    Bin 0: Remove 0% -> validity: 0.0000, accuracy: 0.6767
Fold 3 - Train: 4938 samples, Test: 1234 samples
    Bin 1 - Train: 2469 samples, Test: 1234 samples
No successful counterfactuals to validate
    Bin 1: Remove 50% -> validity: 0.0000, accuracy: 0.6759
  minor_addition:
Fold 3 - Train: 4938 samples, Test: 1234 samples
    Bin 0 - Train: 3950 samples, Test: 1234 samples
No successful counterfactuals to validate
    Bin 0: Use 80% -> validity: 0.0000, accuracy: 0.6750
Fold 3 - Train: 4938 samples, Test: 1234 samples
    Bin 5 - Train: 4197 samples, Test: 1234 samples
No successful counterfactuals to validate
    Bin 5: Use 85% -> validity: 0.0000, accuracy: 0.6799
Fold 3 - Train: 4938 samples, Test: 1234 samples
    Bin 10 - Train: 4444 samples, Test: 1234 samples
No successful counterfactuals to validate
    Bin 10: Use 90% -> validity: 0.0000, accuracy: 0.6799
Fold 3 - Train: 4938 samples, Test: 1234 samples
    Bin 15 - Train: 4691 samples, Test: 1234 samples
No successful counterfactuals to validate
    Bin 15: Use 95% -> validity: 0.0000, accuracy: 0.6791
Fold 3 - Train: 4938 samples, Test: 1234 samples
    Bin 20 - Train: 4938 samples, Test: 1234 samples
No successful counterfactuals to validate
    Bin 20: Use 100% -> validity: 0.0000, accuracy: 0.6767
  major_addition:
Fold 3 - Train: 4938 samples, Test: 1234 samples
    Bin 0 - Train: 2469 samples, Test: 1234 samples
No successful counterfactuals to validate
    Bin 0: Use 50% -> validity: 0.0000, accuracy: 0.6775
Fold 3 - Train: 4938 samples, Test: 1234 samples
    Bin 1 - Train: 4938 samples, Test: 1234 samples
No successful counterfactuals to validate
    Bin 1: Use 100% -> validity: 0.0000, accuracy: 0.6767

Testing model perturbations for fold 3...
    random_forest (3, 100) - Train: 4938 samples, Test: 1234 samples
No successful counterfactuals to validate
      random_forest (3, 100): validity 0.0000, accuracy 0.6572
    random_forest (4, 100) - Train: 4938 samples, Test: 1234 samples
No successful counterfactuals to validate
      random_forest (4, 100): validity 0.0000, accuracy 0.6645
    random_forest (5, 100) - Train: 4938 samples, Test: 1234 samples
No successful counterfactuals to validate
      random_forest (5, 100): validity 0.0000, accuracy 0.6767
    random_forest (6, 100) - Train: 4938 samples, Test: 1234 samples
No successful counterfactuals to validate
      random_forest (6, 100): validity 0.0000, accuracy 0.6767
    random_forest (5, 50) - Train: 4938 samples, Test: 1234 samples
No successful counterfactuals to validate
      random_forest (5, 50): validity 0.0000, accuracy 0.6775
    random_forest (5, 100) - Train: 4938 samples, Test: 1234 samples
No successful counterfactuals to validate
      random_forest (5, 100): validity 0.0000, accuracy 0.6767
    random_forest (5, 150) - Train: 4938 samples, Test: 1234 samples
No successful counterfactuals to validate
      random_forest (5, 150): validity 0.0000, accuracy 0.6775
    random_forest (5, 200) - Train: 4938 samples, Test: 1234 samples
No successful counterfactuals to validate
      random_forest (5, 200): validity 0.0000, accuracy 0.6799

--- FOLD 4 ANALYSIS ---
--------------------------------------------------
Fold 4 - Train: 4938 samples, Test: 1234 samples
Fold 4 - Train: 4938 samples, Test: 1234 samples
Fold 4 data shapes:
  Raw train: (4938, 12)
  Processed - Train: (4938, 12), Test: (1234, 12)
  Training samples: 4938
  Test samples: 1234
  Features: 11
  Class distribution - Train: [2691 2247]
  Class distribution - Test: [672 562]

Training baseline model for fold 4...
  Train accuracy: 0.6920
  Test accuracy: 0.6904
Generating counterfactuals using CFXplorer for fold 4...
Generating counterfactuals using CFXplorer algorithm
Test set size: 1234 samples
TensorFlow default int type: <dtype: 'int64'>
Successfully converted labels to int64 for platform compatibility
Final label dtype: int64 (int64)
Test data shape: (1234, 11), dtype: float32
Train data shape: (4938, 11), dtype: float32
Train labels shape: (4938,), dtype: int64
Re-training model with properly typed data for CFXplorer...
Model prediction test - prediction type: <class 'numpy.int64'>, value: 0
iteration 1
Error in CFXplorer counterfactual generation: 'The optimizer cannot recognize variable perturbed_features:0. This usually means you are trying to call the optimizer to update different parts of the model separately. Please call `optimizer.build(variables)` with the full list of trainable variables before the training loop or use legacy optimizer `tf.keras.optimizers.legacy.Adam.'
Full traceback:
Traceback (most recent call last):
  File "/home/vinura/tree_robustness/CFRobustness-of-Trees/cfxplorer/cf_robustness_analysis_cfxplorer_v5_compas.py", line 172, in generate_counterfactuals_cfxplorer
    cf_array = focus.generate(model_copy, x_test_array)
  File "/home/vinura/miniconda3/envs/cs9875/lib/python3.9/site-packages/cfxplorer/focus.py", line 174, in generate
    self.optimizer.apply_gradients(
  File "/home/vinura/miniconda3/envs/cs9875/lib/python3.9/site-packages/keras/src/optimizers/optimizer.py", line 1230, in apply_gradients
    return super().apply_gradients(grads_and_vars, name=name)
  File "/home/vinura/miniconda3/envs/cs9875/lib/python3.9/site-packages/keras/src/optimizers/optimizer.py", line 652, in apply_gradients
    iteration = self._internal_apply_gradients(grads_and_vars)
  File "/home/vinura/miniconda3/envs/cs9875/lib/python3.9/site-packages/keras/src/optimizers/optimizer.py", line 1260, in _internal_apply_gradients
    return tf.__internal__.distribute.interim.maybe_merge_call(
  File "/home/vinura/miniconda3/envs/cs9875/lib/python3.9/site-packages/tensorflow/python/distribute/merge_call_interim.py", line 51, in maybe_merge_call
    return fn(strategy, *args, **kwargs)
  File "/home/vinura/miniconda3/envs/cs9875/lib/python3.9/site-packages/keras/src/optimizers/optimizer.py", line 1352, in _distributed_apply_gradients_fn
    distribution.extended.update(
  File "/home/vinura/miniconda3/envs/cs9875/lib/python3.9/site-packages/tensorflow/python/distribute/distribute_lib.py", line 2992, in update
    return self._update(var, fn, args, kwargs, group)
  File "/home/vinura/miniconda3/envs/cs9875/lib/python3.9/site-packages/tensorflow/python/distribute/distribute_lib.py", line 4062, in _update
    return self._update_non_slot(var, fn, (var,) + tuple(args), kwargs, group)
  File "/home/vinura/miniconda3/envs/cs9875/lib/python3.9/site-packages/tensorflow/python/distribute/distribute_lib.py", line 4068, in _update_non_slot
    result = fn(*args, **kwargs)
  File "/home/vinura/miniconda3/envs/cs9875/lib/python3.9/site-packages/tensorflow/python/autograph/impl/api.py", line 596, in wrapper
    return func(*args, **kwargs)
  File "/home/vinura/miniconda3/envs/cs9875/lib/python3.9/site-packages/keras/src/optimizers/optimizer.py", line 1349, in apply_grad_to_update_var
    return self._update_step(grad, var)
  File "/home/vinura/miniconda3/envs/cs9875/lib/python3.9/site-packages/keras/src/optimizers/optimizer.py", line 233, in _update_step
    raise KeyError(
KeyError: 'The optimizer cannot recognize variable perturbed_features:0. This usually means you are trying to call the optimizer to update different parts of the model separately. Please call `optimizer.build(variables)` with the full list of trainable variables before the training loop or use legacy optimizer `tf.keras.optimizers.legacy.Adam.'
No successful counterfactuals to validate
  Success rate: 0.00%
  Baseline validity: 0.0000 (0/0)
  Baseline L2 distance: 0.0000
  Baseline L0 distance: 0.00
  Baseline LOF score: 0.0000

Testing data perturbations for fold 4...
  minor_deletion:
Fold 4 - Train: 4938 samples, Test: 1234 samples
    Bin 0 - Train: 4938 samples, Test: 1234 samples
No successful counterfactuals to validate
    Bin 0: Remove 0% -> validity: 0.0000, accuracy: 0.6904
Fold 4 - Train: 4938 samples, Test: 1234 samples
    Bin 5 - Train: 4692 samples, Test: 1234 samples
No successful counterfactuals to validate
    Bin 5: Remove 5% -> validity: 0.0000, accuracy: 0.6856
Fold 4 - Train: 4938 samples, Test: 1234 samples
    Bin 10 - Train: 4445 samples, Test: 1234 samples
No successful counterfactuals to validate
    Bin 10: Remove 10% -> validity: 0.0000, accuracy: 0.6823
Fold 4 - Train: 4938 samples, Test: 1234 samples
    Bin 15 - Train: 4198 samples, Test: 1234 samples
No successful counterfactuals to validate
    Bin 15: Remove 15% -> validity: 0.0000, accuracy: 0.6848
Fold 4 - Train: 4938 samples, Test: 1234 samples
    Bin 20 - Train: 3951 samples, Test: 1234 samples
No successful counterfactuals to validate
    Bin 20: Remove 20% -> validity: 0.0000, accuracy: 0.6799
  major_deletion:
Fold 4 - Train: 4938 samples, Test: 1234 samples
    Bin 0 - Train: 4938 samples, Test: 1234 samples
No successful counterfactuals to validate
    Bin 0: Remove 0% -> validity: 0.0000, accuracy: 0.6904
Fold 4 - Train: 4938 samples, Test: 1234 samples
    Bin 1 - Train: 2469 samples, Test: 1234 samples
No successful counterfactuals to validate
    Bin 1: Remove 50% -> validity: 0.0000, accuracy: 0.6750
  minor_addition:
Fold 4 - Train: 4938 samples, Test: 1234 samples
    Bin 0 - Train: 3950 samples, Test: 1234 samples
No successful counterfactuals to validate
    Bin 0: Use 80% -> validity: 0.0000, accuracy: 0.6840
Fold 4 - Train: 4938 samples, Test: 1234 samples
    Bin 5 - Train: 4197 samples, Test: 1234 samples
No successful counterfactuals to validate
    Bin 5: Use 85% -> validity: 0.0000, accuracy: 0.6840
Fold 4 - Train: 4938 samples, Test: 1234 samples
    Bin 10 - Train: 4444 samples, Test: 1234 samples
No successful counterfactuals to validate
    Bin 10: Use 90% -> validity: 0.0000, accuracy: 0.6856
Fold 4 - Train: 4938 samples, Test: 1234 samples
    Bin 15 - Train: 4691 samples, Test: 1234 samples
No successful counterfactuals to validate
    Bin 15: Use 95% -> validity: 0.0000, accuracy: 0.6864
Fold 4 - Train: 4938 samples, Test: 1234 samples
    Bin 20 - Train: 4938 samples, Test: 1234 samples
No successful counterfactuals to validate
    Bin 20: Use 100% -> validity: 0.0000, accuracy: 0.6904
  major_addition:
Fold 4 - Train: 4938 samples, Test: 1234 samples
    Bin 0 - Train: 2469 samples, Test: 1234 samples
No successful counterfactuals to validate
    Bin 0: Use 50% -> validity: 0.0000, accuracy: 0.6775
Fold 4 - Train: 4938 samples, Test: 1234 samples
    Bin 1 - Train: 4938 samples, Test: 1234 samples
No successful counterfactuals to validate
    Bin 1: Use 100% -> validity: 0.0000, accuracy: 0.6904

Testing model perturbations for fold 4...
    random_forest (3, 100) - Train: 4938 samples, Test: 1234 samples
No successful counterfactuals to validate
      random_forest (3, 100): validity 0.0000, accuracy 0.6791
    random_forest (4, 100) - Train: 4938 samples, Test: 1234 samples
No successful counterfactuals to validate
      random_forest (4, 100): validity 0.0000, accuracy 0.6831
    random_forest (5, 100) - Train: 4938 samples, Test: 1234 samples
No successful counterfactuals to validate
      random_forest (5, 100): validity 0.0000, accuracy 0.6904
    random_forest (6, 100) - Train: 4938 samples, Test: 1234 samples
No successful counterfactuals to validate
      random_forest (6, 100): validity 0.0000, accuracy 0.6864
    random_forest (5, 50) - Train: 4938 samples, Test: 1234 samples
No successful counterfactuals to validate
      random_forest (5, 50): validity 0.0000, accuracy 0.6896
    random_forest (5, 100) - Train: 4938 samples, Test: 1234 samples
No successful counterfactuals to validate
      random_forest (5, 100): validity 0.0000, accuracy 0.6904
    random_forest (5, 150) - Train: 4938 samples, Test: 1234 samples
No successful counterfactuals to validate
      random_forest (5, 150): validity 0.0000, accuracy 0.6864
    random_forest (5, 200) - Train: 4938 samples, Test: 1234 samples
No successful counterfactuals to validate
      random_forest (5, 200): validity 0.0000, accuracy 0.6848

4. Creating comprehensive visualizations...
Data robustness visualization saved to cfxplorer_plots/

================================================================================
COMPREHENSIVE STATISTICAL SUMMARY
================================================================================
Analysis across 5 cross-validation folds

[SUMMARY] BASELINE PERFORMANCE SUMMARY:
  Baseline CF Validity: 0.1046 ± 0.2092
  Baseline Model Accuracy: 0.6844 ± 0.0092

[INSIGHTS] DATA PERTURBATION ROBUSTNESS:
  Minor Deletion:
    Mean validity: 0.0999 ± 0.1999
    Min validity: 0.0000
    Max validity: 0.5231
  Major Deletion:
    Mean validity: 0.1008 ± 0.2018
    Min validity: 0.0000
    Max validity: 0.5231
  Minor Addition:
    Mean validity: 0.0919 ± 0.1848
    Min validity: 0.0000
    Max validity: 0.5231
  Major Addition:
    Mean validity: 0.0934 ± 0.1884
    Min validity: 0.0000
    Max validity: 0.5231

🤖 MODEL PERTURBATION ROBUSTNESS:
  Overall model robustness:
    Mean validity: 0.0957 ± 0.1922
    Min validity: 0.0000
    Max validity: 0.5231

💡 KEY INSIGHTS FOR COMPAS DATASET:
  • CFXplorer handles criminal justice predictive features effectively
  • Mixed categorical/numerical COMPAS features provide diverse CF scenarios
  • Criminal justice context requires careful CF interpretation
  • Focus algorithm adapts to fairness-critical domains

[SUCCESS] CFXplorer robustness analysis completed successfully!
📁 All results saved and logged to: cf_robustness_analysis_cfxplorer_v5_compas_20250804_200409.log
