================================================================================
COUNTERFACTUAL ROBUSTNESS ANALYSIS (v3) - GERMAN CREDIT DATASET
================================================================================
[LOG] Logging session to: cf_robustness_analysis_v3_20250729_002321.log
[TIME] Started at: 2025-07-29 00:23:21
================================================================================

1. Loading German Credit dataset...
Original data shape (after removing metadata): (1000, 10)
Dropped 0 rows with missing values
Final data shape: (1000, 10)
Dataset: German Credit
Label column: Class
Features: 10 features
Feature types:
  Age: D
  Sex: C
  Job: D
  Housing: C
  SavingAccounts: D
  CheckingAccount: D
  CreditAmount: N
  Duration: D
  Purpose: C
  Class: B

2. Analysis parameters:
  Number of folds: 5
Dataset Summary:
Total samples (after cleaning): 1000
Number of features: 9
Label column: Class
Number of folds: 5
Fold Summary:
--------------------------------------------------
Fold 0: Train=800 samples, Test=200 samples
Fold 1: Train=800 samples, Test=200 samples
Fold 2: Train=800 samples, Test=200 samples
Fold 3: Train=800 samples, Test=200 samples
Fold 4: Train=800 samples, Test=200 samples
--------------------------------------------------
  Data perturbation types: ['minor_deletion', 'major_deletion', 'minor_addition', 'major_addition']
  Model perturbations: 28 configurations
    - random_forest (max_depth=3, n_estimators=100)
    - xgboost (max_depth=3, n_estimators=100)
    - lightgbm (max_depth=3, n_estimators=100)
    - random_forest (max_depth=4, n_estimators=100)
    - xgboost (max_depth=4, n_estimators=100)
    - lightgbm (max_depth=4, n_estimators=100)
    - random_forest (max_depth=5, n_estimators=100)
    - xgboost (max_depth=5, n_estimators=100)
    - lightgbm (max_depth=5, n_estimators=100)
    - random_forest (max_depth=6, n_estimators=100)
    - xgboost (max_depth=6, n_estimators=100)
    - lightgbm (max_depth=6, n_estimators=100)
    - random_forest (max_depth=5, n_estimators=50)
    - xgboost (max_depth=5, n_estimators=50)
    - lightgbm (max_depth=5, n_estimators=50)
    - random_forest (max_depth=5, n_estimators=100)
    - xgboost (max_depth=5, n_estimators=100)
    - lightgbm (max_depth=5, n_estimators=100)
    - random_forest (max_depth=5, n_estimators=150)
    - xgboost (max_depth=5, n_estimators=150)
    - lightgbm (max_depth=5, n_estimators=150)
    - random_forest (max_depth=5, n_estimators=200)
    - xgboost (max_depth=5, n_estimators=200)
    - lightgbm (max_depth=5, n_estimators=200)
    - adaboost (max_depth=3, n_estimators=50)
    - adaboost (max_depth=3, n_estimators=100)
    - adaboost (max_depth=3, n_estimators=150)
    - adaboost (max_depth=3, n_estimators=200)

3. Running comprehensive analysis across all 5 folds...
================================================================================

--- FOLD 0 ANALYSIS ---
--------------------------------------------------
Fold 0 - Train: 800 samples, Test: 200 samples
Fold 0 - Train: 800 samples, Test: 200 samples
Fold 0 data shapes:
  Raw train: (800, 10)
  Processed - Train: (800, 10), Test: (200, 10)
  Training samples: 800
  Test samples: 200
  Features: 9
  Class distribution - Train: [240 560]
  Class distribution - Test: [ 60 140]

Training baseline model for fold 0...
  Train accuracy: 0.7800
  Test accuracy: 0.7450
Setting up DiCE framework for fold 0...
German Credit feature analysis:
  Categorical features: ['Sex', 'Housing', 'SavingAccounts', 'CheckingAccount', 'Purpose']
  Continuous features: ['Age', 'Job', 'CreditAmount', 'Duration']
Generating counterfactuals for fold 0...
Generating counterfactuals using method: random
Test set size: 200 samples
Counterfactual generation complete:
  Successful: 200/200 (100.00%)
  Failed: 0/200 (0.00%)
  Success rate: 100.00%
  Baseline validity: 1.0000 (200/200)
  Baseline L2 distance: 0.9127
  Baseline L0 distance: 1.70
  Baseline LOF score: 0.7300

Testing data perturbations for fold 0...
  minor_deletion:
Fold 0 - Train: 800 samples, Test: 200 samples
    Bin 0: Remove 0% -> validity: 1.0000, accuracy: 0.7450, L2: 0.9127, L0: 1.70
Fold 0 - Train: 800 samples, Test: 200 samples
    Bin 5: Remove 5% -> validity: 0.7550, accuracy: 0.7450, L2: 0.9127, L0: 1.70
Fold 0 - Train: 800 samples, Test: 200 samples
    Bin 10: Remove 10% -> validity: 0.6200, accuracy: 0.7450, L2: 0.9127, L0: 1.70
Fold 0 - Train: 800 samples, Test: 200 samples
    Bin 15: Remove 15% -> validity: 0.6650, accuracy: 0.7350, L2: 0.9127, L0: 1.70
Fold 0 - Train: 800 samples, Test: 200 samples
    Bin 20: Remove 20% -> validity: 0.8250, accuracy: 0.7600, L2: 0.9127, L0: 1.70
  major_deletion:
Fold 0 - Train: 800 samples, Test: 200 samples
    Bin 0: Remove 0% -> validity: 1.0000, accuracy: 0.7450, L2: 0.9127, L0: 1.70
Fold 0 - Train: 800 samples, Test: 200 samples
    Bin 1: Remove 50% -> validity: 0.6250, accuracy: 0.7550, L2: 0.9127, L0: 1.70
  minor_addition:
Fold 0 - Train: 800 samples, Test: 200 samples
    Bin 0: Use 80% -> validity: 0.6850, accuracy: 0.7050, L2: 0.9127, L0: 1.70
Fold 0 - Train: 800 samples, Test: 200 samples
    Bin 5: Use 85% -> validity: 0.6850, accuracy: 0.7200, L2: 0.9127, L0: 1.70
Fold 0 - Train: 800 samples, Test: 200 samples
    Bin 10: Use 90% -> validity: 0.7300, accuracy: 0.7250, L2: 0.9127, L0: 1.70
Fold 0 - Train: 800 samples, Test: 200 samples
    Bin 15: Use 95% -> validity: 0.8250, accuracy: 0.7350, L2: 0.9127, L0: 1.70
Fold 0 - Train: 800 samples, Test: 200 samples
    Bin 20: Use 100% -> validity: 1.0000, accuracy: 0.7450, L2: 0.9127, L0: 1.70
  major_addition:
Fold 0 - Train: 800 samples, Test: 200 samples
    Bin 0: Use 50% -> validity: 0.7000, accuracy: 0.7150, L2: 0.9127, L0: 1.70
Fold 0 - Train: 800 samples, Test: 200 samples
    Bin 1: Use 100% -> validity: 1.0000, accuracy: 0.7450, L2: 0.9127, L0: 1.70

Testing model perturbations for fold 0...
Fold 0 - Train: 800 samples, Test: 200 samples
  random_forest (3, 100): validity: 0.4500, accuracy: 0.7300, L2: 0.9127, L0: 1.70
Fold 0 - Train: 800 samples, Test: 200 samples
  xgboost (3, 100): validity: 0.7750, accuracy: 0.7300, L2: 0.9127, L0: 1.70
Fold 0 - Train: 800 samples, Test: 200 samples
  lightgbm (3, 100): validity: 0.7600, accuracy: 0.7400, L2: 0.9127, L0: 1.70
Fold 0 - Train: 800 samples, Test: 200 samples
  random_forest (4, 100): validity: 0.7400, accuracy: 0.7450, L2: 0.9127, L0: 1.70
Fold 0 - Train: 800 samples, Test: 200 samples
  xgboost (4, 100): validity: 0.7500, accuracy: 0.7450, L2: 0.9127, L0: 1.70
Fold 0 - Train: 800 samples, Test: 200 samples
  lightgbm (4, 100): validity: 0.7800, accuracy: 0.7650, L2: 0.9127, L0: 1.70
Fold 0 - Train: 800 samples, Test: 200 samples
  random_forest (5, 100): validity: 1.0000, accuracy: 0.7450, L2: 0.9127, L0: 1.70
Fold 0 - Train: 800 samples, Test: 200 samples
  xgboost (5, 100): validity: 0.7350, accuracy: 0.7300, L2: 0.9127, L0: 1.70
Fold 0 - Train: 800 samples, Test: 200 samples
  lightgbm (5, 100): validity: 0.7600, accuracy: 0.7400, L2: 0.9127, L0: 1.70
Fold 0 - Train: 800 samples, Test: 200 samples
  random_forest (6, 100): validity: 0.8550, accuracy: 0.7450, L2: 0.9127, L0: 1.70
Fold 0 - Train: 800 samples, Test: 200 samples
  xgboost (6, 100): validity: 0.7400, accuracy: 0.7600, L2: 0.9127, L0: 1.70
Fold 0 - Train: 800 samples, Test: 200 samples
  lightgbm (6, 100): validity: 0.7550, accuracy: 0.7650, L2: 0.9127, L0: 1.70
Fold 0 - Train: 800 samples, Test: 200 samples
  random_forest (5, 50): validity: 0.9350, accuracy: 0.7400, L2: 0.9127, L0: 1.70
Fold 0 - Train: 800 samples, Test: 200 samples
  xgboost (5, 50): validity: 0.7700, accuracy: 0.7800, L2: 0.9127, L0: 1.70
Fold 0 - Train: 800 samples, Test: 200 samples
  lightgbm (5, 50): validity: 0.7550, accuracy: 0.7650, L2: 0.9127, L0: 1.70
Fold 0 - Train: 800 samples, Test: 200 samples
  random_forest (5, 100): validity: 1.0000, accuracy: 0.7450, L2: 0.9127, L0: 1.70
Fold 0 - Train: 800 samples, Test: 200 samples
  xgboost (5, 100): validity: 0.7350, accuracy: 0.7300, L2: 0.9127, L0: 1.70
Fold 0 - Train: 800 samples, Test: 200 samples
  lightgbm (5, 100): validity: 0.7600, accuracy: 0.7400, L2: 0.9127, L0: 1.70
Fold 0 - Train: 800 samples, Test: 200 samples
  random_forest (5, 150): validity: 0.9500, accuracy: 0.7500, L2: 0.9127, L0: 1.70
Fold 0 - Train: 800 samples, Test: 200 samples
  xgboost (5, 150): validity: 0.7400, accuracy: 0.7300, L2: 0.9127, L0: 1.70
Fold 0 - Train: 800 samples, Test: 200 samples
  lightgbm (5, 150): validity: 0.7450, accuracy: 0.7600, L2: 0.9127, L0: 1.70
Fold 0 - Train: 800 samples, Test: 200 samples
  random_forest (5, 200): validity: 0.9300, accuracy: 0.7500, L2: 0.9127, L0: 1.70
Fold 0 - Train: 800 samples, Test: 200 samples
  xgboost (5, 200): validity: 0.7250, accuracy: 0.7500, L2: 0.9127, L0: 1.70
Fold 0 - Train: 800 samples, Test: 200 samples
  lightgbm (5, 200): validity: 0.7450, accuracy: 0.7550, L2: 0.9127, L0: 1.70
Fold 0 - Train: 800 samples, Test: 200 samples
  adaboost (3, 50): validity: 0.6350, accuracy: 0.6650, L2: 0.9127, L0: 1.70
Fold 0 - Train: 800 samples, Test: 200 samples
  adaboost (3, 100): validity: 0.6050, accuracy: 0.6600, L2: 0.9127, L0: 1.70
Fold 0 - Train: 800 samples, Test: 200 samples
  adaboost (3, 150): validity: 0.6200, accuracy: 0.7100, L2: 0.9127, L0: 1.70
Fold 0 - Train: 800 samples, Test: 200 samples
  adaboost (3, 200): validity: 0.6250, accuracy: 0.6750, L2: 0.9127, L0: 1.70

--- FOLD 1 ANALYSIS ---
--------------------------------------------------
Fold 1 - Train: 800 samples, Test: 200 samples
Fold 1 - Train: 800 samples, Test: 200 samples
Fold 1 data shapes:
  Raw train: (800, 10)
  Processed - Train: (800, 10), Test: (200, 10)
  Training samples: 800
  Test samples: 200
  Features: 9
  Class distribution - Train: [240 560]
  Class distribution - Test: [ 60 140]

Training baseline model for fold 1...
  Train accuracy: 0.7875
  Test accuracy: 0.7250
Setting up DiCE framework for fold 1...
German Credit feature analysis:
  Categorical features: ['Sex', 'Housing', 'SavingAccounts', 'CheckingAccount', 'Purpose']
  Continuous features: ['Age', 'Job', 'CreditAmount', 'Duration']
Generating counterfactuals for fold 1...
Generating counterfactuals using method: random
Test set size: 200 samples
Counterfactual generation complete:
  Successful: 200/200 (100.00%)
  Failed: 0/200 (0.00%)
  Success rate: 100.00%
  Baseline validity: 1.0000 (200/200)
  Baseline L2 distance: 0.8353
  Baseline L0 distance: 1.74
  Baseline LOF score: 0.7600

Testing data perturbations for fold 1...
  minor_deletion:
Fold 1 - Train: 800 samples, Test: 200 samples
    Bin 0: Remove 0% -> validity: 1.0000, accuracy: 0.7250, L2: 0.8353, L0: 1.74
Fold 1 - Train: 800 samples, Test: 200 samples
    Bin 5: Remove 5% -> validity: 0.8350, accuracy: 0.7350, L2: 0.8353, L0: 1.74
Fold 1 - Train: 800 samples, Test: 200 samples
    Bin 10: Remove 10% -> validity: 0.7250, accuracy: 0.7600, L2: 0.8353, L0: 1.74
Fold 1 - Train: 800 samples, Test: 200 samples
    Bin 15: Remove 15% -> validity: 0.7100, accuracy: 0.7500, L2: 0.8353, L0: 1.74
Fold 1 - Train: 800 samples, Test: 200 samples
    Bin 20: Remove 20% -> validity: 0.6600, accuracy: 0.7450, L2: 0.8353, L0: 1.74
  major_deletion:
Fold 1 - Train: 800 samples, Test: 200 samples
    Bin 0: Remove 0% -> validity: 1.0000, accuracy: 0.7250, L2: 0.8353, L0: 1.74
Fold 1 - Train: 800 samples, Test: 200 samples
    Bin 1: Remove 50% -> validity: 0.4550, accuracy: 0.7500, L2: 0.8353, L0: 1.74
  minor_addition:
Fold 1 - Train: 800 samples, Test: 200 samples
    Bin 0: Use 80% -> validity: 0.8650, accuracy: 0.7400, L2: 0.8353, L0: 1.74
Fold 1 - Train: 800 samples, Test: 200 samples
    Bin 5: Use 85% -> validity: 0.8300, accuracy: 0.7450, L2: 0.8353, L0: 1.74
Fold 1 - Train: 800 samples, Test: 200 samples
    Bin 10: Use 90% -> validity: 0.8500, accuracy: 0.7400, L2: 0.8353, L0: 1.74
Fold 1 - Train: 800 samples, Test: 200 samples
    Bin 15: Use 95% -> validity: 0.8900, accuracy: 0.7350, L2: 0.8353, L0: 1.74
Fold 1 - Train: 800 samples, Test: 200 samples
    Bin 20: Use 100% -> validity: 1.0000, accuracy: 0.7250, L2: 0.8353, L0: 1.74
  major_addition:
Fold 1 - Train: 800 samples, Test: 200 samples
    Bin 0: Use 50% -> validity: 0.7850, accuracy: 0.7150, L2: 0.8353, L0: 1.74
Fold 1 - Train: 800 samples, Test: 200 samples
    Bin 1: Use 100% -> validity: 1.0000, accuracy: 0.7250, L2: 0.8353, L0: 1.74

Testing model perturbations for fold 1...
Fold 1 - Train: 800 samples, Test: 200 samples
  random_forest (3, 100): validity: 0.4750, accuracy: 0.7350, L2: 0.8353, L0: 1.74
Fold 1 - Train: 800 samples, Test: 200 samples
  xgboost (3, 100): validity: 0.7350, accuracy: 0.7500, L2: 0.8353, L0: 1.74
Fold 1 - Train: 800 samples, Test: 200 samples
  lightgbm (3, 100): validity: 0.7050, accuracy: 0.7650, L2: 0.8353, L0: 1.74
Fold 1 - Train: 800 samples, Test: 200 samples
  random_forest (4, 100): validity: 0.7700, accuracy: 0.7350, L2: 0.8353, L0: 1.74
Fold 1 - Train: 800 samples, Test: 200 samples
  xgboost (4, 100): validity: 0.6650, accuracy: 0.7250, L2: 0.8353, L0: 1.74
Fold 1 - Train: 800 samples, Test: 200 samples
  lightgbm (4, 100): validity: 0.7400, accuracy: 0.7550, L2: 0.8353, L0: 1.74
Fold 1 - Train: 800 samples, Test: 200 samples
  random_forest (5, 100): validity: 1.0000, accuracy: 0.7250, L2: 0.8353, L0: 1.74
Fold 1 - Train: 800 samples, Test: 200 samples
  xgboost (5, 100): validity: 0.7000, accuracy: 0.7450, L2: 0.8353, L0: 1.74
Fold 1 - Train: 800 samples, Test: 200 samples
  lightgbm (5, 100): validity: 0.7150, accuracy: 0.7550, L2: 0.8353, L0: 1.74
Fold 1 - Train: 800 samples, Test: 200 samples
  random_forest (6, 100): validity: 0.8150, accuracy: 0.7600, L2: 0.8353, L0: 1.74
Fold 1 - Train: 800 samples, Test: 200 samples
  xgboost (6, 100): validity: 0.6750, accuracy: 0.7450, L2: 0.8353, L0: 1.74
Fold 1 - Train: 800 samples, Test: 200 samples
  lightgbm (6, 100): validity: 0.6750, accuracy: 0.7250, L2: 0.8353, L0: 1.74
Fold 1 - Train: 800 samples, Test: 200 samples
  random_forest (5, 50): validity: 0.8000, accuracy: 0.7200, L2: 0.8353, L0: 1.74
Fold 1 - Train: 800 samples, Test: 200 samples
  xgboost (5, 50): validity: 0.7000, accuracy: 0.7400, L2: 0.8353, L0: 1.74
Fold 1 - Train: 800 samples, Test: 200 samples
  lightgbm (5, 50): validity: 0.7050, accuracy: 0.7550, L2: 0.8353, L0: 1.74
Fold 1 - Train: 800 samples, Test: 200 samples
  random_forest (5, 100): validity: 1.0000, accuracy: 0.7250, L2: 0.8353, L0: 1.74
Fold 1 - Train: 800 samples, Test: 200 samples
  xgboost (5, 100): validity: 0.7000, accuracy: 0.7450, L2: 0.8353, L0: 1.74
Fold 1 - Train: 800 samples, Test: 200 samples
  lightgbm (5, 100): validity: 0.7150, accuracy: 0.7550, L2: 0.8353, L0: 1.74
Fold 1 - Train: 800 samples, Test: 200 samples
  random_forest (5, 150): validity: 0.9400, accuracy: 0.7300, L2: 0.8353, L0: 1.74
Fold 1 - Train: 800 samples, Test: 200 samples
  xgboost (5, 150): validity: 0.7000, accuracy: 0.7450, L2: 0.8353, L0: 1.74
Fold 1 - Train: 800 samples, Test: 200 samples
  lightgbm (5, 150): validity: 0.7100, accuracy: 0.7650, L2: 0.8353, L0: 1.74
Fold 1 - Train: 800 samples, Test: 200 samples
  random_forest (5, 200): validity: 0.9450, accuracy: 0.7350, L2: 0.8353, L0: 1.74
Fold 1 - Train: 800 samples, Test: 200 samples
  xgboost (5, 200): validity: 0.6950, accuracy: 0.7500, L2: 0.8353, L0: 1.74
Fold 1 - Train: 800 samples, Test: 200 samples
  lightgbm (5, 200): validity: 0.6900, accuracy: 0.7550, L2: 0.8353, L0: 1.74
Fold 1 - Train: 800 samples, Test: 200 samples
  adaboost (3, 50): validity: 0.4450, accuracy: 0.7400, L2: 0.8353, L0: 1.74
Fold 1 - Train: 800 samples, Test: 200 samples
  adaboost (3, 100): validity: 0.4900, accuracy: 0.6850, L2: 0.8353, L0: 1.74
Fold 1 - Train: 800 samples, Test: 200 samples
  adaboost (3, 150): validity: 0.4650, accuracy: 0.6600, L2: 0.8353, L0: 1.74
Fold 1 - Train: 800 samples, Test: 200 samples
  adaboost (3, 200): validity: 0.5050, accuracy: 0.6950, L2: 0.8353, L0: 1.74

--- FOLD 2 ANALYSIS ---
--------------------------------------------------
Fold 2 - Train: 800 samples, Test: 200 samples
Fold 2 - Train: 800 samples, Test: 200 samples
Fold 2 data shapes:
  Raw train: (800, 10)
  Processed - Train: (800, 10), Test: (200, 10)
  Training samples: 800
  Test samples: 200
  Features: 9
  Class distribution - Train: [240 560]
  Class distribution - Test: [ 60 140]

Training baseline model for fold 2...
  Train accuracy: 0.7900
  Test accuracy: 0.7400
Setting up DiCE framework for fold 2...
German Credit feature analysis:
  Categorical features: ['Sex', 'Housing', 'SavingAccounts', 'CheckingAccount', 'Purpose']
  Continuous features: ['Age', 'Job', 'CreditAmount', 'Duration']
Generating counterfactuals for fold 2...
Generating counterfactuals using method: random
Test set size: 200 samples
Counterfactual generation complete:
  Successful: 200/200 (100.00%)
  Failed: 0/200 (0.00%)
  Success rate: 100.00%
  Baseline validity: 1.0000 (200/200)
  Baseline L2 distance: 0.8638
  Baseline L0 distance: 1.71
  Baseline LOF score: 0.5900

Testing data perturbations for fold 2...
  minor_deletion:
Fold 2 - Train: 800 samples, Test: 200 samples
    Bin 0: Remove 0% -> validity: 1.0000, accuracy: 0.7400, L2: 0.8638, L0: 1.71
Fold 2 - Train: 800 samples, Test: 200 samples
    Bin 5: Remove 5% -> validity: 0.6750, accuracy: 0.7250, L2: 0.8638, L0: 1.71
Fold 2 - Train: 800 samples, Test: 200 samples
    Bin 10: Remove 10% -> validity: 0.6700, accuracy: 0.7350, L2: 0.8638, L0: 1.71
Fold 2 - Train: 800 samples, Test: 200 samples
    Bin 15: Remove 15% -> validity: 0.7050, accuracy: 0.7350, L2: 0.8638, L0: 1.71
Fold 2 - Train: 800 samples, Test: 200 samples
    Bin 20: Remove 20% -> validity: 0.6500, accuracy: 0.7250, L2: 0.8638, L0: 1.71
  major_deletion:
Fold 2 - Train: 800 samples, Test: 200 samples
    Bin 0: Remove 0% -> validity: 1.0000, accuracy: 0.7400, L2: 0.8638, L0: 1.71
Fold 2 - Train: 800 samples, Test: 200 samples
    Bin 1: Remove 50% -> validity: 0.4800, accuracy: 0.7250, L2: 0.8638, L0: 1.71
  minor_addition:
Fold 2 - Train: 800 samples, Test: 200 samples
    Bin 0: Use 80% -> validity: 0.7650, accuracy: 0.7200, L2: 0.8638, L0: 1.71
Fold 2 - Train: 800 samples, Test: 200 samples
    Bin 5: Use 85% -> validity: 0.7350, accuracy: 0.7300, L2: 0.8638, L0: 1.71
Fold 2 - Train: 800 samples, Test: 200 samples
    Bin 10: Use 90% -> validity: 0.7850, accuracy: 0.7300, L2: 0.8638, L0: 1.71
Fold 2 - Train: 800 samples, Test: 200 samples
    Bin 15: Use 95% -> validity: 0.8350, accuracy: 0.7300, L2: 0.8638, L0: 1.71
Fold 2 - Train: 800 samples, Test: 200 samples
    Bin 20: Use 100% -> validity: 1.0000, accuracy: 0.7400, L2: 0.8638, L0: 1.71
  major_addition:
Fold 2 - Train: 800 samples, Test: 200 samples
    Bin 0: Use 50% -> validity: 0.7450, accuracy: 0.7300, L2: 0.8638, L0: 1.71
Fold 2 - Train: 800 samples, Test: 200 samples
    Bin 1: Use 100% -> validity: 1.0000, accuracy: 0.7400, L2: 0.8638, L0: 1.71

Testing model perturbations for fold 2...
Fold 2 - Train: 800 samples, Test: 200 samples
  random_forest (3, 100): validity: 0.4850, accuracy: 0.7100, L2: 0.8638, L0: 1.71
Fold 2 - Train: 800 samples, Test: 200 samples
  xgboost (3, 100): validity: 0.7250, accuracy: 0.6900, L2: 0.8638, L0: 1.71
Fold 2 - Train: 800 samples, Test: 200 samples
  lightgbm (3, 100): validity: 0.7350, accuracy: 0.7350, L2: 0.8638, L0: 1.71
Fold 2 - Train: 800 samples, Test: 200 samples
  random_forest (4, 100): validity: 0.7500, accuracy: 0.7150, L2: 0.8638, L0: 1.71
Fold 2 - Train: 800 samples, Test: 200 samples
  xgboost (4, 100): validity: 0.6500, accuracy: 0.7100, L2: 0.8638, L0: 1.71
Fold 2 - Train: 800 samples, Test: 200 samples
  lightgbm (4, 100): validity: 0.7650, accuracy: 0.7200, L2: 0.8638, L0: 1.71
Fold 2 - Train: 800 samples, Test: 200 samples
  random_forest (5, 100): validity: 1.0000, accuracy: 0.7400, L2: 0.8638, L0: 1.71
Fold 2 - Train: 800 samples, Test: 200 samples
  xgboost (5, 100): validity: 0.5950, accuracy: 0.7050, L2: 0.8638, L0: 1.71
Fold 2 - Train: 800 samples, Test: 200 samples
  lightgbm (5, 100): validity: 0.7200, accuracy: 0.7200, L2: 0.8638, L0: 1.71
Fold 2 - Train: 800 samples, Test: 200 samples
  random_forest (6, 100): validity: 0.8850, accuracy: 0.7400, L2: 0.8638, L0: 1.71
Fold 2 - Train: 800 samples, Test: 200 samples
  xgboost (6, 100): validity: 0.6350, accuracy: 0.7100, L2: 0.8638, L0: 1.71
Fold 2 - Train: 800 samples, Test: 200 samples
  lightgbm (6, 100): validity: 0.7450, accuracy: 0.7300, L2: 0.8638, L0: 1.71
Fold 2 - Train: 800 samples, Test: 200 samples
  random_forest (5, 50): validity: 0.8900, accuracy: 0.7300, L2: 0.8638, L0: 1.71
Fold 2 - Train: 800 samples, Test: 200 samples
  xgboost (5, 50): validity: 0.6300, accuracy: 0.7050, L2: 0.8638, L0: 1.71
Fold 2 - Train: 800 samples, Test: 200 samples
  lightgbm (5, 50): validity: 0.7700, accuracy: 0.7350, L2: 0.8638, L0: 1.71
Fold 2 - Train: 800 samples, Test: 200 samples
  random_forest (5, 100): validity: 1.0000, accuracy: 0.7400, L2: 0.8638, L0: 1.71
Fold 2 - Train: 800 samples, Test: 200 samples
  xgboost (5, 100): validity: 0.5950, accuracy: 0.7050, L2: 0.8638, L0: 1.71
Fold 2 - Train: 800 samples, Test: 200 samples
  lightgbm (5, 100): validity: 0.7200, accuracy: 0.7200, L2: 0.8638, L0: 1.71
Fold 2 - Train: 800 samples, Test: 200 samples
  random_forest (5, 150): validity: 0.8800, accuracy: 0.7400, L2: 0.8638, L0: 1.71
Fold 2 - Train: 800 samples, Test: 200 samples
  xgboost (5, 150): validity: 0.6200, accuracy: 0.7050, L2: 0.8638, L0: 1.71
Fold 2 - Train: 800 samples, Test: 200 samples
  lightgbm (5, 150): validity: 0.7000, accuracy: 0.7100, L2: 0.8638, L0: 1.71
Fold 2 - Train: 800 samples, Test: 200 samples
  random_forest (5, 200): validity: 0.8350, accuracy: 0.7400, L2: 0.8638, L0: 1.71
Fold 2 - Train: 800 samples, Test: 200 samples
  xgboost (5, 200): validity: 0.6250, accuracy: 0.6850, L2: 0.8638, L0: 1.71
Fold 2 - Train: 800 samples, Test: 200 samples
  lightgbm (5, 200): validity: 0.7150, accuracy: 0.7150, L2: 0.8638, L0: 1.71
Fold 2 - Train: 800 samples, Test: 200 samples
  adaboost (3, 50): validity: 0.5200, accuracy: 0.6750, L2: 0.8638, L0: 1.71
Fold 2 - Train: 800 samples, Test: 200 samples
  adaboost (3, 100): validity: 0.5150, accuracy: 0.6900, L2: 0.8638, L0: 1.71
Fold 2 - Train: 800 samples, Test: 200 samples
  adaboost (3, 150): validity: 0.5400, accuracy: 0.6900, L2: 0.8638, L0: 1.71
Fold 2 - Train: 800 samples, Test: 200 samples
  adaboost (3, 200): validity: 0.5750, accuracy: 0.6500, L2: 0.8638, L0: 1.71

--- FOLD 3 ANALYSIS ---
--------------------------------------------------
Fold 3 - Train: 800 samples, Test: 200 samples
Fold 3 - Train: 800 samples, Test: 200 samples
Fold 3 data shapes:
  Raw train: (800, 10)
  Processed - Train: (800, 10), Test: (200, 10)
  Training samples: 800
  Test samples: 200
  Features: 9
  Class distribution - Train: [240 560]
  Class distribution - Test: [ 60 140]

Training baseline model for fold 3...
  Train accuracy: 0.7863
  Test accuracy: 0.7450
Setting up DiCE framework for fold 3...
German Credit feature analysis:
  Categorical features: ['Sex', 'Housing', 'SavingAccounts', 'CheckingAccount', 'Purpose']
  Continuous features: ['Age', 'Job', 'CreditAmount', 'Duration']
Generating counterfactuals for fold 3...
Generating counterfactuals using method: random
Test set size: 200 samples
Counterfactual generation complete:
  Successful: 200/200 (100.00%)
  Failed: 0/200 (0.00%)
  Success rate: 100.00%
  Baseline validity: 1.0000 (200/200)
  Baseline L2 distance: 0.9004
  Baseline L0 distance: 1.80
  Baseline LOF score: 0.7000

Testing data perturbations for fold 3...
  minor_deletion:
Fold 3 - Train: 800 samples, Test: 200 samples
    Bin 0: Remove 0% -> validity: 1.0000, accuracy: 0.7450, L2: 0.9004, L0: 1.80
Fold 3 - Train: 800 samples, Test: 200 samples
    Bin 5: Remove 5% -> validity: 0.6950, accuracy: 0.7300, L2: 0.9004, L0: 1.80
Fold 3 - Train: 800 samples, Test: 200 samples
    Bin 10: Remove 10% -> validity: 0.6550, accuracy: 0.7300, L2: 0.9004, L0: 1.80
Fold 3 - Train: 800 samples, Test: 200 samples
    Bin 15: Remove 15% -> validity: 0.7650, accuracy: 0.7300, L2: 0.9004, L0: 1.80
Fold 3 - Train: 800 samples, Test: 200 samples
    Bin 20: Remove 20% -> validity: 0.7700, accuracy: 0.7400, L2: 0.9004, L0: 1.80
  major_deletion:
Fold 3 - Train: 800 samples, Test: 200 samples
    Bin 0: Remove 0% -> validity: 1.0000, accuracy: 0.7450, L2: 0.9004, L0: 1.80
Fold 3 - Train: 800 samples, Test: 200 samples
    Bin 1: Remove 50% -> validity: 0.5850, accuracy: 0.7700, L2: 0.9004, L0: 1.80
  minor_addition:
Fold 3 - Train: 800 samples, Test: 200 samples
    Bin 0: Use 80% -> validity: 0.6950, accuracy: 0.7300, L2: 0.9004, L0: 1.80
Fold 3 - Train: 800 samples, Test: 200 samples
    Bin 5: Use 85% -> validity: 0.7350, accuracy: 0.7500, L2: 0.9004, L0: 1.80
Fold 3 - Train: 800 samples, Test: 200 samples
    Bin 10: Use 90% -> validity: 0.5900, accuracy: 0.7250, L2: 0.9004, L0: 1.80
Fold 3 - Train: 800 samples, Test: 200 samples
    Bin 15: Use 95% -> validity: 0.7400, accuracy: 0.7400, L2: 0.9004, L0: 1.80
Fold 3 - Train: 800 samples, Test: 200 samples
    Bin 20: Use 100% -> validity: 1.0000, accuracy: 0.7450, L2: 0.9004, L0: 1.80
  major_addition:
Fold 3 - Train: 800 samples, Test: 200 samples
    Bin 0: Use 50% -> validity: 0.6700, accuracy: 0.7400, L2: 0.9004, L0: 1.80
Fold 3 - Train: 800 samples, Test: 200 samples
    Bin 1: Use 100% -> validity: 1.0000, accuracy: 0.7450, L2: 0.9004, L0: 1.80

Testing model perturbations for fold 3...
Fold 3 - Train: 800 samples, Test: 200 samples
  random_forest (3, 100): validity: 0.4550, accuracy: 0.7200, L2: 0.9004, L0: 1.80
Fold 3 - Train: 800 samples, Test: 200 samples
  xgboost (3, 100): validity: 0.7450, accuracy: 0.7450, L2: 0.9004, L0: 1.80
Fold 3 - Train: 800 samples, Test: 200 samples
  lightgbm (3, 100): validity: 0.6800, accuracy: 0.7450, L2: 0.9004, L0: 1.80
Fold 3 - Train: 800 samples, Test: 200 samples
  random_forest (4, 100): validity: 0.7950, accuracy: 0.7350, L2: 0.9004, L0: 1.80
Fold 3 - Train: 800 samples, Test: 200 samples
  xgboost (4, 100): validity: 0.7150, accuracy: 0.7400, L2: 0.9004, L0: 1.80
Fold 3 - Train: 800 samples, Test: 200 samples
  lightgbm (4, 100): validity: 0.6850, accuracy: 0.7900, L2: 0.9004, L0: 1.80
Fold 3 - Train: 800 samples, Test: 200 samples
  random_forest (5, 100): validity: 1.0000, accuracy: 0.7450, L2: 0.9004, L0: 1.80
Fold 3 - Train: 800 samples, Test: 200 samples
  xgboost (5, 100): validity: 0.7000, accuracy: 0.7250, L2: 0.9004, L0: 1.80
Fold 3 - Train: 800 samples, Test: 200 samples
  lightgbm (5, 100): validity: 0.7250, accuracy: 0.7600, L2: 0.9004, L0: 1.80
Fold 3 - Train: 800 samples, Test: 200 samples
  random_forest (6, 100): validity: 0.8200, accuracy: 0.7550, L2: 0.9004, L0: 1.80
Fold 3 - Train: 800 samples, Test: 200 samples
  xgboost (6, 100): validity: 0.6800, accuracy: 0.7300, L2: 0.9004, L0: 1.80
Fold 3 - Train: 800 samples, Test: 200 samples
  lightgbm (6, 100): validity: 0.6750, accuracy: 0.7600, L2: 0.9004, L0: 1.80
Fold 3 - Train: 800 samples, Test: 200 samples
  random_forest (5, 50): validity: 0.8050, accuracy: 0.7500, L2: 0.9004, L0: 1.80
Fold 3 - Train: 800 samples, Test: 200 samples
  xgboost (5, 50): validity: 0.7100, accuracy: 0.7400, L2: 0.9004, L0: 1.80
Fold 3 - Train: 800 samples, Test: 200 samples
  lightgbm (5, 50): validity: 0.7050, accuracy: 0.7550, L2: 0.9004, L0: 1.80
Fold 3 - Train: 800 samples, Test: 200 samples
  random_forest (5, 100): validity: 1.0000, accuracy: 0.7450, L2: 0.9004, L0: 1.80
Fold 3 - Train: 800 samples, Test: 200 samples
  xgboost (5, 100): validity: 0.7000, accuracy: 0.7250, L2: 0.9004, L0: 1.80
Fold 3 - Train: 800 samples, Test: 200 samples
  lightgbm (5, 100): validity: 0.7250, accuracy: 0.7600, L2: 0.9004, L0: 1.80
Fold 3 - Train: 800 samples, Test: 200 samples
  random_forest (5, 150): validity: 0.8950, accuracy: 0.7450, L2: 0.9004, L0: 1.80
Fold 3 - Train: 800 samples, Test: 200 samples
  xgboost (5, 150): validity: 0.6800, accuracy: 0.7100, L2: 0.9004, L0: 1.80
Fold 3 - Train: 800 samples, Test: 200 samples
  lightgbm (5, 150): validity: 0.6950, accuracy: 0.7400, L2: 0.9004, L0: 1.80
Fold 3 - Train: 800 samples, Test: 200 samples
  random_forest (5, 200): validity: 0.8400, accuracy: 0.7450, L2: 0.9004, L0: 1.80
Fold 3 - Train: 800 samples, Test: 200 samples
  xgboost (5, 200): validity: 0.6850, accuracy: 0.6950, L2: 0.9004, L0: 1.80
Fold 3 - Train: 800 samples, Test: 200 samples
  lightgbm (5, 200): validity: 0.6850, accuracy: 0.7400, L2: 0.9004, L0: 1.80
Fold 3 - Train: 800 samples, Test: 200 samples
  adaboost (3, 50): validity: 0.5600, accuracy: 0.6800, L2: 0.9004, L0: 1.80
Fold 3 - Train: 800 samples, Test: 200 samples
  adaboost (3, 100): validity: 0.5650, accuracy: 0.6700, L2: 0.9004, L0: 1.80
Fold 3 - Train: 800 samples, Test: 200 samples
  adaboost (3, 150): validity: 0.5900, accuracy: 0.6650, L2: 0.9004, L0: 1.80
Fold 3 - Train: 800 samples, Test: 200 samples
  adaboost (3, 200): validity: 0.6150, accuracy: 0.6800, L2: 0.9004, L0: 1.80

--- FOLD 4 ANALYSIS ---
--------------------------------------------------
Fold 4 - Train: 800 samples, Test: 200 samples
Fold 4 - Train: 800 samples, Test: 200 samples
Fold 4 data shapes:
  Raw train: (800, 10)
  Processed - Train: (800, 10), Test: (200, 10)
  Training samples: 800
  Test samples: 200
  Features: 9
  Class distribution - Train: [240 560]
  Class distribution - Test: [ 60 140]

Training baseline model for fold 4...
  Train accuracy: 0.7900
  Test accuracy: 0.7250
Setting up DiCE framework for fold 4...
German Credit feature analysis:
  Categorical features: ['Sex', 'Housing', 'SavingAccounts', 'CheckingAccount', 'Purpose']
  Continuous features: ['Age', 'Job', 'CreditAmount', 'Duration']
Generating counterfactuals for fold 4...
Generating counterfactuals using method: random
Test set size: 200 samples
Counterfactual generation complete:
  Successful: 200/200 (100.00%)
  Failed: 0/200 (0.00%)
  Success rate: 100.00%
  Baseline validity: 1.0000 (200/200)
  Baseline L2 distance: 0.8723
  Baseline L0 distance: 1.75
  Baseline LOF score: 0.8100

Testing data perturbations for fold 4...
  minor_deletion:
Fold 4 - Train: 800 samples, Test: 200 samples
    Bin 0: Remove 0% -> validity: 1.0000, accuracy: 0.7250, L2: 0.8723, L0: 1.75
Fold 4 - Train: 800 samples, Test: 200 samples
    Bin 5: Remove 5% -> validity: 0.7400, accuracy: 0.7400, L2: 0.8723, L0: 1.75
Fold 4 - Train: 800 samples, Test: 200 samples
    Bin 10: Remove 10% -> validity: 0.6050, accuracy: 0.7350, L2: 0.8723, L0: 1.75
Fold 4 - Train: 800 samples, Test: 200 samples
    Bin 15: Remove 15% -> validity: 0.7300, accuracy: 0.7300, L2: 0.8723, L0: 1.75
Fold 4 - Train: 800 samples, Test: 200 samples
    Bin 20: Remove 20% -> validity: 0.6650, accuracy: 0.7500, L2: 0.8723, L0: 1.75
  major_deletion:
Fold 4 - Train: 800 samples, Test: 200 samples
    Bin 0: Remove 0% -> validity: 1.0000, accuracy: 0.7250, L2: 0.8723, L0: 1.75
Fold 4 - Train: 800 samples, Test: 200 samples
    Bin 1: Remove 50% -> validity: 0.5050, accuracy: 0.7200, L2: 0.8723, L0: 1.75
  minor_addition:
Fold 4 - Train: 800 samples, Test: 200 samples
    Bin 0: Use 80% -> validity: 0.8250, accuracy: 0.7400, L2: 0.8723, L0: 1.75
Fold 4 - Train: 800 samples, Test: 200 samples
    Bin 5: Use 85% -> validity: 0.8050, accuracy: 0.7100, L2: 0.8723, L0: 1.75
Fold 4 - Train: 800 samples, Test: 200 samples
    Bin 10: Use 90% -> validity: 0.7750, accuracy: 0.7300, L2: 0.8723, L0: 1.75
Fold 4 - Train: 800 samples, Test: 200 samples
    Bin 15: Use 95% -> validity: 0.7700, accuracy: 0.7400, L2: 0.8723, L0: 1.75
Fold 4 - Train: 800 samples, Test: 200 samples
    Bin 20: Use 100% -> validity: 1.0000, accuracy: 0.7250, L2: 0.8723, L0: 1.75
  major_addition:
Fold 4 - Train: 800 samples, Test: 200 samples
    Bin 0: Use 50% -> validity: 0.7250, accuracy: 0.7000, L2: 0.8723, L0: 1.75
Fold 4 - Train: 800 samples, Test: 200 samples
    Bin 1: Use 100% -> validity: 1.0000, accuracy: 0.7250, L2: 0.8723, L0: 1.75

Testing model perturbations for fold 4...
Fold 4 - Train: 800 samples, Test: 200 samples
  random_forest (3, 100): validity: 0.3100, accuracy: 0.7200, L2: 0.8723, L0: 1.75
Fold 4 - Train: 800 samples, Test: 200 samples
  xgboost (3, 100): validity: 0.7150, accuracy: 0.7300, L2: 0.8723, L0: 1.75
Fold 4 - Train: 800 samples, Test: 200 samples
  lightgbm (3, 100): validity: 0.7600, accuracy: 0.7300, L2: 0.8723, L0: 1.75
Fold 4 - Train: 800 samples, Test: 200 samples
  random_forest (4, 100): validity: 0.6000, accuracy: 0.7250, L2: 0.8723, L0: 1.75
Fold 4 - Train: 800 samples, Test: 200 samples
  xgboost (4, 100): validity: 0.7100, accuracy: 0.7200, L2: 0.8723, L0: 1.75
Fold 4 - Train: 800 samples, Test: 200 samples
  lightgbm (4, 100): validity: 0.7050, accuracy: 0.7750, L2: 0.8723, L0: 1.75
Fold 4 - Train: 800 samples, Test: 200 samples
  random_forest (5, 100): validity: 1.0000, accuracy: 0.7250, L2: 0.8723, L0: 1.75
Fold 4 - Train: 800 samples, Test: 200 samples
  xgboost (5, 100): validity: 0.6700, accuracy: 0.7300, L2: 0.8723, L0: 1.75
Fold 4 - Train: 800 samples, Test: 200 samples
  lightgbm (5, 100): validity: 0.6900, accuracy: 0.7500, L2: 0.8723, L0: 1.75
Fold 4 - Train: 800 samples, Test: 200 samples
  random_forest (6, 100): validity: 0.8600, accuracy: 0.7300, L2: 0.8723, L0: 1.75
Fold 4 - Train: 800 samples, Test: 200 samples
  xgboost (6, 100): validity: 0.7100, accuracy: 0.7100, L2: 0.8723, L0: 1.75
Fold 4 - Train: 800 samples, Test: 200 samples
  lightgbm (6, 100): validity: 0.6950, accuracy: 0.7500, L2: 0.8723, L0: 1.75
Fold 4 - Train: 800 samples, Test: 200 samples
  random_forest (5, 50): validity: 0.8000, accuracy: 0.7150, L2: 0.8723, L0: 1.75
Fold 4 - Train: 800 samples, Test: 200 samples
  xgboost (5, 50): validity: 0.7050, accuracy: 0.7400, L2: 0.8723, L0: 1.75
Fold 4 - Train: 800 samples, Test: 200 samples
  lightgbm (5, 50): validity: 0.6500, accuracy: 0.7550, L2: 0.8723, L0: 1.75
Fold 4 - Train: 800 samples, Test: 200 samples
  random_forest (5, 100): validity: 1.0000, accuracy: 0.7250, L2: 0.8723, L0: 1.75
Fold 4 - Train: 800 samples, Test: 200 samples
  xgboost (5, 100): validity: 0.6700, accuracy: 0.7300, L2: 0.8723, L0: 1.75
Fold 4 - Train: 800 samples, Test: 200 samples
  lightgbm (5, 100): validity: 0.6900, accuracy: 0.7500, L2: 0.8723, L0: 1.75
Fold 4 - Train: 800 samples, Test: 200 samples
  random_forest (5, 150): validity: 0.9150, accuracy: 0.7350, L2: 0.8723, L0: 1.75
Fold 4 - Train: 800 samples, Test: 200 samples
  xgboost (5, 150): validity: 0.6600, accuracy: 0.7250, L2: 0.8723, L0: 1.75
Fold 4 - Train: 800 samples, Test: 200 samples
  lightgbm (5, 150): validity: 0.6850, accuracy: 0.7400, L2: 0.8723, L0: 1.75
Fold 4 - Train: 800 samples, Test: 200 samples
  random_forest (5, 200): validity: 0.9000, accuracy: 0.7350, L2: 0.8723, L0: 1.75
Fold 4 - Train: 800 samples, Test: 200 samples
  xgboost (5, 200): validity: 0.6750, accuracy: 0.7200, L2: 0.8723, L0: 1.75
Fold 4 - Train: 800 samples, Test: 200 samples
  lightgbm (5, 200): validity: 0.6700, accuracy: 0.7500, L2: 0.8723, L0: 1.75
Fold 4 - Train: 800 samples, Test: 200 samples
  adaboost (3, 50): validity: 0.5950, accuracy: 0.7150, L2: 0.8723, L0: 1.75
Fold 4 - Train: 800 samples, Test: 200 samples
  adaboost (3, 100): validity: 0.4400, accuracy: 0.6750, L2: 0.8723, L0: 1.75
Fold 4 - Train: 800 samples, Test: 200 samples
  adaboost (3, 150): validity: 0.4700, accuracy: 0.7100, L2: 0.8723, L0: 1.75
Fold 4 - Train: 800 samples, Test: 200 samples
  adaboost (3, 200): validity: 0.5150, accuracy: 0.7150, L2: 0.8723, L0: 1.75

4. Generating comprehensive summary across all 5 folds...
================================================================================

BASELINE PERFORMANCE ACROSS ALL FOLDS:
--------------------------------------------------------------------------------
Model Accuracy: 0.7360 ± 0.0092
CF Success Rate: 1.0000 ± 0.0000
CF Validity: 1.0000 ± 0.0000
CF L2 Distance: 0.8769 ± 0.0274
CF L0 Distance: 1.7390 ± 0.0379
CF LOF Score: 0.7180 ± 0.0736
Individual fold model accuracies: ['0.7450', '0.7250', '0.7400', '0.7450', '0.7250']
Individual fold CF success rates: ['1.0000', '1.0000', '1.0000', '1.0000', '1.0000']
Individual fold CF validities: ['1.0000', '1.0000', '1.0000', '1.0000', '1.0000']

DATA PERTURBATION ROBUSTNESS SUMMARY:
------------------------------------------------------------------------------------------------------------------------------------------------------
Perturbation    Bin   Data         Mean Validity Std Validity Mean Accuracy Std Accuracy Mean L2    Mean L0    Validity Δ  Per-Fold Validities
------------------------------------------------------------------------------------------------------------------------------------------------------
minor_deletion  0     Remove 0%    1.0000        0.0000       0.7360        0.0092       0.8769     1.74       +0.0000     ['1.000', '1.000', '1.000', '1.000', '1.000']
minor_deletion  5     Remove 5%    0.7400        0.0557       0.7350        0.0071       0.8769     1.74       -0.2600     ['0.755', '0.835', '0.675', '0.695', '0.740']
minor_deletion  10    Remove 10%   0.6550        0.0421       0.7410        0.0107       0.8769     1.74       -0.3450     ['0.620', '0.725', '0.670', '0.655', '0.605']
minor_deletion  15    Remove 15%   0.7150        0.0327       0.7360        0.0073       0.8769     1.74       -0.2850     ['0.665', '0.710', '0.705', '0.765', '0.730']
minor_deletion  20    Remove 20%   0.7140        0.0705       0.7440        0.0116       0.8769     1.74       -0.2860     ['0.825', '0.660', '0.650', '0.770', '0.665']
major_deletion  0     Remove 0%    1.0000        0.0000       0.7360        0.0092       0.8769     1.74       +0.0000     ['1.000', '1.000', '1.000', '1.000', '1.000']
major_deletion  1     Remove 50%   0.5300        0.0645       0.7440        0.0188       0.8769     1.74       -0.4700     ['0.625', '0.455', '0.480', '0.585', '0.505']
minor_addition  0     Use 80%      0.7670        0.0705       0.7270        0.0133       0.8769     1.74       -0.2330     ['0.685', '0.865', '0.765', '0.695', '0.825']
minor_addition  5     Use 85%      0.7580        0.0525       0.7310        0.0150       0.8769     1.74       -0.2420     ['0.685', '0.830', '0.735', '0.735', '0.805']
minor_addition  10    Use 90%      0.7460        0.0869       0.7300        0.0055       0.8769     1.74       -0.2540     ['0.730', '0.850', '0.785', '0.590', '0.775']
minor_addition  15    Use 95%      0.8120        0.0524       0.7360        0.0037       0.8769     1.74       -0.1880     ['0.825', '0.890', '0.835', '0.740', '0.770']
minor_addition  20    Use 100%     1.0000        0.0000       0.7360        0.0092       0.8769     1.74       +0.0000     ['1.000', '1.000', '1.000', '1.000', '1.000']
major_addition  0     Use 50%      0.7250        0.0391       0.7200        0.0138       0.8769     1.74       -0.2750     ['0.700', '0.785', '0.745', '0.670', '0.725']
major_addition  1     Use 100%     1.0000        0.0000       0.7360        0.0092       0.8769     1.74       +0.0000     ['1.000', '1.000', '1.000', '1.000', '1.000']

MODEL PERTURBATION ROBUSTNESS SUMMARY:
------------------------------------------------------------------------------------------------------------------------------------------------------
Model Configuration            Mean Validity Std Validity Mean Accuracy Std Accuracy Mean L2    Mean L0    Validity Δ  Per-Fold Validities
------------------------------------------------------------------------------------------------------------------------------------------------------
random_forest_3_100            0.4350        0.0638       0.7230        0.0087       0.8769     1.74       -0.5650     ['0.450', '0.475', '0.485', '0.455', '0.310']
xgboost_3_100                  0.7390        0.0206       0.7290        0.0211       0.8769     1.74       -0.2610     ['0.775', '0.735', '0.725', '0.745', '0.715']
lightgbm_3_100                 0.7280        0.0314       0.7430        0.0121       0.8769     1.74       -0.2720     ['0.760', '0.705', '0.735', '0.680', '0.760']
random_forest_4_100            0.7310        0.0681       0.7310        0.0102       0.8769     1.74       -0.2690     ['0.740', '0.770', '0.750', '0.795', '0.600']
xgboost_4_100                  0.6980        0.0361       0.7280        0.0129       0.8769     1.74       -0.3020     ['0.750', '0.665', '0.650', '0.715', '0.710']
lightgbm_4_100                 0.7350        0.0356       0.7610        0.0235       0.8769     1.74       -0.2650     ['0.780', '0.740', '0.765', '0.685', '0.705']
random_forest_5_100            1.0000        0.0000       0.7360        0.0092       0.8769     1.74       +0.0000     ['1.000', '1.000', '1.000', '1.000', '1.000', '1.000', '1.000', '1.000', '1.000', '1.000']
xgboost_5_100                  0.6800        0.0472       0.7270        0.0129       0.8769     1.74       -0.3200     ['0.735', '0.735', '0.700', '0.700', '0.595', '0.595', '0.700', '0.700', '0.670', '0.670']
lightgbm_5_100                 0.7220        0.0225       0.7450        0.0141       0.8769     1.74       -0.2780     ['0.760', '0.760', '0.715', '0.715', '0.720', '0.720', '0.725', '0.725', '0.690', '0.690']
random_forest_6_100            0.8470        0.0262       0.7460        0.0107       0.8769     1.74       -0.1530     ['0.855', '0.815', '0.885', '0.820', '0.860']
xgboost_6_100                  0.6880        0.0353       0.7310        0.0196       0.8769     1.74       -0.3120     ['0.740', '0.675', '0.635', '0.680', '0.710']
lightgbm_6_100                 0.7090        0.0344       0.7460        0.0159       0.8769     1.74       -0.2910     ['0.755', '0.675', '0.745', '0.675', '0.695']
random_forest_5_50             0.8460        0.0562       0.7310        0.0128       0.8769     1.74       -0.1540     ['0.935', '0.800', '0.890', '0.805', '0.800']
xgboost_5_50                   0.7030        0.0445       0.7410        0.0237       0.8769     1.74       -0.2970     ['0.770', '0.700', '0.630', '0.710', '0.705']
lightgbm_5_50                  0.7170        0.0425       0.7530        0.0098       0.8769     1.74       -0.2830     ['0.755', '0.705', '0.770', '0.705', '0.650']
random_forest_5_150            0.9160        0.0263       0.7400        0.0071       0.8769     1.74       -0.0840     ['0.950', '0.940', '0.880', '0.895', '0.915']
xgboost_5_150                  0.6800        0.0400       0.7230        0.0144       0.8769     1.74       -0.3200     ['0.740', '0.700', '0.620', '0.680', '0.660']
lightgbm_5_150                 0.7070        0.0206       0.7430        0.0194       0.8769     1.74       -0.2930     ['0.745', '0.710', '0.700', '0.695', '0.685']
random_forest_5_200            0.8900        0.0453       0.7410        0.0058       0.8769     1.74       -0.1100     ['0.930', '0.945', '0.835', '0.840', '0.900']
xgboost_5_200                  0.6810        0.0326       0.7200        0.0270       0.8769     1.74       -0.3190     ['0.725', '0.695', '0.625', '0.685', '0.675']
lightgbm_5_200                 0.7010        0.0263       0.7430        0.0150       0.8769     1.74       -0.2990     ['0.745', '0.690', '0.715', '0.685', '0.670']
adaboost_3_50                  0.5510        0.0652       0.6950        0.0281       0.8769     1.74       -0.4490     ['0.635', '0.445', '0.520', '0.560', '0.595']
adaboost_3_100                 0.5230        0.0575       0.6760        0.0107       0.8769     1.74       -0.4770     ['0.605', '0.490', '0.515', '0.565', '0.440']
adaboost_3_150                 0.5370        0.0623       0.6870        0.0214       0.8769     1.74       -0.4630     ['0.620', '0.465', '0.540', '0.590', '0.470']
adaboost_3_200                 0.5670        0.0496       0.6830        0.0216       0.8769     1.74       -0.4330     ['0.625', '0.505', '0.575', '0.615', '0.515']

================================================================================
DETAILED FOLD-BY-FOLD ANALYSIS
================================================================================

FOLD 0 DETAILED RESULTS:
--------------------------------------------------
Baseline - Validity: 1.0000, Success Rate: 1.0000, Model Accuracy: 0.7450
Data Perturbations:
  minor_deletion bin 0: validity=1.0000, accuracy=0.7450
  minor_deletion bin 5: validity=0.7550, accuracy=0.7450
  minor_deletion bin 10: validity=0.6200, accuracy=0.7450
  minor_deletion bin 15: validity=0.6650, accuracy=0.7350
  minor_deletion bin 20: validity=0.8250, accuracy=0.7600
  major_deletion bin 0: validity=1.0000, accuracy=0.7450
  major_deletion bin 1: validity=0.6250, accuracy=0.7550
  minor_addition bin 0: validity=0.6850, accuracy=0.7050
  minor_addition bin 5: validity=0.6850, accuracy=0.7200
  minor_addition bin 10: validity=0.7300, accuracy=0.7250
  minor_addition bin 15: validity=0.8250, accuracy=0.7350
  minor_addition bin 20: validity=1.0000, accuracy=0.7450
  major_addition bin 0: validity=0.7000, accuracy=0.7150
  major_addition bin 1: validity=1.0000, accuracy=0.7450
Model Perturbations:
  random_forest_3_100: validity=0.4500, accuracy=0.7300
  xgboost_3_100: validity=0.7750, accuracy=0.7300
  lightgbm_3_100: validity=0.7600, accuracy=0.7400
  random_forest_4_100: validity=0.7400, accuracy=0.7450
  xgboost_4_100: validity=0.7500, accuracy=0.7450
  lightgbm_4_100: validity=0.7800, accuracy=0.7650
  random_forest_5_100: validity=1.0000, accuracy=0.7450
  xgboost_5_100: validity=0.7350, accuracy=0.7300
  lightgbm_5_100: validity=0.7600, accuracy=0.7400
  random_forest_6_100: validity=0.8550, accuracy=0.7450
  xgboost_6_100: validity=0.7400, accuracy=0.7600
  lightgbm_6_100: validity=0.7550, accuracy=0.7650
  random_forest_5_50: validity=0.9350, accuracy=0.7400
  xgboost_5_50: validity=0.7700, accuracy=0.7800
  lightgbm_5_50: validity=0.7550, accuracy=0.7650
  random_forest_5_150: validity=0.9500, accuracy=0.7500
  xgboost_5_150: validity=0.7400, accuracy=0.7300
  lightgbm_5_150: validity=0.7450, accuracy=0.7600
  random_forest_5_200: validity=0.9300, accuracy=0.7500
  xgboost_5_200: validity=0.7250, accuracy=0.7500
  lightgbm_5_200: validity=0.7450, accuracy=0.7550
  adaboost_3_50: validity=0.6350, accuracy=0.6650
  adaboost_3_100: validity=0.6050, accuracy=0.6600
  adaboost_3_150: validity=0.6200, accuracy=0.7100
  adaboost_3_200: validity=0.6250, accuracy=0.6750

FOLD 1 DETAILED RESULTS:
--------------------------------------------------
Baseline - Validity: 1.0000, Success Rate: 1.0000, Model Accuracy: 0.7250
Data Perturbations:
  minor_deletion bin 0: validity=1.0000, accuracy=0.7250
  minor_deletion bin 5: validity=0.8350, accuracy=0.7350
  minor_deletion bin 10: validity=0.7250, accuracy=0.7600
  minor_deletion bin 15: validity=0.7100, accuracy=0.7500
  minor_deletion bin 20: validity=0.6600, accuracy=0.7450
  major_deletion bin 0: validity=1.0000, accuracy=0.7250
  major_deletion bin 1: validity=0.4550, accuracy=0.7500
  minor_addition bin 0: validity=0.8650, accuracy=0.7400
  minor_addition bin 5: validity=0.8300, accuracy=0.7450
  minor_addition bin 10: validity=0.8500, accuracy=0.7400
  minor_addition bin 15: validity=0.8900, accuracy=0.7350
  minor_addition bin 20: validity=1.0000, accuracy=0.7250
  major_addition bin 0: validity=0.7850, accuracy=0.7150
  major_addition bin 1: validity=1.0000, accuracy=0.7250
Model Perturbations:
  random_forest_3_100: validity=0.4750, accuracy=0.7350
  xgboost_3_100: validity=0.7350, accuracy=0.7500
  lightgbm_3_100: validity=0.7050, accuracy=0.7650
  random_forest_4_100: validity=0.7700, accuracy=0.7350
  xgboost_4_100: validity=0.6650, accuracy=0.7250
  lightgbm_4_100: validity=0.7400, accuracy=0.7550
  random_forest_5_100: validity=1.0000, accuracy=0.7450
  xgboost_5_100: validity=0.7350, accuracy=0.7300
  lightgbm_5_100: validity=0.7600, accuracy=0.7400
  random_forest_6_100: validity=0.8150, accuracy=0.7600
  xgboost_6_100: validity=0.6750, accuracy=0.7450
  lightgbm_6_100: validity=0.6750, accuracy=0.7250
  random_forest_5_50: validity=0.8000, accuracy=0.7200
  xgboost_5_50: validity=0.7000, accuracy=0.7400
  lightgbm_5_50: validity=0.7050, accuracy=0.7550
  random_forest_5_150: validity=0.9400, accuracy=0.7300
  xgboost_5_150: validity=0.7000, accuracy=0.7450
  lightgbm_5_150: validity=0.7100, accuracy=0.7650
  random_forest_5_200: validity=0.9450, accuracy=0.7350
  xgboost_5_200: validity=0.6950, accuracy=0.7500
  lightgbm_5_200: validity=0.6900, accuracy=0.7550
  adaboost_3_50: validity=0.4450, accuracy=0.7400
  adaboost_3_100: validity=0.4900, accuracy=0.6850
  adaboost_3_150: validity=0.4650, accuracy=0.6600
  adaboost_3_200: validity=0.5050, accuracy=0.6950

FOLD 2 DETAILED RESULTS:
--------------------------------------------------
Baseline - Validity: 1.0000, Success Rate: 1.0000, Model Accuracy: 0.7400
Data Perturbations:
  minor_deletion bin 0: validity=1.0000, accuracy=0.7400
  minor_deletion bin 5: validity=0.6750, accuracy=0.7250
  minor_deletion bin 10: validity=0.6700, accuracy=0.7350
  minor_deletion bin 15: validity=0.7050, accuracy=0.7350
  minor_deletion bin 20: validity=0.6500, accuracy=0.7250
  major_deletion bin 0: validity=1.0000, accuracy=0.7400
  major_deletion bin 1: validity=0.4800, accuracy=0.7250
  minor_addition bin 0: validity=0.7650, accuracy=0.7200
  minor_addition bin 5: validity=0.7350, accuracy=0.7300
  minor_addition bin 10: validity=0.7850, accuracy=0.7300
  minor_addition bin 15: validity=0.8350, accuracy=0.7300
  minor_addition bin 20: validity=1.0000, accuracy=0.7400
  major_addition bin 0: validity=0.7450, accuracy=0.7300
  major_addition bin 1: validity=1.0000, accuracy=0.7400
Model Perturbations:
  random_forest_3_100: validity=0.4850, accuracy=0.7100
  xgboost_3_100: validity=0.7250, accuracy=0.6900
  lightgbm_3_100: validity=0.7350, accuracy=0.7350
  random_forest_4_100: validity=0.7500, accuracy=0.7150
  xgboost_4_100: validity=0.6500, accuracy=0.7100
  lightgbm_4_100: validity=0.7650, accuracy=0.7200
  random_forest_5_100: validity=1.0000, accuracy=0.7250
  xgboost_5_100: validity=0.7000, accuracy=0.7450
  lightgbm_5_100: validity=0.7150, accuracy=0.7550
  random_forest_6_100: validity=0.8850, accuracy=0.7400
  xgboost_6_100: validity=0.6350, accuracy=0.7100
  lightgbm_6_100: validity=0.7450, accuracy=0.7300
  random_forest_5_50: validity=0.8900, accuracy=0.7300
  xgboost_5_50: validity=0.6300, accuracy=0.7050
  lightgbm_5_50: validity=0.7700, accuracy=0.7350
  random_forest_5_150: validity=0.8800, accuracy=0.7400
  xgboost_5_150: validity=0.6200, accuracy=0.7050
  lightgbm_5_150: validity=0.7000, accuracy=0.7100
  random_forest_5_200: validity=0.8350, accuracy=0.7400
  xgboost_5_200: validity=0.6250, accuracy=0.6850
  lightgbm_5_200: validity=0.7150, accuracy=0.7150
  adaboost_3_50: validity=0.5200, accuracy=0.6750
  adaboost_3_100: validity=0.5150, accuracy=0.6900
  adaboost_3_150: validity=0.5400, accuracy=0.6900
  adaboost_3_200: validity=0.5750, accuracy=0.6500

FOLD 3 DETAILED RESULTS:
--------------------------------------------------
Baseline - Validity: 1.0000, Success Rate: 1.0000, Model Accuracy: 0.7450
Data Perturbations:
  minor_deletion bin 0: validity=1.0000, accuracy=0.7450
  minor_deletion bin 5: validity=0.6950, accuracy=0.7300
  minor_deletion bin 10: validity=0.6550, accuracy=0.7300
  minor_deletion bin 15: validity=0.7650, accuracy=0.7300
  minor_deletion bin 20: validity=0.7700, accuracy=0.7400
  major_deletion bin 0: validity=1.0000, accuracy=0.7450
  major_deletion bin 1: validity=0.5850, accuracy=0.7700
  minor_addition bin 0: validity=0.6950, accuracy=0.7300
  minor_addition bin 5: validity=0.7350, accuracy=0.7500
  minor_addition bin 10: validity=0.5900, accuracy=0.7250
  minor_addition bin 15: validity=0.7400, accuracy=0.7400
  minor_addition bin 20: validity=1.0000, accuracy=0.7450
  major_addition bin 0: validity=0.6700, accuracy=0.7400
  major_addition bin 1: validity=1.0000, accuracy=0.7450
Model Perturbations:
  random_forest_3_100: validity=0.4550, accuracy=0.7200
  xgboost_3_100: validity=0.7450, accuracy=0.7450
  lightgbm_3_100: validity=0.6800, accuracy=0.7450
  random_forest_4_100: validity=0.7950, accuracy=0.7350
  xgboost_4_100: validity=0.7150, accuracy=0.7400
  lightgbm_4_100: validity=0.6850, accuracy=0.7900
  random_forest_5_100: validity=1.0000, accuracy=0.7250
  xgboost_5_100: validity=0.7000, accuracy=0.7450
  lightgbm_5_100: validity=0.7150, accuracy=0.7550
  random_forest_6_100: validity=0.8200, accuracy=0.7550
  xgboost_6_100: validity=0.6800, accuracy=0.7300
  lightgbm_6_100: validity=0.6750, accuracy=0.7600
  random_forest_5_50: validity=0.8050, accuracy=0.7500
  xgboost_5_50: validity=0.7100, accuracy=0.7400
  lightgbm_5_50: validity=0.7050, accuracy=0.7550
  random_forest_5_150: validity=0.8950, accuracy=0.7450
  xgboost_5_150: validity=0.6800, accuracy=0.7100
  lightgbm_5_150: validity=0.6950, accuracy=0.7400
  random_forest_5_200: validity=0.8400, accuracy=0.7450
  xgboost_5_200: validity=0.6850, accuracy=0.6950
  lightgbm_5_200: validity=0.6850, accuracy=0.7400
  adaboost_3_50: validity=0.5600, accuracy=0.6800
  adaboost_3_100: validity=0.5650, accuracy=0.6700
  adaboost_3_150: validity=0.5900, accuracy=0.6650
  adaboost_3_200: validity=0.6150, accuracy=0.6800

FOLD 4 DETAILED RESULTS:
--------------------------------------------------
Baseline - Validity: 1.0000, Success Rate: 1.0000, Model Accuracy: 0.7250
Data Perturbations:
  minor_deletion bin 0: validity=1.0000, accuracy=0.7250
  minor_deletion bin 5: validity=0.7400, accuracy=0.7400
  minor_deletion bin 10: validity=0.6050, accuracy=0.7350
  minor_deletion bin 15: validity=0.7300, accuracy=0.7300
  minor_deletion bin 20: validity=0.6650, accuracy=0.7500
  major_deletion bin 0: validity=1.0000, accuracy=0.7250
  major_deletion bin 1: validity=0.5050, accuracy=0.7200
  minor_addition bin 0: validity=0.8250, accuracy=0.7400
  minor_addition bin 5: validity=0.8050, accuracy=0.7100
  minor_addition bin 10: validity=0.7750, accuracy=0.7300
  minor_addition bin 15: validity=0.7700, accuracy=0.7400
  minor_addition bin 20: validity=1.0000, accuracy=0.7250
  major_addition bin 0: validity=0.7250, accuracy=0.7000
  major_addition bin 1: validity=1.0000, accuracy=0.7250
Model Perturbations:
  random_forest_3_100: validity=0.3100, accuracy=0.7200
  xgboost_3_100: validity=0.7150, accuracy=0.7300
  lightgbm_3_100: validity=0.7600, accuracy=0.7300
  random_forest_4_100: validity=0.6000, accuracy=0.7250
  xgboost_4_100: validity=0.7100, accuracy=0.7200
  lightgbm_4_100: validity=0.7050, accuracy=0.7750
  random_forest_5_100: validity=1.0000, accuracy=0.7400
  xgboost_5_100: validity=0.5950, accuracy=0.7050
  lightgbm_5_100: validity=0.7200, accuracy=0.7200
  random_forest_6_100: validity=0.8600, accuracy=0.7300
  xgboost_6_100: validity=0.7100, accuracy=0.7100
  lightgbm_6_100: validity=0.6950, accuracy=0.7500
  random_forest_5_50: validity=0.8000, accuracy=0.7150
  xgboost_5_50: validity=0.7050, accuracy=0.7400
  lightgbm_5_50: validity=0.6500, accuracy=0.7550
  random_forest_5_150: validity=0.9150, accuracy=0.7350
  xgboost_5_150: validity=0.6600, accuracy=0.7250
  lightgbm_5_150: validity=0.6850, accuracy=0.7400
  random_forest_5_200: validity=0.9000, accuracy=0.7350
  xgboost_5_200: validity=0.6750, accuracy=0.7200
  lightgbm_5_200: validity=0.6700, accuracy=0.7500
  adaboost_3_50: validity=0.5950, accuracy=0.7150
  adaboost_3_100: validity=0.4400, accuracy=0.6750
  adaboost_3_150: validity=0.4700, accuracy=0.7100
  adaboost_3_200: validity=0.5150, accuracy=0.7150
