================================================================================
COUNTERFACTUAL ROBUSTNESS ANALYSIS (NICE v5) - COMPAS DATASET
================================================================================
📝 Logging session to: cf_robustness_analysis_nice_v5_compas_20250730_185848.log
🕒 Started at: 2025-07-30 18:58:48
================================================================================

1. Loading COMPAS dataset...
Original data shape (after removing metadata): (6172, 12)
Dropped 0 rows with missing values
Final data shape: (6172, 12)
Dataset: COMPAS
Label column: Two_yr_Recidivism
Features: 12 features
Feature types:
  Two_yr_Recidivism: B
  Number_of_Priors: N
  score_factor: B
  Age_Above_FourtyFive: B
  Age_Below_TwentyFive: B
  African_American: B
  Asian: B
  Hispanic: B
  Native_American: B
  Other: B
  Female: B
  Misdemeanor: B

2. Analysis parameters:
  Number of folds: 5
  Counterfactual method: NICE
Dataset Summary:
Total samples (after cleaning): 6172
Number of features: 11
Label column: Two_yr_Recidivism
Number of folds: 5
Fold Summary:
--------------------------------------------------
Fold 0: Train=4937 samples, Test=1235 samples
Fold 1: Train=4937 samples, Test=1235 samples
Fold 2: Train=4938 samples, Test=1234 samples
Fold 3: Train=4938 samples, Test=1234 samples
Fold 4: Train=4938 samples, Test=1234 samples
--------------------------------------------------
  Data perturbation types: ['minor_deletion', 'major_deletion', 'minor_addition', 'major_addition']
  Model perturbations: 28 configurations

3. Running comprehensive analysis across all 5 folds...
================================================================================

--- FOLD 0 ANALYSIS ---
--------------------------------------------------
Fold 0 - Train: 4937 samples, Test: 1235 samples
Fold 0 - Train: 4937 samples, Test: 1235 samples
Fold 0 data shapes:
  Raw train: (4937, 12)
  Processed - Train: (4937, 12), Test: (1235, 12)
  Training samples: 4937
  Test samples: 1235
  Features: 11
  Class distribution - Train: [2690 2247]
  Class distribution - Test: [673 562]
COMPAS feature names: ['Number_of_Priors', 'score_factor', 'Age_Above_FourtyFive', 'Age_Below_TwentyFive', 'African_American', 'Asian', 'Hispanic', 'Native_American', 'Other', 'Female', 'Misdemeanor']
COMPAS feature analysis:
  Categorical feature indices: [1, 2, 3, 4, 5, 6, 7, 8, 9, 10]
  Numerical feature indices: [0]

Training baseline model for fold 0...
  Train accuracy: 0.6956
  Test accuracy: 0.6704
Generating counterfactuals using NICE for fold 0...
Generating counterfactuals using NICE algorithm
Test set size: 1235 samples
NICE counterfactual generation complete:
  Successful: 1235/1235 (100.00%)
  Failed: 0/1235 (0.00%)
  Success rate: 100.00%
  Baseline validity: 1.0000 (1235/1235)
  Baseline L2 distance: 0.5479
  Baseline L0 distance: 1.30
  Baseline LOF score: 0.8283

Testing data perturbations for fold 0...
  minor_deletion:
Fold 0 - Train: 4937 samples, Test: 1235 samples
    Bin 0: Remove 0% -> validity: 1.0000, accuracy: 0.6704
Fold 0 - Train: 4937 samples, Test: 1235 samples
    Bin 5: Remove 5% -> validity: 0.8729, accuracy: 0.6713
Fold 0 - Train: 4937 samples, Test: 1235 samples
    Bin 10: Remove 10% -> validity: 0.9312, accuracy: 0.6721
Fold 0 - Train: 4937 samples, Test: 1235 samples
    Bin 15: Remove 15% -> validity: 0.9474, accuracy: 0.6704
Fold 0 - Train: 4937 samples, Test: 1235 samples
    Bin 20: Remove 20% -> validity: 0.9457, accuracy: 0.6696
  major_deletion:
Fold 0 - Train: 4937 samples, Test: 1235 samples
    Bin 0: Remove 0% -> validity: 1.0000, accuracy: 0.6704
Fold 0 - Train: 4937 samples, Test: 1235 samples
    Bin 1: Remove 50% -> validity: 0.9182, accuracy: 0.6737
  minor_addition:
Fold 0 - Train: 4937 samples, Test: 1235 samples
    Bin 0: Use 80% -> validity: 0.7644, accuracy: 0.6648
Fold 0 - Train: 4937 samples, Test: 1235 samples
    Bin 5: Use 85% -> validity: 0.6713, accuracy: 0.6664
Fold 0 - Train: 4937 samples, Test: 1235 samples
    Bin 10: Use 90% -> validity: 0.7676, accuracy: 0.6696
Fold 0 - Train: 4937 samples, Test: 1235 samples
    Bin 15: Use 95% -> validity: 0.9846, accuracy: 0.6704
Fold 0 - Train: 4937 samples, Test: 1235 samples
    Bin 20: Use 100% -> validity: 1.0000, accuracy: 0.6704
  major_addition:
Fold 0 - Train: 4937 samples, Test: 1235 samples
    Bin 0: Use 50% -> validity: 0.6874, accuracy: 0.6623
Fold 0 - Train: 4937 samples, Test: 1235 samples
    Bin 1: Use 100% -> validity: 1.0000, accuracy: 0.6704

Testing model perturbations for fold 0...
Fold 0 - Train: 4937 samples, Test: 1235 samples
  random_forest (3, 100): validity: 0.5935, accuracy: 0.6656
Fold 0 - Train: 4937 samples, Test: 1235 samples
  xgboost (3, 100): validity: 0.7773, accuracy: 0.6688
Fold 0 - Train: 4937 samples, Test: 1235 samples
  lightgbm (3, 100): validity: 0.8704, accuracy: 0.6737
Fold 0 - Train: 4937 samples, Test: 1235 samples
  random_forest (4, 100): validity: 0.8283, accuracy: 0.6721
Fold 0 - Train: 4937 samples, Test: 1235 samples
  xgboost (4, 100): validity: 0.7425, accuracy: 0.6664
Fold 0 - Train: 4937 samples, Test: 1235 samples
  lightgbm (4, 100): validity: 0.8073, accuracy: 0.6737
Fold 0 - Train: 4937 samples, Test: 1235 samples
  random_forest (5, 100): validity: 1.0000, accuracy: 0.6704
Fold 0 - Train: 4937 samples, Test: 1235 samples
  xgboost (5, 100): validity: 0.7773, accuracy: 0.6664
Fold 0 - Train: 4937 samples, Test: 1235 samples
  lightgbm (5, 100): validity: 0.8219, accuracy: 0.6680
Fold 0 - Train: 4937 samples, Test: 1235 samples
  random_forest (6, 100): validity: 0.8988, accuracy: 0.6745
Fold 0 - Train: 4937 samples, Test: 1235 samples
  xgboost (6, 100): validity: 0.7725, accuracy: 0.6632
Fold 0 - Train: 4937 samples, Test: 1235 samples
  lightgbm (6, 100): validity: 0.7206, accuracy: 0.6648
Fold 0 - Train: 4937 samples, Test: 1235 samples
  random_forest (5, 50): validity: 0.9806, accuracy: 0.6745
Fold 0 - Train: 4937 samples, Test: 1235 samples
  xgboost (5, 50): validity: 0.8073, accuracy: 0.6640
Fold 0 - Train: 4937 samples, Test: 1235 samples
  lightgbm (5, 50): validity: 0.8397, accuracy: 0.6696
Fold 0 - Train: 4937 samples, Test: 1235 samples
  random_forest (5, 100): validity: 1.0000, accuracy: 0.6704
Fold 0 - Train: 4937 samples, Test: 1235 samples
  xgboost (5, 100): validity: 0.7773, accuracy: 0.6664
Fold 0 - Train: 4937 samples, Test: 1235 samples
  lightgbm (5, 100): validity: 0.8219, accuracy: 0.6680
Fold 0 - Train: 4937 samples, Test: 1235 samples
  random_forest (5, 150): validity: 0.8551, accuracy: 0.6729
Fold 0 - Train: 4937 samples, Test: 1235 samples
  xgboost (5, 150): validity: 0.7822, accuracy: 0.6680
Fold 0 - Train: 4937 samples, Test: 1235 samples
  lightgbm (5, 150): validity: 0.8040, accuracy: 0.6688
Fold 0 - Train: 4937 samples, Test: 1235 samples
  random_forest (5, 200): validity: 0.9466, accuracy: 0.6704
Fold 0 - Train: 4937 samples, Test: 1235 samples
  xgboost (5, 200): validity: 0.7870, accuracy: 0.6640
Fold 0 - Train: 4937 samples, Test: 1235 samples
  lightgbm (5, 200): validity: 0.8008, accuracy: 0.6672
Fold 0 - Train: 4937 samples, Test: 1235 samples
  adaboost (3, 50): validity: 0.6405, accuracy: 0.6599
Fold 0 - Train: 4937 samples, Test: 1235 samples
  adaboost (3, 100): validity: 0.6243, accuracy: 0.6632
Fold 0 - Train: 4937 samples, Test: 1235 samples
  adaboost (3, 150): validity: 0.6907, accuracy: 0.6607
Fold 0 - Train: 4937 samples, Test: 1235 samples
  adaboost (3, 200): validity: 0.6899, accuracy: 0.6623

--- FOLD 1 ANALYSIS ---
--------------------------------------------------
Fold 1 - Train: 4937 samples, Test: 1235 samples
Fold 1 - Train: 4937 samples, Test: 1235 samples
Fold 1 data shapes:
  Raw train: (4937, 12)
  Processed - Train: (4937, 12), Test: (1235, 12)
  Training samples: 4937
  Test samples: 1235
  Features: 11
  Class distribution - Train: [2690 2247]
  Class distribution - Test: [673 562]
COMPAS feature names: ['Number_of_Priors', 'score_factor', 'Age_Above_FourtyFive', 'Age_Below_TwentyFive', 'African_American', 'Asian', 'Hispanic', 'Native_American', 'Other', 'Female', 'Misdemeanor']
COMPAS feature analysis:
  Categorical feature indices: [1, 2, 3, 4, 5, 6, 7, 8, 9, 10]
  Numerical feature indices: [0]

Training baseline model for fold 1...
  Train accuracy: 0.6933
  Test accuracy: 0.6947
Generating counterfactuals using NICE for fold 1...
Generating counterfactuals using NICE algorithm
Test set size: 1235 samples
NICE counterfactual generation complete:
  Successful: 1235/1235 (100.00%)
  Failed: 0/1235 (0.00%)
  Success rate: 100.00%
  Baseline validity: 1.0000 (1235/1235)
  Baseline L2 distance: 0.4378
  Baseline L0 distance: 1.20
  Baseline LOF score: 0.9045

Testing data perturbations for fold 1...
  minor_deletion:
Fold 1 - Train: 4937 samples, Test: 1235 samples
    Bin 0: Remove 0% -> validity: 1.0000, accuracy: 0.6947
Fold 1 - Train: 4937 samples, Test: 1235 samples
    Bin 5: Remove 5% -> validity: 0.8470, accuracy: 0.6931
Fold 1 - Train: 4937 samples, Test: 1235 samples
    Bin 10: Remove 10% -> validity: 0.7352, accuracy: 0.6964
Fold 1 - Train: 4937 samples, Test: 1235 samples
    Bin 15: Remove 15% -> validity: 0.7992, accuracy: 0.6907
Fold 1 - Train: 4937 samples, Test: 1235 samples
    Bin 20: Remove 20% -> validity: 0.7320, accuracy: 0.6923
  major_deletion:
Fold 1 - Train: 4937 samples, Test: 1235 samples
    Bin 0: Remove 0% -> validity: 1.0000, accuracy: 0.6947
Fold 1 - Train: 4937 samples, Test: 1235 samples
    Bin 1: Remove 50% -> validity: 0.8818, accuracy: 0.6915
  minor_addition:
Fold 1 - Train: 4937 samples, Test: 1235 samples
    Bin 0: Use 80% -> validity: 0.5166, accuracy: 0.6947
Fold 1 - Train: 4937 samples, Test: 1235 samples
    Bin 5: Use 85% -> validity: 0.6251, accuracy: 0.6972
Fold 1 - Train: 4937 samples, Test: 1235 samples
    Bin 10: Use 90% -> validity: 0.6194, accuracy: 0.6980
Fold 1 - Train: 4937 samples, Test: 1235 samples
    Bin 15: Use 95% -> validity: 0.7862, accuracy: 0.6915
Fold 1 - Train: 4937 samples, Test: 1235 samples
    Bin 20: Use 100% -> validity: 1.0000, accuracy: 0.6947
  major_addition:
Fold 1 - Train: 4937 samples, Test: 1235 samples
    Bin 0: Use 50% -> validity: 0.4445, accuracy: 0.6907
Fold 1 - Train: 4937 samples, Test: 1235 samples
    Bin 1: Use 100% -> validity: 1.0000, accuracy: 0.6947

Testing model perturbations for fold 1...
Fold 1 - Train: 4937 samples, Test: 1235 samples
  random_forest (3, 100): validity: 0.3700, accuracy: 0.6980
Fold 1 - Train: 4937 samples, Test: 1235 samples
  xgboost (3, 100): validity: 0.8470, accuracy: 0.6915
Fold 1 - Train: 4937 samples, Test: 1235 samples
  lightgbm (3, 100): validity: 0.9077, accuracy: 0.6891
Fold 1 - Train: 4937 samples, Test: 1235 samples
  random_forest (4, 100): validity: 0.4996, accuracy: 0.6988
Fold 1 - Train: 4937 samples, Test: 1235 samples
  xgboost (4, 100): validity: 0.7619, accuracy: 0.6972
Fold 1 - Train: 4937 samples, Test: 1235 samples
  lightgbm (4, 100): validity: 0.7271, accuracy: 0.6955
Fold 1 - Train: 4937 samples, Test: 1235 samples
  random_forest (5, 100): validity: 1.0000, accuracy: 0.6947
Fold 1 - Train: 4937 samples, Test: 1235 samples
  xgboost (5, 100): validity: 0.7198, accuracy: 0.6907
Fold 1 - Train: 4937 samples, Test: 1235 samples
  lightgbm (5, 100): validity: 0.7287, accuracy: 0.6980
Fold 1 - Train: 4937 samples, Test: 1235 samples
  random_forest (6, 100): validity: 0.8672, accuracy: 0.6955
Fold 1 - Train: 4937 samples, Test: 1235 samples
  xgboost (6, 100): validity: 0.6915, accuracy: 0.6866
Fold 1 - Train: 4937 samples, Test: 1235 samples
  lightgbm (6, 100): validity: 0.7215, accuracy: 0.6980
Fold 1 - Train: 4937 samples, Test: 1235 samples
  random_forest (5, 50): validity: 0.8664, accuracy: 0.6939
Fold 1 - Train: 4937 samples, Test: 1235 samples
  xgboost (5, 50): validity: 0.7296, accuracy: 0.6899
Fold 1 - Train: 4937 samples, Test: 1235 samples
  lightgbm (5, 50): validity: 0.7490, accuracy: 0.6955
Fold 1 - Train: 4937 samples, Test: 1235 samples
  random_forest (5, 100): validity: 1.0000, accuracy: 0.6947
Fold 1 - Train: 4937 samples, Test: 1235 samples
  xgboost (5, 100): validity: 0.7198, accuracy: 0.6907
Fold 1 - Train: 4937 samples, Test: 1235 samples
  lightgbm (5, 100): validity: 0.7287, accuracy: 0.6980
Fold 1 - Train: 4937 samples, Test: 1235 samples
  random_forest (5, 150): validity: 0.9425, accuracy: 0.6931
Fold 1 - Train: 4937 samples, Test: 1235 samples
  xgboost (5, 150): validity: 0.7150, accuracy: 0.6939
Fold 1 - Train: 4937 samples, Test: 1235 samples
  lightgbm (5, 150): validity: 0.7279, accuracy: 0.6980
Fold 1 - Train: 4937 samples, Test: 1235 samples
  random_forest (5, 200): validity: 0.9401, accuracy: 0.6923
Fold 1 - Train: 4937 samples, Test: 1235 samples
  xgboost (5, 200): validity: 0.7101, accuracy: 0.6947
Fold 1 - Train: 4937 samples, Test: 1235 samples
  lightgbm (5, 200): validity: 0.7263, accuracy: 0.6964
Fold 1 - Train: 4937 samples, Test: 1235 samples
  adaboost (3, 50): validity: 0.6955, accuracy: 0.6810
Fold 1 - Train: 4937 samples, Test: 1235 samples
  adaboost (3, 100): validity: 0.7061, accuracy: 0.6899
Fold 1 - Train: 4937 samples, Test: 1235 samples
  adaboost (3, 150): validity: 0.7247, accuracy: 0.6891
Fold 1 - Train: 4937 samples, Test: 1235 samples
  adaboost (3, 200): validity: 0.6615, accuracy: 0.6850

--- FOLD 2 ANALYSIS ---
--------------------------------------------------
Fold 2 - Train: 4938 samples, Test: 1234 samples
Fold 2 - Train: 4938 samples, Test: 1234 samples
Fold 2 data shapes:
  Raw train: (4938, 12)
  Processed - Train: (4938, 12), Test: (1234, 12)
  Training samples: 4938
  Test samples: 1234
  Features: 11
  Class distribution - Train: [2690 2248]
  Class distribution - Test: [673 561]
COMPAS feature names: ['Number_of_Priors', 'score_factor', 'Age_Above_FourtyFive', 'Age_Below_TwentyFive', 'African_American', 'Asian', 'Hispanic', 'Native_American', 'Other', 'Female', 'Misdemeanor']
COMPAS feature analysis:
  Categorical feature indices: [1, 2, 3, 4, 5, 6, 7, 8, 9, 10]
  Numerical feature indices: [0]

Training baseline model for fold 2...
  Train accuracy: 0.6932
  Test accuracy: 0.6896
Generating counterfactuals using NICE for fold 2...
Generating counterfactuals using NICE algorithm
Test set size: 1234 samples
NICE counterfactual generation complete:
  Successful: 1234/1234 (100.00%)
  Failed: 0/1234 (0.00%)
  Success rate: 100.00%
  Baseline validity: 1.0000 (1234/1234)
  Baseline L2 distance: 0.4901
  Baseline L0 distance: 1.24
  Baseline LOF score: 0.8071

Testing data perturbations for fold 2...
  minor_deletion:
Fold 2 - Train: 4938 samples, Test: 1234 samples
    Bin 0: Remove 0% -> validity: 1.0000, accuracy: 0.6896
Fold 2 - Train: 4938 samples, Test: 1234 samples
    Bin 5: Remove 5% -> validity: 0.8306, accuracy: 0.6961
Fold 2 - Train: 4938 samples, Test: 1234 samples
    Bin 10: Remove 10% -> validity: 0.8006, accuracy: 0.6888
Fold 2 - Train: 4938 samples, Test: 1234 samples
    Bin 15: Remove 15% -> validity: 0.6791, accuracy: 0.6856
Fold 2 - Train: 4938 samples, Test: 1234 samples
    Bin 20: Remove 20% -> validity: 0.8209, accuracy: 0.6912
  major_deletion:
Fold 2 - Train: 4938 samples, Test: 1234 samples
    Bin 0: Remove 0% -> validity: 1.0000, accuracy: 0.6896
Fold 2 - Train: 4938 samples, Test: 1234 samples
    Bin 1: Remove 50% -> validity: 0.7820, accuracy: 0.6977
  minor_addition:
Fold 2 - Train: 4938 samples, Test: 1234 samples
    Bin 0: Use 80% -> validity: 0.5478, accuracy: 0.6799
Fold 2 - Train: 4938 samples, Test: 1234 samples
    Bin 5: Use 85% -> validity: 0.6556, accuracy: 0.6807
Fold 2 - Train: 4938 samples, Test: 1234 samples
    Bin 10: Use 90% -> validity: 0.7650, accuracy: 0.6848
Fold 2 - Train: 4938 samples, Test: 1234 samples
    Bin 15: Use 95% -> validity: 0.8793, accuracy: 0.6904
Fold 2 - Train: 4938 samples, Test: 1234 samples
    Bin 20: Use 100% -> validity: 1.0000, accuracy: 0.6896
  major_addition:
Fold 2 - Train: 4938 samples, Test: 1234 samples
    Bin 0: Use 50% -> validity: 0.5429, accuracy: 0.6815
Fold 2 - Train: 4938 samples, Test: 1234 samples
    Bin 1: Use 100% -> validity: 1.0000, accuracy: 0.6896

Testing model perturbations for fold 2...
Fold 2 - Train: 4938 samples, Test: 1234 samples
  random_forest (3, 100): validity: 0.4254, accuracy: 0.6799
Fold 2 - Train: 4938 samples, Test: 1234 samples
  xgboost (3, 100): validity: 0.7212, accuracy: 0.6994
Fold 2 - Train: 4938 samples, Test: 1234 samples
  lightgbm (3, 100): validity: 0.7917, accuracy: 0.7010
Fold 2 - Train: 4938 samples, Test: 1234 samples
  random_forest (4, 100): validity: 0.5421, accuracy: 0.6807
Fold 2 - Train: 4938 samples, Test: 1234 samples
  xgboost (4, 100): validity: 0.7374, accuracy: 0.6937
Fold 2 - Train: 4938 samples, Test: 1234 samples
  lightgbm (4, 100): validity: 0.7545, accuracy: 0.7010
Fold 2 - Train: 4938 samples, Test: 1234 samples
  random_forest (5, 100): validity: 1.0000, accuracy: 0.6896
Fold 2 - Train: 4938 samples, Test: 1234 samples
  xgboost (5, 100): validity: 0.6888, accuracy: 0.6929
Fold 2 - Train: 4938 samples, Test: 1234 samples
  lightgbm (5, 100): validity: 0.7618, accuracy: 0.7010
Fold 2 - Train: 4938 samples, Test: 1234 samples
  random_forest (6, 100): validity: 0.8468, accuracy: 0.6961
Fold 2 - Train: 4938 samples, Test: 1234 samples
  xgboost (6, 100): validity: 0.7447, accuracy: 0.6945
Fold 2 - Train: 4938 samples, Test: 1234 samples
  lightgbm (6, 100): validity: 0.8006, accuracy: 0.7002
Fold 2 - Train: 4938 samples, Test: 1234 samples
  random_forest (5, 50): validity: 0.8006, accuracy: 0.6912
Fold 2 - Train: 4938 samples, Test: 1234 samples
  xgboost (5, 50): validity: 0.7374, accuracy: 0.6953
Fold 2 - Train: 4938 samples, Test: 1234 samples
  lightgbm (5, 50): validity: 0.7731, accuracy: 0.6994
Fold 2 - Train: 4938 samples, Test: 1234 samples
  random_forest (5, 100): validity: 1.0000, accuracy: 0.6896
Fold 2 - Train: 4938 samples, Test: 1234 samples
  xgboost (5, 100): validity: 0.6888, accuracy: 0.6929
Fold 2 - Train: 4938 samples, Test: 1234 samples
  lightgbm (5, 100): validity: 0.7618, accuracy: 0.7010
Fold 2 - Train: 4938 samples, Test: 1234 samples
  random_forest (5, 150): validity: 0.9254, accuracy: 0.6929
Fold 2 - Train: 4938 samples, Test: 1234 samples
  xgboost (5, 150): validity: 0.6759, accuracy: 0.6961
Fold 2 - Train: 4938 samples, Test: 1234 samples
  lightgbm (5, 150): validity: 0.7536, accuracy: 0.7042
Fold 2 - Train: 4938 samples, Test: 1234 samples
  random_forest (5, 200): validity: 0.8412, accuracy: 0.6896
Fold 2 - Train: 4938 samples, Test: 1234 samples
  xgboost (5, 200): validity: 0.7066, accuracy: 0.6945
Fold 2 - Train: 4938 samples, Test: 1234 samples
  lightgbm (5, 200): validity: 0.7504, accuracy: 0.7034
Fold 2 - Train: 4938 samples, Test: 1234 samples
  adaboost (3, 50): validity: 0.6945, accuracy: 0.6937
Fold 2 - Train: 4938 samples, Test: 1234 samples
  adaboost (3, 100): validity: 0.6783, accuracy: 0.6937
Fold 2 - Train: 4938 samples, Test: 1234 samples
  adaboost (3, 150): validity: 0.7010, accuracy: 0.6904
Fold 2 - Train: 4938 samples, Test: 1234 samples
  adaboost (3, 200): validity: 0.7974, accuracy: 0.6896

--- FOLD 3 ANALYSIS ---
--------------------------------------------------
Fold 3 - Train: 4938 samples, Test: 1234 samples
Fold 3 - Train: 4938 samples, Test: 1234 samples
Fold 3 data shapes:
  Raw train: (4938, 12)
  Processed - Train: (4938, 12), Test: (1234, 12)
  Training samples: 4938
  Test samples: 1234
  Features: 11
  Class distribution - Train: [2691 2247]
  Class distribution - Test: [672 562]
COMPAS feature names: ['Number_of_Priors', 'score_factor', 'Age_Above_FourtyFive', 'Age_Below_TwentyFive', 'African_American', 'Asian', 'Hispanic', 'Native_American', 'Other', 'Female', 'Misdemeanor']
COMPAS feature analysis:
  Categorical feature indices: [1, 2, 3, 4, 5, 6, 7, 8, 9, 10]
  Numerical feature indices: [0]

Training baseline model for fold 3...
  Train accuracy: 0.6981
  Test accuracy: 0.6767
Generating counterfactuals using NICE for fold 3...
Generating counterfactuals using NICE algorithm
Test set size: 1234 samples
NICE counterfactual generation complete:
  Successful: 1234/1234 (100.00%)
  Failed: 0/1234 (0.00%)
  Success rate: 100.00%
  Baseline validity: 1.0000 (1234/1234)
  Baseline L2 distance: 0.4148
  Baseline L0 distance: 1.22
  Baseline LOF score: 0.8233

Testing data perturbations for fold 3...
  minor_deletion:
Fold 3 - Train: 4938 samples, Test: 1234 samples
    Bin 0: Remove 0% -> validity: 1.0000, accuracy: 0.6767
Fold 3 - Train: 4938 samples, Test: 1234 samples
    Bin 5: Remove 5% -> validity: 0.8088, accuracy: 0.6823
Fold 3 - Train: 4938 samples, Test: 1234 samples
    Bin 10: Remove 10% -> validity: 0.9044, accuracy: 0.6791
Fold 3 - Train: 4938 samples, Test: 1234 samples
    Bin 15: Remove 15% -> validity: 0.8420, accuracy: 0.6734
Fold 3 - Train: 4938 samples, Test: 1234 samples
    Bin 20: Remove 20% -> validity: 0.8428, accuracy: 0.6734
  major_deletion:
Fold 3 - Train: 4938 samples, Test: 1234 samples
    Bin 0: Remove 0% -> validity: 1.0000, accuracy: 0.6767
Fold 3 - Train: 4938 samples, Test: 1234 samples
    Bin 1: Remove 50% -> validity: 0.8023, accuracy: 0.6759
  minor_addition:
Fold 3 - Train: 4938 samples, Test: 1234 samples
    Bin 0: Use 80% -> validity: 0.6337, accuracy: 0.6750
Fold 3 - Train: 4938 samples, Test: 1234 samples
    Bin 5: Use 85% -> validity: 0.8152, accuracy: 0.6799
Fold 3 - Train: 4938 samples, Test: 1234 samples
    Bin 10: Use 90% -> validity: 0.7893, accuracy: 0.6799
Fold 3 - Train: 4938 samples, Test: 1234 samples
    Bin 15: Use 95% -> validity: 0.9125, accuracy: 0.6791
Fold 3 - Train: 4938 samples, Test: 1234 samples
    Bin 20: Use 100% -> validity: 1.0000, accuracy: 0.6767
  major_addition:
Fold 3 - Train: 4938 samples, Test: 1234 samples
    Bin 0: Use 50% -> validity: 0.5916, accuracy: 0.6775
Fold 3 - Train: 4938 samples, Test: 1234 samples
    Bin 1: Use 100% -> validity: 1.0000, accuracy: 0.6767

Testing model perturbations for fold 3...
Fold 3 - Train: 4938 samples, Test: 1234 samples
  random_forest (3, 100): validity: 0.6118, accuracy: 0.6572
Fold 3 - Train: 4938 samples, Test: 1234 samples
  xgboost (3, 100): validity: 0.8355, accuracy: 0.6864
Fold 3 - Train: 4938 samples, Test: 1234 samples
  lightgbm (3, 100): validity: 0.7796, accuracy: 0.6888
Fold 3 - Train: 4938 samples, Test: 1234 samples
  random_forest (4, 100): validity: 0.7618, accuracy: 0.6645
Fold 3 - Train: 4938 samples, Test: 1234 samples
  xgboost (4, 100): validity: 0.8347, accuracy: 0.6823
Fold 3 - Train: 4938 samples, Test: 1234 samples
  lightgbm (4, 100): validity: 0.7885, accuracy: 0.6767
Fold 3 - Train: 4938 samples, Test: 1234 samples
  random_forest (5, 100): validity: 1.0000, accuracy: 0.6767
Fold 3 - Train: 4938 samples, Test: 1234 samples
  xgboost (5, 100): validity: 0.7958, accuracy: 0.6742
Fold 3 - Train: 4938 samples, Test: 1234 samples
  lightgbm (5, 100): validity: 0.8509, accuracy: 0.6750
Fold 3 - Train: 4938 samples, Test: 1234 samples
  random_forest (6, 100): validity: 0.9117, accuracy: 0.6767
Fold 3 - Train: 4938 samples, Test: 1234 samples
  xgboost (6, 100): validity: 0.8647, accuracy: 0.6710
Fold 3 - Train: 4938 samples, Test: 1234 samples
  lightgbm (6, 100): validity: 0.8582, accuracy: 0.6702
Fold 3 - Train: 4938 samples, Test: 1234 samples
  random_forest (5, 50): validity: 0.9100, accuracy: 0.6775
Fold 3 - Train: 4938 samples, Test: 1234 samples
  xgboost (5, 50): validity: 0.7828, accuracy: 0.6767
Fold 3 - Train: 4938 samples, Test: 1234 samples
  lightgbm (5, 50): validity: 0.8258, accuracy: 0.6734
Fold 3 - Train: 4938 samples, Test: 1234 samples
  random_forest (5, 100): validity: 1.0000, accuracy: 0.6767
Fold 3 - Train: 4938 samples, Test: 1234 samples
  xgboost (5, 100): validity: 0.7958, accuracy: 0.6742
Fold 3 - Train: 4938 samples, Test: 1234 samples
  lightgbm (5, 100): validity: 0.8509, accuracy: 0.6750
Fold 3 - Train: 4938 samples, Test: 1234 samples
  random_forest (5, 150): validity: 0.9814, accuracy: 0.6775
Fold 3 - Train: 4938 samples, Test: 1234 samples
  xgboost (5, 150): validity: 0.7877, accuracy: 0.6669
Fold 3 - Train: 4938 samples, Test: 1234 samples
  lightgbm (5, 150): validity: 0.8160, accuracy: 0.6702
Fold 3 - Train: 4938 samples, Test: 1234 samples
  random_forest (5, 200): validity: 0.8622, accuracy: 0.6799
Fold 3 - Train: 4938 samples, Test: 1234 samples
  xgboost (5, 200): validity: 0.7844, accuracy: 0.6653
Fold 3 - Train: 4938 samples, Test: 1234 samples
  lightgbm (5, 200): validity: 0.8250, accuracy: 0.6726
Fold 3 - Train: 4938 samples, Test: 1234 samples
  adaboost (3, 50): validity: 0.9036, accuracy: 0.6742
Fold 3 - Train: 4938 samples, Test: 1234 samples
  adaboost (3, 100): validity: 0.8509, accuracy: 0.6669
Fold 3 - Train: 4938 samples, Test: 1234 samples
  adaboost (3, 150): validity: 0.8031, accuracy: 0.6596
Fold 3 - Train: 4938 samples, Test: 1234 samples
  adaboost (3, 200): validity: 0.7958, accuracy: 0.6677

--- FOLD 4 ANALYSIS ---
--------------------------------------------------
Fold 4 - Train: 4938 samples, Test: 1234 samples
Fold 4 - Train: 4938 samples, Test: 1234 samples
Fold 4 data shapes:
  Raw train: (4938, 12)
  Processed - Train: (4938, 12), Test: (1234, 12)
  Training samples: 4938
  Test samples: 1234
  Features: 11
  Class distribution - Train: [2691 2247]
  Class distribution - Test: [672 562]
COMPAS feature names: ['Number_of_Priors', 'score_factor', 'Age_Above_FourtyFive', 'Age_Below_TwentyFive', 'African_American', 'Asian', 'Hispanic', 'Native_American', 'Other', 'Female', 'Misdemeanor']
COMPAS feature analysis:
  Categorical feature indices: [1, 2, 3, 4, 5, 6, 7, 8, 9, 10]
  Numerical feature indices: [0]

Training baseline model for fold 4...
  Train accuracy: 0.6920
  Test accuracy: 0.6904
Generating counterfactuals using NICE for fold 4...
Generating counterfactuals using NICE algorithm
Test set size: 1234 samples
NICE counterfactual generation complete:
  Successful: 1234/1234 (100.00%)
  Failed: 0/1234 (0.00%)
  Success rate: 100.00%
  Baseline validity: 1.0000 (1234/1234)
  Baseline L2 distance: 0.4713
  Baseline L0 distance: 1.23
  Baseline LOF score: 0.8250

Testing data perturbations for fold 4...
  minor_deletion:
Fold 4 - Train: 4938 samples, Test: 1234 samples
    Bin 0: Remove 0% -> validity: 1.0000, accuracy: 0.6904
Fold 4 - Train: 4938 samples, Test: 1234 samples
    Bin 5: Remove 5% -> validity: 0.8379, accuracy: 0.6856
Fold 4 - Train: 4938 samples, Test: 1234 samples
    Bin 10: Remove 10% -> validity: 0.6831, accuracy: 0.6823
Fold 4 - Train: 4938 samples, Test: 1234 samples
    Bin 15: Remove 15% -> validity: 0.7229, accuracy: 0.6848
Fold 4 - Train: 4938 samples, Test: 1234 samples
    Bin 20: Remove 20% -> validity: 0.7212, accuracy: 0.6799
  major_deletion:
Fold 4 - Train: 4938 samples, Test: 1234 samples
    Bin 0: Remove 0% -> validity: 1.0000, accuracy: 0.6904
Fold 4 - Train: 4938 samples, Test: 1234 samples
    Bin 1: Remove 50% -> validity: 0.7771, accuracy: 0.6750
  minor_addition:
Fold 4 - Train: 4938 samples, Test: 1234 samples
    Bin 0: Use 80% -> validity: 0.6540, accuracy: 0.6840
Fold 4 - Train: 4938 samples, Test: 1234 samples
    Bin 5: Use 85% -> validity: 0.7496, accuracy: 0.6840
Fold 4 - Train: 4938 samples, Test: 1234 samples
    Bin 10: Use 90% -> validity: 0.7804, accuracy: 0.6856
Fold 4 - Train: 4938 samples, Test: 1234 samples
    Bin 15: Use 95% -> validity: 0.8485, accuracy: 0.6864
Fold 4 - Train: 4938 samples, Test: 1234 samples
    Bin 20: Use 100% -> validity: 1.0000, accuracy: 0.6904
  major_addition:
Fold 4 - Train: 4938 samples, Test: 1234 samples
    Bin 0: Use 50% -> validity: 0.4384, accuracy: 0.6775
Fold 4 - Train: 4938 samples, Test: 1234 samples
    Bin 1: Use 100% -> validity: 1.0000, accuracy: 0.6904

Testing model perturbations for fold 4...
Fold 4 - Train: 4938 samples, Test: 1234 samples
  random_forest (3, 100): validity: 0.4749, accuracy: 0.6791
Fold 4 - Train: 4938 samples, Test: 1234 samples
  xgboost (3, 100): validity: 0.8452, accuracy: 0.6775
Fold 4 - Train: 4938 samples, Test: 1234 samples
  lightgbm (3, 100): validity: 0.8509, accuracy: 0.6799
Fold 4 - Train: 4938 samples, Test: 1234 samples
  random_forest (4, 100): validity: 0.6929, accuracy: 0.6831
Fold 4 - Train: 4938 samples, Test: 1234 samples
  xgboost (4, 100): validity: 0.8371, accuracy: 0.6759
Fold 4 - Train: 4938 samples, Test: 1234 samples
  lightgbm (4, 100): validity: 0.8476, accuracy: 0.6807
Fold 4 - Train: 4938 samples, Test: 1234 samples
  random_forest (5, 100): validity: 1.0000, accuracy: 0.6904
Fold 4 - Train: 4938 samples, Test: 1234 samples
  xgboost (5, 100): validity: 0.7699, accuracy: 0.6653
Fold 4 - Train: 4938 samples, Test: 1234 samples
  lightgbm (5, 100): validity: 0.7771, accuracy: 0.6775
Fold 4 - Train: 4938 samples, Test: 1234 samples
  random_forest (6, 100): validity: 0.9019, accuracy: 0.6864
Fold 4 - Train: 4938 samples, Test: 1234 samples
  xgboost (6, 100): validity: 0.7439, accuracy: 0.6645
Fold 4 - Train: 4938 samples, Test: 1234 samples
  lightgbm (6, 100): validity: 0.7642, accuracy: 0.6677
Fold 4 - Train: 4938 samples, Test: 1234 samples
  random_forest (5, 50): validity: 0.9433, accuracy: 0.6896
Fold 4 - Train: 4938 samples, Test: 1234 samples
  xgboost (5, 50): validity: 0.7731, accuracy: 0.6677
Fold 4 - Train: 4938 samples, Test: 1234 samples
  lightgbm (5, 50): validity: 0.7844, accuracy: 0.6791
Fold 4 - Train: 4938 samples, Test: 1234 samples
  random_forest (5, 100): validity: 1.0000, accuracy: 0.6904
Fold 4 - Train: 4938 samples, Test: 1234 samples
  xgboost (5, 100): validity: 0.7699, accuracy: 0.6653
Fold 4 - Train: 4938 samples, Test: 1234 samples
  lightgbm (5, 100): validity: 0.7771, accuracy: 0.6775
Fold 4 - Train: 4938 samples, Test: 1234 samples
  random_forest (5, 150): validity: 0.8241, accuracy: 0.6864
Fold 4 - Train: 4938 samples, Test: 1234 samples
  xgboost (5, 150): validity: 0.7585, accuracy: 0.6629
Fold 4 - Train: 4938 samples, Test: 1234 samples
  lightgbm (5, 150): validity: 0.7626, accuracy: 0.6694
Fold 4 - Train: 4938 samples, Test: 1234 samples
  random_forest (5, 200): validity: 0.8363, accuracy: 0.6848
Fold 4 - Train: 4938 samples, Test: 1234 samples
  xgboost (5, 200): validity: 0.7634, accuracy: 0.6677
Fold 4 - Train: 4938 samples, Test: 1234 samples
  lightgbm (5, 200): validity: 0.7771, accuracy: 0.6694
Fold 4 - Train: 4938 samples, Test: 1234 samples
  adaboost (3, 50): validity: 0.8225, accuracy: 0.6629
Fold 4 - Train: 4938 samples, Test: 1234 samples
  adaboost (3, 100): validity: 0.6653, accuracy: 0.6613
Fold 4 - Train: 4938 samples, Test: 1234 samples
  adaboost (3, 150): validity: 0.6410, accuracy: 0.6605
Fold 4 - Train: 4938 samples, Test: 1234 samples
  adaboost (3, 200): validity: 0.7010, accuracy: 0.6572

4. Generating comprehensive summary of NICE counterfactual robustness...
================================================================================

BASELINE PERFORMANCE ACROSS ALL FOLDS (NICE - COMPAS):
--------------------------------------------------------------------------------
Model Accuracy: 0.6844 ± 0.0092
CF Success Rate: 1.0000 ± 0.0000
CF Validity: 1.0000 ± 0.0000
CF L2 Distance: 0.4724 ± 0.0459
CF L0 Distance: 1.2380 ± 0.0329
CF LOF Score: 0.8376 ± 0.0342

DATA PERTURBATION ROBUSTNESS SUMMARY (NICE - COMPAS):
------------------------------------------------------------------------------------------------------------------------------------------------------
Perturbation    Bin   Data         Mean Validity Std Validity Mean Accuracy Std Accuracy Mean L2    Mean L0    Validity Δ 
------------------------------------------------------------------------------------------------------------------------------------------------------
minor_deletion  0     Remove 0%    1.0000        0.0000       0.6844        0.0092       0.4724     1.24       +0.0000    
minor_deletion  5     Remove 5%    0.8394        0.0210       0.6857        0.0088       0.4724     1.24       -0.1606    
minor_deletion  10    Remove 10%   0.8109        0.0952       0.6837        0.0083       0.4724     1.24       -0.1891    
minor_deletion  15    Remove 15%   0.7981        0.0938       0.6810        0.0077       0.4724     1.24       -0.2019    
minor_deletion  20    Remove 20%   0.8125        0.0819       0.6813        0.0092       0.4724     1.24       -0.1875    
major_deletion  0     Remove 0%    1.0000        0.0000       0.6844        0.0092       0.4724     1.24       +0.0000    
major_deletion  1     Remove 50%   0.8323        0.0571       0.6828        0.0099       0.4724     1.24       -0.1677    
minor_addition  0     Use 80%      0.6233        0.0872       0.6797        0.0099       0.4724     1.24       -0.3767    
minor_addition  5     Use 85%      0.7034        0.0694       0.6816        0.0098       0.4724     1.24       -0.2966    
minor_addition  10    Use 90%      0.7443        0.0631       0.6836        0.0092       0.4724     1.24       -0.2557    
minor_addition  15    Use 95%      0.8822        0.0660       0.6836        0.0079       0.4724     1.24       -0.1178    
minor_addition  20    Use 100%     1.0000        0.0000       0.6844        0.0092       0.4724     1.24       +0.0000    
major_addition  0     Use 50%      0.5410        0.0936       0.6779        0.0092       0.4724     1.24       -0.4590    
major_addition  1     Use 100%     1.0000        0.0000       0.6844        0.0092       0.4724     1.24       +0.0000    

MODEL PERTURBATION ROBUSTNESS SUMMARY (NICE - COMPAS):
------------------------------------------------------------------------------------------------------------------------------------------------------
Model Configuration            Mean Validity Std Validity Mean Accuracy Std Accuracy Mean L2    Mean L0    Validity Δ 
------------------------------------------------------------------------------------------------------------------------------------------------------
random_forest_3_100            0.4951        0.0940       0.6760        0.0139       0.4724     1.24       -0.5049    
xgboost_3_100                  0.8052        0.0492       0.6847        0.0107       0.4724     1.24       -0.1948    
lightgbm_3_100                 0.8401        0.0482       0.6865        0.0093       0.4724     1.24       -0.1599    
random_forest_4_100            0.6649        0.1259       0.6798        0.0115       0.4724     1.24       -0.3351    
xgboost_4_100                  0.7827        0.0442       0.6831        0.0113       0.4724     1.24       -0.2173    
lightgbm_4_100                 0.7850        0.0418       0.6855        0.0108       0.4724     1.24       -0.2150    
random_forest_5_100            1.0000        0.0000       0.6844        0.0092       0.4724     1.24       +0.0000    
xgboost_5_100                  0.7503        0.0397       0.6779        0.0118       0.4724     1.24       -0.2497    
lightgbm_5_100                 0.7881        0.0434       0.6839        0.0131       0.4724     1.24       -0.2119    
random_forest_6_100            0.8853        0.0243       0.6858        0.0091       0.4724     1.24       -0.1147    
xgboost_6_100                  0.7635        0.0570       0.6760        0.0125       0.4724     1.24       -0.2365    
lightgbm_6_100                 0.7730        0.0520       0.6802        0.0155       0.4724     1.24       -0.2270    
random_forest_5_50             0.9002        0.0624       0.6854        0.0078       0.4724     1.24       -0.0998    
xgboost_5_50                   0.7660        0.0289       0.6787        0.0122       0.4724     1.24       -0.2340    
lightgbm_5_50                  0.7944        0.0336       0.6834        0.0119       0.4724     1.24       -0.2056    
random_forest_5_150            0.9057        0.0578       0.6845        0.0082       0.4724     1.24       -0.0943    
xgboost_5_150                  0.7438        0.0426       0.6776        0.0144       0.4724     1.24       -0.2562    
lightgbm_5_150                 0.7728        0.0327       0.6821        0.0156       0.4724     1.24       -0.2272    
random_forest_5_200            0.8853        0.0482       0.6834        0.0077       0.4724     1.24       -0.1147    
xgboost_5_200                  0.7503        0.0352       0.6773        0.0142       0.4724     1.24       -0.2497    
lightgbm_5_200                 0.7759        0.0350       0.6818        0.0150       0.4724     1.24       -0.2241    
adaboost_3_50                  0.7513        0.0968       0.6743        0.0123       0.4724     1.24       -0.2487    
adaboost_3_100                 0.7050        0.0776       0.6750        0.0139       0.4724     1.24       -0.2950    
adaboost_3_150                 0.7121        0.0531       0.6721        0.0145       0.4724     1.24       -0.2879    
adaboost_3_200                 0.7291        0.0566       0.6724        0.0127       0.4724     1.24       -0.2709    

Data perturbation plot saved to: cf_data_robustness_nice_compas_5fold_plot_20250730_225700.png

================================================================================
NICE COUNTERFACTUAL ROBUSTNESS ANALYSIS COMPLETED!
================================================================================

⚖️ COMPAS DATASET INSIGHTS (NICE):
• Dataset contains criminal justice/recidivism prediction features
• COMPAS (Correctional Offender Management Profiling for Alternative Sanctions)
• Mixed feature types enable testing NICE's HEOM distance metric
• Contains sensitive attributes requiring careful ethical consideration
• Widely used for algorithmic fairness and bias research
• Baseline counterfactual success rate: 100.00% ± 0.000
• Baseline counterfactual validity: 1.0000 ± 0.000
• Baseline model accuracy: 0.6844 ± 0.009

================================================================================
🏁 COMPREHENSIVE NICE COUNTERFACTUAL ROBUSTNESS ANALYSIS COMPLETED!
================================================================================
🕒 Completed at: 2025-07-30 22:57:01
📝 Complete analysis saved to: cf_robustness_analysis_nice_v5_compas_20250730_185848.log
🧠 Used NICE algorithm with HEOM distance for mixed features
⚖️ COMPAS dataset analysis emphasizes fairness considerations
================================================================================
