2025-08-28 16:50:29,663 - INFO - Starting OCEAN 5-fold robustness analysis for SPAMBASE dataset
2025-08-28 16:50:29,675 - INFO - Loaded SPAMBASE fold 0 from C:\Users\rashi\OneDrive\Desktop\CS9875 Presentation\OCEAN\OCEAN\SPAMBASE_OCEAN_Generated_CFs_only_Fold0_20250825_021319.csv: 921 counterfactuals
2025-08-28 16:50:29,685 - INFO - Loaded SPAMBASE fold 1 from C:\Users\rashi\OneDrive\Desktop\CS9875 Presentation\OCEAN\OCEAN\SPAMBASE_OCEAN_Generated_CFs_only_Fold1_20250825_042104.csv: 920 counterfactuals
2025-08-28 16:50:29,696 - INFO - Loaded SPAMBASE fold 2 from C:\Users\rashi\OneDrive\Desktop\CS9875 Presentation\OCEAN\OCEAN\SPAMBASE_OCEAN_Generated_CFs_only_Fold2_20250825_125715.csv: 920 counterfactuals
2025-08-28 16:50:29,707 - INFO - Loaded SPAMBASE fold 3 from C:\Users\rashi\OneDrive\Desktop\CS9875 Presentation\OCEAN\OCEAN\SPAMBASE_OCEAN_Generated_CFs_only_Fold3_20250825_153409.csv: 920 counterfactuals
2025-08-28 16:50:29,711 - INFO - Loaded SPAMBASE fold 4 from C:\Users\rashi\OneDrive\Desktop\CS9875 Presentation\OCEAN\OCEAN\SPAMBASE_OCEAN_Generated_CFs_only_Fold4_20250825_162445.csv: 24 counterfactuals
2025-08-28 16:50:29,712 - INFO - Loaded 5 SPAMBASE folds
2025-08-28 16:50:29,712 - INFO - \n=== Processing SPAMBASE Fold 0 ===
2025-08-28 16:50:39,758 - INFO - SPAMBASE Fold 0 - Baseline accuracy: 0.9587
2025-08-28 16:50:39,758 - INFO - SPAMBASE Fold 0 - Baseline validity: 0.4680
2025-08-28 16:50:39,758 - INFO - \nTesting data perturbations for fold 0...
2025-08-28 16:50:39,758 - INFO -   data_deletion:
2025-08-28 16:50:54,040 - INFO - Fold 0 - Train: 3680 samples, Test: 921 samples
2025-08-28 16:50:54,040 - INFO -     Bin 0: Remove 0% -> validity: 0.4680, accuracy: 0.9587, L2: 0.5419, L0: 20.58, LOF: -3.0598
2025-08-28 16:51:19,357 - INFO - Fold 0 - Train: 3680 samples, Test: 921 samples
2025-08-28 16:51:19,357 - INFO -     Bin 5: Remove 5% -> validity: 0.4604, accuracy: 0.9555, L2: 0.5419, L0: 20.58, LOF: -3.1638
2025-08-28 16:51:45,322 - INFO - Fold 0 - Train: 3680 samples, Test: 921 samples
2025-08-28 16:51:45,322 - INFO -     Bin 10: Remove 10% -> validity: 0.4625, accuracy: 0.9544, L2: 0.5419, L0: 20.58, LOF: -2.8640
2025-08-28 16:52:11,846 - INFO - Fold 0 - Train: 3680 samples, Test: 921 samples
2025-08-28 16:52:11,847 - INFO -     Bin 15: Remove 15% -> validity: 0.4680, accuracy: 0.9598, L2: 0.5419, L0: 20.58, LOF: -2.2476
2025-08-28 16:52:39,339 - INFO - Fold 0 - Train: 3680 samples, Test: 921 samples
2025-08-28 16:52:39,340 - INFO -     Bin 20: Remove 20% -> validity: 0.4745, accuracy: 0.9577, L2: 0.5419, L0: 20.58, LOF: -2.3152
2025-08-28 16:52:39,340 - INFO -   minor_addition:
2025-08-28 16:53:05,644 - INFO - Fold 0 - Train: 3680 samples, Test: 921 samples
2025-08-28 16:53:05,645 - INFO -     Bin 0: Use 80% -> validity: 0.4745, accuracy: 0.9577, L2: 0.5419, L0: 20.58, LOF: -2.3152
2025-08-28 16:53:30,064 - INFO - Fold 0 - Train: 3680 samples, Test: 921 samples
2025-08-28 16:53:30,065 - INFO -     Bin 5: Use 85% -> validity: 0.4680, accuracy: 0.9598, L2: 0.5419, L0: 20.58, LOF: -2.2476
2025-08-28 16:53:55,065 - INFO - Fold 0 - Train: 3680 samples, Test: 921 samples
2025-08-28 16:53:55,066 - INFO -     Bin 10: Use 90% -> validity: 0.4625, accuracy: 0.9544, L2: 0.5419, L0: 20.58, LOF: -2.8640
2025-08-28 16:54:20,574 - INFO - Fold 0 - Train: 3680 samples, Test: 921 samples
2025-08-28 16:54:20,574 - INFO -     Bin 15: Use 95% -> validity: 0.4604, accuracy: 0.9555, L2: 0.5419, L0: 20.58, LOF: -3.1638
2025-08-28 16:54:47,982 - INFO - Fold 0 - Train: 3680 samples, Test: 921 samples
2025-08-28 16:54:47,982 - INFO -     Bin 20: Use 100% -> validity: 0.4680, accuracy: 0.9587, L2: 0.5419, L0: 20.58, LOF: -3.0598
2025-08-28 16:54:47,982 - INFO -   major_addition:
2025-08-28 16:55:12,593 - INFO - Fold 0 - Train: 3680 samples, Test: 921 samples
2025-08-28 16:55:12,593 - INFO -     Bin 0: Use 50% -> validity: 0.4647, accuracy: 0.9522, L2: 0.5419, L0: 20.58, LOF: -1.6261
2025-08-28 16:55:38,681 - INFO - Fold 0 - Train: 3680 samples, Test: 921 samples
2025-08-28 16:55:38,681 - INFO -     Bin 1: Use 100% -> validity: 0.4680, accuracy: 0.9587, L2: 0.5419, L0: 20.58, LOF: -3.0598
2025-08-28 16:55:38,682 - INFO - \nTesting SPAMBASE model perturbations for fold 0...
2025-08-28 16:55:51,620 - INFO -   rf_50_3 {'n_estimators': 50, 'max_depth': 3}: accuracy=0.9305, validity=0.4202
2025-08-28 16:56:04,803 - INFO -   rf_50_4 {'n_estimators': 50, 'max_depth': 4}: accuracy=0.9370, validity=0.4430
2025-08-28 16:56:17,283 - INFO -   rf_50_5 {'n_estimators': 50, 'max_depth': 5}: accuracy=0.9370, validity=0.4311
2025-08-28 16:56:30,153 - INFO -   rf_50_6 {'n_estimators': 50, 'max_depth': 6}: accuracy=0.9359, validity=0.4332
2025-08-28 16:56:53,218 - INFO -   rf_100_3 {'n_estimators': 100, 'max_depth': 3}: accuracy=0.9294, validity=0.4224
2025-08-28 16:57:16,497 - INFO -   rf_100_4 {'n_estimators': 100, 'max_depth': 4}: accuracy=0.9349, validity=0.4397
2025-08-28 16:57:39,139 - INFO -   rf_100_5 {'n_estimators': 100, 'max_depth': 5}: accuracy=0.9403, validity=0.4311
2025-08-28 16:58:02,667 - INFO -   rf_100_6 {'n_estimators': 100, 'max_depth': 6}: accuracy=0.9370, validity=0.4321
2025-08-28 16:58:35,410 - INFO -   rf_150_3 {'n_estimators': 150, 'max_depth': 3}: accuracy=0.9273, validity=0.4235
2025-08-28 16:59:08,198 - INFO -   rf_150_4 {'n_estimators': 150, 'max_depth': 4}: accuracy=0.9370, validity=0.4365
2025-08-28 16:59:39,090 - INFO -   rf_150_5 {'n_estimators': 150, 'max_depth': 5}: accuracy=0.9381, validity=0.4343
2025-08-28 17:00:12,624 - INFO -   rf_150_6 {'n_estimators': 150, 'max_depth': 6}: accuracy=0.9425, validity=0.4343
2025-08-28 17:00:55,248 - INFO -   rf_200_3 {'n_estimators': 200, 'max_depth': 3}: accuracy=0.9305, validity=0.4213
2025-08-28 17:01:36,833 - INFO -   rf_200_4 {'n_estimators': 200, 'max_depth': 4}: accuracy=0.9338, validity=0.4332
2025-08-28 17:02:19,942 - INFO -   rf_200_5 {'n_estimators': 200, 'max_depth': 5}: accuracy=0.9381, validity=0.4332
2025-08-28 17:03:03,847 - INFO -   rf_200_6 {'n_estimators': 200, 'max_depth': 6}: accuracy=0.9414, validity=0.4311
2025-08-28 17:03:03,854 - INFO - \n=== Processing SPAMBASE Fold 1 ===
2025-08-28 17:03:30,288 - INFO - SPAMBASE Fold 1 - Baseline accuracy: 0.9533
2025-08-28 17:03:30,288 - INFO - SPAMBASE Fold 1 - Baseline validity: 0.4630
2025-08-28 17:03:30,288 - INFO - \nTesting data perturbations for fold 1...
2025-08-28 17:03:30,289 - INFO -   data_deletion:
2025-08-28 17:03:56,184 - INFO - Fold 1 - Train: 3680 samples, Test: 921 samples
2025-08-28 17:03:56,184 - INFO -     Bin 0: Remove 0% -> validity: 0.4630, accuracy: 0.9533, L2: 0.5363, L0: 20.18, LOF: -3.2000
2025-08-28 17:04:22,143 - INFO - Fold 1 - Train: 3680 samples, Test: 921 samples
2025-08-28 17:04:22,144 - INFO -     Bin 5: Remove 5% -> validity: 0.4641, accuracy: 0.9490, L2: 0.5363, L0: 20.18, LOF: -3.2936
2025-08-28 17:04:47,778 - INFO - Fold 1 - Train: 3680 samples, Test: 921 samples
2025-08-28 17:04:47,779 - INFO -     Bin 10: Remove 10% -> validity: 0.4685, accuracy: 0.9511, L2: 0.5363, L0: 20.18, LOF: -3.3389
2025-08-28 17:05:12,185 - INFO - Fold 1 - Train: 3680 samples, Test: 921 samples
2025-08-28 17:05:12,186 - INFO -     Bin 15: Remove 15% -> validity: 0.4739, accuracy: 0.9555, L2: 0.5363, L0: 20.18, LOF: -3.4218
2025-08-28 17:05:36,454 - INFO - Fold 1 - Train: 3680 samples, Test: 921 samples
2025-08-28 17:05:36,454 - INFO -     Bin 20: Remove 20% -> validity: 0.4750, accuracy: 0.9533, L2: 0.5363, L0: 20.18, LOF: -3.7377
2025-08-28 17:05:36,455 - INFO -   minor_addition:
2025-08-28 17:06:00,275 - INFO - Fold 1 - Train: 3680 samples, Test: 921 samples
2025-08-28 17:06:00,275 - INFO -     Bin 0: Use 80% -> validity: 0.4750, accuracy: 0.9533, L2: 0.5363, L0: 20.18, LOF: -3.7377
2025-08-28 17:06:25,248 - INFO - Fold 1 - Train: 3680 samples, Test: 921 samples
2025-08-28 17:06:25,248 - INFO -     Bin 5: Use 85% -> validity: 0.4739, accuracy: 0.9555, L2: 0.5363, L0: 20.18, LOF: -3.4218
2025-08-28 17:06:50,393 - INFO - Fold 1 - Train: 3680 samples, Test: 921 samples
2025-08-28 17:06:50,393 - INFO -     Bin 10: Use 90% -> validity: 0.4685, accuracy: 0.9511, L2: 0.5363, L0: 20.18, LOF: -3.3389
2025-08-28 17:07:16,222 - INFO - Fold 1 - Train: 3680 samples, Test: 921 samples
2025-08-28 17:07:16,223 - INFO -     Bin 15: Use 95% -> validity: 0.4641, accuracy: 0.9490, L2: 0.5363, L0: 20.18, LOF: -3.2936
2025-08-28 17:07:40,945 - INFO - Fold 1 - Train: 3680 samples, Test: 921 samples
2025-08-28 17:07:40,945 - INFO -     Bin 20: Use 100% -> validity: 0.4630, accuracy: 0.9533, L2: 0.5363, L0: 20.18, LOF: -3.2000
2025-08-28 17:07:40,946 - INFO -   major_addition:
2025-08-28 17:08:05,491 - INFO - Fold 1 - Train: 3680 samples, Test: 921 samples
2025-08-28 17:08:05,492 - INFO -     Bin 0: Use 50% -> validity: 0.4609, accuracy: 0.9490, L2: 0.5363, L0: 20.18, LOF: -1.8091
2025-08-28 17:08:28,921 - INFO - Fold 1 - Train: 3680 samples, Test: 921 samples
2025-08-28 17:08:28,921 - INFO -     Bin 1: Use 100% -> validity: 0.4630, accuracy: 0.9533, L2: 0.5363, L0: 20.18, LOF: -3.2000
2025-08-28 17:08:28,921 - INFO - \nTesting SPAMBASE model perturbations for fold 1...
2025-08-28 17:08:41,232 - INFO -   rf_50_3 {'n_estimators': 50, 'max_depth': 3}: accuracy=0.8990, validity=0.4315
2025-08-28 17:08:52,993 - INFO -   rf_50_4 {'n_estimators': 50, 'max_depth': 4}: accuracy=0.9186, validity=0.4435
2025-08-28 17:09:05,994 - INFO -   rf_50_5 {'n_estimators': 50, 'max_depth': 5}: accuracy=0.9218, validity=0.4478
2025-08-28 17:09:19,095 - INFO -   rf_50_6 {'n_estimators': 50, 'max_depth': 6}: accuracy=0.9251, validity=0.4500
2025-08-28 17:09:42,208 - INFO -   rf_100_3 {'n_estimators': 100, 'max_depth': 3}: accuracy=0.9012, validity=0.4261
2025-08-28 17:10:05,356 - INFO -   rf_100_4 {'n_estimators': 100, 'max_depth': 4}: accuracy=0.9186, validity=0.4413
2025-08-28 17:10:28,844 - INFO -   rf_100_5 {'n_estimators': 100, 'max_depth': 5}: accuracy=0.9218, validity=0.4457
2025-08-28 17:10:52,911 - INFO -   rf_100_6 {'n_estimators': 100, 'max_depth': 6}: accuracy=0.9305, validity=0.4478
2025-08-28 17:11:25,681 - INFO -   rf_150_3 {'n_estimators': 150, 'max_depth': 3}: accuracy=0.9034, validity=0.4283
2025-08-28 17:11:59,147 - INFO -   rf_150_4 {'n_estimators': 150, 'max_depth': 4}: accuracy=0.9121, validity=0.4370
2025-08-28 17:12:34,005 - INFO -   rf_150_5 {'n_estimators': 150, 'max_depth': 5}: accuracy=0.9218, validity=0.4457
2025-08-28 17:13:08,295 - INFO -   rf_150_6 {'n_estimators': 150, 'max_depth': 6}: accuracy=0.9283, validity=0.4424
2025-08-28 17:13:51,304 - INFO -   rf_200_3 {'n_estimators': 200, 'max_depth': 3}: accuracy=0.9012, validity=0.4304
2025-08-28 17:14:34,512 - INFO -   rf_200_4 {'n_estimators': 200, 'max_depth': 4}: accuracy=0.9142, validity=0.4391
2025-08-28 17:15:18,998 - INFO -   rf_200_5 {'n_estimators': 200, 'max_depth': 5}: accuracy=0.9240, validity=0.4467
2025-08-28 17:16:03,279 - INFO -   rf_200_6 {'n_estimators': 200, 'max_depth': 6}: accuracy=0.9283, validity=0.4478
2025-08-28 17:16:03,286 - INFO - \n=== Processing SPAMBASE Fold 2 ===
2025-08-28 17:16:29,415 - INFO - SPAMBASE Fold 2 - Baseline accuracy: 0.9479
2025-08-28 17:16:29,415 - INFO - SPAMBASE Fold 2 - Baseline validity: 0.4880
2025-08-28 17:16:29,415 - INFO - \nTesting data perturbations for fold 2...
2025-08-28 17:16:29,416 - INFO -   data_deletion:
2025-08-28 17:16:55,370 - INFO - Fold 2 - Train: 3680 samples, Test: 921 samples
2025-08-28 17:16:55,370 - INFO -     Bin 0: Remove 0% -> validity: 0.4880, accuracy: 0.9479, L2: 0.5300, L0: 20.39, LOF: -3.0054
2025-08-28 17:17:20,185 - INFO - Fold 2 - Train: 3680 samples, Test: 921 samples
2025-08-28 17:17:20,185 - INFO -     Bin 5: Remove 5% -> validity: 0.4902, accuracy: 0.9566, L2: 0.5300, L0: 20.39, LOF: -2.9803
2025-08-28 17:17:44,770 - INFO - Fold 2 - Train: 3680 samples, Test: 921 samples
2025-08-28 17:17:44,770 - INFO -     Bin 10: Remove 10% -> validity: 0.4880, accuracy: 0.9544, L2: 0.5300, L0: 20.39, LOF: -3.0368
2025-08-28 17:18:09,513 - INFO - Fold 2 - Train: 3680 samples, Test: 921 samples
2025-08-28 17:18:09,513 - INFO -     Bin 15: Remove 15% -> validity: 0.4902, accuracy: 0.9511, L2: 0.5300, L0: 20.39, LOF: -2.9977
2025-08-28 17:18:34,760 - INFO - Fold 2 - Train: 3680 samples, Test: 921 samples
2025-08-28 17:18:34,760 - INFO -     Bin 20: Remove 20% -> validity: 0.4957, accuracy: 0.9490, L2: 0.5300, L0: 20.39, LOF: -2.8377
2025-08-28 17:18:34,761 - INFO -   minor_addition:
2025-08-28 17:19:00,760 - INFO - Fold 2 - Train: 3680 samples, Test: 921 samples
2025-08-28 17:19:00,761 - INFO -     Bin 0: Use 80% -> validity: 0.4957, accuracy: 0.9490, L2: 0.5300, L0: 20.39, LOF: -2.8377
2025-08-28 17:19:26,812 - INFO - Fold 2 - Train: 3680 samples, Test: 921 samples
2025-08-28 17:19:26,812 - INFO -     Bin 5: Use 85% -> validity: 0.4902, accuracy: 0.9511, L2: 0.5300, L0: 20.39, LOF: -2.9977
2025-08-28 17:19:52,765 - INFO - Fold 2 - Train: 3680 samples, Test: 921 samples
2025-08-28 17:19:52,765 - INFO -     Bin 10: Use 90% -> validity: 0.4880, accuracy: 0.9544, L2: 0.5300, L0: 20.39, LOF: -3.0368
2025-08-28 17:20:18,602 - INFO - Fold 2 - Train: 3680 samples, Test: 921 samples
2025-08-28 17:20:18,602 - INFO -     Bin 15: Use 95% -> validity: 0.4902, accuracy: 0.9566, L2: 0.5300, L0: 20.39, LOF: -2.9803
2025-08-28 17:20:44,667 - INFO - Fold 2 - Train: 3680 samples, Test: 921 samples
2025-08-28 17:20:44,667 - INFO -     Bin 20: Use 100% -> validity: 0.4880, accuracy: 0.9479, L2: 0.5300, L0: 20.39, LOF: -3.0054
2025-08-28 17:20:44,668 - INFO -   major_addition:
2025-08-28 17:21:09,094 - INFO - Fold 2 - Train: 3680 samples, Test: 921 samples
2025-08-28 17:21:09,094 - INFO -     Bin 0: Use 50% -> validity: 0.4848, accuracy: 0.9490, L2: 0.5300, L0: 20.39, LOF: -1.5882
2025-08-28 17:21:33,859 - INFO - Fold 2 - Train: 3680 samples, Test: 921 samples
2025-08-28 17:21:33,859 - INFO -     Bin 1: Use 100% -> validity: 0.4880, accuracy: 0.9479, L2: 0.5300, L0: 20.39, LOF: -3.0054
2025-08-28 17:21:33,859 - INFO - \nTesting SPAMBASE model perturbations for fold 2...
2025-08-28 17:21:47,247 - INFO -   rf_50_3 {'n_estimators': 50, 'max_depth': 3}: accuracy=0.9077, validity=0.4609
2025-08-28 17:22:00,564 - INFO -   rf_50_4 {'n_estimators': 50, 'max_depth': 4}: accuracy=0.9186, validity=0.4707
2025-08-28 17:22:13,773 - INFO -   rf_50_5 {'n_estimators': 50, 'max_depth': 5}: accuracy=0.9251, validity=0.4739
2025-08-28 17:22:27,199 - INFO -   rf_50_6 {'n_estimators': 50, 'max_depth': 6}: accuracy=0.9283, validity=0.4859
2025-08-28 17:22:50,949 - INFO -   rf_100_3 {'n_estimators': 100, 'max_depth': 3}: accuracy=0.9110, validity=0.4652
2025-08-28 17:23:14,854 - INFO -   rf_100_4 {'n_estimators': 100, 'max_depth': 4}: accuracy=0.9218, validity=0.4630
2025-08-28 17:23:37,131 - INFO -   rf_100_5 {'n_estimators': 100, 'max_depth': 5}: accuracy=0.9305, validity=0.4783
2025-08-28 17:24:00,434 - INFO -   rf_100_6 {'n_estimators': 100, 'max_depth': 6}: accuracy=0.9359, validity=0.4793
2025-08-28 17:24:34,567 - INFO -   rf_150_3 {'n_estimators': 150, 'max_depth': 3}: accuracy=0.9077, validity=0.4630
2025-08-28 17:25:09,024 - INFO -   rf_150_4 {'n_estimators': 150, 'max_depth': 4}: accuracy=0.9186, validity=0.4652
2025-08-28 17:25:43,634 - INFO -   rf_150_5 {'n_estimators': 150, 'max_depth': 5}: accuracy=0.9283, validity=0.4717
2025-08-28 17:26:18,510 - INFO -   rf_150_6 {'n_estimators': 150, 'max_depth': 6}: accuracy=0.9370, validity=0.4761
2025-08-28 17:27:01,182 - INFO -   rf_200_3 {'n_estimators': 200, 'max_depth': 3}: accuracy=0.9066, validity=0.4587
2025-08-28 17:27:45,128 - INFO -   rf_200_4 {'n_estimators': 200, 'max_depth': 4}: accuracy=0.9197, validity=0.4674
2025-08-28 17:28:30,649 - INFO -   rf_200_5 {'n_estimators': 200, 'max_depth': 5}: accuracy=0.9283, validity=0.4772
2025-08-28 17:29:14,152 - INFO -   rf_200_6 {'n_estimators': 200, 'max_depth': 6}: accuracy=0.9381, validity=0.4739
2025-08-28 17:29:14,158 - INFO - \n=== Processing SPAMBASE Fold 3 ===
2025-08-28 17:29:40,065 - INFO - SPAMBASE Fold 3 - Baseline accuracy: 0.9544
2025-08-28 17:29:40,065 - INFO - SPAMBASE Fold 3 - Baseline validity: 0.4489
2025-08-28 17:29:40,065 - INFO - \nTesting data perturbations for fold 3...
2025-08-28 17:29:40,067 - INFO -   data_deletion:
2025-08-28 17:30:05,472 - INFO - Fold 3 - Train: 3680 samples, Test: 921 samples
2025-08-28 17:30:05,472 - INFO -     Bin 0: Remove 0% -> validity: 0.4489, accuracy: 0.9544, L2: 0.5296, L0: 20.42, LOF: -3.5579
2025-08-28 17:30:31,302 - INFO - Fold 3 - Train: 3680 samples, Test: 921 samples
2025-08-28 17:30:31,303 - INFO -     Bin 5: Remove 5% -> validity: 0.4500, accuracy: 0.9555, L2: 0.5296, L0: 20.42, LOF: -3.7231
2025-08-28 17:30:56,841 - INFO - Fold 3 - Train: 3680 samples, Test: 921 samples
2025-08-28 17:30:56,842 - INFO -     Bin 10: Remove 10% -> validity: 0.4467, accuracy: 0.9544, L2: 0.5296, L0: 20.42, LOF: -3.6242
2025-08-28 17:31:21,293 - INFO - Fold 3 - Train: 3680 samples, Test: 921 samples
2025-08-28 17:31:21,294 - INFO -     Bin 15: Remove 15% -> validity: 0.4489, accuracy: 0.9522, L2: 0.5296, L0: 20.42, LOF: -3.8325
2025-08-28 17:31:45,378 - INFO - Fold 3 - Train: 3680 samples, Test: 921 samples
2025-08-28 17:31:45,378 - INFO -     Bin 20: Remove 20% -> validity: 0.4511, accuracy: 0.9533, L2: 0.5296, L0: 20.42, LOF: -3.9758
2025-08-28 17:31:45,379 - INFO -   minor_addition:
2025-08-28 17:32:11,127 - INFO - Fold 3 - Train: 3680 samples, Test: 921 samples
2025-08-28 17:32:11,128 - INFO -     Bin 0: Use 80% -> validity: 0.4511, accuracy: 0.9533, L2: 0.5296, L0: 20.42, LOF: -3.9758
2025-08-28 17:32:37,403 - INFO - Fold 3 - Train: 3680 samples, Test: 921 samples
2025-08-28 17:32:37,404 - INFO -     Bin 5: Use 85% -> validity: 0.4489, accuracy: 0.9522, L2: 0.5296, L0: 20.42, LOF: -3.8325
2025-08-28 17:33:02,204 - INFO - Fold 3 - Train: 3680 samples, Test: 921 samples
2025-08-28 17:33:02,204 - INFO -     Bin 10: Use 90% -> validity: 0.4467, accuracy: 0.9544, L2: 0.5296, L0: 20.42, LOF: -3.6242
2025-08-28 17:33:28,255 - INFO - Fold 3 - Train: 3680 samples, Test: 921 samples
2025-08-28 17:33:28,255 - INFO -     Bin 15: Use 95% -> validity: 0.4500, accuracy: 0.9555, L2: 0.5296, L0: 20.42, LOF: -3.7231
2025-08-28 17:33:54,116 - INFO - Fold 3 - Train: 3680 samples, Test: 921 samples
2025-08-28 17:33:54,117 - INFO -     Bin 20: Use 100% -> validity: 0.4489, accuracy: 0.9544, L2: 0.5296, L0: 20.42, LOF: -3.5579
2025-08-28 17:33:54,117 - INFO -   major_addition:
2025-08-28 17:34:19,120 - INFO - Fold 3 - Train: 3680 samples, Test: 921 samples
2025-08-28 17:34:19,120 - INFO -     Bin 0: Use 50% -> validity: 0.4511, accuracy: 0.9522, L2: 0.5296, L0: 20.42, LOF: -1.7036
2025-08-28 17:34:45,044 - INFO - Fold 3 - Train: 3680 samples, Test: 921 samples
2025-08-28 17:34:45,045 - INFO -     Bin 1: Use 100% -> validity: 0.4489, accuracy: 0.9544, L2: 0.5296, L0: 20.42, LOF: -3.5579
2025-08-28 17:34:45,045 - INFO - \nTesting SPAMBASE model perturbations for fold 3...
2025-08-28 17:34:58,705 - INFO -   rf_50_3 {'n_estimators': 50, 'max_depth': 3}: accuracy=0.9088, validity=0.4283
2025-08-28 17:35:12,391 - INFO -   rf_50_4 {'n_estimators': 50, 'max_depth': 4}: accuracy=0.9262, validity=0.4402
2025-08-28 17:35:26,056 - INFO -   rf_50_5 {'n_estimators': 50, 'max_depth': 5}: accuracy=0.9327, validity=0.4424
2025-08-28 17:35:40,155 - INFO -   rf_50_6 {'n_estimators': 50, 'max_depth': 6}: accuracy=0.9359, validity=0.4424
2025-08-28 17:36:04,281 - INFO -   rf_100_3 {'n_estimators': 100, 'max_depth': 3}: accuracy=0.9164, validity=0.4228
2025-08-28 17:36:29,018 - INFO -   rf_100_4 {'n_estimators': 100, 'max_depth': 4}: accuracy=0.9251, validity=0.4326
2025-08-28 17:36:53,851 - INFO -   rf_100_5 {'n_estimators': 100, 'max_depth': 5}: accuracy=0.9327, validity=0.4359
2025-08-28 17:37:18,672 - INFO -   rf_100_6 {'n_estimators': 100, 'max_depth': 6}: accuracy=0.9359, validity=0.4424
2025-08-28 17:37:52,734 - INFO -   rf_150_3 {'n_estimators': 150, 'max_depth': 3}: accuracy=0.9175, validity=0.4283
2025-08-28 17:38:27,978 - INFO -   rf_150_4 {'n_estimators': 150, 'max_depth': 4}: accuracy=0.9251, validity=0.4370
2025-08-28 17:39:02,738 - INFO -   rf_150_5 {'n_estimators': 150, 'max_depth': 5}: accuracy=0.9316, validity=0.4380
2025-08-28 17:39:38,870 - INFO -   rf_150_6 {'n_estimators': 150, 'max_depth': 6}: accuracy=0.9338, validity=0.4446
2025-08-28 17:40:24,458 - INFO -   rf_200_3 {'n_estimators': 200, 'max_depth': 3}: accuracy=0.9175, validity=0.4239
2025-08-28 17:41:09,702 - INFO -   rf_200_4 {'n_estimators': 200, 'max_depth': 4}: accuracy=0.9294, validity=0.4380
2025-08-28 17:41:54,121 - INFO -   rf_200_5 {'n_estimators': 200, 'max_depth': 5}: accuracy=0.9327, validity=0.4337
2025-08-28 17:42:40,510 - INFO -   rf_200_6 {'n_estimators': 200, 'max_depth': 6}: accuracy=0.9327, validity=0.4413
2025-08-28 17:42:40,512 - INFO - \n=== Processing SPAMBASE Fold 4 ===
2025-08-28 17:42:44,325 - INFO - SPAMBASE Fold 4 - Baseline accuracy: 0.9468
2025-08-28 17:42:44,326 - INFO - SPAMBASE Fold 4 - Baseline validity: 0.2083
2025-08-28 17:42:44,326 - INFO - \nTesting data perturbations for fold 4...
2025-08-28 17:42:44,326 - INFO -   data_deletion:
2025-08-28 17:42:47,754 - INFO - Fold 4 - Train: 3680 samples, Test: 921 samples
2025-08-28 17:42:47,755 - INFO -     Bin 0: Remove 0% -> validity: 0.2083, accuracy: 0.9468, L2: 0.4572, L0: 17.25, LOF: -1.8967
2025-08-28 17:42:50,810 - INFO - Fold 4 - Train: 3680 samples, Test: 921 samples
2025-08-28 17:42:50,810 - INFO -     Bin 5: Remove 5% -> validity: 0.2083, accuracy: 0.9490, L2: 0.4572, L0: 17.25, LOF: -1.7626
2025-08-28 17:42:53,697 - INFO - Fold 4 - Train: 3680 samples, Test: 921 samples
2025-08-28 17:42:53,698 - INFO -     Bin 10: Remove 10% -> validity: 0.2500, accuracy: 0.9511, L2: 0.4572, L0: 17.25, LOF: -1.5728
2025-08-28 17:42:56,646 - INFO - Fold 4 - Train: 3680 samples, Test: 921 samples
2025-08-28 17:42:56,646 - INFO -     Bin 15: Remove 15% -> validity: 0.2083, accuracy: 0.9457, L2: 0.4572, L0: 17.25, LOF: -1.5243
2025-08-28 17:42:59,624 - INFO - Fold 4 - Train: 3680 samples, Test: 921 samples
2025-08-28 17:42:59,624 - INFO -     Bin 20: Remove 20% -> validity: 0.2083, accuracy: 0.9457, L2: 0.4572, L0: 17.25, LOF: -1.5440
2025-08-28 17:42:59,624 - INFO -   minor_addition:
2025-08-28 17:43:02,836 - INFO - Fold 4 - Train: 3680 samples, Test: 921 samples
2025-08-28 17:43:02,836 - INFO -     Bin 0: Use 80% -> validity: 0.2083, accuracy: 0.9457, L2: 0.4572, L0: 17.25, LOF: -1.5440
2025-08-28 17:43:05,998 - INFO - Fold 4 - Train: 3680 samples, Test: 921 samples
2025-08-28 17:43:05,998 - INFO -     Bin 5: Use 85% -> validity: 0.2083, accuracy: 0.9457, L2: 0.4572, L0: 17.25, LOF: -1.5243
2025-08-28 17:43:09,268 - INFO - Fold 4 - Train: 3680 samples, Test: 921 samples
2025-08-28 17:43:09,269 - INFO -     Bin 10: Use 90% -> validity: 0.2500, accuracy: 0.9511, L2: 0.4572, L0: 17.25, LOF: -1.5728
2025-08-28 17:43:13,040 - INFO - Fold 4 - Train: 3680 samples, Test: 921 samples
2025-08-28 17:43:13,040 - INFO -     Bin 15: Use 95% -> validity: 0.2083, accuracy: 0.9490, L2: 0.4572, L0: 17.25, LOF: -1.7626
2025-08-28 17:43:16,552 - INFO - Fold 4 - Train: 3680 samples, Test: 921 samples
2025-08-28 17:43:16,552 - INFO -     Bin 20: Use 100% -> validity: 0.2083, accuracy: 0.9468, L2: 0.4572, L0: 17.25, LOF: -1.8967
2025-08-28 17:43:16,552 - INFO -   major_addition:
2025-08-28 17:43:18,636 - INFO - Fold 4 - Train: 3680 samples, Test: 921 samples
2025-08-28 17:43:18,637 - INFO -     Bin 0: Use 50% -> validity: 0.2083, accuracy: 0.9294, L2: 0.4572, L0: 17.25, LOF: -1.4722
2025-08-28 17:43:22,014 - INFO - Fold 4 - Train: 3680 samples, Test: 921 samples
2025-08-28 17:43:22,015 - INFO -     Bin 1: Use 100% -> validity: 0.2083, accuracy: 0.9468, L2: 0.4572, L0: 17.25, LOF: -1.8967
2025-08-28 17:43:22,015 - INFO - \nTesting SPAMBASE model perturbations for fold 4...
2025-08-28 17:43:22,863 - INFO -   rf_50_3 {'n_estimators': 50, 'max_depth': 3}: accuracy=0.8914, validity=0.1667
2025-08-28 17:43:23,849 - INFO -   rf_50_4 {'n_estimators': 50, 'max_depth': 4}: accuracy=0.8990, validity=0.2083
2025-08-28 17:43:24,882 - INFO -   rf_50_5 {'n_estimators': 50, 'max_depth': 5}: accuracy=0.9121, validity=0.1667
2025-08-28 17:43:26,148 - INFO -   rf_50_6 {'n_estimators': 50, 'max_depth': 6}: accuracy=0.9121, validity=0.1667
2025-08-28 17:43:27,716 - INFO -   rf_100_3 {'n_estimators': 100, 'max_depth': 3}: accuracy=0.8925, validity=0.1667
2025-08-28 17:43:29,469 - INFO -   rf_100_4 {'n_estimators': 100, 'max_depth': 4}: accuracy=0.9023, validity=0.1667
2025-08-28 17:43:31,531 - INFO -   rf_100_5 {'n_estimators': 100, 'max_depth': 5}: accuracy=0.9088, validity=0.1667
2025-08-28 17:43:33,611 - INFO -   rf_100_6 {'n_estimators': 100, 'max_depth': 6}: accuracy=0.9142, validity=0.1667
2025-08-28 17:43:35,894 - INFO -   rf_150_3 {'n_estimators': 150, 'max_depth': 3}: accuracy=0.8958, validity=0.1667
2025-08-28 17:43:38,439 - INFO -   rf_150_4 {'n_estimators': 150, 'max_depth': 4}: accuracy=0.9012, validity=0.1667
2025-08-28 17:43:41,274 - INFO -   rf_150_5 {'n_estimators': 150, 'max_depth': 5}: accuracy=0.9088, validity=0.1667
2025-08-28 17:43:44,587 - INFO -   rf_150_6 {'n_estimators': 150, 'max_depth': 6}: accuracy=0.9131, validity=0.1667
2025-08-28 17:43:47,589 - INFO -   rf_200_3 {'n_estimators': 200, 'max_depth': 3}: accuracy=0.8947, validity=0.1667
2025-08-28 17:43:50,860 - INFO -   rf_200_4 {'n_estimators': 200, 'max_depth': 4}: accuracy=0.8990, validity=0.1667
2025-08-28 17:43:54,537 - INFO -   rf_200_5 {'n_estimators': 200, 'max_depth': 5}: accuracy=0.9121, validity=0.1667
2025-08-28 17:43:58,635 - INFO -   rf_200_6 {'n_estimators': 200, 'max_depth': 6}: accuracy=0.9131, validity=0.1667
2025-08-28 17:43:58,642 - INFO - \n================================================================================
2025-08-28 17:43:58,642 - INFO - SPAMBASE BASELINE PERFORMANCE ACROSS ALL FOLDS:
2025-08-28 17:43:58,642 - INFO - --------------------------------------------------------------------------------
2025-08-28 17:43:58,643 - INFO - Model Accuracy: 0.9522 ± 0.0044
2025-08-28 17:43:58,654 - INFO - CF Success Rate: 1.0000 ± 0.0000
2025-08-28 17:43:58,654 - INFO - CF Validity: 0.4153 ± 0.1042
2025-08-28 17:43:58,654 - INFO - CF L2 Distance: 0.5190 ± 0.0312
2025-08-28 17:43:58,654 - INFO - CF L0 Distance: 19.7642 ± 1.2634
2025-08-28 17:43:58,655 - INFO - CF LOF Score: -2.9440 ± 0.5579
2025-08-28 17:43:58,655 - INFO - Individual fold model accuracies: ['0.9587', '0.9533', '0.9479', '0.9544', '0.9468']
2025-08-28 17:43:58,655 - INFO - Individual fold CF success rates: ['1.0000', '1.0000', '1.0000', '1.0000', '1.0000']
2025-08-28 17:43:58,656 - INFO - Individual fold CF validities: ['0.4680', '0.4630', '0.4880', '0.4489', '0.2083']
2025-08-28 17:43:58,656 - INFO - Individual fold CF LOF scores: ['-3.0598', '-3.2000', '-3.0054', '-3.5579', '-1.8967']
2025-08-28 17:43:58,656 - INFO - \n================================================================================
2025-08-28 17:43:58,657 - INFO - SPAMBASE ROBUSTNESS ANALYSIS SUMMARY
2025-08-28 17:43:58,657 - INFO - ================================================================================
2025-08-28 17:43:58,657 - INFO - \nSPAMBASE DATA PERTURBATION RESULTS:
2025-08-28 17:43:58,658 - INFO - \nDATA_DELETION:
2025-08-28 17:43:58,658 - INFO -   Amount 0 (100.0% data): Accuracy=0.9522±0.0044, Validity=0.4153±0.1042
2025-08-28 17:43:58,658 - INFO -   Amount 5 (95.0% data): Accuracy=0.9531±0.0034, Validity=0.4146±0.1040
2025-08-28 17:43:58,659 - INFO -   Amount 10 (90.0% data): Accuracy=0.9531±0.0016, Validity=0.4232±0.0876
2025-08-28 17:43:58,659 - INFO -   Amount 15 (85.0% data): Accuracy=0.9529±0.0047, Validity=0.4179±0.1056
2025-08-28 17:43:58,659 - INFO -   Amount 20 (80.0% data): Accuracy=0.9518±0.0041, Validity=0.4209±0.1072
2025-08-28 17:43:58,660 - INFO - \nMINOR_ADDITION:
2025-08-28 17:43:58,661 - INFO -   Amount 0 (80.0% data): Accuracy=0.9518±0.0041, Validity=0.4209±0.1072
2025-08-28 17:43:58,661 - INFO -   Amount 5 (85.0% data): Accuracy=0.9529±0.0047, Validity=0.4179±0.1056
2025-08-28 17:43:58,662 - INFO -   Amount 10 (90.0% data): Accuracy=0.9531±0.0016, Validity=0.4232±0.0876
2025-08-28 17:43:58,662 - INFO -   Amount 15 (95.0% data): Accuracy=0.9531±0.0034, Validity=0.4146±0.1040
2025-08-28 17:43:58,663 - INFO -   Amount 20 (100.0% data): Accuracy=0.9522±0.0044, Validity=0.4153±0.1042
2025-08-28 17:43:58,663 - INFO - \nMAJOR_ADDITION:
2025-08-28 17:43:58,664 - INFO -   Amount 0 (50.0% data): Accuracy=0.9464±0.0086, Validity=0.4140±0.1034
2025-08-28 17:43:58,664 - INFO -   Amount 1 (100.0% data): Accuracy=0.9522±0.0044, Validity=0.4153±0.1042
2025-08-28 17:43:58,664 - INFO - \nSPAMBASE MODEL PERTURBATION RESULTS:
2025-08-28 17:43:58,665 - INFO -   rf_50_3 {'n_estimators': 50, 'max_depth': 3}: Accuracy=0.9075±0.0131, Validity=0.3815±0.1083
2025-08-28 17:43:58,665 - INFO -   rf_50_4 {'n_estimators': 50, 'max_depth': 4}: Accuracy=0.9199±0.0124, Validity=0.4011±0.0970
2025-08-28 17:43:58,666 - INFO -   rf_50_5 {'n_estimators': 50, 'max_depth': 5}: Accuracy=0.9257±0.0087, Validity=0.3924±0.1137
2025-08-28 17:43:58,666 - INFO -   rf_50_6 {'n_estimators': 50, 'max_depth': 6}: Accuracy=0.9275±0.0088, Validity=0.3956±0.1159
2025-08-28 17:43:58,666 - INFO -   rf_100_3 {'n_estimators': 100, 'max_depth': 3}: Accuracy=0.9101±0.0127, Validity=0.3806±0.1082
2025-08-28 17:43:58,667 - INFO -   rf_100_4 {'n_estimators': 100, 'max_depth': 4}: Accuracy=0.9205±0.0106, Validity=0.3887±0.1115
2025-08-28 17:43:58,667 - INFO -   rf_100_5 {'n_estimators': 100, 'max_depth': 5}: Accuracy=0.9268±0.0108, Validity=0.3915±0.1136
2025-08-28 17:43:58,667 - INFO -   rf_100_6 {'n_estimators': 100, 'max_depth': 6}: Accuracy=0.9307±0.0086, Validity=0.3937±0.1146
2025-08-28 17:43:58,668 - INFO -   rf_150_3 {'n_estimators': 150, 'max_depth': 3}: Accuracy=0.9103±0.0110, Validity=0.3819±0.1086
2025-08-28 17:43:58,668 - INFO -   rf_150_4 {'n_estimators': 150, 'max_depth': 4}: Accuracy=0.9188±0.0121, Validity=0.3885±0.1114
2025-08-28 17:43:58,668 - INFO -   rf_150_5 {'n_estimators': 150, 'max_depth': 5}: Accuracy=0.9257±0.0100, Validity=0.3913±0.1131
2025-08-28 17:43:58,669 - INFO -   rf_150_6 {'n_estimators': 150, 'max_depth': 6}: Accuracy=0.9309±0.0100, Validity=0.3928±0.1140
2025-08-28 17:43:58,669 - INFO -   rf_200_3 {'n_estimators': 200, 'max_depth': 3}: Accuracy=0.9101±0.0127, Validity=0.3802±0.1076
2025-08-28 17:43:58,669 - INFO -   rf_200_4 {'n_estimators': 200, 'max_depth': 4}: Accuracy=0.9192±0.0122, Validity=0.3889±0.1118
2025-08-28 17:43:58,670 - INFO -   rf_200_5 {'n_estimators': 200, 'max_depth': 5}: Accuracy=0.9270±0.0088, Validity=0.3915±0.1135
2025-08-28 17:43:58,670 - INFO -   rf_200_6 {'n_estimators': 200, 'max_depth': 6}: Accuracy=0.9307±0.0099, Validity=0.3922±0.1136
2025-08-28 17:43:58,670 - INFO - \nSPAMBASE analysis complete! Results saved to: ocean_spambase_robustness_5fold_20250828_165029.log
2025-08-28 17:43:58,671 - INFO - ================================================================================
