2025-08-28 16:08:22,429 - INFO - Starting OCEAN 5-fold robustness analysis for COMPAS dataset
2025-08-28 16:08:22,439 - INFO - Loaded COMPAS fold 0 from C:\Users\rashi\OneDrive\Desktop\CS9875 Presentation\OCEAN\OCEAN\COMPAS_OCEAN_Generated_CFs_only_Fold0.csv: 1235 counterfactuals
2025-08-28 16:08:22,443 - INFO - Loaded COMPAS fold 1 from C:\Users\rashi\OneDrive\Desktop\CS9875 Presentation\OCEAN\OCEAN\COMPAS_OCEAN_Generated_CFs_only_Fold1.csv: 1235 counterfactuals
2025-08-28 16:08:22,446 - INFO - Loaded COMPAS fold 2 from C:\Users\rashi\OneDrive\Desktop\CS9875 Presentation\OCEAN\OCEAN\COMPAS_OCEAN_Generated_CFs_only_Fold2.csv: 1234 counterfactuals
2025-08-28 16:08:22,450 - INFO - Loaded COMPAS fold 3 from C:\Users\rashi\OneDrive\Desktop\CS9875 Presentation\OCEAN\OCEAN\COMPAS_OCEAN_Generated_CFs_only_Fold3.csv: 1234 counterfactuals
2025-08-28 16:08:22,453 - INFO - Loaded COMPAS fold 4 from C:\Users\rashi\OneDrive\Desktop\CS9875 Presentation\OCEAN\OCEAN\COMPAS_OCEAN_Generated_CFs_only_Fold4.csv: 1234 counterfactuals
2025-08-28 16:08:22,453 - INFO - Loaded 5 COMPAS folds
2025-08-28 16:08:22,454 - INFO - \n=== Processing COMPAS Fold 0 ===
2025-08-28 16:08:34,672 - INFO - COMPAS Fold 0 - Baseline accuracy: 0.6575
2025-08-28 16:08:34,672 - INFO - COMPAS Fold 0 - Baseline validity: 0.5085
2025-08-28 16:08:34,673 - INFO - \nTesting data perturbations for fold 0...
2025-08-28 16:08:34,673 - INFO -   data_deletion:
2025-08-28 16:08:47,494 - INFO - Fold 0 - Train: 4937 samples, Test: 1235 samples
2025-08-28 16:08:47,494 - INFO -     Bin 0: Remove 0% -> validity: 0.5085, accuracy: 0.6575, L2: 1.6064, L0: 3.74, LOF: -175442869.4273
2025-08-28 16:08:58,456 - INFO - Fold 0 - Train: 4937 samples, Test: 1235 samples
2025-08-28 16:08:58,457 - INFO -     Bin 5: Remove 5% -> validity: 0.5109, accuracy: 0.6599, L2: 1.6064, L0: 3.74, LOF: -177205558.1762
2025-08-28 16:09:09,053 - INFO - Fold 0 - Train: 4937 samples, Test: 1235 samples
2025-08-28 16:09:09,054 - INFO -     Bin 10: Remove 10% -> validity: 0.4996, accuracy: 0.6583, L2: 1.6064, L0: 3.74, LOF: -177390631.4516
2025-08-28 16:09:21,169 - INFO - Fold 0 - Train: 4937 samples, Test: 1235 samples
2025-08-28 16:09:21,169 - INFO -     Bin 15: Remove 15% -> validity: 0.5182, accuracy: 0.6591, L2: 1.6064, L0: 3.74, LOF: -177793579.3666
2025-08-28 16:09:32,583 - INFO - Fold 0 - Train: 4937 samples, Test: 1235 samples
2025-08-28 16:09:32,584 - INFO -     Bin 20: Remove 20% -> validity: 0.5287, accuracy: 0.6615, L2: 1.6064, L0: 3.74, LOF: -179199597.2102
2025-08-28 16:09:32,584 - INFO -   minor_addition:
2025-08-28 16:09:43,809 - INFO - Fold 0 - Train: 4937 samples, Test: 1235 samples
2025-08-28 16:09:43,809 - INFO -     Bin 0: Use 80% -> validity: 0.5287, accuracy: 0.6615, L2: 1.6064, L0: 3.74, LOF: -179199597.2102
2025-08-28 16:09:56,432 - INFO - Fold 0 - Train: 4937 samples, Test: 1235 samples
2025-08-28 16:09:56,433 - INFO -     Bin 5: Use 85% -> validity: 0.5182, accuracy: 0.6591, L2: 1.6064, L0: 3.74, LOF: -177793579.3666
2025-08-28 16:10:08,001 - INFO - Fold 0 - Train: 4937 samples, Test: 1235 samples
2025-08-28 16:10:08,002 - INFO -     Bin 10: Use 90% -> validity: 0.4996, accuracy: 0.6583, L2: 1.6064, L0: 3.74, LOF: -177390631.4516
2025-08-28 16:10:18,415 - INFO - Fold 0 - Train: 4937 samples, Test: 1235 samples
2025-08-28 16:10:18,415 - INFO -     Bin 15: Use 95% -> validity: 0.5109, accuracy: 0.6599, L2: 1.6064, L0: 3.74, LOF: -177205558.1762
2025-08-28 16:10:30,132 - INFO - Fold 0 - Train: 4937 samples, Test: 1235 samples
2025-08-28 16:10:30,132 - INFO -     Bin 20: Use 100% -> validity: 0.5085, accuracy: 0.6575, L2: 1.6064, L0: 3.74, LOF: -175442869.4273
2025-08-28 16:10:30,133 - INFO -   major_addition:
2025-08-28 16:10:41,242 - INFO - Fold 0 - Train: 4937 samples, Test: 1235 samples
2025-08-28 16:10:41,242 - INFO -     Bin 0: Use 50% -> validity: 0.5255, accuracy: 0.6526, L2: 1.6064, L0: 3.74, LOF: -196795519.4838
2025-08-28 16:10:54,036 - INFO - Fold 0 - Train: 4937 samples, Test: 1235 samples
2025-08-28 16:10:54,037 - INFO -     Bin 1: Use 100% -> validity: 0.5085, accuracy: 0.6575, L2: 1.6064, L0: 3.74, LOF: -175442869.4273
2025-08-28 16:10:54,037 - INFO - \nTesting COMPAS model perturbations for fold 0...
2025-08-28 16:10:59,650 - INFO -   rf_50_3 {'n_estimators': 50, 'max_depth': 3}: accuracy=0.6955, validity=0.5028
2025-08-28 16:11:05,933 - INFO -   rf_50_4 {'n_estimators': 50, 'max_depth': 4}: accuracy=0.6988, validity=0.5012
2025-08-28 16:11:12,148 - INFO -   rf_50_5 {'n_estimators': 50, 'max_depth': 5}: accuracy=0.6955, validity=0.5045
2025-08-28 16:11:18,995 - INFO -   rf_50_6 {'n_estimators': 50, 'max_depth': 6}: accuracy=0.6955, validity=0.5109
2025-08-28 16:11:30,869 - INFO -   rf_100_3 {'n_estimators': 100, 'max_depth': 3}: accuracy=0.6955, validity=0.5020
2025-08-28 16:11:40,895 - INFO -   rf_100_4 {'n_estimators': 100, 'max_depth': 4}: accuracy=0.6980, validity=0.5053
2025-08-28 16:11:51,093 - INFO -   rf_100_5 {'n_estimators': 100, 'max_depth': 5}: accuracy=0.6964, validity=0.5028
2025-08-28 16:12:02,350 - INFO -   rf_100_6 {'n_estimators': 100, 'max_depth': 6}: accuracy=0.6955, validity=0.5174
2025-08-28 16:12:17,586 - INFO -   rf_150_3 {'n_estimators': 150, 'max_depth': 3}: accuracy=0.6939, validity=0.5077
2025-08-28 16:12:31,862 - INFO -   rf_150_4 {'n_estimators': 150, 'max_depth': 4}: accuracy=0.6939, validity=0.5012
2025-08-28 16:12:47,355 - INFO -   rf_150_5 {'n_estimators': 150, 'max_depth': 5}: accuracy=0.6972, validity=0.5061
2025-08-28 16:13:01,657 - INFO -   rf_150_6 {'n_estimators': 150, 'max_depth': 6}: accuracy=0.6964, validity=0.5158
2025-08-28 16:13:21,198 - INFO -   rf_200_3 {'n_estimators': 200, 'max_depth': 3}: accuracy=0.6915, validity=0.5085
2025-08-28 16:13:41,355 - INFO -   rf_200_4 {'n_estimators': 200, 'max_depth': 4}: accuracy=0.6947, validity=0.5069
2025-08-28 16:14:00,539 - INFO -   rf_200_5 {'n_estimators': 200, 'max_depth': 5}: accuracy=0.6955, validity=0.4988
2025-08-28 16:14:20,436 - INFO -   rf_200_6 {'n_estimators': 200, 'max_depth': 6}: accuracy=0.6964, validity=0.5166
2025-08-28 16:14:20,438 - INFO - \n=== Processing COMPAS Fold 1 ===
2025-08-28 16:14:30,606 - INFO - COMPAS Fold 1 - Baseline accuracy: 0.6672
2025-08-28 16:14:30,607 - INFO - COMPAS Fold 1 - Baseline validity: 0.5506
2025-08-28 16:14:30,607 - INFO - \nTesting data perturbations for fold 1...
2025-08-28 16:14:30,607 - INFO -   data_deletion:
2025-08-28 16:14:42,030 - INFO - Fold 1 - Train: 4937 samples, Test: 1235 samples
2025-08-28 16:14:42,030 - INFO -     Bin 0: Remove 0% -> validity: 0.5506, accuracy: 0.6672, L2: 1.5901, L0: 3.71, LOF: -104707794.1731
2025-08-28 16:14:53,571 - INFO - Fold 1 - Train: 4937 samples, Test: 1235 samples
2025-08-28 16:14:53,572 - INFO -     Bin 5: Remove 5% -> validity: 0.5563, accuracy: 0.6648, L2: 1.5901, L0: 3.71, LOF: -105462371.7087
2025-08-28 16:15:03,916 - INFO - Fold 1 - Train: 4937 samples, Test: 1235 samples
2025-08-28 16:15:03,917 - INFO -     Bin 10: Remove 10% -> validity: 0.5514, accuracy: 0.6721, L2: 1.5901, L0: 3.71, LOF: -103697257.1070
2025-08-28 16:15:14,705 - INFO - Fold 1 - Train: 4937 samples, Test: 1235 samples
2025-08-28 16:15:14,706 - INFO -     Bin 15: Remove 15% -> validity: 0.5466, accuracy: 0.6713, L2: 1.5901, L0: 3.71, LOF: -97867141.1246
2025-08-28 16:15:26,887 - INFO - Fold 1 - Train: 4937 samples, Test: 1235 samples
2025-08-28 16:15:26,887 - INFO -     Bin 20: Remove 20% -> validity: 0.5417, accuracy: 0.6648, L2: 1.5901, L0: 3.71, LOF: -102039418.5213
2025-08-28 16:15:26,887 - INFO -   minor_addition:
2025-08-28 16:15:39,315 - INFO - Fold 1 - Train: 4937 samples, Test: 1235 samples
2025-08-28 16:15:39,315 - INFO -     Bin 0: Use 80% -> validity: 0.5417, accuracy: 0.6648, L2: 1.5901, L0: 3.71, LOF: -102039418.5213
2025-08-28 16:15:49,567 - INFO - Fold 1 - Train: 4937 samples, Test: 1235 samples
2025-08-28 16:15:49,567 - INFO -     Bin 5: Use 85% -> validity: 0.5466, accuracy: 0.6713, L2: 1.5901, L0: 3.71, LOF: -97867141.1246
2025-08-28 16:16:01,341 - INFO - Fold 1 - Train: 4937 samples, Test: 1235 samples
2025-08-28 16:16:01,342 - INFO -     Bin 10: Use 90% -> validity: 0.5514, accuracy: 0.6721, L2: 1.5901, L0: 3.71, LOF: -103697257.1070
2025-08-28 16:16:11,118 - INFO - Fold 1 - Train: 4937 samples, Test: 1235 samples
2025-08-28 16:16:11,118 - INFO -     Bin 15: Use 95% -> validity: 0.5563, accuracy: 0.6648, L2: 1.5901, L0: 3.71, LOF: -105462371.7087
2025-08-28 16:16:22,484 - INFO - Fold 1 - Train: 4937 samples, Test: 1235 samples
2025-08-28 16:16:22,485 - INFO -     Bin 20: Use 100% -> validity: 0.5506, accuracy: 0.6672, L2: 1.5901, L0: 3.71, LOF: -104707794.1731
2025-08-28 16:16:22,485 - INFO -   major_addition:
2025-08-28 16:16:47,539 - INFO - Fold 1 - Train: 4937 samples, Test: 1235 samples
2025-08-28 16:16:47,540 - INFO -     Bin 0: Use 50% -> validity: 0.5247, accuracy: 0.6591, L2: 1.5901, L0: 3.71, LOF: -108460647.9761
2025-08-28 16:17:13,922 - INFO - Fold 1 - Train: 4937 samples, Test: 1235 samples
2025-08-28 16:17:13,923 - INFO -     Bin 1: Use 100% -> validity: 0.5506, accuracy: 0.6672, L2: 1.5901, L0: 3.71, LOF: -104707794.1731
2025-08-28 16:17:13,923 - INFO - \nTesting COMPAS model perturbations for fold 1...
2025-08-28 16:17:29,431 - INFO -   rf_50_3 {'n_estimators': 50, 'max_depth': 3}: accuracy=0.6607, validity=0.4729
2025-08-28 16:17:45,897 - INFO -   rf_50_4 {'n_estimators': 50, 'max_depth': 4}: accuracy=0.6607, validity=0.4688
2025-08-28 16:18:01,935 - INFO -   rf_50_5 {'n_estimators': 50, 'max_depth': 5}: accuracy=0.6761, validity=0.4802
2025-08-28 16:18:18,578 - INFO -   rf_50_6 {'n_estimators': 50, 'max_depth': 6}: accuracy=0.6850, validity=0.4866
2025-08-28 16:18:48,203 - INFO -   rf_100_3 {'n_estimators': 100, 'max_depth': 3}: accuracy=0.6591, validity=0.4737
2025-08-28 16:19:18,705 - INFO -   rf_100_4 {'n_estimators': 100, 'max_depth': 4}: accuracy=0.6648, validity=0.4632
2025-08-28 16:19:49,364 - INFO -   rf_100_5 {'n_estimators': 100, 'max_depth': 5}: accuracy=0.6818, validity=0.4761
2025-08-28 16:20:17,802 - INFO -   rf_100_6 {'n_estimators': 100, 'max_depth': 6}: accuracy=0.6826, validity=0.4826
2025-08-28 16:21:00,695 - INFO -   rf_150_3 {'n_estimators': 150, 'max_depth': 3}: accuracy=0.6599, validity=0.4761
2025-08-28 16:21:42,621 - INFO -   rf_150_4 {'n_estimators': 150, 'max_depth': 4}: accuracy=0.6713, validity=0.4632
2025-08-28 16:22:24,955 - INFO -   rf_150_5 {'n_estimators': 150, 'max_depth': 5}: accuracy=0.6826, validity=0.4713
2025-08-28 16:23:08,045 - INFO -   rf_150_6 {'n_estimators': 150, 'max_depth': 6}: accuracy=0.6842, validity=0.4818
2025-08-28 16:24:04,084 - INFO -   rf_200_3 {'n_estimators': 200, 'max_depth': 3}: accuracy=0.6640, validity=0.4632
2025-08-28 16:24:57,877 - INFO -   rf_200_4 {'n_estimators': 200, 'max_depth': 4}: accuracy=0.6648, validity=0.4680
2025-08-28 16:25:50,897 - INFO -   rf_200_5 {'n_estimators': 200, 'max_depth': 5}: accuracy=0.6834, validity=0.4729
2025-08-28 16:26:46,308 - INFO -   rf_200_6 {'n_estimators': 200, 'max_depth': 6}: accuracy=0.6850, validity=0.4850
2025-08-28 16:26:46,320 - INFO - \n=== Processing COMPAS Fold 2 ===
2025-08-28 16:27:18,174 - INFO - COMPAS Fold 2 - Baseline accuracy: 0.6591
2025-08-28 16:27:18,175 - INFO - COMPAS Fold 2 - Baseline validity: 0.5146
2025-08-28 16:27:18,177 - INFO - \nTesting data perturbations for fold 2...
2025-08-28 16:27:18,177 - INFO -   data_deletion:
2025-08-28 16:27:49,320 - INFO - Fold 2 - Train: 4937 samples, Test: 1235 samples
2025-08-28 16:27:49,321 - INFO -     Bin 0: Remove 0% -> validity: 0.5146, accuracy: 0.6591, L2: 1.6063, L0: 3.73, LOF: -13061724.9077
2025-08-28 16:28:21,046 - INFO - Fold 2 - Train: 4937 samples, Test: 1235 samples
2025-08-28 16:28:21,047 - INFO -     Bin 5: Remove 5% -> validity: 0.5227, accuracy: 0.6656, L2: 1.6063, L0: 3.73, LOF: -13061724.8878
2025-08-28 16:28:53,050 - INFO - Fold 2 - Train: 4937 samples, Test: 1235 samples
2025-08-28 16:28:53,050 - INFO -     Bin 10: Remove 10% -> validity: 0.5178, accuracy: 0.6656, L2: 1.6063, L0: 3.73, LOF: -13061781.8297
2025-08-28 16:29:24,533 - INFO - Fold 2 - Train: 4937 samples, Test: 1235 samples
2025-08-28 16:29:24,534 - INFO -     Bin 15: Remove 15% -> validity: 0.5235, accuracy: 0.6623, L2: 1.6063, L0: 3.73, LOF: -13397180.6872
2025-08-28 16:29:55,523 - INFO - Fold 2 - Train: 4937 samples, Test: 1235 samples
2025-08-28 16:29:55,524 - INFO -     Bin 20: Remove 20% -> validity: 0.5146, accuracy: 0.6688, L2: 1.6063, L0: 3.73, LOF: -13885454.5633
2025-08-28 16:29:55,524 - INFO -   minor_addition:
2025-08-28 16:30:25,561 - INFO - Fold 2 - Train: 4937 samples, Test: 1235 samples
2025-08-28 16:30:25,561 - INFO -     Bin 0: Use 80% -> validity: 0.5146, accuracy: 0.6688, L2: 1.6063, L0: 3.73, LOF: -13885454.5633
2025-08-28 16:30:45,703 - INFO - Fold 2 - Train: 4937 samples, Test: 1235 samples
2025-08-28 16:30:45,704 - INFO -     Bin 5: Use 85% -> validity: 0.5235, accuracy: 0.6623, L2: 1.6063, L0: 3.73, LOF: -13397180.6872
2025-08-28 16:30:55,397 - INFO - Fold 2 - Train: 4937 samples, Test: 1235 samples
2025-08-28 16:30:55,397 - INFO -     Bin 10: Use 90% -> validity: 0.5178, accuracy: 0.6656, L2: 1.6063, L0: 3.73, LOF: -13061781.8297
2025-08-28 16:31:05,688 - INFO - Fold 2 - Train: 4937 samples, Test: 1235 samples
2025-08-28 16:31:05,689 - INFO -     Bin 15: Use 95% -> validity: 0.5227, accuracy: 0.6656, L2: 1.6063, L0: 3.73, LOF: -13061724.8878
2025-08-28 16:31:17,052 - INFO - Fold 2 - Train: 4937 samples, Test: 1235 samples
2025-08-28 16:31:17,053 - INFO -     Bin 20: Use 100% -> validity: 0.5146, accuracy: 0.6591, L2: 1.6063, L0: 3.73, LOF: -13061724.9077
2025-08-28 16:31:17,054 - INFO -   major_addition:
2025-08-28 16:31:29,065 - INFO - Fold 2 - Train: 4937 samples, Test: 1235 samples
2025-08-28 16:31:29,065 - INFO -     Bin 0: Use 50% -> validity: 0.4862, accuracy: 0.6397, L2: 1.6063, L0: 3.73, LOF: -19146882.2536
2025-08-28 16:31:38,726 - INFO - Fold 2 - Train: 4937 samples, Test: 1235 samples
2025-08-28 16:31:38,726 - INFO -     Bin 1: Use 100% -> validity: 0.5146, accuracy: 0.6591, L2: 1.6063, L0: 3.73, LOF: -13061724.9077
2025-08-28 16:31:38,727 - INFO - \nTesting COMPAS model perturbations for fold 2...
2025-08-28 16:31:44,141 - INFO -   rf_50_3 {'n_estimators': 50, 'max_depth': 3}: accuracy=0.6826, validity=0.4724
2025-08-28 16:31:50,913 - INFO -   rf_50_4 {'n_estimators': 50, 'max_depth': 4}: accuracy=0.6850, validity=0.5057
2025-08-28 16:31:56,715 - INFO -   rf_50_5 {'n_estimators': 50, 'max_depth': 5}: accuracy=0.6899, validity=0.4943
2025-08-28 16:32:03,272 - INFO -   rf_50_6 {'n_estimators': 50, 'max_depth': 6}: accuracy=0.6939, validity=0.5089
2025-08-28 16:32:12,894 - INFO -   rf_100_3 {'n_estimators': 100, 'max_depth': 3}: accuracy=0.6842, validity=0.4733
2025-08-28 16:32:23,247 - INFO -   rf_100_4 {'n_estimators': 100, 'max_depth': 4}: accuracy=0.6939, validity=0.5024
2025-08-28 16:32:34,826 - INFO -   rf_100_5 {'n_estimators': 100, 'max_depth': 5}: accuracy=0.6964, validity=0.4959
2025-08-28 16:32:46,789 - INFO -   rf_100_6 {'n_estimators': 100, 'max_depth': 6}: accuracy=0.6923, validity=0.5162
2025-08-28 16:33:02,495 - INFO -   rf_150_3 {'n_estimators': 150, 'max_depth': 3}: accuracy=0.6834, validity=0.4854
2025-08-28 16:33:18,113 - INFO -   rf_150_4 {'n_estimators': 150, 'max_depth': 4}: accuracy=0.6915, validity=0.4919
2025-08-28 16:33:33,491 - INFO -   rf_150_5 {'n_estimators': 150, 'max_depth': 5}: accuracy=0.6980, validity=0.4968
2025-08-28 16:33:47,819 - INFO -   rf_150_6 {'n_estimators': 150, 'max_depth': 6}: accuracy=0.6939, validity=0.5146
2025-08-28 16:34:06,590 - INFO -   rf_200_3 {'n_estimators': 200, 'max_depth': 3}: accuracy=0.6858, validity=0.4943
2025-08-28 16:34:25,921 - INFO -   rf_200_4 {'n_estimators': 200, 'max_depth': 4}: accuracy=0.6899, validity=0.4959
2025-08-28 16:34:45,332 - INFO -   rf_200_5 {'n_estimators': 200, 'max_depth': 5}: accuracy=0.6980, validity=0.5024
2025-08-28 16:35:04,186 - INFO -   rf_200_6 {'n_estimators': 200, 'max_depth': 6}: accuracy=0.6931, validity=0.5162
2025-08-28 16:35:04,190 - INFO - \n=== Processing COMPAS Fold 3 ===
2025-08-28 16:35:17,420 - INFO - COMPAS Fold 3 - Baseline accuracy: 0.6623
2025-08-28 16:35:17,421 - INFO - COMPAS Fold 3 - Baseline validity: 0.5502
2025-08-28 16:35:17,421 - INFO - \nTesting data perturbations for fold 3...
2025-08-28 16:35:17,422 - INFO -   data_deletion:
2025-08-28 16:35:30,941 - INFO - Fold 3 - Train: 4937 samples, Test: 1235 samples
2025-08-28 16:35:30,941 - INFO -     Bin 0: Remove 0% -> validity: 0.5502, accuracy: 0.6623, L2: 1.5973, L0: 3.72, LOF: -81398666.1919
2025-08-28 16:35:42,941 - INFO - Fold 3 - Train: 4937 samples, Test: 1235 samples
2025-08-28 16:35:42,941 - INFO -     Bin 5: Remove 5% -> validity: 0.5551, accuracy: 0.6640, L2: 1.5973, L0: 3.72, LOF: -79456128.2394
2025-08-28 16:35:55,705 - INFO - Fold 3 - Train: 4937 samples, Test: 1235 samples
2025-08-28 16:35:55,706 - INFO -     Bin 10: Remove 10% -> validity: 0.5519, accuracy: 0.6656, L2: 1.5973, L0: 3.72, LOF: -80101914.6127
2025-08-28 16:36:06,835 - INFO - Fold 3 - Train: 4937 samples, Test: 1235 samples
2025-08-28 16:36:06,835 - INFO -     Bin 15: Remove 15% -> validity: 0.5292, accuracy: 0.6599, L2: 1.5973, L0: 3.72, LOF: -81882433.6653
2025-08-28 16:36:16,728 - INFO - Fold 3 - Train: 4937 samples, Test: 1235 samples
2025-08-28 16:36:16,728 - INFO -     Bin 20: Remove 20% -> validity: 0.5340, accuracy: 0.6599, L2: 1.5973, L0: 3.72, LOF: -86754891.4118
2025-08-28 16:36:16,728 - INFO -   minor_addition:
2025-08-28 16:36:27,080 - INFO - Fold 3 - Train: 4937 samples, Test: 1235 samples
2025-08-28 16:36:27,080 - INFO -     Bin 0: Use 80% -> validity: 0.5340, accuracy: 0.6599, L2: 1.5973, L0: 3.72, LOF: -86754891.4118
2025-08-28 16:36:38,223 - INFO - Fold 3 - Train: 4937 samples, Test: 1235 samples
2025-08-28 16:36:38,223 - INFO -     Bin 5: Use 85% -> validity: 0.5292, accuracy: 0.6599, L2: 1.5973, L0: 3.72, LOF: -81882433.6653
2025-08-28 16:36:49,393 - INFO - Fold 3 - Train: 4937 samples, Test: 1235 samples
2025-08-28 16:36:49,393 - INFO -     Bin 10: Use 90% -> validity: 0.5519, accuracy: 0.6656, L2: 1.5973, L0: 3.72, LOF: -80101914.6127
2025-08-28 16:36:58,784 - INFO - Fold 3 - Train: 4937 samples, Test: 1235 samples
2025-08-28 16:36:58,785 - INFO -     Bin 15: Use 95% -> validity: 0.5551, accuracy: 0.6640, L2: 1.5973, L0: 3.72, LOF: -79456128.2394
2025-08-28 16:37:08,961 - INFO - Fold 3 - Train: 4937 samples, Test: 1235 samples
2025-08-28 16:37:08,962 - INFO -     Bin 20: Use 100% -> validity: 0.5502, accuracy: 0.6623, L2: 1.5973, L0: 3.72, LOF: -81398666.1919
2025-08-28 16:37:08,962 - INFO -   major_addition:
2025-08-28 16:37:20,595 - INFO - Fold 3 - Train: 4937 samples, Test: 1235 samples
2025-08-28 16:37:20,595 - INFO -     Bin 0: Use 50% -> validity: 0.5186, accuracy: 0.6567, L2: 1.5973, L0: 3.72, LOF: -106264735.4825
2025-08-28 16:37:33,430 - INFO - Fold 3 - Train: 4937 samples, Test: 1235 samples
2025-08-28 16:37:33,431 - INFO -     Bin 1: Use 100% -> validity: 0.5502, accuracy: 0.6623, L2: 1.5973, L0: 3.72, LOF: -81398666.1919
2025-08-28 16:37:33,431 - INFO - \nTesting COMPAS model perturbations for fold 3...
2025-08-28 16:37:38,264 - INFO -   rf_50_3 {'n_estimators': 50, 'max_depth': 3}: accuracy=0.6818, validity=0.4862
2025-08-28 16:37:43,176 - INFO -   rf_50_4 {'n_estimators': 50, 'max_depth': 4}: accuracy=0.6923, validity=0.4806
2025-08-28 16:37:48,916 - INFO -   rf_50_5 {'n_estimators': 50, 'max_depth': 5}: accuracy=0.6874, validity=0.4797
2025-08-28 16:37:54,542 - INFO -   rf_50_6 {'n_estimators': 50, 'max_depth': 6}: accuracy=0.6842, validity=0.5113
2025-08-28 16:38:05,417 - INFO -   rf_100_3 {'n_estimators': 100, 'max_depth': 3}: accuracy=0.6785, validity=0.4878
2025-08-28 16:38:17,009 - INFO -   rf_100_4 {'n_estimators': 100, 'max_depth': 4}: accuracy=0.6899, validity=0.4846
2025-08-28 16:38:26,097 - INFO -   rf_100_5 {'n_estimators': 100, 'max_depth': 5}: accuracy=0.6866, validity=0.4789
2025-08-28 16:38:36,952 - INFO -   rf_100_6 {'n_estimators': 100, 'max_depth': 6}: accuracy=0.6850, validity=0.5041
2025-08-28 16:38:53,040 - INFO -   rf_150_3 {'n_estimators': 150, 'max_depth': 3}: accuracy=0.6810, validity=0.4984
2025-08-28 16:39:06,926 - INFO -   rf_150_4 {'n_estimators': 150, 'max_depth': 4}: accuracy=0.6866, validity=0.4887
2025-08-28 16:39:22,251 - INFO -   rf_150_5 {'n_estimators': 150, 'max_depth': 5}: accuracy=0.6907, validity=0.4878
2025-08-28 16:39:37,934 - INFO -   rf_150_6 {'n_estimators': 150, 'max_depth': 6}: accuracy=0.6842, validity=0.5032
2025-08-28 16:39:57,024 - INFO -   rf_200_3 {'n_estimators': 200, 'max_depth': 3}: accuracy=0.6802, validity=0.5008
2025-08-28 16:40:19,195 - INFO -   rf_200_4 {'n_estimators': 200, 'max_depth': 4}: accuracy=0.6866, validity=0.4878
2025-08-28 16:40:40,167 - INFO -   rf_200_5 {'n_estimators': 200, 'max_depth': 5}: accuracy=0.6915, validity=0.4943
2025-08-28 16:41:01,327 - INFO -   rf_200_6 {'n_estimators': 200, 'max_depth': 6}: accuracy=0.6850, validity=0.5032
2025-08-28 16:41:01,330 - INFO - \n=== Processing COMPAS Fold 4 ===
2025-08-28 16:41:12,654 - INFO - COMPAS Fold 4 - Baseline accuracy: 0.6818
2025-08-28 16:41:12,655 - INFO - COMPAS Fold 4 - Baseline validity: 0.5697
2025-08-28 16:41:12,655 - INFO - \nTesting data perturbations for fold 4...
2025-08-28 16:41:12,655 - INFO -   data_deletion:
2025-08-28 16:41:25,461 - INFO - Fold 4 - Train: 4937 samples, Test: 1235 samples
2025-08-28 16:41:25,461 - INFO -     Bin 0: Remove 0% -> validity: 0.5697, accuracy: 0.6818, L2: 1.6208, L0: 3.74, LOF: -30882717.5455
2025-08-28 16:41:37,121 - INFO - Fold 4 - Train: 4937 samples, Test: 1235 samples
2025-08-28 16:41:37,123 - INFO -     Bin 5: Remove 5% -> validity: 0.5624, accuracy: 0.6704, L2: 1.6208, L0: 3.74, LOF: -32020426.6988
2025-08-28 16:41:49,616 - INFO - Fold 4 - Train: 4937 samples, Test: 1235 samples
2025-08-28 16:41:49,617 - INFO -     Bin 10: Remove 10% -> validity: 0.5713, accuracy: 0.6713, L2: 1.6208, L0: 3.74, LOF: -32021871.9015
2025-08-28 16:42:02,200 - INFO - Fold 4 - Train: 4937 samples, Test: 1235 samples
2025-08-28 16:42:02,200 - INFO -     Bin 15: Remove 15% -> validity: 0.5746, accuracy: 0.6623, L2: 1.6208, L0: 3.74, LOF: -32023735.2157
2025-08-28 16:42:14,581 - INFO - Fold 4 - Train: 4937 samples, Test: 1235 samples
2025-08-28 16:42:14,582 - INFO -     Bin 20: Remove 20% -> validity: 0.5648, accuracy: 0.6696, L2: 1.6208, L0: 3.74, LOF: -33161740.5670
2025-08-28 16:42:14,582 - INFO -   minor_addition:
2025-08-28 16:42:26,325 - INFO - Fold 4 - Train: 4937 samples, Test: 1235 samples
2025-08-28 16:42:26,325 - INFO -     Bin 0: Use 80% -> validity: 0.5648, accuracy: 0.6696, L2: 1.6208, L0: 3.74, LOF: -33161740.5670
2025-08-28 16:42:39,006 - INFO - Fold 4 - Train: 4937 samples, Test: 1235 samples
2025-08-28 16:42:39,006 - INFO -     Bin 5: Use 85% -> validity: 0.5746, accuracy: 0.6623, L2: 1.6208, L0: 3.74, LOF: -32023735.2157
2025-08-28 16:42:51,085 - INFO - Fold 4 - Train: 4937 samples, Test: 1235 samples
2025-08-28 16:42:51,085 - INFO -     Bin 10: Use 90% -> validity: 0.5713, accuracy: 0.6713, L2: 1.6208, L0: 3.74, LOF: -32021871.9015
2025-08-28 16:43:02,452 - INFO - Fold 4 - Train: 4937 samples, Test: 1235 samples
2025-08-28 16:43:02,452 - INFO -     Bin 15: Use 95% -> validity: 0.5624, accuracy: 0.6704, L2: 1.6208, L0: 3.74, LOF: -32020426.6988
2025-08-28 16:43:15,555 - INFO - Fold 4 - Train: 4937 samples, Test: 1235 samples
2025-08-28 16:43:15,556 - INFO -     Bin 20: Use 100% -> validity: 0.5697, accuracy: 0.6818, L2: 1.6208, L0: 3.74, LOF: -30882717.5455
2025-08-28 16:43:15,556 - INFO -   major_addition:
2025-08-28 16:43:28,937 - INFO - Fold 4 - Train: 4937 samples, Test: 1235 samples
2025-08-28 16:43:28,938 - INFO -     Bin 0: Use 50% -> validity: 0.5130, accuracy: 0.6575, L2: 1.6208, L0: 3.74, LOF: -43833087.3797
2025-08-28 16:43:41,589 - INFO - Fold 4 - Train: 4937 samples, Test: 1235 samples
2025-08-28 16:43:41,589 - INFO -     Bin 1: Use 100% -> validity: 0.5697, accuracy: 0.6818, L2: 1.6208, L0: 3.74, LOF: -30882717.5455
2025-08-28 16:43:41,591 - INFO - \nTesting COMPAS model perturbations for fold 4...
2025-08-28 16:43:48,287 - INFO -   rf_50_3 {'n_estimators': 50, 'max_depth': 3}: accuracy=0.6939, validity=0.4716
2025-08-28 16:43:55,020 - INFO -   rf_50_4 {'n_estimators': 50, 'max_depth': 4}: accuracy=0.7020, validity=0.5024
2025-08-28 16:44:00,624 - INFO -   rf_50_5 {'n_estimators': 50, 'max_depth': 5}: accuracy=0.6923, validity=0.5170
2025-08-28 16:44:07,605 - INFO -   rf_50_6 {'n_estimators': 50, 'max_depth': 6}: accuracy=0.7028, validity=0.5276
2025-08-28 16:44:19,659 - INFO -   rf_100_3 {'n_estimators': 100, 'max_depth': 3}: accuracy=0.6939, validity=0.4773
2025-08-28 16:44:31,067 - INFO -   rf_100_4 {'n_estimators': 100, 'max_depth': 4}: accuracy=0.6923, validity=0.4984
2025-08-28 16:44:43,304 - INFO -   rf_100_5 {'n_estimators': 100, 'max_depth': 5}: accuracy=0.6899, validity=0.5154
2025-08-28 16:44:55,064 - INFO -   rf_100_6 {'n_estimators': 100, 'max_depth': 6}: accuracy=0.6939, validity=0.5276
2025-08-28 16:45:09,740 - INFO -   rf_150_3 {'n_estimators': 150, 'max_depth': 3}: accuracy=0.6907, validity=0.4773
2025-08-28 16:45:25,702 - INFO -   rf_150_4 {'n_estimators': 150, 'max_depth': 4}: accuracy=0.6883, validity=0.5000
2025-08-28 16:45:41,698 - INFO -   rf_150_5 {'n_estimators': 150, 'max_depth': 5}: accuracy=0.6915, validity=0.5113
2025-08-28 16:45:57,505 - INFO -   rf_150_6 {'n_estimators': 150, 'max_depth': 6}: accuracy=0.6955, validity=0.5276
2025-08-28 16:46:17,157 - INFO -   rf_200_3 {'n_estimators': 200, 'max_depth': 3}: accuracy=0.6907, validity=0.4773
2025-08-28 16:46:38,151 - INFO -   rf_200_4 {'n_estimators': 200, 'max_depth': 4}: accuracy=0.6891, validity=0.4959
2025-08-28 16:46:59,047 - INFO -   rf_200_5 {'n_estimators': 200, 'max_depth': 5}: accuracy=0.6972, validity=0.5105
2025-08-28 16:47:18,341 - INFO -   rf_200_6 {'n_estimators': 200, 'max_depth': 6}: accuracy=0.6923, validity=0.5284
2025-08-28 16:47:18,344 - INFO - \n================================================================================
2025-08-28 16:47:18,345 - INFO - COMPAS BASELINE PERFORMANCE ACROSS ALL FOLDS:
2025-08-28 16:47:18,345 - INFO - --------------------------------------------------------------------------------
2025-08-28 16:47:18,345 - INFO - Model Accuracy: 0.6656 ± 0.0088
2025-08-28 16:47:18,356 - INFO - CF Success Rate: 1.0000 ± 0.0000
2025-08-28 16:47:18,356 - INFO - CF Validity: 0.5387 ± 0.0234
2025-08-28 16:47:18,356 - INFO - CF L2 Distance: 1.6042 ± 0.0103
2025-08-28 16:47:18,356 - INFO - CF L0 Distance: 3.7259 ± 0.0099
2025-08-28 16:47:18,356 - INFO - CF LOF Score: -81098754.4491 ± 57635017.9767
2025-08-28 16:47:18,358 - INFO - Individual fold model accuracies: ['0.6575', '0.6672', '0.6591', '0.6623', '0.6818']
2025-08-28 16:47:18,358 - INFO - Individual fold CF success rates: ['1.0000', '1.0000', '1.0000', '1.0000', '1.0000']
2025-08-28 16:47:18,358 - INFO - Individual fold CF validities: ['0.5085', '0.5506', '0.5146', '0.5502', '0.5697']
2025-08-28 16:47:18,358 - INFO - Individual fold CF LOF scores: ['-175442869.4273', '-104707794.1731', '-13061724.9077', '-81398666.1919', '-30882717.5455']
2025-08-28 16:47:18,358 - INFO - \n================================================================================
2025-08-28 16:47:18,359 - INFO - COMPAS ROBUSTNESS ANALYSIS SUMMARY
2025-08-28 16:47:18,359 - INFO - ================================================================================
2025-08-28 16:47:18,359 - INFO - \nCOMPAS DATA PERTURBATION RESULTS:
2025-08-28 16:47:18,359 - INFO - \nDATA_DELETION:
2025-08-28 16:47:18,359 - INFO -   Amount 0 (100.0% data): Accuracy=0.6656±0.0088, Validity=0.5387±0.0234
2025-08-28 16:47:18,359 - INFO -   Amount 5 (95.0% data): Accuracy=0.6649±0.0034, Validity=0.5415±0.0206
2025-08-28 16:47:18,360 - INFO -   Amount 10 (90.0% data): Accuracy=0.6666±0.0049, Validity=0.5384±0.0259
2025-08-28 16:47:18,360 - INFO -   Amount 15 (85.0% data): Accuracy=0.6630±0.0043, Validity=0.5384±0.0204
2025-08-28 16:47:18,360 - INFO -   Amount 20 (80.0% data): Accuracy=0.6649±0.0038, Validity=0.5368±0.0166
2025-08-28 16:47:18,360 - INFO - \nMINOR_ADDITION:
2025-08-28 16:47:18,360 - INFO -   Amount 0 (80.0% data): Accuracy=0.6649±0.0038, Validity=0.5368±0.0166
2025-08-28 16:47:18,360 - INFO -   Amount 5 (85.0% data): Accuracy=0.6630±0.0043, Validity=0.5384±0.0204
2025-08-28 16:47:18,360 - INFO -   Amount 10 (90.0% data): Accuracy=0.6666±0.0049, Validity=0.5384±0.0259
2025-08-28 16:47:18,360 - INFO -   Amount 15 (95.0% data): Accuracy=0.6649±0.0034, Validity=0.5415±0.0206
2025-08-28 16:47:18,361 - INFO -   Amount 20 (100.0% data): Accuracy=0.6656±0.0088, Validity=0.5387±0.0234
2025-08-28 16:47:18,361 - INFO - \nMAJOR_ADDITION:
2025-08-28 16:47:18,361 - INFO -   Amount 0 (50.0% data): Accuracy=0.6531±0.0071, Validity=0.5136±0.0144
2025-08-28 16:47:18,361 - INFO -   Amount 1 (100.0% data): Accuracy=0.6656±0.0088, Validity=0.5387±0.0234
2025-08-28 16:47:18,361 - INFO - \nCOMPAS MODEL PERTURBATION RESULTS:
2025-08-28 16:47:18,361 - INFO -   rf_50_3 {'n_estimators': 50, 'max_depth': 3}: Accuracy=0.6829±0.0124, Validity=0.4812±0.0121
2025-08-28 16:47:18,361 - INFO -   rf_50_4 {'n_estimators': 50, 'max_depth': 4}: Accuracy=0.6878±0.0147, Validity=0.4917±0.0145
2025-08-28 16:47:18,362 - INFO -   rf_50_5 {'n_estimators': 50, 'max_depth': 5}: Accuracy=0.6883±0.0066, Validity=0.4951±0.0143
2025-08-28 16:47:18,362 - INFO -   rf_50_6 {'n_estimators': 50, 'max_depth': 6}: Accuracy=0.6923±0.0070, Validity=0.5091±0.0131
2025-08-28 16:47:18,362 - INFO -   rf_100_3 {'n_estimators': 100, 'max_depth': 3}: Accuracy=0.6823±0.0132, Validity=0.4828±0.0109
2025-08-28 16:47:18,362 - INFO -   rf_100_4 {'n_estimators': 100, 'max_depth': 4}: Accuracy=0.6878±0.0118, Validity=0.4908±0.0155
2025-08-28 16:47:18,362 - INFO -   rf_100_5 {'n_estimators': 100, 'max_depth': 5}: Accuracy=0.6902±0.0056, Validity=0.4938±0.0147
2025-08-28 16:47:18,362 - INFO -   rf_100_6 {'n_estimators': 100, 'max_depth': 6}: Accuracy=0.6899±0.0051, Validity=0.5096±0.0154
2025-08-28 16:47:18,363 - INFO -   rf_150_3 {'n_estimators': 150, 'max_depth': 3}: Accuracy=0.6818±0.0119, Validity=0.4890±0.0123
2025-08-28 16:47:18,363 - INFO -   rf_150_4 {'n_estimators': 150, 'max_depth': 4}: Accuracy=0.6863±0.0079, Validity=0.4890±0.0138
2025-08-28 16:47:18,363 - INFO -   rf_150_5 {'n_estimators': 150, 'max_depth': 5}: Accuracy=0.6920±0.0055, Validity=0.4947±0.0142
2025-08-28 16:47:18,363 - INFO -   rf_150_6 {'n_estimators': 150, 'max_depth': 6}: Accuracy=0.6909±0.0055, Validity=0.5086±0.0155
2025-08-28 16:47:18,363 - INFO -   rf_200_3 {'n_estimators': 200, 'max_depth': 3}: Accuracy=0.6824±0.0101, Validity=0.4888±0.0164
2025-08-28 16:47:18,363 - INFO -   rf_200_4 {'n_estimators': 200, 'max_depth': 4}: Accuracy=0.6850±0.0105, Validity=0.4909±0.0130
2025-08-28 16:47:18,364 - INFO -   rf_200_5 {'n_estimators': 200, 'max_depth': 5}: Accuracy=0.6931±0.0053, Validity=0.4958±0.0126
2025-08-28 16:47:18,364 - INFO -   rf_200_6 {'n_estimators': 200, 'max_depth': 6}: Accuracy=0.6904±0.0046, Validity=0.5099±0.0148
2025-08-28 16:47:18,364 - INFO - \nCOMPAS analysis complete! Results saved to: ocean_compas_robustness_5fold_20250828_160822.log
2025-08-28 16:47:18,364 - INFO - ================================================================================
