================================================================================
COUNTERFACTUAL ROBUSTNESS VISUALIZATION ANALYSIS
================================================================================
Parsing log files...
Processing CEML_v2.log...
Processing CEML_v3.log...
Processing CEML_v4_heloc.log...
Processing CEML_v5_compas.log...
Processing DiCE_v2.log...
Processing DiCE_v3.log...
Processing DiCE_v4_heloc.log...
Processing DiCE_v5_compas.log...
Processing feature_tweak_v2.log...
Processing feature_tweak_v3.log...
Processing feature_tweak_v4_heloc.log...
Processing feature_tweak_v5_compas.log...
Processing NICE_v2.log...
Processing NICE_v3.log...
Processing NICE_v4_heloc.log...
Processing NICE_v5_compas.log...
Processing cfxplorer_v2.log...
Processing cfxplorer_v3.log...
Processing cfxplorer_v4_heloc.log...
Processing cfxplorer_v5_compas.log...
Warning: No log file found for OCEAN v2
Processing ocean_v3.log...
Parsing OCEAN log for OCEAN - German Credit
  Extracting data perturbation results for OCEAN - German Credit
    Found minor_deletion section
    Found 0 amount entries for minor_deletion
    Found major_deletion section
    Found 0 amount entries for major_deletion
    Found minor_addition section
    Found 0 amount entries for minor_addition
    Found major_addition section
    Found 0 amount entries for major_addition
  Extracting model perturbation results for OCEAN - German Credit
    Found 0 model perturbation entries
Warning: No log file found for OCEAN v4
Warning: No log file found for OCEAN v5
Creating perturbation value plots...
Generated: VALIDITY/minor_deletion_Spambase_validity_vs_values.png
Generated: ACCURACY/minor_deletion_Spambase_accuracy_vs_values.png
Generated: L0/minor_deletion_Spambase_l0_vs_values.png
Generated: L2/minor_deletion_Spambase_l2_vs_values.png
Generated: VALIDITY/minor_deletion_German_Credit_validity_vs_values.png
Generated: ACCURACY/minor_deletion_German_Credit_accuracy_vs_values.png
Generated: L0/minor_deletion_German_Credit_l0_vs_values.png
Generated: L2/minor_deletion_German_Credit_l2_vs_values.png
Generated: VALIDITY/minor_deletion_HELOC_validity_vs_values.png
Generated: ACCURACY/minor_deletion_HELOC_accuracy_vs_values.png
Generated: L0/minor_deletion_HELOC_l0_vs_values.png
Generated: L2/minor_deletion_HELOC_l2_vs_values.png
Generated: VALIDITY/minor_deletion_COMPAS_validity_vs_values.png
Generated: ACCURACY/minor_deletion_COMPAS_accuracy_vs_values.png
Generated: L0/minor_deletion_COMPAS_l0_vs_values.png
Generated: L2/minor_deletion_COMPAS_l2_vs_values.png
Generated: VALIDITY/major_deletion_Spambase_validity_vs_values.png
Generated: ACCURACY/major_deletion_Spambase_accuracy_vs_values.png
Generated: L0/major_deletion_Spambase_l0_vs_values.png
Generated: L2/major_deletion_Spambase_l2_vs_values.png
Generated: VALIDITY/major_deletion_German_Credit_validity_vs_values.png
Generated: ACCURACY/major_deletion_German_Credit_accuracy_vs_values.png
Generated: L0/major_deletion_German_Credit_l0_vs_values.png
Generated: L2/major_deletion_German_Credit_l2_vs_values.png
Generated: VALIDITY/major_deletion_HELOC_validity_vs_values.png
Generated: ACCURACY/major_deletion_HELOC_accuracy_vs_values.png
Generated: L0/major_deletion_HELOC_l0_vs_values.png
Generated: L2/major_deletion_HELOC_l2_vs_values.png
Generated: VALIDITY/major_deletion_COMPAS_validity_vs_values.png
Generated: ACCURACY/major_deletion_COMPAS_accuracy_vs_values.png
Generated: L0/major_deletion_COMPAS_l0_vs_values.png
Generated: L2/major_deletion_COMPAS_l2_vs_values.png
Generated: VALIDITY/minor_addition_Spambase_validity_vs_values.png
Generated: ACCURACY/minor_addition_Spambase_accuracy_vs_values.png
Generated: L0/minor_addition_Spambase_l0_vs_values.png
Generated: L2/minor_addition_Spambase_l2_vs_values.png
Generated: VALIDITY/minor_addition_German_Credit_validity_vs_values.png
Generated: ACCURACY/minor_addition_German_Credit_accuracy_vs_values.png
Generated: L0/minor_addition_German_Credit_l0_vs_values.png
Generated: L2/minor_addition_German_Credit_l2_vs_values.png
Generated: VALIDITY/minor_addition_HELOC_validity_vs_values.png
Generated: ACCURACY/minor_addition_HELOC_accuracy_vs_values.png
Generated: L0/minor_addition_HELOC_l0_vs_values.png
Generated: L2/minor_addition_HELOC_l2_vs_values.png
Traceback (most recent call last):
  File "visualization_analysis.py", line 1312, in <module>
    main()
  File "visualization_analysis.py", line 1308, in main
    analyzer.run_complete_analysis()
  File "visualization_analysis.py", line 1277, in run_complete_analysis
    self.create_perturbation_value_plots()
  File "visualization_analysis.py", line 509, in create_perturbation_value_plots
    self._create_data_perturbation_value_plot(perturbation_type, dataset, metric, data_perturbation_mappings[perturbation_type])
  File "visualization_analysis.py", line 596, in _create_data_perturbation_value_plot
    plt.savefig(os.path.join(metric_dir, filename), dpi=300, bbox_inches='tight', 
  File "C:\Users\Dell\AppData\Local\Packages\PythonSoftwareFoundation.Python.3.8_qbz5n2kfra8p0\LocalCache\local-packages\Python38\site-packages\matplotlib\pyplot.py", line 1023, in savefig
    res = fig.savefig(*args, **kwargs)
  File "C:\Users\Dell\AppData\Local\Packages\PythonSoftwareFoundation.Python.3.8_qbz5n2kfra8p0\LocalCache\local-packages\Python38\site-packages\matplotlib\figure.py", line 3378, in savefig
    self.canvas.print_figure(fname, **kwargs)
  File "C:\Users\Dell\AppData\Local\Packages\PythonSoftwareFoundation.Python.3.8_qbz5n2kfra8p0\LocalCache\local-packages\Python38\site-packages\matplotlib\backend_bases.py", line 2366, in print_figure
    result = print_method(
  File "C:\Users\Dell\AppData\Local\Packages\PythonSoftwareFoundation.Python.3.8_qbz5n2kfra8p0\LocalCache\local-packages\Python38\site-packages\matplotlib\backend_bases.py", line 2232, in <lambda>
    print_method = functools.wraps(meth)(lambda *args, **kwargs: meth(
  File "C:\Users\Dell\AppData\Local\Packages\PythonSoftwareFoundation.Python.3.8_qbz5n2kfra8p0\LocalCache\local-packages\Python38\site-packages\matplotlib\backends\backend_agg.py", line 509, in print_png
    self._print_pil(filename_or_obj, "png", pil_kwargs, metadata)
  File "C:\Users\Dell\AppData\Local\Packages\PythonSoftwareFoundation.Python.3.8_qbz5n2kfra8p0\LocalCache\local-packages\Python38\site-packages\matplotlib\backends\backend_agg.py", line 458, in _print_pil
    mpl.image.imsave(
  File "C:\Users\Dell\AppData\Local\Packages\PythonSoftwareFoundation.Python.3.8_qbz5n2kfra8p0\LocalCache\local-packages\Python38\site-packages\matplotlib\image.py", line 1689, in imsave
    image.save(fname, **pil_kwargs)
  File "C:\Users\Dell\AppData\Local\Packages\PythonSoftwareFoundation.Python.3.8_qbz5n2kfra8p0\LocalCache\local-packages\Python38\site-packages\PIL\Image.py", line 2563, in save
    fp = builtins.open(filename, "w+b")
OSError: [Errno 22] Invalid argument: 'D:\\Github\\CFRobustness-of-Trees\\logs\\img\\VALIDITY\\minor_addition_COMPAS_validity_vs_values.png'
